2026-10-08T01:51:30.1184640Z Current runner version: '2.337.0'
2026-10-08T01:51:30.1209591Z ##[group]Runner Image Provisioner
2026-10-08T01:51:30.1210574Z Hosted Compute Agent
2026-10-08T01:51:30.1211272Z Version: 20260901.588
2026-10-08T01:51:30.1212430Z Commit: f88ec8081b781fac6c440065ac7ff9e710ce3d0b
2026-10-08T01:51:30.1213195Z Build Date: 2026-09-01T19:56:44Z
2026-10-08T01:51:30.1213963Z Worker ID: {13d51def-9296-4394-955f-e69f0c2c8f39}
2026-10-08T01:51:30.1214705Z Azure Region: westus3
2026-10-08T01:51:30.1215347Z ##[endgroup]
2026-10-08T01:51:30.1216876Z ##[group]Operating System
2026-10-08T01:51:30.1217588Z Ubuntu
2026-10-08T01:51:30.1218211Z 24.04.5
2026-10-08T01:51:30.1218736Z LTS
2026-10-08T01:51:30.1219288Z ##[endgroup]
2026-10-08T01:51:30.1219861Z ##[group]Runner Image
2026-10-08T01:51:30.1220495Z Image: ubuntu-24.04
2026-10-08T01:51:30.1221117Z Version: 20260927.320.1
2026-10-08T01:51:30.1222604Z Included Software: https://github.com/actions/runner-images/blob/ubuntu24/20260927.320/images/ubuntu/Ubuntu2404-Readme.md
2026-10-08T01:51:30.1224274Z Image Release: https://github.com/actions/runner-images/releases/tag/ubuntu24%2F20260927.320
2026-10-08T01:51:30.1225283Z ##[endgroup]
2026-10-08T01:51:30.1226510Z ##[group]GITHUB_TOKEN Permissions
2026-10-08T01:51:30.1228373Z Contents: read
2026-10-08T01:51:30.1229097Z Metadata: read
2026-10-08T01:51:30.1229757Z ##[endgroup]
2026-10-08T01:51:30.1232173Z Secret source: Actions
2026-10-08T01:51:30.1233239Z Cache mode: write
2026-10-08T01:51:30.1233932Z Prepare workflow directory
2026-10-08T01:51:30.1635072Z Prepare all required actions
2026-10-08T01:51:30.1683053Z Getting action download info
2026-10-08T01:51:30.4725476Z Download action repository 'actions/checkout@v4' (SHA:11d5960a326750d5838078e36cf38b85af677262)
2026-10-08T01:51:30.5858242Z Download action repository 'actions/setup-node@v4' (SHA:49933ea5288caeca8642d1e84afbd3f7d6820020)
2026-10-08T01:51:30.7713086Z Complete job name: skill test suite (full framework, via test-framework.sh) (2)
2026-10-08T01:51:30.8545003Z ##[group]Run actions/checkout@v4
2026-10-08T01:51:30.8545945Z with:
2026-10-08T01:51:30.8546388Z   fetch-depth: 0
2026-10-08T01:51:30.8546868Z   repository: goodwind-cz/aai
2026-10-08T01:51:30.8550471Z   token: ***
2026-10-08T01:51:30.8550927Z   ssh-strict: true
2026-10-08T01:51:30.8551391Z   ssh-user: git
2026-10-08T01:51:30.8552075Z   persist-credentials: true
2026-10-08T01:51:30.8552595Z   clean: true
2026-10-08T01:51:30.8553059Z   sparse-checkout-cone-mode: true
2026-10-08T01:51:30.8553599Z   fetch-tags: false
2026-10-08T01:51:30.8554058Z   show-progress: true
2026-10-08T01:51:30.8554536Z   lfs: false
2026-10-08T01:51:30.8554967Z   submodules: false
2026-10-08T01:51:30.8555435Z   set-safe-directory: true
2026-10-08T01:51:30.8555960Z   allow-unsafe-pr-checkout: false
2026-10-08T01:51:30.8556740Z env:
2026-10-08T01:51:30.8557170Z   AAI_TEST_PARALLEL: 4
2026-10-08T01:51:30.8557635Z ##[endgroup]
2026-10-08T01:51:30.9607200Z Syncing repository: goodwind-cz/aai
2026-10-08T01:51:30.9609784Z ##[group]Getting Git version info
2026-10-08T01:51:30.9611021Z Working directory is '/home/runner/work/aai/aai'
2026-10-08T01:51:30.9613051Z [command]/usr/bin/git version
2026-10-08T01:51:30.9688080Z git version 2.55.0
2026-10-08T01:51:30.9710117Z ##[endgroup]
2026-10-08T01:51:30.9726109Z Temporarily overriding HOME='/home/runner/work/_temp/2a952091-4eaa-4411-ad02-4f0de0f2ec9e' before making global git config changes
2026-10-08T01:51:30.9728632Z Adding repository directory to the temporary git global config as a safe directory
2026-10-08T01:51:30.9731765Z [command]/usr/bin/git config --global --add safe.directory /home/runner/work/aai/aai
2026-10-08T01:51:30.9786584Z Deleting the contents of '/home/runner/work/aai/aai'
2026-10-08T01:51:30.9791097Z ##[group]Initializing the repository
2026-10-08T01:51:30.9795499Z [command]/usr/bin/git init /home/runner/work/aai/aai
2026-10-08T01:51:30.9906351Z hint: Using 'master' as the name for the initial branch. This default branch name
2026-10-08T01:51:30.9908253Z hint: will change to "main" in Git 3.0. To configure the initial branch name
2026-10-08T01:51:30.9910370Z hint: to use in all of your new repositories, which will suppress this warning,
2026-10-08T01:51:30.9911935Z hint: call:
2026-10-08T01:51:30.9912649Z hint:
2026-10-08T01:51:30.9913325Z hint: 	git config --global init.defaultBranch <name>
2026-10-08T01:51:30.9914034Z hint:
2026-10-08T01:51:30.9914740Z hint: Names commonly chosen instead of 'master' are 'main', 'trunk' and
2026-10-08T01:51:30.9916483Z hint: 'development'. The just-created branch can be renamed via this command:
2026-10-08T01:51:30.9917803Z hint:
2026-10-08T01:51:30.9918377Z hint: 	git branch -m <name>
2026-10-08T01:51:30.9918927Z hint:
2026-10-08T01:51:30.9919631Z hint: Disable this message with "git config set advice.defaultBranchName false"
2026-10-08T01:51:30.9920722Z Initialized empty Git repository in /home/runner/work/aai/aai/.git/
2026-10-08T01:51:30.9924377Z [command]/usr/bin/git remote add origin https://github.com/goodwind-cz/aai
2026-10-08T01:51:30.9991376Z ##[endgroup]
2026-10-08T01:51:30.9992670Z ##[group]Disabling automatic garbage collection
2026-10-08T01:51:30.9994032Z [command]/usr/bin/git config --local gc.auto 0
2026-10-08T01:51:31.0020172Z ##[endgroup]
2026-10-08T01:51:31.0021084Z ##[group]Setting up auth
2026-10-08T01:51:31.0033025Z [command]/usr/bin/git config --local --name-only --get-regexp core\.sshCommand
2026-10-08T01:51:31.0063195Z [command]/usr/bin/git submodule foreach --recursive sh -c "git config --local --name-only --get-regexp 'core\.sshCommand' && git config --local --unset-all 'core.sshCommand' || :"
2026-10-08T01:51:31.0461920Z [command]/usr/bin/git config --local --name-only --get-regexp http\.https\:\/\/github\.com\/\.extraheader
2026-10-08T01:51:31.0501975Z [command]/usr/bin/git submodule foreach --recursive sh -c "git config --local --name-only --get-regexp 'http\.https\:\/\/github\.com\/\.extraheader' && git config --local --unset-all 'http.https://github.com/.extraheader' || :"
2026-10-08T01:51:31.0740767Z [command]/usr/bin/git config --local --name-only --get-regexp ^includeIf\.gitdir:
2026-10-08T01:51:31.0779295Z [command]/usr/bin/git submodule foreach --recursive git config --local --show-origin --name-only --get-regexp remote.origin.url
2026-10-08T01:51:31.1016386Z [command]/usr/bin/git config --local http.https://github.com/.extraheader AUTHORIZATION: basic ***
2026-10-08T01:51:31.1056804Z ##[endgroup]
2026-10-08T01:51:31.1058369Z ##[group]Fetching the repository
2026-10-08T01:51:31.1069262Z [command]/usr/bin/git -c protocol.version=2 fetch --prune --no-recurse-submodules origin +refs/heads/*:refs/remotes/origin/* +refs/tags/*:refs/tags/* +672ad0c903ee5707e1d4bc2a4b4ea83c86b52ee4:refs/remotes/pull/434/merge
2026-10-08T01:51:34.4492718Z From https://github.com/goodwind-cz/aai
2026-10-08T01:51:34.4495781Z  * [new branch]        change/amendment-signature-asks-the-owner-too-often -> origin/change/amendment-signature-asks-the-owner-too-often
2026-10-08T01:51:34.4499281Z  * [new branch]        change/downstream-rides-ask-no-governance-questions -> origin/change/downstream-rides-ask-no-governance-questions
2026-10-08T01:51:34.4503186Z  * [new branch]        change/original-request-outcome-backcheck -> origin/change/original-request-outcome-backcheck
2026-10-08T01:51:34.4506277Z  * [new branch]        change/pr-capability-preflight           -> origin/change/pr-capability-preflight
2026-10-08T01:51:34.4508801Z  * [new branch]        change/roadmap-serves-downstream-projects -> origin/change/roadmap-serves-downstream-projects
2026-10-08T01:51:34.4511694Z  * [new branch]        chore/close-userguide-catalog-item       -> origin/chore/close-userguide-catalog-item
2026-10-08T01:51:34.4514140Z  * [new branch]        chore/intake-routing-tables-owner-and-seam -> origin/chore/intake-routing-tables-owner-and-seam
2026-10-08T01:51:34.4516222Z  * [new branch]        chore/release-v2026.09.25                -> origin/chore/release-v2026.09.25
2026-10-08T01:51:34.4517959Z  * [new branch]        chore/release-v2026.09.28                -> origin/chore/release-v2026.09.28
2026-10-08T01:51:34.4520151Z  * [new branch]        chore/wave-3-intakes                     -> origin/chore/wave-3-intakes
2026-10-08T01:51:34.4522666Z  * [new branch]        cursor/feedback-triage-missing-output-dir-a7ce -> origin/cursor/feedback-triage-missing-output-dir-a7ce
2026-10-08T01:51:34.4524937Z  * [new branch]        cursor/gpt-6-pricing-family-67e6         -> origin/cursor/gpt-6-pricing-family-67e6
2026-10-08T01:51:34.4527477Z  * [new branch]        cursor/mutation-clone-fidelity-windows-eol-a7ce -> origin/cursor/mutation-clone-fidelity-windows-eol-a7ce
2026-10-08T01:51:34.4529764Z  * [new branch]        cursor/mutation-clone-windows-run-chain-5e0a -> origin/cursor/mutation-clone-windows-run-chain-5e0a
2026-10-08T01:51:34.4531382Z  * [new branch]        cursor/polydao-graph-loop-ideas-fa9c     -> origin/cursor/polydao-graph-loop-ideas-fa9c
2026-10-08T01:51:34.4533329Z  * [new branch]        cursor/pricing-missing-models-and-refresh-94d5 -> origin/cursor/pricing-missing-models-and-refresh-94d5
2026-10-08T01:51:34.4535091Z  * [new branch]        cursor/prompts-invoke-wsl-bash-on-windows-a7ce -> origin/cursor/prompts-invoke-wsl-bash-on-windows-a7ce
2026-10-08T01:51:34.4537873Z  * [new branch]        cursor/strategy-unscoped-from-current-focus-a7ce -> origin/cursor/strategy-unscoped-from-current-focus-a7ce
2026-10-08T01:51:34.4540590Z  * [new branch]        exp-0113-phase1                          -> origin/exp-0113-phase1
2026-10-08T01:51:34.4543252Z  * [new branch]        feat/antigravity-cli-skill-paths         -> origin/feat/antigravity-cli-skill-paths
2026-10-08T01:51:34.4545917Z  * [new branch]        feat/canon-is-a-build-artifact           -> origin/feat/canon-is-a-build-artifact
2026-10-08T01:51:34.4548697Z  * [new branch]        feat/cheap-model-in-practice             -> origin/feat/cheap-model-in-practice
2026-10-08T01:51:34.4551159Z  * [new branch]        feat/dev-progress-hub                    -> origin/feat/dev-progress-hub
2026-10-08T01:51:34.4554039Z  * [new branch]        feat/feedback-upsert-review              -> origin/feat/feedback-upsert-review
2026-10-08T01:51:34.4556599Z  * [new branch]        feat/friction-channel-sweep              -> origin/feat/friction-channel-sweep
2026-10-08T01:51:34.4559021Z  * [new branch]        feat/learned-append-gate                 -> origin/feat/learned-append-gate
2026-10-08T01:51:34.4561815Z  * [new branch]        feat/original-request-outcome-backcheck  -> origin/feat/original-request-outcome-backcheck
2026-10-08T01:51:34.4564050Z  * [new branch]        feat/pr-post-open-review-sweep           -> origin/feat/pr-post-open-review-sweep
2026-10-08T01:51:34.4565850Z  * [new branch]        feat/product-docs-enforced               -> origin/feat/product-docs-enforced
2026-10-08T01:51:34.4567785Z  * [new branch]        feat/prompt-hash-telemetry               -> origin/feat/prompt-hash-telemetry
2026-10-08T01:51:34.4569554Z  * [new branch]        feat/roadmap-takes-direction             -> origin/feat/roadmap-takes-direction
2026-10-08T01:51:34.4572275Z  * [new branch]        feat/role-output-contracts               -> origin/feat/role-output-contracts
2026-10-08T01:51:34.4574400Z  * [new branch]        feat/universality-proof                  -> origin/feat/universality-proof
2026-10-08T01:51:34.4576887Z  * [new branch]        feature/remote-orchestration             -> origin/feature/remote-orchestration
2026-10-08T01:51:34.4579792Z  * [new branch]        fix/canonical-provenance-archived-sources -> origin/fix/canonical-provenance-archived-sources
2026-10-08T01:51:34.4582755Z  * [new branch]        fix/closeout-display-id-match            -> origin/fix/closeout-display-id-match
2026-10-08T01:51:34.4584922Z  * [new branch]        fix/feedback-pipeline-discoverability    -> origin/fix/feedback-pipeline-discoverability
2026-10-08T01:51:34.4586703Z  * [new branch]        fix/gate-checks-declared-mutation        -> origin/fix/gate-checks-declared-mutation
2026-10-08T01:51:34.4589358Z  * [new branch]        fix/growth-pins-dont-wall-the-corpus     -> origin/fix/growth-pins-dont-wall-the-corpus
2026-10-08T01:51:34.4592520Z  * [new branch]        fix/worktree-lacks-vendored-aai-layer-downstream-wt -> origin/fix/worktree-lacks-vendored-aai-layer-downstream-wt
2026-10-08T01:51:34.4594853Z  * [new branch]        main                                     -> origin/main
2026-10-08T01:51:34.4596107Z  * [new branch]        research/polydao-verdicts                -> origin/research/polydao-verdicts
2026-10-08T01:51:34.4597331Z  * [new tag]           v2026.07.04                              -> v2026.07.04
2026-10-08T01:51:34.4598306Z  * [new tag]           v2026.07.20                              -> v2026.07.20
2026-10-08T01:51:34.4599272Z  * [new tag]           v2026.07.22                              -> v2026.07.22
2026-10-08T01:51:34.4600226Z  * [new tag]           v2026.07.24                              -> v2026.07.24
2026-10-08T01:51:34.4601218Z  * [new tag]           v2026.07.26                              -> v2026.07.26
2026-10-08T01:51:34.4602704Z  * [new tag]           v2026.07.28                              -> v2026.07.28
2026-10-08T01:51:34.4604486Z  * [new tag]           v2026.07.28.1                            -> v2026.07.28.1
2026-10-08T01:51:34.4605932Z  * [new tag]           v2026.07.29                              -> v2026.07.29
2026-10-08T01:51:34.4607437Z  * [new tag]           v2026.07.30                              -> v2026.07.30
2026-10-08T01:51:34.4608903Z  * [new tag]           v2026.08.01                              -> v2026.08.01
2026-10-08T01:51:34.4610359Z  * [new tag]           v2026.08.02                              -> v2026.08.02
2026-10-08T01:51:34.4612111Z  * [new tag]           v2026.08.03                              -> v2026.08.03
2026-10-08T01:51:34.4613684Z  * [new tag]           v2026.08.03.2                            -> v2026.08.03.2
2026-10-08T01:51:34.4615397Z  * [new tag]           v2026.08.04                              -> v2026.08.04
2026-10-08T01:51:34.4617315Z  * [new tag]           v2026.08.05                              -> v2026.08.05
2026-10-08T01:51:34.4618894Z  * [new tag]           v2026.08.07                              -> v2026.08.07
2026-10-08T01:51:34.4620440Z  * [new tag]           v2026.08.08                              -> v2026.08.08
2026-10-08T01:51:34.4622304Z  * [new tag]           v2026.08.11                              -> v2026.08.11
2026-10-08T01:51:34.4623876Z  * [new tag]           v2026.08.12                              -> v2026.08.12
2026-10-08T01:51:34.4625532Z  * [new tag]           v2026.08.13                              -> v2026.08.13
2026-10-08T01:51:34.4627294Z  * [new tag]           v2026.08.13.2                            -> v2026.08.13.2
2026-10-08T01:51:34.4628906Z  * [new tag]           v2026.08.14                              -> v2026.08.14
2026-10-08T01:51:34.4630478Z  * [new tag]           v2026.08.16                              -> v2026.08.16
2026-10-08T01:51:34.4632066Z  * [new tag]           v2026.08.23                              -> v2026.08.23
2026-10-08T01:51:34.4633088Z  * [new tag]           v2026.08.27                              -> v2026.08.27
2026-10-08T01:51:34.4634358Z  * [new tag]           v2026.08.29                              -> v2026.08.29
2026-10-08T01:51:34.4635367Z  * [new tag]           v2026.09.01                              -> v2026.09.01
2026-10-08T01:51:34.4636328Z  * [new tag]           v2026.09.06                              -> v2026.09.06
2026-10-08T01:51:34.4637281Z  * [new tag]           v2026.09.08                              -> v2026.09.08
2026-10-08T01:51:34.4638246Z  * [new tag]           v2026.09.09                              -> v2026.09.09
2026-10-08T01:51:34.4639621Z  * [new tag]           v2026.09.21                              -> v2026.09.21
2026-10-08T01:51:34.4640604Z  * [new tag]           v2026.09.25                              -> v2026.09.25
2026-10-08T01:51:34.4641833Z  * [new tag]           v2026.09.28                              -> v2026.09.28
2026-10-08T01:51:34.4642840Z  * [new tag]           v2026.09.30                              -> v2026.09.30
2026-10-08T01:51:34.4644096Z  * [new tag]           v2026.10.02                              -> v2026.10.02
2026-10-08T01:51:34.4645133Z  * [new ref]           672ad0c903ee5707e1d4bc2a4b4ea83c86b52ee4 -> pull/434/merge
2026-10-08T01:51:34.4646638Z  * [new tag]           test-fixture-pre-f2-close-work-item      -> test-fixture-pre-f2-close-work-item
2026-10-08T01:51:34.4648039Z  * [new tag]           test-fixture-pre-f3-guard                -> test-fixture-pre-f3-guard
2026-10-08T01:51:34.4650388Z ##[endgroup]
2026-10-08T01:51:34.4651293Z ##[group]Determining the checkout info
2026-10-08T01:51:34.4652611Z ##[endgroup]
2026-10-08T01:51:34.4653156Z [command]/usr/bin/git sparse-checkout disable
2026-10-08T01:51:34.4654880Z [command]/usr/bin/git config --local --unset-all extensions.worktreeConfig
2026-10-08T01:51:34.4656948Z ##[group]Checking out the ref
2026-10-08T01:51:34.4657805Z [command]/usr/bin/git checkout --progress --force refs/remotes/pull/434/merge
2026-10-08T01:51:34.7060595Z Note: switching to 'refs/remotes/pull/434/merge'.
2026-10-08T01:51:34.7061944Z 
2026-10-08T01:51:34.7062595Z You are in 'detached HEAD' state. You can look around, make experimental
2026-10-08T01:51:34.7064050Z changes and commit them, and you can discard any commits you make in this
2026-10-08T01:51:34.7065468Z state without impacting any branches by switching back to a branch.
2026-10-08T01:51:34.7066295Z 
2026-10-08T01:51:34.7066868Z If you want to create a new branch to retain commits you create, you may
2026-10-08T01:51:34.7068187Z do so (now or later) by using -c with the switch command. Example:
2026-10-08T01:51:34.7068992Z 
2026-10-08T01:51:34.7069367Z   git switch -c <new-branch-name>
2026-10-08T01:51:34.7069974Z 
2026-10-08T01:51:34.7070354Z Or undo this operation with:
2026-10-08T01:51:34.7070932Z 
2026-10-08T01:51:34.7071255Z   git switch -
2026-10-08T01:51:34.7071888Z 
2026-10-08T01:51:34.7072920Z Turn off this advice by setting config variable advice.detachedHead to false
2026-10-08T01:51:34.7074025Z 
2026-10-08T01:51:34.7075339Z HEAD is now at 672ad0c9 Merge 525a05791a24d3d8c894639ce66de9ceed5a01a3 into bdeb425c040ada918dd97e5b878b71e420bad83a
2026-10-08T01:51:34.7101017Z ##[endgroup]
2026-10-08T01:51:34.7148222Z [command]/usr/bin/git log -1 --format=%H
2026-10-08T01:51:34.7176639Z 672ad0c903ee5707e1d4bc2a4b4ea83c86b52ee4
2026-10-08T01:51:34.7642575Z ##[group]Run actions/setup-node@v4
2026-10-08T01:51:34.7643861Z with:
2026-10-08T01:51:34.7644744Z   node-version: 20
2026-10-08T01:51:34.7645720Z   always-auth: false
2026-10-08T01:51:34.7646728Z   check-latest: false
2026-10-08T01:51:34.7656676Z   token: ***
2026-10-08T01:51:34.7657580Z env:
2026-10-08T01:51:34.7658442Z   AAI_TEST_PARALLEL: 4
2026-10-08T01:51:34.7659435Z ##[endgroup]
2026-10-08T01:51:34.9130275Z Attempting to download 20...
2026-10-08T01:51:34.9245769Z (node:2308) [DEP0040] DeprecationWarning: The `punycode` module is deprecated. Please use a userland alternative instead.
2026-10-08T01:51:34.9250738Z (Use `node --trace-deprecation ...` to show where the warning was created)
2026-10-08T01:51:36.0037434Z Acquiring 20.20.2 - x64 from https://github.com/actions/node-versions/releases/download/20.20.2-23521894959/node-20.20.2-linux-x64.tar.gz
2026-10-08T01:51:36.5482682Z Extracting ...
2026-10-08T01:51:36.5607370Z [command]/usr/bin/tar xz --strip 1 --warning=no-unknown-keyword --overwrite -C /home/runner/work/_temp/6166751f-b499-4f75-bdba-1a263c486174 -f /home/runner/work/_temp/a1ad95f5-8886-4c22-ab7a-c29c4a327db6
2026-10-08T01:51:37.5643208Z Adding to the cache ...
2026-10-08T01:51:39.4137158Z ##[group]Environment details
2026-10-08T01:51:39.6525020Z node: v20.20.2
2026-10-08T01:51:39.6525795Z npm: 10.8.2
2026-10-08T01:51:39.6526108Z yarn: 1.22.22
2026-10-08T01:51:39.6526772Z ##[endgroup]
2026-10-08T01:51:39.6745721Z ##[group]Run set -euo pipefail
2026-10-08T01:51:39.6746204Z [36;1mset -euo pipefail[0m
2026-10-08T01:51:39.6746726Z [36;1mprintf '%s\n' "$SHARD_PLAN" > shard-plan.txt[0m
2026-10-08T01:51:39.6747655Z [36;1mbash tests/skills/lib/shard-plan-check.sh --check shard-plan.txt tests/skills >/dev/null[0m
2026-10-08T01:51:39.6748441Z [36;1mif [ "2" = "all" ]; then[0m
2026-10-08T01:51:39.6748727Z [36;1m  bash tests/skills/test-framework.sh[0m
2026-10-08T01:51:39.6749020Z [36;1melse[0m
2026-10-08T01:51:39.6749391Z [36;1m  SUITES="$(bash tests/skills/lib/shard-plan-check.sh --extract 2 shard-plan.txt)"[0m
2026-10-08T01:51:39.6749829Z [36;1m  args=()[0m
2026-10-08T01:51:39.6750062Z [36;1m  for s in $SUITES; do[0m
2026-10-08T01:51:39.6750308Z [36;1m    args+=(--skill "$s")[0m
2026-10-08T01:51:39.6750543Z [36;1m  done[0m
2026-10-08T01:51:39.6750803Z [36;1m  bash tests/skills/test-framework.sh "${args[@]}"[0m
2026-10-08T01:51:39.6751111Z [36;1mfi[0m
2026-10-08T01:51:39.7009798Z shell: /usr/bin/bash -e {0}
2026-10-08T01:51:39.7010153Z env:
2026-10-08T01:51:39.7010404Z   AAI_TEST_PARALLEL: 4
2026-10-08T01:51:39.7024568Z   SHARD_PLAN: SHARD 1 aai-learned-append weight=434
SHARD 1 aai-hygiene-pack weight=313
SHARD 1 aai-ceremony-levels weight=120
SHARD 1 aai-feedback-upsert weight=91
SHARD 1 aai-mutation-gate weight=82
SHARD 1 aai-suite-isolation weight=77
SHARD 1 aai-doc-numbering weight=43
SHARD 1 aai-orchestration-dispatch weight=39
SHARD 1 aai-git-ref-guard weight=28
SHARD 1 aai-roadmap weight=22
SHARD 1 aai-hooks-overlay weight=18
SHARD 1 aai-factory-report weight=12
SHARD 1 aai-outcome-backcheck weight=10
SHARD 1 aai-canon weight=7
SHARD 1 aai-spec-tools weight=6
SHARD 1 aai-heartbeat weight=5
SHARD 1 aai-role-output weight=5
SHARD 1 aai-docs-canon weight=4
SHARD 1 aai-check-state weight=3
SHARD 1 aai-issues weight=3
SHARD 1 aai-redact weight=3
SHARD 1 aai-session-lock weight=2
SHARD 1 aai-pricing weight=1
SHARD 1 aai-runtime-file weight=1
SHARD 1 aai-userguide-drift weight=1
SHARD 2 aai-merge-policy weight=434
SHARD 2 aai-delta-stage3 weight=278
SHARD 2 aai-run-tests weight=135
SHARD 2 aai-friction weight=93
SHARD 2 aai-sweep-parallel weight=91
SHARD 2 aai-release weight=81
SHARD 2 aai-delta-stage2 weight=56
SHARD 2 aai-follow-ups weight=37
SHARD 2 aai-pr-waiver weight=27
SHARD 2 aai-friction-capture-points weight=19
SHARD 2 aai-ride-select weight=18
SHARD 2 aai-debug-gate weight=10
SHARD 2 aai-pr-platform weight=10
SHARD 2 aai-docs-lock weight=7
SHARD 2 aai-tdd-evidence weight=6
SHARD 2 aai-learned-routing weight=5
SHARD 2 aai-test-canon weight=5
SHARD 2 aai-orchestration-mode weight=4
SHARD 2 aai-docs-hub weight=3
SHARD 2 aai-layer-drift weight=3
SHARD 2 aai-token-capture weight=3
SHARD 2 aai-antigravity-project-skills weight=1
SHARD 2 aai-implementation-mode weight=1
SHARD 2 aai-prompt-hash weight=1
SHARD 2 aai-share weight=1
SHARD 2 aai-userguide-rollup weight=1
SHARD 3 aai-pr-preflight weight=434
SHARD 3 aai-sync-seed weight=234
SHARD 3 aai-doctor weight=149
SHARD 3 aai-doc-number-reservation weight=97
SHARD 3 aai-friction-wiring weight=91
SHARD 3 aai-golden-flow weight=81
SHARD 3 aai-ledger-merge weight=66
SHARD 3 aai-deslop weight=40
SHARD 3 aai-update-check weight=32
SHARD 3 aai-state weight=27
SHARD 3 aai-intake weight=17
SHARD 3 aai-constitution weight=11
SHARD 3 aai-win-fallback weight=10
SHARD 3 aai-hitl-channel weight=6
SHARD 3 aai-routine weight=6
SHARD 3 aai-bootstrap weight=5
SHARD 3 aai-prompt-diet weight=5
SHARD 3 aai-delta-stage1 weight=4
SHARD 3 aai-verify-gate weight=4
SHARD 3 aai-orphan-sweep weight=3
SHARD 3 aai-dashboard weight=2
SHARD 3 aai-reconcile-telemetry weight=2
SHARD 3 aai-pipe-safe weight=1
SHARD 3 aai-prune-stale-briefs weight=1
SHARD 3 aai-suite-select weight=1
SHARD 3 aai-validator-isolation weight=1
SHARD 4 aai-worktree-seed weight=434
SHARD 4 aai-docs-audit weight=161
SHARD 4 aai-repo-tripwire weight=155
SHARD 4 aai-close-work-item weight=112
SHARD 4 aai-hitl-propagation weight=93
SHARD 4 aai-metrics weight=89
SHARD 4 aai-layer-profiles weight=69
SHARD 4 aai-secrets-preflight weight=52
SHARD 4 aai-spec-lint weight=39
SHARD 4 aai-spec-amend weight=28
SHARD 4 aai-live-serve weight=19
SHARD 4 aai-close-reconcile weight=15
SHARD 4 aai-live-status weight=13
SHARD 4 aai-advisory-skills weight=9
SHARD 4 aai-branch-guard weight=9
SHARD 4 aai-update weight=6
SHARD 4 aai-lightweight-lane weight=5
SHARD 4 aai-unattended weight=5
SHARD 4 aai-overview weight=4
SHARD 4 aai-feedback-triage weight=3
SHARD 4 aai-product-docs weight=3
SHARD 4 aai-feedback-status weight=2
SHARD 4 aai-downstream-autopilot weight=1
SHARD 4 aai-planning-probes weight=1
SHARD 4 aai-r-guard weight=1
SHARD 4 aai-tdd weight=1
SHARD 4 aai-worktree weight=1
SHARDS count=4 suites=104
2026-10-08T01:51:39.7036932Z ##[endgroup]
2026-10-08T01:51:39.8622418Z 
2026-10-08T01:51:39.8628723Z AAI Skills Test Framework
2026-10-08T01:51:39.8629167Z =========================
2026-10-08T01:51:39.8629399Z 
2026-10-08T01:51:39.8650726Z [0;34m[INFO][0m Setting up results directory: /home/runner/work/aai/aai/tests/skills/results/test-20261008-015139
2026-10-08T01:51:39.8664294Z [0;34m[INFO][0m Checking system dependencies...
2026-10-08T01:51:40.0571659Z [0;32m[PASS][0m Dependencies checked
2026-10-08T01:51:40.1219559Z [0;34m[INFO][0m Isolation: every suite runs isolated in a disposable git checkout (its own .git, D1) seeded from the working tree
2026-10-08T01:51:40.1222055Z [0;34m[INFO][0m Concurrency: up to 4 suite(s) run at a time (AAI_TEST_PARALLEL=4). Set AAI_TEST_PARALLEL=1 for the serial execution model.
2026-10-08T01:51:40.1223283Z [0;34m[INFO][0m Discovering skill tests...
2026-10-08T01:51:40.1240962Z [0;34m[INFO][0m Found 26 test(s)
2026-10-08T01:51:40.1241796Z [0;34m[INFO][0m 
2026-10-08T01:51:40.1242357Z [0;34m[INFO][0m Running tests...
2026-10-08T01:51:40.1242894Z [0;34m[INFO][0m 
2026-10-08T01:52:55.4624114Z [ 1/26] aai-friction         [0;32mPASS[0m (73.0s)
2026-10-08T01:53:11.9867119Z [ 2/26] aai-merge-policy     [0;32mPASS[0m (90.0s)
2026-10-08T01:53:26.3162710Z [ 3/26] aai-delta-stage3     [0;31mFAIL[0m (104.0s) [tripwire NOT ATTESTED — suite exited 1 before completing]
2026-10-08T01:53:26.3165349Z --- Error Details (aai-delta-stage3) ---
2026-10-08T01:53:26.3187043Z --- failure lines (whole log) ---
2026-10-08T01:53:26.3232912Z 29:FAIL: Expected 'Verdict: CLEAN' in /tmp/aai-docs-audit-test.1I48MZ/silence-live-1349.log
2026-10-08T01:53:26.3236292Z 30:FAIL: TEST-007: sibling suite failed: test-aai-docs-audit.sh
2026-10-08T01:53:26.3242445Z --- tail (last 30 lines) ---
2026-10-08T01:53:26.3258056Z === Test: aai-delta-stage3 (spec-delta-stage-3 / RFC-0011 delta-spec lifecycle) ===
2026-10-08T01:53:26.3258926Z INFO: Checking dependencies...
2026-10-08T01:53:26.3259422Z PASS: Dependencies checked
2026-10-08T01:53:26.3260376Z INFO: TEST-001: delta-merge applies ADDED/MODIFIED/REMOVED; untouched lines byte-identical (int)...
2026-10-08T01:53:26.3263169Z PASS: TEST-001: ADDED->004 (retired 003 not reused), MODIFIED body+title+Provenance, REMOVED tombstone; untouched lines byte-identical
2026-10-08T01:53:26.3264928Z INFO: TEST-002: fail-closed on violation / missing doc / absent id / title collision; ZERO writes (int)...
2026-10-08T01:53:26.3266595Z PASS: TEST-002: all four fail-closed preconditions exit non-zero, name the reason, leave the canonical byte-unchanged
2026-10-08T01:53:26.3268024Z INFO: TEST-003: a second delta-merge for the same spec is byte-identical (int)...
2026-10-08T01:53:26.3269422Z PASS: TEST-003: second run byte-identical; ADDED not re-appended; REMOVED-already-gone a clean no-op
2026-10-08T01:53:26.3271230Z INFO: TEST-008: MODIFIED adjacent to REMOVED — tombstone survives a byte-idempotent re-run (int)...
2026-10-08T01:53:26.3272868Z PASS: TEST-008: tombstone adjacent to a modified block survives; second run byte-identical
2026-10-08T01:53:26.3274380Z INFO: TEST-009: retired NNN not reused by a later ADDED across specs (int)...
2026-10-08T01:53:26.3275759Z PASS: TEST-009: ADDED took REQ-SPROCKETS-003; retired 002 never reused
2026-10-08T01:53:26.3277439Z INFO: TEST-010: cross-spec — modifying the block before a tombstone preserves it (int)...
2026-10-08T01:53:26.3278901Z PASS: TEST-010: SPEC-A's tombstone survives a later SPEC-B modification of the preceding block
2026-10-08T01:53:26.3280437Z INFO: TEST-006: SKILL_PR documents the delta-merge ceremony step; no stage-N token on edited .aai surfaces (unit)...
2026-10-08T01:53:26.3287305Z PASS: TEST-006: SKILL_PR carries the post-allocation, fail-closed, no-op-documented merge step; taxonomy clean
2026-10-08T01:53:26.3288994Z INFO: TEST-007: delta-stage1 + delta-stage2 + spec-lint + docs-audit suites pass; strict repo audit CLEAN (int)...
2026-10-08T01:53:26.3290141Z Testing aai-docs-audit skill (engine + fixtures)
2026-10-08T01:53:26.3290813Z INFO: Checking dependencies...
2026-10-08T01:53:26.3291348Z PASS: Dependencies checked
2026-10-08T01:53:26.3292362Z INFO: Setting up fixture repo...
2026-10-08T01:53:26.3292881Z PASS: Fixture repo ready
2026-10-08T01:53:26.3294227Z INFO: Test: --check --strict over the live tree exits 0 and every near-miss document it names is dispositioned in the spec (TEST-1351)...
2026-10-08T01:53:26.3295948Z PASS: Every near-miss document over the live corpus is dispositioned, and --check --strict still exits 0
2026-10-08T01:53:26.3302847Z INFO: Test: the docs-audit headline carries the near-miss count split into blocking and report-only, and it equals the section count (TEST-1348)...
2026-10-08T01:53:26.3304558Z PASS: The near-miss count is part of what the headline SAYS, and it agrees with the section
2026-10-08T01:53:26.3306594Z INFO: Test: the Verdict line names the unreadable AC tables when any exist, stays bare CLEAN when none do, and keeps the literal 'Verdict: CLEAN' substring either way (TEST-1349)...
2026-10-08T01:53:26.3308380Z FAIL: Expected 'Verdict: CLEAN' in /tmp/aai-docs-audit-test.1I48MZ/silence-live-1349.log
2026-10-08T01:53:26.3309452Z FAIL: TEST-007: sibling suite failed: test-aai-docs-audit.sh
2026-10-08T01:53:26.3310129Z --- end aai-delta-stage3 ---
2026-10-08T01:53:53.0784455Z [ 4/26] aai-run-tests        [0;32mPASS[0m (131.0s)
2026-10-08T01:54:16.2589687Z [ 5/26] aai-delta-stage2     [0;32mPASS[0m (48.0s)
2026-10-08T01:54:22.8527104Z [ 6/26] aai-release          [0;32mPASS[0m (69.0s)
2026-10-08T01:54:27.8911754Z [ 7/26] aai-sweep-parallel   [0;32mPASS[0m (91.0s)
2026-10-08T01:54:28.3057850Z [ 8/26] aai-follow-ups       [0;32mPASS[0m (33.0s)
2026-10-08T01:54:39.5932141Z [ 9/26] aai-debug-gate       [0;32mPASS[0m (9.0s)
2026-10-08T01:54:43.6063239Z [10/26] aai-friction-capture-points [0;32mPASS[0m (19.0s)
2026-10-08T01:54:47.0822349Z [11/26] aai-pr-waiver        [0;32mPASS[0m (29.0s)
2026-10-08T01:54:51.8707004Z [12/26] aai-docs-lock        [0;32mPASS[0m (7.0s)
2026-10-08T01:54:52.4243220Z [13/26] aai-pr-platform      [0;32mPASS[0m (11.0s)
2026-10-08T01:54:56.2278552Z [14/26] aai-tdd-evidence     [0;32mPASS[0m (7.0s)
2026-10-08T01:54:58.0145885Z [15/26] aai-learned-routing  [0;32mPASS[0m (5.0s)
2026-10-08T01:54:59.5941214Z [16/26] aai-test-canon       [0;32mPASS[0m (5.0s)
2026-10-08T01:55:01.5909095Z [17/26] aai-orchestration-mode [0;32mPASS[0m (3.0s)
2026-10-08T01:55:02.3872573Z [18/26] aai-docs-hub         [0;32mPASS[0m (2.0s)
2026-10-08T01:55:03.8347414Z [19/26] aai-ride-select      [0;32mPASS[0m (35.0s)
2026-10-08T01:55:04.3273243Z [20/26] aai-layer-drift      [0;32mPASS[0m (3.0s)
2026-10-08T01:55:04.8578166Z [21/26] aai-antigravity-project-skills [0;32mPASS[0m (0.0s)
2026-10-08T01:55:05.6282173Z [22/26] aai-implementation-mode [0;32mPASS[0m (0.0s)
2026-10-08T01:55:06.6887901Z [23/26] aai-prompt-hash      [0;32mPASS[0m (1.0s)
2026-10-08T01:55:07.0165071Z [24/26] aai-token-capture    [0;32mPASS[0m (4.0s)
2026-10-08T01:55:07.3363411Z [25/26] aai-share            [0;32mPASS[0m (1.0s)
2026-10-08T01:55:07.6815673Z [26/26] aai-userguide-rollup [0;32mPASS[0m (0.0s)
2026-10-08T01:55:07.7218710Z [0;34m[INFO][0m 
2026-10-08T01:55:07.7219561Z [0;34m[INFO][0m 
2026-10-08T01:55:07.7220952Z [0;34m[INFO][0m =========================================
2026-10-08T01:55:07.7221829Z [0;31m[FAIL][0m Failed:  1 (3%)
2026-10-08T01:55:07.7222195Z [0;34m[INFO][0m Test Summary
2026-10-08T01:55:07.7222690Z [0;34m[INFO][0m =========================================
2026-10-08T01:55:07.7223589Z [0;34m[INFO][0m Total:   26
2026-10-08T01:55:07.7224489Z [0;32m[PASS][0m Passed:  25 (96%)
2026-10-08T01:55:07.7225861Z [0;34m[INFO][0m Tripwire: 25/26 suite(s) attested clean; 1 not attested (skipped, failed, allowlisted, or unguarded)
2026-10-08T01:55:07.7227009Z [0;34m[INFO][0m Isolation: 26/26 suite(s) isolated; 0 degraded
2026-10-08T01:55:07.7228122Z [0;34m[INFO][0m Seeding: 26/26 suite(s) fully seeded; 0 partial; 0 skipped
2026-10-08T01:55:07.7229703Z [0;34m[INFO][0m Concurrency: width 4; 0 wave(s) re-run serially (0 suite(s) total) to attribute a shipping-repository change
2026-10-08T01:55:07.7230842Z [0;34m[INFO][0m 
2026-10-08T01:55:07.7232348Z [0;34m[INFO][0m Results saved to: /home/runner/work/aai/aai/tests/skills/results/test-20261008-015139
2026-10-08T01:55:07.7732973Z ##[error]Process completed with exit code 1.
2026-10-08T01:55:07.7880443Z Post job cleanup.
2026-10-08T01:55:07.8762333Z [command]/usr/bin/git version
2026-10-08T01:55:07.8806067Z git version 2.55.0
2026-10-08T01:55:07.8846635Z Temporarily overriding HOME='/home/runner/work/_temp/355baff1-9497-4352-b24e-adee539def48' before making global git config changes
2026-10-08T01:55:07.8848107Z Adding repository directory to the temporary git global config as a safe directory
2026-10-08T01:55:07.8852951Z [command]/usr/bin/git config --global --add safe.directory /home/runner/work/aai/aai
2026-10-08T01:55:07.8894802Z [command]/usr/bin/git config --local --name-only --get-regexp core\.sshCommand
2026-10-08T01:55:07.8934521Z [command]/usr/bin/git submodule foreach --recursive sh -c "git config --local --name-only --get-regexp 'core\.sshCommand' && git config --local --unset-all 'core.sshCommand' || :"
2026-10-08T01:55:07.9189564Z [command]/usr/bin/git config --local --name-only --get-regexp http\.https\:\/\/github\.com\/\.extraheader
2026-10-08T01:55:07.9214865Z http.https://github.com/.extraheader
2026-10-08T01:55:07.9226536Z [command]/usr/bin/git config --local --unset-all http.https://github.com/.extraheader
2026-10-08T01:55:07.9262861Z [command]/usr/bin/git submodule foreach --recursive sh -c "git config --local --name-only --get-regexp 'http\.https\:\/\/github\.com\/\.extraheader' && git config --local --unset-all 'http.https://github.com/.extraheader' || :"
2026-10-08T01:55:07.9532019Z [command]/usr/bin/git config --local --name-only --get-regexp ^includeIf\.gitdir:
2026-10-08T01:55:07.9575626Z [command]/usr/bin/git submodule foreach --recursive git config --local --show-origin --name-only --get-regexp remote.origin.url
2026-10-08T01:55:07.9999491Z Cleaning up orphan processes
2026-10-08T01:55:08.0298798Z ##[warning]Node.js 20 is deprecated. The following actions target Node.js 20 but are being forced to run on Node.js 24: actions/checkout@v4, actions/setup-node@v4. For more information see: https://github.blog/changelog/2025-09-19-deprecation-of-node-20-on-github-actions-runners/
