2026-10-08T01:51:29.8508298Z Current runner version: '2.337.0'
2026-10-08T01:51:29.8528662Z ##[group]Runner Image Provisioner
2026-10-08T01:51:29.8529382Z Hosted Compute Agent
2026-10-08T01:51:29.8529891Z Version: 20261002.596
2026-10-08T01:51:29.8530503Z Commit: c3d12f3313a95f25162a1503be624f3b0617f8c0
2026-10-08T01:51:29.8531229Z Build Date: 2026-10-02T22:28:27Z
2026-10-08T01:51:29.8531803Z Worker ID: {fb345e1e-6d16-4784-91d0-981e8dedb0e3}
2026-10-08T01:51:29.8532381Z Region: westus3
2026-10-08T01:51:29.8532829Z Cloud: Azure
2026-10-08T01:51:29.8533308Z ##[endgroup]
2026-10-08T01:51:29.8534520Z ##[group]Operating System
2026-10-08T01:51:29.8535020Z Ubuntu
2026-10-08T01:51:29.8535522Z 24.04.5
2026-10-08T01:51:29.8535982Z LTS
2026-10-08T01:51:29.8536465Z ##[endgroup]
2026-10-08T01:51:29.8536916Z ##[group]Runner Image
2026-10-08T01:51:29.8537383Z Image: ubuntu-24.04
2026-10-08T01:51:29.8537898Z Version: 20261004.327.1
2026-10-08T01:51:29.8538899Z Included Software: https://github.com/actions/runner-images/blob/ubuntu24/20261004.327/images/ubuntu/Ubuntu2404-Readme.md
2026-10-08T01:51:29.8540218Z Image Release: https://github.com/actions/runner-images/releases/tag/ubuntu24%2F20261004.327
2026-10-08T01:51:29.8540986Z ##[endgroup]
2026-10-08T01:51:29.8541938Z ##[group]GITHUB_TOKEN Permissions
2026-10-08T01:51:29.8543455Z Contents: read
2026-10-08T01:51:29.8544288Z Metadata: read
2026-10-08T01:51:29.8544745Z ##[endgroup]
2026-10-08T01:51:29.8546455Z Secret source: Actions
2026-10-08T01:51:29.8547245Z Cache mode: write
2026-10-08T01:51:29.8547850Z Prepare workflow directory
2026-10-08T01:51:29.8887609Z Prepare all required actions
2026-10-08T01:51:29.8926476Z Getting action download info
2026-10-08T01:51:30.1749116Z Download action repository 'actions/checkout@v4' (SHA:11d5960a326750d5838078e36cf38b85af677262)
2026-10-08T01:51:30.7867361Z Download action repository 'actions/setup-node@v4' (SHA:49933ea5288caeca8642d1e84afbd3f7d6820020)
2026-10-08T01:51:31.0900829Z Complete job name: skill test suite (full framework, via test-framework.sh) (1)
2026-10-08T01:51:31.1524800Z ##[group]Run actions/checkout@v4
2026-10-08T01:51:31.1525440Z with:
2026-10-08T01:51:31.1525776Z   fetch-depth: 0
2026-10-08T01:51:31.1526139Z   repository: goodwind-cz/aai
2026-10-08T01:51:31.1529059Z   token: ***
2026-10-08T01:51:31.1529405Z   ssh-strict: true
2026-10-08T01:51:31.1529753Z   ssh-user: git
2026-10-08T01:51:31.1530103Z   persist-credentials: true
2026-10-08T01:51:31.1530490Z   clean: true
2026-10-08T01:51:31.1530843Z   sparse-checkout-cone-mode: true
2026-10-08T01:51:31.1531252Z   fetch-tags: false
2026-10-08T01:51:31.1531606Z   show-progress: true
2026-10-08T01:51:31.1531954Z   lfs: false
2026-10-08T01:51:31.1532284Z   submodules: false
2026-10-08T01:51:31.1532641Z   set-safe-directory: true
2026-10-08T01:51:31.1533043Z   allow-unsafe-pr-checkout: false
2026-10-08T01:51:31.1533712Z env:
2026-10-08T01:51:31.1534041Z   AAI_TEST_PARALLEL: 4
2026-10-08T01:51:31.1534402Z ##[endgroup]
2026-10-08T01:51:31.2334548Z Syncing repository: goodwind-cz/aai
2026-10-08T01:51:31.2336139Z ##[group]Getting Git version info
2026-10-08T01:51:31.2336649Z Working directory is '/home/runner/work/aai/aai'
2026-10-08T01:51:31.2337390Z [command]/usr/bin/git version
2026-10-08T01:51:31.2383517Z git version 2.55.0
2026-10-08T01:51:31.2399339Z ##[endgroup]
2026-10-08T01:51:31.2411967Z Temporarily overriding HOME='/home/runner/work/_temp/ab3e4935-0543-41ba-a20c-f34ccdc60cbf' before making global git config changes
2026-10-08T01:51:31.2414000Z Adding repository directory to the temporary git global config as a safe directory
2026-10-08T01:51:31.2425543Z [command]/usr/bin/git config --global --add safe.directory /home/runner/work/aai/aai
2026-10-08T01:51:31.2464021Z Deleting the contents of '/home/runner/work/aai/aai'
2026-10-08T01:51:31.2467716Z ##[group]Initializing the repository
2026-10-08T01:51:31.2471342Z [command]/usr/bin/git init /home/runner/work/aai/aai
2026-10-08T01:51:31.2546787Z hint: Using 'master' as the name for the initial branch. This default branch name
2026-10-08T01:51:31.2547883Z hint: will change to "main" in Git 3.0. To configure the initial branch name
2026-10-08T01:51:31.2549105Z hint: to use in all of your new repositories, which will suppress this warning,
2026-10-08T01:51:31.2549682Z hint: call:
2026-10-08T01:51:31.2550006Z hint:
2026-10-08T01:51:31.2550422Z hint: 	git config --global init.defaultBranch <name>
2026-10-08T01:51:31.2550912Z hint:
2026-10-08T01:51:31.2551375Z hint: Names commonly chosen instead of 'master' are 'main', 'trunk' and
2026-10-08T01:51:31.2552103Z hint: 'development'. The just-created branch can be renamed via this command:
2026-10-08T01:51:31.2552680Z hint:
2026-10-08T01:51:31.2553011Z hint: 	git branch -m <name>
2026-10-08T01:51:31.2553566Z hint:
2026-10-08T01:51:31.2554324Z hint: Disable this message with "git config set advice.defaultBranchName false"
2026-10-08T01:51:31.2558878Z Initialized empty Git repository in /home/runner/work/aai/aai/.git/
2026-10-08T01:51:31.2566825Z [command]/usr/bin/git remote add origin https://github.com/goodwind-cz/aai
2026-10-08T01:51:31.2607001Z ##[endgroup]
2026-10-08T01:51:31.2608046Z ##[group]Disabling automatic garbage collection
2026-10-08T01:51:31.2610612Z [command]/usr/bin/git config --local gc.auto 0
2026-10-08T01:51:31.2637980Z ##[endgroup]
2026-10-08T01:51:31.2639027Z ##[group]Setting up auth
2026-10-08T01:51:31.2644683Z [command]/usr/bin/git config --local --name-only --get-regexp core\.sshCommand
2026-10-08T01:51:31.2674609Z [command]/usr/bin/git submodule foreach --recursive sh -c "git config --local --name-only --get-regexp 'core\.sshCommand' && git config --local --unset-all 'core.sshCommand' || :"
2026-10-08T01:51:31.2966628Z [command]/usr/bin/git config --local --name-only --get-regexp http\.https\:\/\/github\.com\/\.extraheader
2026-10-08T01:51:31.2999809Z [command]/usr/bin/git submodule foreach --recursive sh -c "git config --local --name-only --get-regexp 'http\.https\:\/\/github\.com\/\.extraheader' && git config --local --unset-all 'http.https://github.com/.extraheader' || :"
2026-10-08T01:51:31.3185998Z [command]/usr/bin/git config --local --name-only --get-regexp ^includeIf\.gitdir:
2026-10-08T01:51:31.3215272Z [command]/usr/bin/git submodule foreach --recursive git config --local --show-origin --name-only --get-regexp remote.origin.url
2026-10-08T01:51:31.3400154Z [command]/usr/bin/git config --local http.https://github.com/.extraheader AUTHORIZATION: basic ***
2026-10-08T01:51:31.3434464Z ##[endgroup]
2026-10-08T01:51:31.3435271Z ##[group]Fetching the repository
2026-10-08T01:51:31.3442315Z [command]/usr/bin/git -c protocol.version=2 fetch --prune --no-recurse-submodules origin +refs/heads/*:refs/remotes/origin/* +refs/tags/*:refs/tags/* +672ad0c903ee5707e1d4bc2a4b4ea83c86b52ee4:refs/remotes/pull/434/merge
2026-10-08T01:51:35.2956717Z From https://github.com/goodwind-cz/aai
2026-10-08T01:51:35.2958016Z  * [new branch]        change/amendment-signature-asks-the-owner-too-often -> origin/change/amendment-signature-asks-the-owner-too-often
2026-10-08T01:51:35.2959598Z  * [new branch]        change/downstream-rides-ask-no-governance-questions -> origin/change/downstream-rides-ask-no-governance-questions
2026-10-08T01:51:35.2960667Z  * [new branch]        change/original-request-outcome-backcheck -> origin/change/original-request-outcome-backcheck
2026-10-08T01:51:35.2961627Z  * [new branch]        change/pr-capability-preflight           -> origin/change/pr-capability-preflight
2026-10-08T01:51:35.2962601Z  * [new branch]        change/roadmap-serves-downstream-projects -> origin/change/roadmap-serves-downstream-projects
2026-10-08T01:51:35.2963853Z  * [new branch]        chore/close-userguide-catalog-item       -> origin/chore/close-userguide-catalog-item
2026-10-08T01:51:35.2965031Z  * [new branch]        chore/intake-routing-tables-owner-and-seam -> origin/chore/intake-routing-tables-owner-and-seam
2026-10-08T01:51:35.2965821Z  * [new branch]        chore/release-v2026.09.25                -> origin/chore/release-v2026.09.25
2026-10-08T01:51:35.2966488Z  * [new branch]        chore/release-v2026.09.28                -> origin/chore/release-v2026.09.28
2026-10-08T01:51:35.2967479Z  * [new branch]        chore/wave-3-intakes                     -> origin/chore/wave-3-intakes
2026-10-08T01:51:35.2968258Z  * [new branch]        cursor/feedback-triage-missing-output-dir-a7ce -> origin/cursor/feedback-triage-missing-output-dir-a7ce
2026-10-08T01:51:35.2969089Z  * [new branch]        cursor/gpt-6-pricing-family-67e6         -> origin/cursor/gpt-6-pricing-family-67e6
2026-10-08T01:51:35.2969894Z  * [new branch]        cursor/mutation-clone-fidelity-windows-eol-a7ce -> origin/cursor/mutation-clone-fidelity-windows-eol-a7ce
2026-10-08T01:51:35.2970906Z  * [new branch]        cursor/mutation-clone-windows-run-chain-5e0a -> origin/cursor/mutation-clone-windows-run-chain-5e0a
2026-10-08T01:51:35.2972331Z  * [new branch]        cursor/polydao-graph-loop-ideas-fa9c     -> origin/cursor/polydao-graph-loop-ideas-fa9c
2026-10-08T01:51:35.2973927Z  * [new branch]        cursor/pricing-missing-models-and-refresh-94d5 -> origin/cursor/pricing-missing-models-and-refresh-94d5
2026-10-08T01:51:35.2975474Z  * [new branch]        cursor/prompts-invoke-wsl-bash-on-windows-a7ce -> origin/cursor/prompts-invoke-wsl-bash-on-windows-a7ce
2026-10-08T01:51:35.2976690Z  * [new branch]        cursor/strategy-unscoped-from-current-focus-a7ce -> origin/cursor/strategy-unscoped-from-current-focus-a7ce
2026-10-08T01:51:35.2977431Z  * [new branch]        exp-0113-phase1                          -> origin/exp-0113-phase1
2026-10-08T01:51:35.2978077Z  * [new branch]        feat/antigravity-cli-skill-paths         -> origin/feat/antigravity-cli-skill-paths
2026-10-08T01:51:35.2978767Z  * [new branch]        feat/canon-is-a-build-artifact           -> origin/feat/canon-is-a-build-artifact
2026-10-08T01:51:35.2979458Z  * [new branch]        feat/cheap-model-in-practice             -> origin/feat/cheap-model-in-practice
2026-10-08T01:51:35.2980118Z  * [new branch]        feat/dev-progress-hub                    -> origin/feat/dev-progress-hub
2026-10-08T01:51:35.2980928Z  * [new branch]        feat/feedback-upsert-review              -> origin/feat/feedback-upsert-review
2026-10-08T01:51:35.2981584Z  * [new branch]        feat/friction-channel-sweep              -> origin/feat/friction-channel-sweep
2026-10-08T01:51:35.2982218Z  * [new branch]        feat/learned-append-gate                 -> origin/feat/learned-append-gate
2026-10-08T01:51:35.2982918Z  * [new branch]        feat/original-request-outcome-backcheck  -> origin/feat/original-request-outcome-backcheck
2026-10-08T01:51:35.2983846Z  * [new branch]        feat/pr-post-open-review-sweep           -> origin/feat/pr-post-open-review-sweep
2026-10-08T01:51:35.2985233Z  * [new branch]        feat/product-docs-enforced               -> origin/feat/product-docs-enforced
2026-10-08T01:51:35.2986172Z  * [new branch]        feat/prompt-hash-telemetry               -> origin/feat/prompt-hash-telemetry
2026-10-08T01:51:35.2986754Z  * [new branch]        feat/roadmap-takes-direction             -> origin/feat/roadmap-takes-direction
2026-10-08T01:51:35.2987287Z  * [new branch]        feat/role-output-contracts               -> origin/feat/role-output-contracts
2026-10-08T01:51:35.2987791Z  * [new branch]        feat/universality-proof                  -> origin/feat/universality-proof
2026-10-08T01:51:35.2988363Z  * [new branch]        feature/remote-orchestration             -> origin/feature/remote-orchestration
2026-10-08T01:51:35.2988965Z  * [new branch]        fix/canonical-provenance-archived-sources -> origin/fix/canonical-provenance-archived-sources
2026-10-08T01:51:35.2989561Z  * [new branch]        fix/closeout-display-id-match            -> origin/fix/closeout-display-id-match
2026-10-08T01:51:35.2990138Z  * [new branch]        fix/feedback-pipeline-discoverability    -> origin/fix/feedback-pipeline-discoverability
2026-10-08T01:51:35.2990729Z  * [new branch]        fix/gate-checks-declared-mutation        -> origin/fix/gate-checks-declared-mutation
2026-10-08T01:51:35.2991361Z  * [new branch]        fix/growth-pins-dont-wall-the-corpus     -> origin/fix/growth-pins-dont-wall-the-corpus
2026-10-08T01:51:35.2992243Z  * [new branch]        fix/worktree-lacks-vendored-aai-layer-downstream-wt -> origin/fix/worktree-lacks-vendored-aai-layer-downstream-wt
2026-10-08T01:51:35.2992827Z  * [new branch]        main                                     -> origin/main
2026-10-08T01:51:35.2993265Z  * [new branch]        research/polydao-verdicts                -> origin/research/polydao-verdicts
2026-10-08T01:51:35.2994044Z  * [new tag]           v2026.07.04                              -> v2026.07.04
2026-10-08T01:51:35.2994426Z  * [new tag]           v2026.07.20                              -> v2026.07.20
2026-10-08T01:51:35.2994779Z  * [new tag]           v2026.07.22                              -> v2026.07.22
2026-10-08T01:51:35.2995135Z  * [new tag]           v2026.07.24                              -> v2026.07.24
2026-10-08T01:51:35.2995479Z  * [new tag]           v2026.07.26                              -> v2026.07.26
2026-10-08T01:51:35.2995824Z  * [new tag]           v2026.07.28                              -> v2026.07.28
2026-10-08T01:51:35.2996174Z  * [new tag]           v2026.07.28.1                            -> v2026.07.28.1
2026-10-08T01:51:35.2996528Z  * [new tag]           v2026.07.29                              -> v2026.07.29
2026-10-08T01:51:35.2996884Z  * [new tag]           v2026.07.30                              -> v2026.07.30
2026-10-08T01:51:35.2997234Z  * [new tag]           v2026.08.01                              -> v2026.08.01
2026-10-08T01:51:35.2997581Z  * [new tag]           v2026.08.02                              -> v2026.08.02
2026-10-08T01:51:35.2997936Z  * [new tag]           v2026.08.03                              -> v2026.08.03
2026-10-08T01:51:35.2998288Z  * [new tag]           v2026.08.03.2                            -> v2026.08.03.2
2026-10-08T01:51:35.2998640Z  * [new tag]           v2026.08.04                              -> v2026.08.04
2026-10-08T01:51:35.2999125Z  * [new tag]           v2026.08.05                              -> v2026.08.05
2026-10-08T01:51:35.2999481Z  * [new tag]           v2026.08.07                              -> v2026.08.07
2026-10-08T01:51:35.2999825Z  * [new tag]           v2026.08.08                              -> v2026.08.08
2026-10-08T01:51:35.3000169Z  * [new tag]           v2026.08.11                              -> v2026.08.11
2026-10-08T01:51:35.3000526Z  * [new tag]           v2026.08.12                              -> v2026.08.12
2026-10-08T01:51:35.3000887Z  * [new tag]           v2026.08.13                              -> v2026.08.13
2026-10-08T01:51:35.3001248Z  * [new tag]           v2026.08.13.2                            -> v2026.08.13.2
2026-10-08T01:51:35.3001604Z  * [new tag]           v2026.08.14                              -> v2026.08.14
2026-10-08T01:51:35.3001964Z  * [new tag]           v2026.08.16                              -> v2026.08.16
2026-10-08T01:51:35.3002333Z  * [new tag]           v2026.08.23                              -> v2026.08.23
2026-10-08T01:51:35.3002693Z  * [new tag]           v2026.08.27                              -> v2026.08.27
2026-10-08T01:51:35.3003038Z  * [new tag]           v2026.08.29                              -> v2026.08.29
2026-10-08T01:51:35.3003380Z  * [new tag]           v2026.09.01                              -> v2026.09.01
2026-10-08T01:51:35.3003819Z  * [new tag]           v2026.09.06                              -> v2026.09.06
2026-10-08T01:51:35.3004167Z  * [new tag]           v2026.09.08                              -> v2026.09.08
2026-10-08T01:51:35.3004514Z  * [new tag]           v2026.09.09                              -> v2026.09.09
2026-10-08T01:51:35.3004854Z  * [new tag]           v2026.09.21                              -> v2026.09.21
2026-10-08T01:51:35.3005197Z  * [new tag]           v2026.09.25                              -> v2026.09.25
2026-10-08T01:51:35.3005548Z  * [new tag]           v2026.09.28                              -> v2026.09.28
2026-10-08T01:51:35.3005902Z  * [new tag]           v2026.09.30                              -> v2026.09.30
2026-10-08T01:51:35.3006364Z  * [new tag]           v2026.10.02                              -> v2026.10.02
2026-10-08T01:51:35.3006762Z  * [new ref]           672ad0c903ee5707e1d4bc2a4b4ea83c86b52ee4 -> pull/434/merge
2026-10-08T01:51:35.3007269Z  * [new tag]           test-fixture-pre-f2-close-work-item      -> test-fixture-pre-f2-close-work-item
2026-10-08T01:51:35.3007809Z  * [new tag]           test-fixture-pre-f3-guard                -> test-fixture-pre-f3-guard
2026-10-08T01:51:35.3009303Z ##[endgroup]
2026-10-08T01:51:35.3009875Z ##[group]Determining the checkout info
2026-10-08T01:51:35.3010470Z ##[endgroup]
2026-10-08T01:51:35.3010740Z [command]/usr/bin/git sparse-checkout disable
2026-10-08T01:51:35.4810780Z [command]/usr/bin/git config --local --unset-all extensions.worktreeConfig
2026-10-08T01:51:35.4840712Z ##[group]Checking out the ref
2026-10-08T01:51:35.4843787Z [command]/usr/bin/git checkout --progress --force refs/remotes/pull/434/merge
2026-10-08T01:51:35.6791920Z Note: switching to 'refs/remotes/pull/434/merge'.
2026-10-08T01:51:35.6792744Z 
2026-10-08T01:51:35.6792981Z You are in 'detached HEAD' state. You can look around, make experimental
2026-10-08T01:51:35.6793413Z changes and commit them, and you can discard any commits you make in this
2026-10-08T01:51:35.6794008Z state without impacting any branches by switching back to a branch.
2026-10-08T01:51:35.6794256Z 
2026-10-08T01:51:35.6794433Z If you want to create a new branch to retain commits you create, you may
2026-10-08T01:51:35.6794841Z do so (now or later) by using -c with the switch command. Example:
2026-10-08T01:51:35.6795067Z 
2026-10-08T01:51:35.6795191Z   git switch -c <new-branch-name>
2026-10-08T01:51:35.6795363Z 
2026-10-08T01:51:35.6795487Z Or undo this operation with:
2026-10-08T01:51:35.6795635Z 
2026-10-08T01:51:35.6795740Z   git switch -
2026-10-08T01:51:35.6795873Z 
2026-10-08T01:51:35.6796424Z Turn off this advice by setting config variable advice.detachedHead to false
2026-10-08T01:51:35.6796698Z 
2026-10-08T01:51:35.6797006Z HEAD is now at 672ad0c9 Merge 525a05791a24d3d8c894639ce66de9ceed5a01a3 into bdeb425c040ada918dd97e5b878b71e420bad83a
2026-10-08T01:51:35.6809176Z ##[endgroup]
2026-10-08T01:51:35.6847612Z [command]/usr/bin/git log -1 --format=%H
2026-10-08T01:51:35.6869764Z 672ad0c903ee5707e1d4bc2a4b4ea83c86b52ee4
2026-10-08T01:51:35.7148037Z ##[group]Run actions/setup-node@v4
2026-10-08T01:51:35.7148307Z with:
2026-10-08T01:51:35.7148516Z   node-version: 20
2026-10-08T01:51:35.7148728Z   always-auth: false
2026-10-08T01:51:35.7148947Z   check-latest: false
2026-10-08T01:51:35.7151025Z   token: ***
2026-10-08T01:51:35.7151229Z env:
2026-10-08T01:51:35.7151433Z   AAI_TEST_PARALLEL: 4
2026-10-08T01:51:35.7151673Z ##[endgroup]
2026-10-08T01:51:35.8257967Z Attempting to download 20...
2026-10-08T01:51:35.8339066Z (node:2114) [DEP0040] DeprecationWarning: The `punycode` module is deprecated. Please use a userland alternative instead.
2026-10-08T01:51:35.8339818Z (Use `node --trace-deprecation ...` to show where the warning was created)
2026-10-08T01:51:36.9166088Z Acquiring 20.20.2 - x64 from https://github.com/actions/node-versions/releases/download/20.20.2-23521894959/node-20.20.2-linux-x64.tar.gz
2026-10-08T01:51:37.4055442Z Extracting ...
2026-10-08T01:51:37.4150093Z [command]/usr/bin/tar xz --strip 1 --warning=no-unknown-keyword --overwrite -C /home/runner/work/_temp/9441c8f2-bd19-488e-81b7-57c8f170a91e -f /home/runner/work/_temp/8fc95e4d-48a3-4ec8-8789-c91fe9b8770f
2026-10-08T01:51:38.2683009Z Adding to the cache ...
2026-10-08T01:51:39.9801196Z ##[group]Environment details
2026-10-08T01:51:40.1593211Z node: v20.20.2
2026-10-08T01:51:40.1593542Z npm: 10.8.2
2026-10-08T01:51:40.1593962Z yarn: 1.22.22
2026-10-08T01:51:40.1594499Z ##[endgroup]
2026-10-08T01:51:40.1767803Z ##[group]Run set -euo pipefail
2026-10-08T01:51:40.1768107Z [36;1mset -euo pipefail[0m
2026-10-08T01:51:40.1768366Z [36;1mprintf '%s\n' "$SHARD_PLAN" > shard-plan.txt[0m
2026-10-08T01:51:40.1768953Z [36;1mbash tests/skills/lib/shard-plan-check.sh --check shard-plan.txt tests/skills >/dev/null[0m
2026-10-08T01:51:40.1769341Z [36;1mif [ "1" = "all" ]; then[0m
2026-10-08T01:51:40.1769587Z [36;1m  bash tests/skills/test-framework.sh[0m
2026-10-08T01:51:40.1769814Z [36;1melse[0m
2026-10-08T01:51:40.1770103Z [36;1m  SUITES="$(bash tests/skills/lib/shard-plan-check.sh --extract 1 shard-plan.txt)"[0m
2026-10-08T01:51:40.1770430Z [36;1m  args=()[0m
2026-10-08T01:51:40.1770613Z [36;1m  for s in $SUITES; do[0m
2026-10-08T01:51:40.1770819Z [36;1m    args+=(--skill "$s")[0m
2026-10-08T01:51:40.1771011Z [36;1m  done[0m
2026-10-08T01:51:40.1771220Z [36;1m  bash tests/skills/test-framework.sh "${args[@]}"[0m
2026-10-08T01:51:40.1771462Z [36;1mfi[0m
2026-10-08T01:51:40.2009454Z shell: /usr/bin/bash -e {0}
2026-10-08T01:51:40.2009680Z env:
2026-10-08T01:51:40.2009856Z   AAI_TEST_PARALLEL: 4
2026-10-08T01:51:40.2019083Z   SHARD_PLAN: SHARD 1 aai-learned-append weight=434
SHARD 1 aai-hygiene-pack weight=313
SHARD 1 aai-ceremony-levels weight=120
SHARD 1 aai-feedback-upsert weight=91
SHARD 1 aai-mutation-gate weight=82
SHARD 1 aai-suite-isolation weight=77
SHARD 1 aai-doc-numbering weight=43
SHARD 1 aai-orchestration-dispatch weight=39
SHARD 1 aai-git-ref-guard weight=28
SHARD 1 aai-roadmap weight=22
SHARD 1 aai-hooks-overlay weight=18
SHARD 1 aai-factory-report weight=12
SHARD 1 aai-outcome-backcheck weight=10
SHARD 1 aai-canon weight=7
SHARD 1 aai-spec-tools weight=6
SHARD 1 aai-heartbeat weight=5
SHARD 1 aai-role-output weight=5
SHARD 1 aai-docs-canon weight=4
SHARD 1 aai-check-state weight=3
SHARD 1 aai-issues weight=3
SHARD 1 aai-redact weight=3
SHARD 1 aai-session-lock weight=2
SHARD 1 aai-pricing weight=1
SHARD 1 aai-runtime-file weight=1
SHARD 1 aai-userguide-drift weight=1
SHARD 2 aai-merge-policy weight=434
SHARD 2 aai-delta-stage3 weight=278
SHARD 2 aai-run-tests weight=135
SHARD 2 aai-friction weight=93
SHARD 2 aai-sweep-parallel weight=91
SHARD 2 aai-release weight=81
SHARD 2 aai-delta-stage2 weight=56
SHARD 2 aai-follow-ups weight=37
SHARD 2 aai-pr-waiver weight=27
SHARD 2 aai-friction-capture-points weight=19
SHARD 2 aai-ride-select weight=18
SHARD 2 aai-debug-gate weight=10
SHARD 2 aai-pr-platform weight=10
SHARD 2 aai-docs-lock weight=7
SHARD 2 aai-tdd-evidence weight=6
SHARD 2 aai-learned-routing weight=5
SHARD 2 aai-test-canon weight=5
SHARD 2 aai-orchestration-mode weight=4
SHARD 2 aai-docs-hub weight=3
SHARD 2 aai-layer-drift weight=3
SHARD 2 aai-token-capture weight=3
SHARD 2 aai-antigravity-project-skills weight=1
SHARD 2 aai-implementation-mode weight=1
SHARD 2 aai-prompt-hash weight=1
SHARD 2 aai-share weight=1
SHARD 2 aai-userguide-rollup weight=1
SHARD 3 aai-pr-preflight weight=434
SHARD 3 aai-sync-seed weight=234
SHARD 3 aai-doctor weight=149
SHARD 3 aai-doc-number-reservation weight=97
SHARD 3 aai-friction-wiring weight=91
SHARD 3 aai-golden-flow weight=81
SHARD 3 aai-ledger-merge weight=66
SHARD 3 aai-deslop weight=40
SHARD 3 aai-update-check weight=32
SHARD 3 aai-state weight=27
SHARD 3 aai-intake weight=17
SHARD 3 aai-constitution weight=11
SHARD 3 aai-win-fallback weight=10
SHARD 3 aai-hitl-channel weight=6
SHARD 3 aai-routine weight=6
SHARD 3 aai-bootstrap weight=5
SHARD 3 aai-prompt-diet weight=5
SHARD 3 aai-delta-stage1 weight=4
SHARD 3 aai-verify-gate weight=4
SHARD 3 aai-orphan-sweep weight=3
SHARD 3 aai-dashboard weight=2
SHARD 3 aai-reconcile-telemetry weight=2
SHARD 3 aai-pipe-safe weight=1
SHARD 3 aai-prune-stale-briefs weight=1
SHARD 3 aai-suite-select weight=1
SHARD 3 aai-validator-isolation weight=1
SHARD 4 aai-worktree-seed weight=434
SHARD 4 aai-docs-audit weight=161
SHARD 4 aai-repo-tripwire weight=155
SHARD 4 aai-close-work-item weight=112
SHARD 4 aai-hitl-propagation weight=93
SHARD 4 aai-metrics weight=89
SHARD 4 aai-layer-profiles weight=69
SHARD 4 aai-secrets-preflight weight=52
SHARD 4 aai-spec-lint weight=39
SHARD 4 aai-spec-amend weight=28
SHARD 4 aai-live-serve weight=19
SHARD 4 aai-close-reconcile weight=15
SHARD 4 aai-live-status weight=13
SHARD 4 aai-advisory-skills weight=9
SHARD 4 aai-branch-guard weight=9
SHARD 4 aai-update weight=6
SHARD 4 aai-lightweight-lane weight=5
SHARD 4 aai-unattended weight=5
SHARD 4 aai-overview weight=4
SHARD 4 aai-feedback-triage weight=3
SHARD 4 aai-product-docs weight=3
SHARD 4 aai-feedback-status weight=2
SHARD 4 aai-downstream-autopilot weight=1
SHARD 4 aai-planning-probes weight=1
SHARD 4 aai-r-guard weight=1
SHARD 4 aai-tdd weight=1
SHARD 4 aai-worktree weight=1
SHARDS count=4 suites=104
2026-10-08T01:51:40.2028288Z ##[endgroup]
2026-10-08T01:51:40.3324619Z 
2026-10-08T01:51:40.3330277Z AAI Skills Test Framework
2026-10-08T01:51:40.3330624Z =========================
2026-10-08T01:51:40.3330774Z 
2026-10-08T01:51:40.3347631Z [0;34m[INFO][0m Setting up results directory: /home/runner/work/aai/aai/tests/skills/results/test-20261008-015140
2026-10-08T01:51:40.3358467Z [0;34m[INFO][0m Checking system dependencies...
2026-10-08T01:51:41.2413130Z [0;32m[PASS][0m Dependencies checked
2026-10-08T01:51:41.3244543Z [0;34m[INFO][0m Isolation: every suite runs isolated in a disposable git checkout (its own .git, D1) seeded from the working tree
2026-10-08T01:51:41.3246127Z [0;34m[INFO][0m Concurrency: up to 4 suite(s) run at a time (AAI_TEST_PARALLEL=4). Set AAI_TEST_PARALLEL=1 for the serial execution model.
2026-10-08T01:51:41.3251038Z [0;34m[INFO][0m Discovering skill tests...
2026-10-08T01:51:41.3267381Z [0;34m[INFO][0m Found 25 test(s)
2026-10-08T01:51:41.3267760Z [0;34m[INFO][0m 
2026-10-08T01:51:41.3268133Z [0;34m[INFO][0m Running tests...
2026-10-08T01:51:41.3268500Z [0;34m[INFO][0m 
2026-10-08T01:52:53.7800971Z [ 1/25] aai-feedback-upsert  [0;32mPASS[0m (70.0s)
2026-10-08T01:53:17.3636464Z [ 2/25] aai-ceremony-levels  [0;32mPASS[0m (94.0s)
2026-10-08T01:54:17.5060330Z [ 3/25] aai-mutation-gate    [0;32mPASS[0m (82.0s)
2026-10-08T01:54:37.0297415Z [ 4/25] aai-doc-numbering    [0;31mFAIL[0m (18.0s) [tripwire NOT ATTESTED — suite exited 1 before completing]
2026-10-08T01:54:37.0325838Z --- Error Details (aai-doc-numbering) ---
2026-10-08T01:54:37.0326490Z --- failure lines (whole log) ---
2026-10-08T01:54:37.0359005Z 32:FAIL: Expected 'CLEAN' in /tmp/aai-doc-numbering-test.kOmgUy/repo-audit.log
2026-10-08T01:54:37.0361394Z 33:FAIL: test_013_regression (arm failed; the suite continues)
2026-10-08T01:54:37.0362247Z 83:  FAILED ARM: test_013_regression
2026-10-08T01:54:37.0388406Z --- tail (last 30 lines) ---
2026-10-08T01:54:37.0402608Z INFO: TEST-024: PR #255 replay flags 3 pages, PR #256 replay flags 2 (static fixture)...
2026-10-08T01:54:37.0422044Z PASS: TEST-024 static replay: PR #255 -> 3 violations, PR #256 -> 2, both named
2026-10-08T01:54:37.0424744Z INFO: TEST-025: same two shapes read from git history at 00bdd03 / ff8208e...
2026-10-08T01:54:37.0426688Z INFO: TEST-025: history object 00bdd03 unreachable (shallow clone) — arm skipped, the static fixture in TEST-024 always runs
2026-10-08T01:54:37.0428354Z INFO: TEST-025: history object ff8208e unreachable (shallow clone) — arm skipped, the static fixture in TEST-024 always runs
2026-10-08T01:54:37.0429576Z PASS: TEST-025 history replay ran for 0/2 incident commit(s) (absent objects degrade named)
2026-10-08T01:54:37.0449668Z INFO: TEST-026: in-flight drafts pass, prefix collisions pass, absent members skip named, live tree passes...
2026-10-08T01:54:37.0451026Z PASS: TEST-026 precision: in-flight passes (planted counterpart fires), exact slug match, STATE/corpus never read, live tree clean
2026-10-08T01:54:37.0452256Z INFO: TEST-027: absent generator silent, failing generator one named INFO line, exit 0 either way...
2026-10-08T01:54:37.0453292Z PASS: TEST-027 degradation: absent silent, failing named once, exit code never changes
2026-10-08T01:54:37.0455068Z INFO: TEST-028: no-args 2, unreachable base ref 3, guard violation 4 — unchanged by the regen hook...
2026-10-08T01:54:37.0456016Z PASS: TEST-028 exit contract unchanged (2 / 3 / 4)
2026-10-08T01:54:37.0456822Z INFO: TEST-029: close-work-item.mjs content hash is on the shared allowlist...
2026-10-08T01:54:37.0464704Z PASS: TEST-029 close-work-item.mjs content hash d4a5b955d927f9c3e280607122a279fa2bab7386e957a0ed5b2c94fa2481a262 is on the shared allowlist
2026-10-08T01:54:37.0466247Z INFO: TEST-030: SKILL_PR step 1b + allocator stdout + allocator header name the pages...
2026-10-08T01:54:37.0467342Z PASS: TEST-030 ordering documented in SKILL_PR 1b (both lines) + allocator header + completion line
2026-10-08T01:54:37.0471090Z INFO: TEST-031: the aai-doc-numbering suite-map row carries the closed-list pages...
2026-10-08T01:54:37.0472273Z PASS: TEST-031 suite-map aai-doc-numbering row carries every closed-list page + the replay fixtures
2026-10-08T01:54:37.0473884Z INFO: TEST-552: SKILL_PR step 1b names the restamp invocation immediately after the allocator call, keyed on the allocator's own completion output...
2026-10-08T01:54:37.0475573Z PASS: TEST-552 SKILL_PR step 1b names the restamp invocation right after the allocator call, keyed on the allocator's own completion output
2026-10-08T01:54:37.0481161Z INFO: TEST-589: allocate-doc-number.mjs's SPEC_PAGE_GENERATORS pages are all members of lib/docs-model.mjs's SHARED_GENERATED_PAGES, and match the pinned expected set exactly...
2026-10-08T01:54:37.0483254Z PASS: TEST-589: every SPEC_PAGE_GENERATORS page agrees with SHARED_GENERATED_PAGES and matches the pinned expected set exactly (PAGES:docs/ai/overview.html,docs/ai/overview-data.json,docs/USER_GUIDE.md
2026-10-08T01:54:37.0485934Z BAD:)
2026-10-08T01:54:37.0487701Z INFO: TEST-808: doc_number_guard: enforce blocks on the default branch only; a feature branch reports with the one NOTE line...
2026-10-08T01:54:37.0489338Z PASS: TEST-808 CHECK 8 enforce is merge-point-aware: feature branch reports with one downgrade line (exit 0), default branch blocks (exit 1), report-only exits 0 on both
2026-10-08T01:54:37.0490918Z INFO: TEST-809: the .ps1 CHECK 8 block reads refs/remotes/origin/HEAD and compares with the current branch (static; behavioural under pwsh)...
2026-10-08T01:54:37.0492534Z PASS: TEST-809 .ps1 CHECK 8 reads origin/HEAD and compares with the current branch (static), and under pwsh reports on a feature branch, blocks on main, passes report-only
2026-10-08T01:54:37.0493412Z 
2026-10-08T01:54:37.0493898Z doc-numbering results: 34/35 arms passed, 1 failed.
2026-10-08T01:54:37.0501081Z   FAILED ARM: test_013_regression
2026-10-08T01:54:37.0501786Z --- end aai-doc-numbering ---
2026-10-08T01:54:38.4982878Z [ 5/25] aai-suite-isolation  [0;32mPASS[0m (79.0s)
2026-10-08T01:55:02.9965476Z [ 6/25] aai-git-ref-guard    [0;32mPASS[0m (23.0s)
2026-10-08T01:55:13.8981789Z [ 7/25] aai-orchestration-dispatch [0;32mPASS[0m (36.0s)
2026-10-08T01:55:28.6407780Z [ 8/25] aai-roadmap          [0;32mPASS[0m (25.0s)
2026-10-08T01:55:38.3110808Z [ 9/25] aai-factory-report   [0;32mPASS[0m (8.0s)
2026-10-08T01:55:41.8470784Z [10/25] aai-hooks-overlay    [0;32mPASS[0m (27.0s)
2026-10-08T01:55:48.2287094Z [11/25] aai-outcome-backcheck [0;32mPASS[0m (8.0s)
2026-10-08T01:55:48.6455189Z [12/25] aai-canon            [0;32mPASS[0m (5.0s)
2026-10-08T01:55:54.0592971Z [13/25] aai-heartbeat        [0;32mPASS[0m (4.0s)
2026-10-08T01:55:55.2855433Z [14/25] aai-spec-tools       [0;32mPASS[0m (5.0s)
2026-10-08T01:55:59.2771166Z [15/25] aai-docs-canon       [0;32mPASS[0m (2.0s)
2026-10-08T01:55:59.6361372Z [16/25] aai-role-output      [0;32mPASS[0m (5.0s)
2026-10-08T01:56:02.4669209Z [17/25] aai-check-state      [0;32mPASS[0m (2.0s)
2026-10-08T01:56:02.8408219Z [18/25] aai-issues           [0;32mPASS[0m (2.0s)
2026-10-08T01:56:05.3717464Z [19/25] aai-session-lock     [0;32mPASS[0m (2.0s)
2026-10-08T01:56:05.7885367Z [20/25] aai-redact           [0;32mPASS[0m (2.0s)
2026-10-08T01:56:06.7605243Z [21/25] aai-pricing          [0;32mPASS[0m (0.0s)
2026-10-08T01:56:08.3913539Z [22/25] aai-runtime-file     [0;32mPASS[0m (1.0s)
2026-10-08T01:56:08.6816280Z [23/25] aai-userguide-drift  [0;32mPASS[0m (1.0s)
2026-10-08T01:56:44.6825810Z [24/25] aai-hygiene-pack     [0;32mPASS[0m (302.0s)
2026-10-08T01:58:16.4281664Z [25/25] aai-learned-append   [0;32mPASS[0m (393.0s)
2026-10-08T01:58:16.4609647Z [0;34m[INFO][0m 
2026-10-08T01:58:16.4609967Z [0;34m[INFO][0m 
2026-10-08T01:58:16.4610289Z [0;34m[INFO][0m =========================================
2026-10-08T01:58:16.4610622Z [0;34m[INFO][0m Test Summary
2026-10-08T01:58:16.4612499Z [0;31m[FAIL][0m Failed:  1 (4%)
2026-10-08T01:58:16.4613201Z [0;34m[INFO][0m =========================================
2026-10-08T01:58:16.4614177Z [0;34m[INFO][0m Total:   25
2026-10-08T01:58:16.4614866Z [0;32m[PASS][0m Passed:  24 (96%)
2026-10-08T01:58:16.4615793Z [0;34m[INFO][0m Tripwire: 24/25 suite(s) attested clean; 1 not attested (skipped, failed, allowlisted, or unguarded)
2026-10-08T01:58:16.4616500Z [0;34m[INFO][0m Isolation: 25/25 suite(s) isolated; 0 degraded
2026-10-08T01:58:16.4616963Z [0;34m[INFO][0m Seeding: 25/25 suite(s) fully seeded; 0 partial; 0 skipped
2026-10-08T01:58:16.4617990Z [0;34m[INFO][0m Concurrency: width 4; 0 wave(s) re-run serially (0 suite(s) total) to attribute a shipping-repository change
2026-10-08T01:58:16.4618699Z [0;34m[INFO][0m 
2026-10-08T01:58:16.4619435Z [0;34m[INFO][0m Results saved to: /home/runner/work/aai/aai/tests/skills/results/test-20261008-015140
2026-10-08T01:58:16.5027458Z ##[error]Process completed with exit code 1.
2026-10-08T01:58:16.5145855Z Post job cleanup.
2026-10-08T01:58:16.5838017Z [command]/usr/bin/git version
2026-10-08T01:58:16.5875531Z git version 2.55.0
2026-10-08T01:58:16.5907721Z Temporarily overriding HOME='/home/runner/work/_temp/0888c3cc-8ad5-4234-ba60-5a3a4aaaf1d3' before making global git config changes
2026-10-08T01:58:16.5908526Z Adding repository directory to the temporary git global config as a safe directory
2026-10-08T01:58:16.5911934Z [command]/usr/bin/git config --global --add safe.directory /home/runner/work/aai/aai
2026-10-08T01:58:16.5943973Z [command]/usr/bin/git config --local --name-only --get-regexp core\.sshCommand
2026-10-08T01:58:16.5971870Z [command]/usr/bin/git submodule foreach --recursive sh -c "git config --local --name-only --get-regexp 'core\.sshCommand' && git config --local --unset-all 'core.sshCommand' || :"
2026-10-08T01:58:16.6186295Z [command]/usr/bin/git config --local --name-only --get-regexp http\.https\:\/\/github\.com\/\.extraheader
2026-10-08T01:58:16.6208324Z http.https://github.com/.extraheader
2026-10-08T01:58:16.6216539Z [command]/usr/bin/git config --local --unset-all http.https://github.com/.extraheader
2026-10-08T01:58:16.6256870Z [command]/usr/bin/git submodule foreach --recursive sh -c "git config --local --name-only --get-regexp 'http\.https\:\/\/github\.com\/\.extraheader' && git config --local --unset-all 'http.https://github.com/.extraheader' || :"
2026-10-08T01:58:16.6503249Z [command]/usr/bin/git config --local --name-only --get-regexp ^includeIf\.gitdir:
2026-10-08T01:58:16.6542175Z [command]/usr/bin/git submodule foreach --recursive git config --local --show-origin --name-only --get-regexp remote.origin.url
2026-10-08T01:58:16.6956399Z Cleaning up orphan processes
2026-10-08T01:58:16.7186762Z ##[warning]Node.js 20 is deprecated. The following actions target Node.js 20 but are being forced to run on Node.js 24: actions/checkout@v4, actions/setup-node@v4. For more information see: https://github.blog/changelog/2025-09-19-deprecation-of-node-20-on-github-actions-runners/
