2026-10-08T01:58:22.5239247Z Current runner version: '2.337.0'
2026-10-08T01:58:22.5254529Z ##[group]Runner Image Provisioner
2026-10-08T01:58:22.5255052Z Hosted Compute Agent
2026-10-08T01:58:22.5255381Z Version: 20260901.588
2026-10-08T01:58:22.5255790Z Commit: f88ec8081b781fac6c440065ac7ff9e710ce3d0b
2026-10-08T01:58:22.5256207Z Build Date: 2026-09-01T19:56:44Z
2026-10-08T01:58:22.5256615Z Worker ID: {57aaf342-d070-4629-bac2-b528bb5f98c4}
2026-10-08T01:58:22.5257073Z Azure Region: southcentralus
2026-10-08T01:58:22.5257423Z ##[endgroup]
2026-10-08T01:58:22.5258185Z ##[group]Operating System
2026-10-08T01:58:22.5258529Z Ubuntu
2026-10-08T01:58:22.5258860Z 24.04.5
2026-10-08T01:58:22.5259196Z LTS
2026-10-08T01:58:22.5259493Z ##[endgroup]
2026-10-08T01:58:22.5259842Z ##[group]Runner Image
2026-10-08T01:58:22.5260177Z Image: ubuntu-24.04
2026-10-08T01:58:22.5260488Z Version: 20260927.320.1
2026-10-08T01:58:22.5261519Z Included Software: https://github.com/actions/runner-images/blob/ubuntu24/20260927.320/images/ubuntu/Ubuntu2404-Readme.md
2026-10-08T01:58:22.5262391Z Image Release: https://github.com/actions/runner-images/releases/tag/ubuntu24%2F20260927.320
2026-10-08T01:58:22.5262921Z ##[endgroup]
2026-10-08T01:58:22.5263637Z ##[group]GITHUB_TOKEN Permissions
2026-10-08T01:58:22.5264905Z Contents: read
2026-10-08T01:58:22.5265227Z Metadata: read
2026-10-08T01:58:22.5265633Z ##[endgroup]
2026-10-08T01:58:22.5266825Z Secret source: Actions
2026-10-08T01:58:22.5267410Z Cache mode: write
2026-10-08T01:58:22.5267829Z Prepare workflow directory
2026-10-08T01:58:22.5454986Z Prepare all required actions
2026-10-08T01:58:22.5513753Z Complete job name: skill test suite (tests/skills/, via test-framework.sh)
2026-10-08T01:58:22.6005378Z ##[group]Run set -e
2026-10-08T01:58:22.6005847Z [36;1mset -e[0m
2026-10-08T01:58:22.6006274Z [36;1mecho "select=success mode=full selected=skipped full=failure"[0m
2026-10-08T01:58:22.6006787Z [36;1mif [ "success" != "success" ]; then[0m
2026-10-08T01:58:22.6007305Z [36;1m  echo "select job did not succeed"; exit 1[0m
2026-10-08T01:58:22.6007704Z [36;1mfi[0m
2026-10-08T01:58:22.6008070Z [36;1mif [ "success" != "success" ]; then[0m
2026-10-08T01:58:22.6008579Z [36;1m  echo "native Windows worktree seed job did not succeed"; exit 1[0m
2026-10-08T01:58:22.6009032Z [36;1mfi[0m
2026-10-08T01:58:22.6009382Z [36;1mif [ "full" = "selected" ]; then[0m
2026-10-08T01:58:22.6009851Z [36;1m  [ "skipped" = "success" ] || { echo "selected-mode run failed"; exit 1; }[0m
2026-10-08T01:58:22.6010304Z [36;1melse[0m
2026-10-08T01:58:22.6010860Z [36;1m  [ "failure" = "success" ] || { echo "full-mode run failed"; exit 1; }[0m
2026-10-08T01:58:22.6011340Z [36;1mfi[0m
2026-10-08T01:58:22.6972417Z shell: /usr/bin/bash -e {0}
2026-10-08T01:58:22.6972888Z ##[endgroup]
2026-10-08T01:58:22.7115695Z select=success mode=full selected=skipped full=failure
2026-10-08T01:58:22.7116088Z full-mode run failed
2026-10-08T01:58:22.7125952Z ##[error]Process completed with exit code 1.
2026-10-08T01:58:22.7225221Z Cleaning up orphan processes
