2026-10-08T01:51:30.3333394Z Current runner version: '2.337.0'
2026-10-08T01:51:30.3359739Z ##[group]Runner Image Provisioner
2026-10-08T01:51:30.3360765Z Hosted Compute Agent
2026-10-08T01:51:30.3361374Z Version: 20260901.588
2026-10-08T01:51:30.3361997Z Commit: f88ec8081b781fac6c440065ac7ff9e710ce3d0b
2026-10-08T01:51:30.3362826Z Build Date: 2026-09-01T19:56:44Z
2026-10-08T01:51:30.3363561Z Worker ID: {e3c3dc41-d11e-4542-8016-463fbbb09bdd}
2026-10-08T01:51:30.3364325Z Azure Region: centralus
2026-10-08T01:51:30.3364928Z ##[endgroup]
2026-10-08T01:51:30.3366407Z ##[group]Operating System
2026-10-08T01:51:30.3367360Z Ubuntu
2026-10-08T01:51:30.3367924Z 24.04.5
2026-10-08T01:51:30.3368498Z LTS
2026-10-08T01:51:30.3369023Z ##[endgroup]
2026-10-08T01:51:30.3369572Z ##[group]Runner Image
2026-10-08T01:51:30.3370218Z Image: ubuntu-24.04
2026-10-08T01:51:30.3370834Z Version: 20260927.320.1
2026-10-08T01:51:30.3372167Z Included Software: https://github.com/actions/runner-images/blob/ubuntu24/20260927.320/images/ubuntu/Ubuntu2404-Readme.md
2026-10-08T01:51:30.3373789Z Image Release: https://github.com/actions/runner-images/releases/tag/ubuntu24%2F20260927.320
2026-10-08T01:51:30.3374901Z ##[endgroup]
2026-10-08T01:51:30.3376065Z ##[group]GITHUB_TOKEN Permissions
2026-10-08T01:51:30.3378638Z Contents: read
2026-10-08T01:51:30.3379272Z Metadata: read
2026-10-08T01:51:30.3379866Z ##[endgroup]
2026-10-08T01:51:30.3382029Z Secret source: Actions
2026-10-08T01:51:30.3382989Z Cache mode: write
2026-10-08T01:51:30.3384085Z Prepare workflow directory
2026-10-08T01:51:30.3783542Z Prepare all required actions
2026-10-08T01:51:30.3831757Z Getting action download info
2026-10-08T01:51:30.6520189Z Download action repository 'actions/checkout@v4' (SHA:11d5960a326750d5838078e36cf38b85af677262)
2026-10-08T01:51:30.7707584Z Download action repository 'actions/setup-node@v4' (SHA:49933ea5288caeca8642d1e84afbd3f7d6820020)
2026-10-08T01:51:30.9572816Z Complete job name: skill test suite (full framework, via test-framework.sh) (4)
2026-10-08T01:51:31.0388404Z ##[group]Run actions/checkout@v4
2026-10-08T01:51:31.0389323Z with:
2026-10-08T01:51:31.0389756Z   fetch-depth: 0
2026-10-08T01:51:31.0390224Z   repository: goodwind-cz/aai
2026-10-08T01:51:31.0394352Z   token: ***
2026-10-08T01:51:31.0394791Z   ssh-strict: true
2026-10-08T01:51:31.0395232Z   ssh-user: git
2026-10-08T01:51:31.0395685Z   persist-credentials: true
2026-10-08T01:51:31.0396187Z   clean: true
2026-10-08T01:51:31.0396821Z   sparse-checkout-cone-mode: true
2026-10-08T01:51:31.0397356Z   fetch-tags: false
2026-10-08T01:51:31.0397803Z   show-progress: true
2026-10-08T01:51:31.0398259Z   lfs: false
2026-10-08T01:51:31.0398673Z   submodules: false
2026-10-08T01:51:31.0399128Z   set-safe-directory: true
2026-10-08T01:51:31.0399631Z   allow-unsafe-pr-checkout: false
2026-10-08T01:51:31.0400392Z env:
2026-10-08T01:51:31.0400808Z   AAI_TEST_PARALLEL: 4
2026-10-08T01:51:31.0401265Z ##[endgroup]
2026-10-08T01:51:31.1410714Z Syncing repository: goodwind-cz/aai
2026-10-08T01:51:31.1413208Z ##[group]Getting Git version info
2026-10-08T01:51:31.1414248Z Working directory is '/home/runner/work/aai/aai'
2026-10-08T01:51:31.1415734Z [command]/usr/bin/git version
2026-10-08T01:51:31.1511741Z git version 2.55.0
2026-10-08T01:51:31.1546455Z ##[endgroup]
2026-10-08T01:51:31.1564073Z Temporarily overriding HOME='/home/runner/work/_temp/6fcd35d4-1d78-4d83-830e-5c6631734b1f' before making global git config changes
2026-10-08T01:51:31.1570424Z Adding repository directory to the temporary git global config as a safe directory
2026-10-08T01:51:31.1571996Z [command]/usr/bin/git config --global --add safe.directory /home/runner/work/aai/aai
2026-10-08T01:51:31.1624090Z Deleting the contents of '/home/runner/work/aai/aai'
2026-10-08T01:51:31.1629156Z ##[group]Initializing the repository
2026-10-08T01:51:31.1634119Z [command]/usr/bin/git init /home/runner/work/aai/aai
2026-10-08T01:51:31.1757897Z hint: Using 'master' as the name for the initial branch. This default branch name
2026-10-08T01:51:31.1759716Z hint: will change to "main" in Git 3.0. To configure the initial branch name
2026-10-08T01:51:31.1762137Z hint: to use in all of your new repositories, which will suppress this warning,
2026-10-08T01:51:31.1763668Z hint: call:
2026-10-08T01:51:31.1767552Z hint:
2026-10-08T01:51:31.1769473Z hint: 	git config --global init.defaultBranch <name>
2026-10-08T01:51:31.1770539Z hint:
2026-10-08T01:51:31.1771532Z hint: Names commonly chosen instead of 'master' are 'main', 'trunk' and
2026-10-08T01:51:31.1773248Z hint: 'development'. The just-created branch can be renamed via this command:
2026-10-08T01:51:31.1775410Z hint:
2026-10-08T01:51:31.1776223Z hint: 	git branch -m <name>
2026-10-08T01:51:31.1777382Z hint:
2026-10-08T01:51:31.1778449Z hint: Disable this message with "git config set advice.defaultBranchName false"
2026-10-08T01:51:31.1780063Z Initialized empty Git repository in /home/runner/work/aai/aai/.git/
2026-10-08T01:51:31.1782960Z [command]/usr/bin/git remote add origin https://github.com/goodwind-cz/aai
2026-10-08T01:51:31.1835022Z ##[endgroup]
2026-10-08T01:51:31.1836428Z ##[group]Disabling automatic garbage collection
2026-10-08T01:51:31.1838895Z [command]/usr/bin/git config --local gc.auto 0
2026-10-08T01:51:31.1872760Z ##[endgroup]
2026-10-08T01:51:31.1873990Z ##[group]Setting up auth
2026-10-08T01:51:31.1881739Z [command]/usr/bin/git config --local --name-only --get-regexp core\.sshCommand
2026-10-08T01:51:31.1929917Z [command]/usr/bin/git submodule foreach --recursive sh -c "git config --local --name-only --get-regexp 'core\.sshCommand' && git config --local --unset-all 'core.sshCommand' || :"
2026-10-08T01:51:31.2335924Z [command]/usr/bin/git config --local --name-only --get-regexp http\.https\:\/\/github\.com\/\.extraheader
2026-10-08T01:51:31.2374157Z [command]/usr/bin/git submodule foreach --recursive sh -c "git config --local --name-only --get-regexp 'http\.https\:\/\/github\.com\/\.extraheader' && git config --local --unset-all 'http.https://github.com/.extraheader' || :"
2026-10-08T01:51:31.2598485Z [command]/usr/bin/git config --local --name-only --get-regexp ^includeIf\.gitdir:
2026-10-08T01:51:31.2634733Z [command]/usr/bin/git submodule foreach --recursive git config --local --show-origin --name-only --get-regexp remote.origin.url
2026-10-08T01:51:31.2864357Z [command]/usr/bin/git config --local http.https://github.com/.extraheader AUTHORIZATION: basic ***
2026-10-08T01:51:31.2906974Z ##[endgroup]
2026-10-08T01:51:31.2907964Z ##[group]Fetching the repository
2026-10-08T01:51:31.2918743Z [command]/usr/bin/git -c protocol.version=2 fetch --prune --no-recurse-submodules origin +refs/heads/*:refs/remotes/origin/* +refs/tags/*:refs/tags/* +672ad0c903ee5707e1d4bc2a4b4ea83c86b52ee4:refs/remotes/pull/434/merge
2026-10-08T01:51:34.1289012Z From https://github.com/goodwind-cz/aai
2026-10-08T01:51:34.1291647Z  * [new branch]        change/amendment-signature-asks-the-owner-too-often -> origin/change/amendment-signature-asks-the-owner-too-often
2026-10-08T01:51:34.1294668Z  * [new branch]        change/downstream-rides-ask-no-governance-questions -> origin/change/downstream-rides-ask-no-governance-questions
2026-10-08T01:51:34.1297705Z  * [new branch]        change/original-request-outcome-backcheck -> origin/change/original-request-outcome-backcheck
2026-10-08T01:51:34.1300365Z  * [new branch]        change/pr-capability-preflight           -> origin/change/pr-capability-preflight
2026-10-08T01:51:34.1303059Z  * [new branch]        change/roadmap-serves-downstream-projects -> origin/change/roadmap-serves-downstream-projects
2026-10-08T01:51:34.1305635Z  * [new branch]        chore/close-userguide-catalog-item       -> origin/chore/close-userguide-catalog-item
2026-10-08T01:51:34.1308544Z  * [new branch]        chore/intake-routing-tables-owner-and-seam -> origin/chore/intake-routing-tables-owner-and-seam
2026-10-08T01:51:34.1311003Z  * [new branch]        chore/release-v2026.09.25                -> origin/chore/release-v2026.09.25
2026-10-08T01:51:34.1313322Z  * [new branch]        chore/release-v2026.09.28                -> origin/chore/release-v2026.09.28
2026-10-08T01:51:34.1315662Z  * [new branch]        chore/wave-3-intakes                     -> origin/chore/wave-3-intakes
2026-10-08T01:51:34.1334551Z  * [new branch]        cursor/feedback-triage-missing-output-dir-a7ce -> origin/cursor/feedback-triage-missing-output-dir-a7ce
2026-10-08T01:51:34.1337344Z  * [new branch]        cursor/gpt-6-pricing-family-67e6         -> origin/cursor/gpt-6-pricing-family-67e6
2026-10-08T01:51:34.1339915Z  * [new branch]        cursor/mutation-clone-fidelity-windows-eol-a7ce -> origin/cursor/mutation-clone-fidelity-windows-eol-a7ce
2026-10-08T01:51:34.1342824Z  * [new branch]        cursor/mutation-clone-windows-run-chain-5e0a -> origin/cursor/mutation-clone-windows-run-chain-5e0a
2026-10-08T01:51:34.1345529Z  * [new branch]        cursor/polydao-graph-loop-ideas-fa9c     -> origin/cursor/polydao-graph-loop-ideas-fa9c
2026-10-08T01:51:34.1348456Z  * [new branch]        cursor/pricing-missing-models-and-refresh-94d5 -> origin/cursor/pricing-missing-models-and-refresh-94d5
2026-10-08T01:51:34.1351238Z  * [new branch]        cursor/prompts-invoke-wsl-bash-on-windows-a7ce -> origin/cursor/prompts-invoke-wsl-bash-on-windows-a7ce
2026-10-08T01:51:34.1354120Z  * [new branch]        cursor/strategy-unscoped-from-current-focus-a7ce -> origin/cursor/strategy-unscoped-from-current-focus-a7ce
2026-10-08T01:51:34.1356842Z  * [new branch]        exp-0113-phase1                          -> origin/exp-0113-phase1
2026-10-08T01:51:34.1359216Z  * [new branch]        feat/antigravity-cli-skill-paths         -> origin/feat/antigravity-cli-skill-paths
2026-10-08T01:51:34.1361407Z  * [new branch]        feat/canon-is-a-build-artifact           -> origin/feat/canon-is-a-build-artifact
2026-10-08T01:51:34.1363697Z  * [new branch]        feat/cheap-model-in-practice             -> origin/feat/cheap-model-in-practice
2026-10-08T01:51:34.1365772Z  * [new branch]        feat/dev-progress-hub                    -> origin/feat/dev-progress-hub
2026-10-08T01:51:34.1368367Z  * [new branch]        feat/feedback-upsert-review              -> origin/feat/feedback-upsert-review
2026-10-08T01:51:34.1370616Z  * [new branch]        feat/friction-channel-sweep              -> origin/feat/friction-channel-sweep
2026-10-08T01:51:34.1372862Z  * [new branch]        feat/learned-append-gate                 -> origin/feat/learned-append-gate
2026-10-08T01:51:34.1375183Z  * [new branch]        feat/original-request-outcome-backcheck  -> origin/feat/original-request-outcome-backcheck
2026-10-08T01:51:34.1377951Z  * [new branch]        feat/pr-post-open-review-sweep           -> origin/feat/pr-post-open-review-sweep
2026-10-08T01:51:34.1380414Z  * [new branch]        feat/product-docs-enforced               -> origin/feat/product-docs-enforced
2026-10-08T01:51:34.1383022Z  * [new branch]        feat/prompt-hash-telemetry               -> origin/feat/prompt-hash-telemetry
2026-10-08T01:51:34.1385289Z  * [new branch]        feat/roadmap-takes-direction             -> origin/feat/roadmap-takes-direction
2026-10-08T01:51:34.1387824Z  * [new branch]        feat/role-output-contracts               -> origin/feat/role-output-contracts
2026-10-08T01:51:34.1390021Z  * [new branch]        feat/universality-proof                  -> origin/feat/universality-proof
2026-10-08T01:51:34.1392193Z  * [new branch]        feature/remote-orchestration             -> origin/feature/remote-orchestration
2026-10-08T01:51:34.1394634Z  * [new branch]        fix/canonical-provenance-archived-sources -> origin/fix/canonical-provenance-archived-sources
2026-10-08T01:51:34.1397346Z  * [new branch]        fix/closeout-display-id-match            -> origin/fix/closeout-display-id-match
2026-10-08T01:51:34.1399809Z  * [new branch]        fix/feedback-pipeline-discoverability    -> origin/fix/feedback-pipeline-discoverability
2026-10-08T01:51:34.1402317Z  * [new branch]        fix/gate-checks-declared-mutation        -> origin/fix/gate-checks-declared-mutation
2026-10-08T01:51:34.1405007Z  * [new branch]        fix/growth-pins-dont-wall-the-corpus     -> origin/fix/growth-pins-dont-wall-the-corpus
2026-10-08T01:51:34.1408393Z  * [new branch]        fix/worktree-lacks-vendored-aai-layer-downstream-wt -> origin/fix/worktree-lacks-vendored-aai-layer-downstream-wt
2026-10-08T01:51:34.1410753Z  * [new branch]        main                                     -> origin/main
2026-10-08T01:51:34.1412605Z  * [new branch]        research/polydao-verdicts                -> origin/research/polydao-verdicts
2026-10-08T01:51:34.1414454Z  * [new tag]           v2026.07.04                              -> v2026.07.04
2026-10-08T01:51:34.1415910Z  * [new tag]           v2026.07.20                              -> v2026.07.20
2026-10-08T01:51:34.1417647Z  * [new tag]           v2026.07.22                              -> v2026.07.22
2026-10-08T01:51:34.1419076Z  * [new tag]           v2026.07.24                              -> v2026.07.24
2026-10-08T01:51:34.1420665Z  * [new tag]           v2026.07.26                              -> v2026.07.26
2026-10-08T01:51:34.1422130Z  * [new tag]           v2026.07.28                              -> v2026.07.28
2026-10-08T01:51:34.1423622Z  * [new tag]           v2026.07.28.1                            -> v2026.07.28.1
2026-10-08T01:51:34.1425123Z  * [new tag]           v2026.07.29                              -> v2026.07.29
2026-10-08T01:51:34.1426900Z  * [new tag]           v2026.07.30                              -> v2026.07.30
2026-10-08T01:51:34.1428450Z  * [new tag]           v2026.08.01                              -> v2026.08.01
2026-10-08T01:51:34.1429988Z  * [new tag]           v2026.08.02                              -> v2026.08.02
2026-10-08T01:51:34.1431438Z  * [new tag]           v2026.08.03                              -> v2026.08.03
2026-10-08T01:51:34.1432963Z  * [new tag]           v2026.08.03.2                            -> v2026.08.03.2
2026-10-08T01:51:34.1434767Z  * [new tag]           v2026.08.04                              -> v2026.08.04
2026-10-08T01:51:34.1437217Z  * [new tag]           v2026.08.05                              -> v2026.08.05
2026-10-08T01:51:34.1439077Z  * [new tag]           v2026.08.07                              -> v2026.08.07
2026-10-08T01:51:34.1440768Z  * [new tag]           v2026.08.08                              -> v2026.08.08
2026-10-08T01:51:34.1442449Z  * [new tag]           v2026.08.11                              -> v2026.08.11
2026-10-08T01:51:34.1444470Z  * [new tag]           v2026.08.12                              -> v2026.08.12
2026-10-08T01:51:34.1446185Z  * [new tag]           v2026.08.13                              -> v2026.08.13
2026-10-08T01:51:34.1448224Z  * [new tag]           v2026.08.13.2                            -> v2026.08.13.2
2026-10-08T01:51:34.1450015Z  * [new tag]           v2026.08.14                              -> v2026.08.14
2026-10-08T01:51:34.1451711Z  * [new tag]           v2026.08.16                              -> v2026.08.16
2026-10-08T01:51:34.1453386Z  * [new tag]           v2026.08.23                              -> v2026.08.23
2026-10-08T01:51:34.1455053Z  * [new tag]           v2026.08.27                              -> v2026.08.27
2026-10-08T01:51:34.1456953Z  * [new tag]           v2026.08.29                              -> v2026.08.29
2026-10-08T01:51:34.1458675Z  * [new tag]           v2026.09.01                              -> v2026.09.01
2026-10-08T01:51:34.1460362Z  * [new tag]           v2026.09.06                              -> v2026.09.06
2026-10-08T01:51:34.1462043Z  * [new tag]           v2026.09.08                              -> v2026.09.08
2026-10-08T01:51:34.1463740Z  * [new tag]           v2026.09.09                              -> v2026.09.09
2026-10-08T01:51:34.1465429Z  * [new tag]           v2026.09.21                              -> v2026.09.21
2026-10-08T01:51:34.1467393Z  * [new tag]           v2026.09.25                              -> v2026.09.25
2026-10-08T01:51:34.1469092Z  * [new tag]           v2026.09.28                              -> v2026.09.28
2026-10-08T01:51:34.1470812Z  * [new tag]           v2026.09.30                              -> v2026.09.30
2026-10-08T01:51:34.1472805Z  * [new tag]           v2026.10.02                              -> v2026.10.02
2026-10-08T01:51:34.1474648Z  * [new ref]           672ad0c903ee5707e1d4bc2a4b4ea83c86b52ee4 -> pull/434/merge
2026-10-08T01:51:34.1477166Z  * [new tag]           test-fixture-pre-f2-close-work-item      -> test-fixture-pre-f2-close-work-item
2026-10-08T01:51:34.1479515Z  * [new tag]           test-fixture-pre-f3-guard                -> test-fixture-pre-f3-guard
2026-10-08T01:51:34.1482904Z ##[endgroup]
2026-10-08T01:51:34.1484253Z ##[group]Determining the checkout info
2026-10-08T01:51:34.1485773Z ##[endgroup]
2026-10-08T01:51:34.1486986Z [command]/usr/bin/git sparse-checkout disable
2026-10-08T01:51:34.1489628Z [command]/usr/bin/git config --local --unset-all extensions.worktreeConfig
2026-10-08T01:51:34.1492605Z ##[group]Checking out the ref
2026-10-08T01:51:34.1494016Z [command]/usr/bin/git checkout --progress --force refs/remotes/pull/434/merge
2026-10-08T01:51:34.3890209Z Note: switching to 'refs/remotes/pull/434/merge'.
2026-10-08T01:51:34.3891612Z 
2026-10-08T01:51:34.3892779Z You are in 'detached HEAD' state. You can look around, make experimental
2026-10-08T01:51:34.3894880Z changes and commit them, and you can discard any commits you make in this
2026-10-08T01:51:34.3896721Z state without impacting any branches by switching back to a branch.
2026-10-08T01:51:34.3897542Z 
2026-10-08T01:51:34.3898104Z If you want to create a new branch to retain commits you create, you may
2026-10-08T01:51:34.3899494Z do so (now or later) by using -c with the switch command. Example:
2026-10-08T01:51:34.3900325Z 
2026-10-08T01:51:34.3900683Z   git switch -c <new-branch-name>
2026-10-08T01:51:34.3901272Z 
2026-10-08T01:51:34.3901608Z Or undo this operation with:
2026-10-08T01:51:34.3902135Z 
2026-10-08T01:51:34.3902464Z   git switch -
2026-10-08T01:51:34.3902894Z 
2026-10-08T01:51:34.3903981Z Turn off this advice by setting config variable advice.detachedHead to false
2026-10-08T01:51:34.3905097Z 
2026-10-08T01:51:34.3906345Z HEAD is now at 672ad0c9 Merge 525a05791a24d3d8c894639ce66de9ceed5a01a3 into bdeb425c040ada918dd97e5b878b71e420bad83a
2026-10-08T01:51:34.3914446Z ##[endgroup]
2026-10-08T01:51:34.3962097Z [command]/usr/bin/git log -1 --format=%H
2026-10-08T01:51:34.3988582Z 672ad0c903ee5707e1d4bc2a4b4ea83c86b52ee4
2026-10-08T01:51:34.4449918Z ##[group]Run actions/setup-node@v4
2026-10-08T01:51:34.4451151Z with:
2026-10-08T01:51:34.4452035Z   node-version: 20
2026-10-08T01:51:34.4453018Z   always-auth: false
2026-10-08T01:51:34.4454032Z   check-latest: false
2026-10-08T01:51:34.4465339Z   token: ***
2026-10-08T01:51:34.4466258Z env:
2026-10-08T01:51:34.4467498Z   AAI_TEST_PARALLEL: 4
2026-10-08T01:51:34.4468575Z ##[endgroup]
2026-10-08T01:51:34.5905703Z Attempting to download 20...
2026-10-08T01:51:34.6014404Z (node:2341) [DEP0040] DeprecationWarning: The `punycode` module is deprecated. Please use a userland alternative instead.
2026-10-08T01:51:34.6017746Z (Use `node --trace-deprecation ...` to show where the warning was created)
2026-10-08T01:51:35.3250917Z Acquiring 20.20.2 - x64 from https://github.com/actions/node-versions/releases/download/20.20.2-23521894959/node-20.20.2-linux-x64.tar.gz
2026-10-08T01:51:35.8078515Z Extracting ...
2026-10-08T01:51:35.8193087Z [command]/usr/bin/tar xz --strip 1 --warning=no-unknown-keyword --overwrite -C /home/runner/work/_temp/f9ad7746-4c90-4632-b7ea-c056bd25fa45 -f /home/runner/work/_temp/78dc29c9-c812-448a-bcf7-5298535c0662
2026-10-08T01:51:36.8239043Z Adding to the cache ...
2026-10-08T01:51:38.6289727Z ##[group]Environment details
2026-10-08T01:51:38.8564053Z node: v20.20.2
2026-10-08T01:51:38.8564652Z npm: 10.8.2
2026-10-08T01:51:38.8565055Z yarn: 1.22.22
2026-10-08T01:51:38.8565751Z ##[endgroup]
2026-10-08T01:51:38.8791731Z ##[group]Run set -euo pipefail
2026-10-08T01:51:38.8792113Z [36;1mset -euo pipefail[0m
2026-10-08T01:51:38.8792423Z [36;1mprintf '%s\n' "$SHARD_PLAN" > shard-plan.txt[0m
2026-10-08T01:51:38.8792961Z [36;1mbash tests/skills/lib/shard-plan-check.sh --check shard-plan.txt tests/skills >/dev/null[0m
2026-10-08T01:51:38.8793622Z [36;1mif [ "4" = "all" ]; then[0m
2026-10-08T01:51:38.8793906Z [36;1m  bash tests/skills/test-framework.sh[0m
2026-10-08T01:51:38.8794199Z [36;1melse[0m
2026-10-08T01:51:38.8794565Z [36;1m  SUITES="$(bash tests/skills/lib/shard-plan-check.sh --extract 4 shard-plan.txt)"[0m
2026-10-08T01:51:38.8795004Z [36;1m  args=()[0m
2026-10-08T01:51:38.8795230Z [36;1m  for s in $SUITES; do[0m
2026-10-08T01:51:38.8795473Z [36;1m    args+=(--skill "$s")[0m
2026-10-08T01:51:38.8795704Z [36;1m  done[0m
2026-10-08T01:51:38.8795960Z [36;1m  bash tests/skills/test-framework.sh "${args[@]}"[0m
2026-10-08T01:51:38.8796263Z [36;1mfi[0m
2026-10-08T01:51:38.9094156Z shell: /usr/bin/bash -e {0}
2026-10-08T01:51:38.9094431Z env:
2026-10-08T01:51:38.9094632Z   AAI_TEST_PARALLEL: 4
2026-10-08T01:51:38.9107204Z   SHARD_PLAN: SHARD 1 aai-learned-append weight=434
SHARD 1 aai-hygiene-pack weight=313
SHARD 1 aai-ceremony-levels weight=120
SHARD 1 aai-feedback-upsert weight=91
SHARD 1 aai-mutation-gate weight=82
SHARD 1 aai-suite-isolation weight=77
SHARD 1 aai-doc-numbering weight=43
SHARD 1 aai-orchestration-dispatch weight=39
SHARD 1 aai-git-ref-guard weight=28
SHARD 1 aai-roadmap weight=22
SHARD 1 aai-hooks-overlay weight=18
SHARD 1 aai-factory-report weight=12
SHARD 1 aai-outcome-backcheck weight=10
SHARD 1 aai-canon weight=7
SHARD 1 aai-spec-tools weight=6
SHARD 1 aai-heartbeat weight=5
SHARD 1 aai-role-output weight=5
SHARD 1 aai-docs-canon weight=4
SHARD 1 aai-check-state weight=3
SHARD 1 aai-issues weight=3
SHARD 1 aai-redact weight=3
SHARD 1 aai-session-lock weight=2
SHARD 1 aai-pricing weight=1
SHARD 1 aai-runtime-file weight=1
SHARD 1 aai-userguide-drift weight=1
SHARD 2 aai-merge-policy weight=434
SHARD 2 aai-delta-stage3 weight=278
SHARD 2 aai-run-tests weight=135
SHARD 2 aai-friction weight=93
SHARD 2 aai-sweep-parallel weight=91
SHARD 2 aai-release weight=81
SHARD 2 aai-delta-stage2 weight=56
SHARD 2 aai-follow-ups weight=37
SHARD 2 aai-pr-waiver weight=27
SHARD 2 aai-friction-capture-points weight=19
SHARD 2 aai-ride-select weight=18
SHARD 2 aai-debug-gate weight=10
SHARD 2 aai-pr-platform weight=10
SHARD 2 aai-docs-lock weight=7
SHARD 2 aai-tdd-evidence weight=6
SHARD 2 aai-learned-routing weight=5
SHARD 2 aai-test-canon weight=5
SHARD 2 aai-orchestration-mode weight=4
SHARD 2 aai-docs-hub weight=3
SHARD 2 aai-layer-drift weight=3
SHARD 2 aai-token-capture weight=3
SHARD 2 aai-antigravity-project-skills weight=1
SHARD 2 aai-implementation-mode weight=1
SHARD 2 aai-prompt-hash weight=1
SHARD 2 aai-share weight=1
SHARD 2 aai-userguide-rollup weight=1
SHARD 3 aai-pr-preflight weight=434
SHARD 3 aai-sync-seed weight=234
SHARD 3 aai-doctor weight=149
SHARD 3 aai-doc-number-reservation weight=97
SHARD 3 aai-friction-wiring weight=91
SHARD 3 aai-golden-flow weight=81
SHARD 3 aai-ledger-merge weight=66
SHARD 3 aai-deslop weight=40
SHARD 3 aai-update-check weight=32
SHARD 3 aai-state weight=27
SHARD 3 aai-intake weight=17
SHARD 3 aai-constitution weight=11
SHARD 3 aai-win-fallback weight=10
SHARD 3 aai-hitl-channel weight=6
SHARD 3 aai-routine weight=6
SHARD 3 aai-bootstrap weight=5
SHARD 3 aai-prompt-diet weight=5
SHARD 3 aai-delta-stage1 weight=4
SHARD 3 aai-verify-gate weight=4
SHARD 3 aai-orphan-sweep weight=3
SHARD 3 aai-dashboard weight=2
SHARD 3 aai-reconcile-telemetry weight=2
SHARD 3 aai-pipe-safe weight=1
SHARD 3 aai-prune-stale-briefs weight=1
SHARD 3 aai-suite-select weight=1
SHARD 3 aai-validator-isolation weight=1
SHARD 4 aai-worktree-seed weight=434
SHARD 4 aai-docs-audit weight=161
SHARD 4 aai-repo-tripwire weight=155
SHARD 4 aai-close-work-item weight=112
SHARD 4 aai-hitl-propagation weight=93
SHARD 4 aai-metrics weight=89
SHARD 4 aai-layer-profiles weight=69
SHARD 4 aai-secrets-preflight weight=52
SHARD 4 aai-spec-lint weight=39
SHARD 4 aai-spec-amend weight=28
SHARD 4 aai-live-serve weight=19
SHARD 4 aai-close-reconcile weight=15
SHARD 4 aai-live-status weight=13
SHARD 4 aai-advisory-skills weight=9
SHARD 4 aai-branch-guard weight=9
SHARD 4 aai-update weight=6
SHARD 4 aai-lightweight-lane weight=5
SHARD 4 aai-unattended weight=5
SHARD 4 aai-overview weight=4
SHARD 4 aai-feedback-triage weight=3
SHARD 4 aai-product-docs weight=3
SHARD 4 aai-feedback-status weight=2
SHARD 4 aai-downstream-autopilot weight=1
SHARD 4 aai-planning-probes weight=1
SHARD 4 aai-r-guard weight=1
SHARD 4 aai-tdd weight=1
SHARD 4 aai-worktree weight=1
SHARDS count=4 suites=104
2026-10-08T01:51:38.9119601Z ##[endgroup]
2026-10-08T01:51:39.0686173Z 
2026-10-08T01:51:39.0692383Z AAI Skills Test Framework
2026-10-08T01:51:39.0692757Z =========================
2026-10-08T01:51:39.0693163Z 
2026-10-08T01:51:39.0714984Z [0;34m[INFO][0m Setting up results directory: /home/runner/work/aai/aai/tests/skills/results/test-20261008-015139
2026-10-08T01:51:39.0727802Z [0;34m[INFO][0m Checking system dependencies...
2026-10-08T01:51:40.6338473Z [0;32m[PASS][0m Dependencies checked
2026-10-08T01:51:40.6986465Z [0;34m[INFO][0m Isolation: every suite runs isolated in a disposable git checkout (its own .git, D1) seeded from the working tree
2026-10-08T01:51:40.6988976Z [0;34m[INFO][0m Concurrency: up to 4 suite(s) run at a time (AAI_TEST_PARALLEL=4). Set AAI_TEST_PARALLEL=1 for the serial execution model.
2026-10-08T01:51:40.6989731Z [0;34m[INFO][0m Discovering skill tests...
2026-10-08T01:51:40.7012677Z [0;34m[INFO][0m Found 27 test(s)
2026-10-08T01:51:40.7013243Z [0;34m[INFO][0m 
2026-10-08T01:51:40.7013769Z [0;34m[INFO][0m Running tests...
2026-10-08T01:51:40.7014299Z [0;34m[INFO][0m 
2026-10-08T01:51:54.8673834Z [ 1/27] aai-docs-audit       [0;31mFAIL[0m (12.0s) [tripwire NOT ATTESTED — suite exited 1 before completing]
2026-10-08T01:51:54.8674940Z --- Error Details (aai-docs-audit) ---
2026-10-08T01:51:54.8675487Z --- failure lines (whole log) ---
2026-10-08T01:51:54.8755138Z 11:FAIL: Expected 'Verdict: CLEAN' in /tmp/aai-docs-audit-test.J3xMme/silence-live-1349.log
2026-10-08T01:51:54.8801626Z --- tail (last 30 lines) ---
2026-10-08T01:51:54.8834867Z Testing aai-docs-audit skill (engine + fixtures)
2026-10-08T01:51:54.8851097Z INFO: Checking dependencies...
2026-10-08T01:51:54.8874965Z PASS: Dependencies checked
2026-10-08T01:51:54.8897539Z INFO: Setting up fixture repo...
2026-10-08T01:51:54.8907435Z PASS: Fixture repo ready
2026-10-08T01:51:54.8922571Z INFO: Test: --check --strict over the live tree exits 0 and every near-miss document it names is dispositioned in the spec (TEST-1351)...
2026-10-08T01:51:54.8941785Z PASS: Every near-miss document over the live corpus is dispositioned, and --check --strict still exits 0
2026-10-08T01:51:54.8943968Z INFO: Test: the docs-audit headline carries the near-miss count split into blocking and report-only, and it equals the section count (TEST-1348)...
2026-10-08T01:51:54.8945900Z PASS: The near-miss count is part of what the headline SAYS, and it agrees with the section
2026-10-08T01:51:54.8948466Z INFO: Test: the Verdict line names the unreadable AC tables when any exist, stays bare CLEAN when none do, and keeps the literal 'Verdict: CLEAN' substring either way (TEST-1349)...
2026-10-08T01:51:54.8950885Z FAIL: Expected 'Verdict: CLEAN' in /tmp/aai-docs-audit-test.J3xMme/silence-live-1349.log
2026-10-08T01:51:54.8952012Z --- end aai-docs-audit ---
2026-10-08T01:52:08.5838422Z [ 2/27] aai-worktree-seed    [0;32mPASS[0m (26.0s)
2026-10-08T01:53:20.7074206Z [ 3/27] aai-hitl-propagation [0;32mPASS[0m (83.0s)
2026-10-08T01:53:30.2088314Z [ 4/27] aai-close-work-item  [0;32mPASS[0m (107.0s)
2026-10-08T01:54:12.3957983Z [ 5/27] aai-metrics          [0;32mPASS[0m (122.0s)
2026-10-08T01:54:29.1615363Z [ 6/27] aai-layer-profiles   [0;32mPASS[0m (67.0s)
2026-10-08T01:54:36.0228243Z [ 7/27] aai-secrets-preflight [0;32mPASS[0m (64.0s)
2026-10-08T01:54:37.9884968Z [ 8/27] aai-repo-tripwire    [0;31mFAIL[0m (175.0s) [tripwire NOT ATTESTED — suite exited 1 before completing]
2026-10-08T01:54:37.9887099Z --- Error Details (aai-repo-tripwire) ---
2026-10-08T01:54:37.9892804Z --- failure lines (whole log) ---
2026-10-08T01:54:37.9950540Z 9:FAIL TEST-006 fixed suites leave the real tree untouched
2026-10-08T01:54:37.9997600Z --- tail (last 30 lines) ---
2026-10-08T01:54:38.0007668Z === Test: aai-repo-tripwire (spec-suites-must-not-touch-the-shipping-repo) ===
2026-10-08T01:54:38.0015289Z PASS TEST-001 a dirty suite turns the framework run red, naming the suite and both changed paths; the clean suite in the same run still passes
2026-10-08T01:54:38.0021586Z PASS TEST-002 a suite that commits is caught by the HEAD half of the snapshot and both shas are named
2026-10-08T01:54:38.0031652Z PASS TEST-003 exit-42-is-SKIP still holds, and a skipped or crashed suite is reported NOT ATTESTED rather than counted clean
2026-10-08T01:54:38.0034057Z PASS TEST-004 an untouched tree keeps the run green and every exit code intact, at exactly one git status pair per suite (measured: 6 calls over 3 suites)
2026-10-08T01:54:38.0036304Z PASS TEST-005 tests/skills/results is git-ignored, so the framework's own run artifacts cannot masquerade as a suite's write
2026-10-08T01:54:38.0038768Z   TEST-006: test-aai-doc-numbering exited 1 — it must run to COMPLETION against the real tree, not abort early
2026-10-08T01:54:38.0040792Z   TEST-006: test-aai-deslop exited 1 — it must run to COMPLETION against the real tree, not abort early
2026-10-08T01:54:38.0042245Z FAIL TEST-006 fixed suites leave the real tree untouched
2026-10-08T01:54:38.0049460Z PASS TEST-007 the ad hoc funnel reports the same violation naming the command and the path, leaves every exit code untouched, is silent on a clean run and where the tripwire could never arm, and names both a missing library and a repository made unreadable mid-run
2026-10-08T01:54:38.0052590Z PASS TEST-008 the seeded ratchet warns for a known offender inside its listed paths, still fails it outside them, and still fails an unlisted suite
2026-10-08T01:54:38.0054631Z PASS TEST-009 a suite that leaves the repository unreadable fails closed instead of reading as clean
2026-10-08T01:54:38.0056518Z PASS TEST-010 a run whose tripwire could not arm at all labels every progress line NOT ARMED and stays green
2026-10-08T01:54:38.0058820Z PASS TEST-011 a second and a third write to one ratchet path are seen: the listed writer reads ALLOWED, the unlisted writer fails the run naming the path, and none of the three counts as attested clean
2026-10-08T01:54:38.0060272Z PASS TEST-012 a duplicate ratchet entry is named and stays dead, and a glob-shaped entry path is named and matches nothing instead of silently widening to the working directory
2026-10-08T01:54:38.0061623Z PASS TEST-013 with the known-offender table drained, a suite carrying a formerly exempt name and writing a formerly exempt path fails the run and is named, and nothing reads ALLOWED
2026-10-08T01:54:38.0063066Z PASS TEST-014 the shipped known-offender table holds 0 entr(ies), at or under the declared maximum of 0, measured by a counter proved able to see 2 seeded entries and to refuse an anchorless file
2026-10-08T01:54:38.0064499Z PASS TEST-015 the always-watch floor is declared (3 paths), seeds the watch set, and seeds the dedup set — the D7 fix is asserted, not just present
2026-10-08T01:54:38.0066207Z PASS TEST-016 a suite that fails on its own exit code AND trips the tripwire gets both the tripwire violation block and the failure-lines-plus-tail dump
2026-10-08T01:54:38.0068758Z PASS TEST-017 a suite whose after-snapshot was lost AND that failed on its own exit code gets both the tripwire report and the failure-lines-plus-tail dump
2026-10-08T01:54:38.0072045Z PASS TEST-436 an ALLOWED verdict accounts for a path already dirty before the suite ran, and a hasher degrade that masks a write is named on the masked suite's own line and in its telemetry record (with a real hasher, the same shape genuinely fails instead)
2026-10-08T01:54:38.0073994Z   TEST-437: the nested full run exited 1 (want 0)
2026-10-08T01:54:38.0075577Z PASS TEST-437 a full run of this suite (nested, under its own scoped TMPDIR) leaves no aai-tripwire-fixture.* or aai-tripwire-registry.* directory behind
2026-10-08T01:54:38.0078534Z 
2026-10-08T01:54:38.0078813Z Some tests failed.
2026-10-08T01:54:38.0079256Z --- end aai-repo-tripwire ---
2026-10-08T01:54:52.0568370Z [ 9/27] aai-close-reconcile  [0;32mPASS[0m (12.0s)
2026-10-08T01:54:56.8891210Z [10/27] aai-live-serve       [0;32mPASS[0m (19.0s)
2026-10-08T01:54:58.5817393Z [11/27] aai-spec-lint        [0;32mPASS[0m (44.0s)
2026-10-08T01:55:00.2497672Z [12/27] aai-spec-amend       [0;32mPASS[0m (29.0s)
2026-10-08T01:55:06.8764060Z [13/27] aai-live-status      [0;32mPASS[0m (13.0s)
2026-10-08T01:55:07.4846148Z [14/27] aai-branch-guard     [0;32mPASS[0m (7.0s)
2026-10-08T01:55:07.9851397Z [15/27] aai-advisory-skills  [0;32mPASS[0m (10.0s)
2026-10-08T01:55:08.5403911Z [16/27] aai-update           [0;32mPASS[0m (6.0s)
2026-10-08T01:55:12.7658270Z [17/27] aai-feedback-triage  [0;32mPASS[0m (3.0s)
2026-10-08T01:55:13.8248688Z [18/27] aai-lightweight-lane [0;32mPASS[0m (6.0s)
2026-10-08T01:55:14.3689690Z [19/27] aai-overview         [0;32mPASS[0m (4.0s)
2026-10-08T01:55:15.1310757Z [20/27] aai-unattended       [0;32mPASS[0m (6.0s)
2026-10-08T01:55:17.4516363Z [21/27] aai-downstream-autopilot [0;32mPASS[0m (1.0s)
2026-10-08T01:55:17.8191124Z [22/27] aai-feedback-status  [0;32mPASS[0m (3.0s)
2026-10-08T01:55:18.2877049Z [23/27] aai-product-docs     [0;32mPASS[0m (4.0s)
2026-10-08T01:55:18.8164221Z [24/27] aai-planning-probes  [0;32mPASS[0m (1.0s)
2026-10-08T01:55:19.3804097Z [25/27] aai-r-guard          [0;32mPASS[0m (0.0s)
2026-10-08T01:55:19.6948456Z [26/27] aai-tdd              [0;32mPASS[0m (0.0s)
2026-10-08T01:55:20.0124938Z [27/27] aai-worktree         [0;32mPASS[0m (0.0s)
2026-10-08T01:55:20.0531881Z [0;34m[INFO][0m 
2026-10-08T01:55:20.0532426Z [0;34m[INFO][0m 
2026-10-08T01:55:20.0533130Z [0;34m[INFO][0m =========================================
2026-10-08T01:55:20.0533851Z [0;34m[INFO][0m Test Summary
2026-10-08T01:55:20.0534631Z [0;34m[INFO][0m =========================================
2026-10-08T01:55:20.0535295Z [0;34m[INFO][0m Total:   27
2026-10-08T01:55:20.0535849Z [0;32m[PASS][0m Passed:  25 (92%)
2026-10-08T01:55:20.0537738Z [0;34m[INFO][0m Tripwire: 25/27 suite(s) attested clean; 2 not attested (skipped, failed, allowlisted, or unguarded)
2026-10-08T01:55:20.0538746Z [0;34m[INFO][0m Isolation: 27/27 suite(s) isolated; 0 degraded
2026-10-08T01:55:20.0539333Z [0;34m[INFO][0m Seeding: 27/27 suite(s) fully seeded; 0 partial; 0 skipped
2026-10-08T01:55:20.0540329Z [0;34m[INFO][0m Concurrency: width 4; 0 wave(s) re-run serially (0 suite(s) total) to attribute a shipping-repository change
2026-10-08T01:55:20.0540898Z [0;34m[INFO][0m 
2026-10-08T01:55:20.0541504Z [0;34m[INFO][0m Results saved to: /home/runner/work/aai/aai/tests/skills/results/test-20261008-015139
2026-10-08T01:55:20.0542343Z [0;31m[FAIL][0m Failed:  2 (7%)
2026-10-08T01:55:20.1062141Z ##[error]Process completed with exit code 1.
2026-10-08T01:55:20.1210010Z Post job cleanup.
2026-10-08T01:55:20.2061459Z [command]/usr/bin/git version
2026-10-08T01:55:20.2109317Z git version 2.55.0
2026-10-08T01:55:20.2149632Z Temporarily overriding HOME='/home/runner/work/_temp/41536f32-3765-476c-8d10-afad5cd89f3d' before making global git config changes
2026-10-08T01:55:20.2151153Z Adding repository directory to the temporary git global config as a safe directory
2026-10-08T01:55:20.2156347Z [command]/usr/bin/git config --global --add safe.directory /home/runner/work/aai/aai
2026-10-08T01:55:20.2216267Z [command]/usr/bin/git config --local --name-only --get-regexp core\.sshCommand
2026-10-08T01:55:20.2250072Z [command]/usr/bin/git submodule foreach --recursive sh -c "git config --local --name-only --get-regexp 'core\.sshCommand' && git config --local --unset-all 'core.sshCommand' || :"
2026-10-08T01:55:20.2503621Z [command]/usr/bin/git config --local --name-only --get-regexp http\.https\:\/\/github\.com\/\.extraheader
2026-10-08T01:55:20.2533992Z http.https://github.com/.extraheader
2026-10-08T01:55:20.2548042Z [command]/usr/bin/git config --local --unset-all http.https://github.com/.extraheader
2026-10-08T01:55:20.2599430Z [command]/usr/bin/git submodule foreach --recursive sh -c "git config --local --name-only --get-regexp 'http\.https\:\/\/github\.com\/\.extraheader' && git config --local --unset-all 'http.https://github.com/.extraheader' || :"
2026-10-08T01:55:20.2884648Z [command]/usr/bin/git config --local --name-only --get-regexp ^includeIf\.gitdir:
2026-10-08T01:55:20.2924870Z [command]/usr/bin/git submodule foreach --recursive git config --local --show-origin --name-only --get-regexp remote.origin.url
2026-10-08T01:55:20.3340461Z Cleaning up orphan processes
2026-10-08T01:55:20.3641385Z ##[warning]Node.js 20 is deprecated. The following actions target Node.js 20 but are being forced to run on Node.js 24: actions/checkout@v4, actions/setup-node@v4. For more information see: https://github.blog/changelog/2025-09-19-deprecation-of-node-20-on-github-actions-runners/
