2026-10-08T01:51:32.0886344Z Current runner version: '2.337.0'
2026-10-08T01:51:32.0912997Z ##[group]Runner Image Provisioner
2026-10-08T01:51:32.0913872Z Hosted Compute Agent
2026-10-08T01:51:32.0914630Z Version: 20261002.596
2026-10-08T01:51:32.0915344Z Commit: c3d12f3313a95f25162a1503be624f3b0617f8c0
2026-10-08T01:51:32.0916155Z Build Date: 2026-10-02T22:28:27Z
2026-10-08T01:51:32.0916933Z Worker ID: {f52101a7-1ec5-4a83-9730-df21fe632602}
2026-10-08T01:51:32.0917659Z Region: westus
2026-10-08T01:51:32.0918237Z Cloud: Azure
2026-10-08T01:51:32.0919263Z ##[endgroup]
2026-10-08T01:51:32.0921196Z ##[group]Operating System
2026-10-08T01:51:32.0921957Z Ubuntu
2026-10-08T01:51:32.0922477Z 24.04.5
2026-10-08T01:51:32.0922978Z LTS
2026-10-08T01:51:32.0923594Z ##[endgroup]
2026-10-08T01:51:32.0924219Z ##[group]Runner Image
2026-10-08T01:51:32.0924863Z Image: ubuntu-24.04
2026-10-08T01:51:32.0925432Z Version: 20261004.327.1
2026-10-08T01:51:32.0926796Z Included Software: https://github.com/actions/runner-images/blob/ubuntu24/20261004.327/images/ubuntu/Ubuntu2404-Readme.md
2026-10-08T01:51:32.0928396Z Image Release: https://github.com/actions/runner-images/releases/tag/ubuntu24%2F20261004.327
2026-10-08T01:51:32.0929420Z ##[endgroup]
2026-10-08T01:51:32.0930720Z ##[group]GITHUB_TOKEN Permissions
2026-10-08T01:51:32.0932775Z Contents: read
2026-10-08T01:51:32.0933400Z Metadata: read
2026-10-08T01:51:32.0933960Z ##[endgroup]
2026-10-08T01:51:32.0936140Z Secret source: Actions
2026-10-08T01:51:32.0937099Z Cache mode: write
2026-10-08T01:51:32.0937940Z Prepare workflow directory
2026-10-08T01:51:32.1387894Z Prepare all required actions
2026-10-08T01:51:32.1435624Z Getting action download info
2026-10-08T01:51:32.4655245Z Download action repository 'actions/checkout@v4' (SHA:11d5960a326750d5838078e36cf38b85af677262)
2026-10-08T01:51:32.5682485Z Download action repository 'actions/setup-node@v4' (SHA:49933ea5288caeca8642d1e84afbd3f7d6820020)
2026-10-08T01:51:32.7566709Z Complete job name: skill test suite (full framework, via test-framework.sh) (3)
2026-10-08T01:51:32.8437349Z ##[group]Run actions/checkout@v4
2026-10-08T01:51:32.8438730Z with:
2026-10-08T01:51:32.8439187Z   fetch-depth: 0
2026-10-08T01:51:32.8439664Z   repository: goodwind-cz/aai
2026-10-08T01:51:32.8444014Z   token: ***
2026-10-08T01:51:32.8444465Z   ssh-strict: true
2026-10-08T01:51:32.8444916Z   ssh-user: git
2026-10-08T01:51:32.8445373Z   persist-credentials: true
2026-10-08T01:51:32.8445871Z   clean: true
2026-10-08T01:51:32.8446333Z   sparse-checkout-cone-mode: true
2026-10-08T01:51:32.8446871Z   fetch-tags: false
2026-10-08T01:51:32.8447328Z   show-progress: true
2026-10-08T01:51:32.8447793Z   lfs: false
2026-10-08T01:51:32.8448282Z   submodules: false
2026-10-08T01:51:32.8448746Z   set-safe-directory: true
2026-10-08T01:51:32.8449305Z   allow-unsafe-pr-checkout: false
2026-10-08T01:51:32.8450406Z env:
2026-10-08T01:51:32.8450844Z   AAI_TEST_PARALLEL: 4
2026-10-08T01:51:32.8451319Z ##[endgroup]
2026-10-08T01:51:32.9512910Z Syncing repository: goodwind-cz/aai
2026-10-08T01:51:32.9516031Z ##[group]Getting Git version info
2026-10-08T01:51:32.9517197Z Working directory is '/home/runner/work/aai/aai'
2026-10-08T01:51:32.9518396Z [command]/usr/bin/git version
2026-10-08T01:51:32.9590377Z git version 2.55.0
2026-10-08T01:51:32.9618979Z ##[endgroup]
2026-10-08T01:51:32.9638395Z Temporarily overriding HOME='/home/runner/work/_temp/eea12543-c3f4-46ca-b821-4dd695c52f9f' before making global git config changes
2026-10-08T01:51:32.9641110Z Adding repository directory to the temporary git global config as a safe directory
2026-10-08T01:51:32.9643950Z [command]/usr/bin/git config --global --add safe.directory /home/runner/work/aai/aai
2026-10-08T01:51:32.9716366Z Deleting the contents of '/home/runner/work/aai/aai'
2026-10-08T01:51:32.9722234Z ##[group]Initializing the repository
2026-10-08T01:51:32.9727541Z [command]/usr/bin/git init /home/runner/work/aai/aai
2026-10-08T01:51:32.9846197Z hint: Using 'master' as the name for the initial branch. This default branch name
2026-10-08T01:51:32.9847712Z hint: will change to "main" in Git 3.0. To configure the initial branch name
2026-10-08T01:51:32.9849068Z hint: to use in all of your new repositories, which will suppress this warning,
2026-10-08T01:51:32.9849875Z hint: call:
2026-10-08T01:51:32.9850527Z hint:
2026-10-08T01:51:32.9851104Z hint: 	git config --global init.defaultBranch <name>
2026-10-08T01:51:32.9851787Z hint:
2026-10-08T01:51:32.9852414Z hint: Names commonly chosen instead of 'master' are 'main', 'trunk' and
2026-10-08T01:51:32.9853439Z hint: 'development'. The just-created branch can be renamed via this command:
2026-10-08T01:51:32.9854248Z hint:
2026-10-08T01:51:32.9854696Z hint: 	git branch -m <name>
2026-10-08T01:51:32.9855213Z hint:
2026-10-08T01:51:32.9855894Z hint: Disable this message with "git config set advice.defaultBranchName false"
2026-10-08T01:51:32.9866562Z Initialized empty Git repository in /home/runner/work/aai/aai/.git/
2026-10-08T01:51:32.9877932Z [command]/usr/bin/git remote add origin https://github.com/goodwind-cz/aai
2026-10-08T01:51:32.9933674Z ##[endgroup]
2026-10-08T01:51:32.9934981Z ##[group]Disabling automatic garbage collection
2026-10-08T01:51:32.9944320Z [command]/usr/bin/git config --local gc.auto 0
2026-10-08T01:51:32.9986526Z ##[endgroup]
2026-10-08T01:51:32.9988196Z ##[group]Setting up auth
2026-10-08T01:51:32.9997510Z [command]/usr/bin/git config --local --name-only --get-regexp core\.sshCommand
2026-10-08T01:51:33.0040338Z [command]/usr/bin/git submodule foreach --recursive sh -c "git config --local --name-only --get-regexp 'core\.sshCommand' && git config --local --unset-all 'core.sshCommand' || :"
2026-10-08T01:51:33.0436085Z [command]/usr/bin/git config --local --name-only --get-regexp http\.https\:\/\/github\.com\/\.extraheader
2026-10-08T01:51:33.0475333Z [command]/usr/bin/git submodule foreach --recursive sh -c "git config --local --name-only --get-regexp 'http\.https\:\/\/github\.com\/\.extraheader' && git config --local --unset-all 'http.https://github.com/.extraheader' || :"
2026-10-08T01:51:33.0725172Z [command]/usr/bin/git config --local --name-only --get-regexp ^includeIf\.gitdir:
2026-10-08T01:51:33.0767147Z [command]/usr/bin/git submodule foreach --recursive git config --local --show-origin --name-only --get-regexp remote.origin.url
2026-10-08T01:51:33.1002130Z [command]/usr/bin/git config --local http.https://github.com/.extraheader AUTHORIZATION: basic ***
2026-10-08T01:51:33.1046208Z ##[endgroup]
2026-10-08T01:51:33.1047088Z ##[group]Fetching the repository
2026-10-08T01:51:33.1058071Z [command]/usr/bin/git -c protocol.version=2 fetch --prune --no-recurse-submodules origin +refs/heads/*:refs/remotes/origin/* +refs/tags/*:refs/tags/* +672ad0c903ee5707e1d4bc2a4b4ea83c86b52ee4:refs/remotes/pull/434/merge
2026-10-08T01:51:36.0412193Z From https://github.com/goodwind-cz/aai
2026-10-08T01:51:36.0421747Z  * [new branch]        change/amendment-signature-asks-the-owner-too-often -> origin/change/amendment-signature-asks-the-owner-too-often
2026-10-08T01:51:36.0425777Z  * [new branch]        change/downstream-rides-ask-no-governance-questions -> origin/change/downstream-rides-ask-no-governance-questions
2026-10-08T01:51:36.0429201Z  * [new branch]        change/original-request-outcome-backcheck -> origin/change/original-request-outcome-backcheck
2026-10-08T01:51:36.0432718Z  * [new branch]        change/pr-capability-preflight           -> origin/change/pr-capability-preflight
2026-10-08T01:51:36.0435807Z  * [new branch]        change/roadmap-serves-downstream-projects -> origin/change/roadmap-serves-downstream-projects
2026-10-08T01:51:36.0439144Z  * [new branch]        chore/close-userguide-catalog-item       -> origin/chore/close-userguide-catalog-item
2026-10-08T01:51:36.0442528Z  * [new branch]        chore/intake-routing-tables-owner-and-seam -> origin/chore/intake-routing-tables-owner-and-seam
2026-10-08T01:51:36.0445479Z  * [new branch]        chore/release-v2026.09.25                -> origin/chore/release-v2026.09.25
2026-10-08T01:51:36.0448157Z  * [new branch]        chore/release-v2026.09.28                -> origin/chore/release-v2026.09.28
2026-10-08T01:51:36.0451252Z  * [new branch]        chore/wave-3-intakes                     -> origin/chore/wave-3-intakes
2026-10-08T01:51:36.0454627Z  * [new branch]        cursor/feedback-triage-missing-output-dir-a7ce -> origin/cursor/feedback-triage-missing-output-dir-a7ce
2026-10-08T01:51:36.0458351Z  * [new branch]        cursor/gpt-6-pricing-family-67e6         -> origin/cursor/gpt-6-pricing-family-67e6
2026-10-08T01:51:36.0462489Z  * [new branch]        cursor/mutation-clone-fidelity-windows-eol-a7ce -> origin/cursor/mutation-clone-fidelity-windows-eol-a7ce
2026-10-08T01:51:36.0466714Z  * [new branch]        cursor/mutation-clone-windows-run-chain-5e0a -> origin/cursor/mutation-clone-windows-run-chain-5e0a
2026-10-08T01:51:36.0470936Z  * [new branch]        cursor/polydao-graph-loop-ideas-fa9c     -> origin/cursor/polydao-graph-loop-ideas-fa9c
2026-10-08T01:51:36.0474913Z  * [new branch]        cursor/pricing-missing-models-and-refresh-94d5 -> origin/cursor/pricing-missing-models-and-refresh-94d5
2026-10-08T01:51:36.0479194Z  * [new branch]        cursor/prompts-invoke-wsl-bash-on-windows-a7ce -> origin/cursor/prompts-invoke-wsl-bash-on-windows-a7ce
2026-10-08T01:51:36.0483768Z  * [new branch]        cursor/strategy-unscoped-from-current-focus-a7ce -> origin/cursor/strategy-unscoped-from-current-focus-a7ce
2026-10-08T01:51:36.0486909Z  * [new branch]        exp-0113-phase1                          -> origin/exp-0113-phase1
2026-10-08T01:51:36.0490142Z  * [new branch]        feat/antigravity-cli-skill-paths         -> origin/feat/antigravity-cli-skill-paths
2026-10-08T01:51:36.0493339Z  * [new branch]        feat/canon-is-a-build-artifact           -> origin/feat/canon-is-a-build-artifact
2026-10-08T01:51:36.0496729Z  * [new branch]        feat/cheap-model-in-practice             -> origin/feat/cheap-model-in-practice
2026-10-08T01:51:36.0499641Z  * [new branch]        feat/dev-progress-hub                    -> origin/feat/dev-progress-hub
2026-10-08T01:51:36.0503340Z  * [new branch]        feat/feedback-upsert-review              -> origin/feat/feedback-upsert-review
2026-10-08T01:51:36.0506383Z  * [new branch]        feat/friction-channel-sweep              -> origin/feat/friction-channel-sweep
2026-10-08T01:51:36.0509377Z  * [new branch]        feat/learned-append-gate                 -> origin/feat/learned-append-gate
2026-10-08T01:51:36.0513617Z  * [new branch]        feat/original-request-outcome-backcheck  -> origin/feat/original-request-outcome-backcheck
2026-10-08T01:51:36.0517404Z  * [new branch]        feat/pr-post-open-review-sweep           -> origin/feat/pr-post-open-review-sweep
2026-10-08T01:51:36.0520864Z  * [new branch]        feat/product-docs-enforced               -> origin/feat/product-docs-enforced
2026-10-08T01:51:36.0524283Z  * [new branch]        feat/prompt-hash-telemetry               -> origin/feat/prompt-hash-telemetry
2026-10-08T01:51:36.0527951Z  * [new branch]        feat/roadmap-takes-direction             -> origin/feat/roadmap-takes-direction
2026-10-08T01:51:36.0532000Z  * [new branch]        feat/role-output-contracts               -> origin/feat/role-output-contracts
2026-10-08T01:51:36.0535857Z  * [new branch]        feat/universality-proof                  -> origin/feat/universality-proof
2026-10-08T01:51:36.0538880Z  * [new branch]        feature/remote-orchestration             -> origin/feature/remote-orchestration
2026-10-08T01:51:36.0542935Z  * [new branch]        fix/canonical-provenance-archived-sources -> origin/fix/canonical-provenance-archived-sources
2026-10-08T01:51:36.0546503Z  * [new branch]        fix/closeout-display-id-match            -> origin/fix/closeout-display-id-match
2026-10-08T01:51:36.0550231Z  * [new branch]        fix/feedback-pipeline-discoverability    -> origin/fix/feedback-pipeline-discoverability
2026-10-08T01:51:36.0553983Z  * [new branch]        fix/gate-checks-declared-mutation        -> origin/fix/gate-checks-declared-mutation
2026-10-08T01:51:36.0557493Z  * [new branch]        fix/growth-pins-dont-wall-the-corpus     -> origin/fix/growth-pins-dont-wall-the-corpus
2026-10-08T01:51:36.0562139Z  * [new branch]        fix/worktree-lacks-vendored-aai-layer-downstream-wt -> origin/fix/worktree-lacks-vendored-aai-layer-downstream-wt
2026-10-08T01:51:36.0566248Z  * [new branch]        main                                     -> origin/main
2026-10-08T01:51:36.0568825Z  * [new branch]        research/polydao-verdicts                -> origin/research/polydao-verdicts
2026-10-08T01:51:36.0571488Z  * [new tag]           v2026.07.04                              -> v2026.07.04
2026-10-08T01:51:36.0573487Z  * [new tag]           v2026.07.20                              -> v2026.07.20
2026-10-08T01:51:36.0575468Z  * [new tag]           v2026.07.22                              -> v2026.07.22
2026-10-08T01:51:36.0577450Z  * [new tag]           v2026.07.24                              -> v2026.07.24
2026-10-08T01:51:36.0579428Z  * [new tag]           v2026.07.26                              -> v2026.07.26
2026-10-08T01:51:36.0581637Z  * [new tag]           v2026.07.28                              -> v2026.07.28
2026-10-08T01:51:36.0583628Z  * [new tag]           v2026.07.28.1                            -> v2026.07.28.1
2026-10-08T01:51:36.0585611Z  * [new tag]           v2026.07.29                              -> v2026.07.29
2026-10-08T01:51:36.0587566Z  * [new tag]           v2026.07.30                              -> v2026.07.30
2026-10-08T01:51:36.0589518Z  * [new tag]           v2026.08.01                              -> v2026.08.01
2026-10-08T01:51:36.0591871Z  * [new tag]           v2026.08.02                              -> v2026.08.02
2026-10-08T01:51:36.0593869Z  * [new tag]           v2026.08.03                              -> v2026.08.03
2026-10-08T01:51:36.0595867Z  * [new tag]           v2026.08.03.2                            -> v2026.08.03.2
2026-10-08T01:51:36.0597992Z  * [new tag]           v2026.08.04                              -> v2026.08.04
2026-10-08T01:51:36.0600379Z  * [new tag]           v2026.08.05                              -> v2026.08.05
2026-10-08T01:51:36.0602435Z  * [new tag]           v2026.08.07                              -> v2026.08.07
2026-10-08T01:51:36.0604440Z  * [new tag]           v2026.08.08                              -> v2026.08.08
2026-10-08T01:51:36.0606432Z  * [new tag]           v2026.08.11                              -> v2026.08.11
2026-10-08T01:51:36.0608400Z  * [new tag]           v2026.08.12                              -> v2026.08.12
2026-10-08T01:51:36.0610524Z  * [new tag]           v2026.08.13                              -> v2026.08.13
2026-10-08T01:51:36.0612557Z  * [new tag]           v2026.08.13.2                            -> v2026.08.13.2
2026-10-08T01:51:36.0614516Z  * [new tag]           v2026.08.14                              -> v2026.08.14
2026-10-08T01:51:36.0616489Z  * [new tag]           v2026.08.16                              -> v2026.08.16
2026-10-08T01:51:36.0618438Z  * [new tag]           v2026.08.23                              -> v2026.08.23
2026-10-08T01:51:36.0620674Z  * [new tag]           v2026.08.27                              -> v2026.08.27
2026-10-08T01:51:36.0622655Z  * [new tag]           v2026.08.29                              -> v2026.08.29
2026-10-08T01:51:36.0624591Z  * [new tag]           v2026.09.01                              -> v2026.09.01
2026-10-08T01:51:36.0626523Z  * [new tag]           v2026.09.06                              -> v2026.09.06
2026-10-08T01:51:36.0628461Z  * [new tag]           v2026.09.08                              -> v2026.09.08
2026-10-08T01:51:36.0630841Z  * [new tag]           v2026.09.09                              -> v2026.09.09
2026-10-08T01:51:36.0632909Z  * [new tag]           v2026.09.21                              -> v2026.09.21
2026-10-08T01:51:36.0634888Z  * [new tag]           v2026.09.25                              -> v2026.09.25
2026-10-08T01:51:36.0636854Z  * [new tag]           v2026.09.28                              -> v2026.09.28
2026-10-08T01:51:36.0638818Z  * [new tag]           v2026.09.30                              -> v2026.09.30
2026-10-08T01:51:36.0641445Z  * [new tag]           v2026.10.02                              -> v2026.10.02
2026-10-08T01:51:36.0643580Z  * [new ref]           672ad0c903ee5707e1d4bc2a4b4ea83c86b52ee4 -> pull/434/merge
2026-10-08T01:51:36.0646205Z  * [new tag]           test-fixture-pre-f2-close-work-item      -> test-fixture-pre-f2-close-work-item
2026-10-08T01:51:36.0648992Z  * [new tag]           test-fixture-pre-f3-guard                -> test-fixture-pre-f3-guard
2026-10-08T01:51:36.0653551Z ##[endgroup]
2026-10-08T01:51:36.0655264Z ##[group]Determining the checkout info
2026-10-08T01:51:36.0657138Z ##[endgroup]
2026-10-08T01:51:36.0658210Z [command]/usr/bin/git sparse-checkout disable
2026-10-08T01:51:36.0661434Z [command]/usr/bin/git config --local --unset-all extensions.worktreeConfig
2026-10-08T01:51:36.0665042Z ##[group]Checking out the ref
2026-10-08T01:51:36.0666722Z [command]/usr/bin/git checkout --progress --force refs/remotes/pull/434/merge
2026-10-08T01:51:36.3036921Z Note: switching to 'refs/remotes/pull/434/merge'.
2026-10-08T01:51:36.3037585Z 
2026-10-08T01:51:36.3038085Z You are in 'detached HEAD' state. You can look around, make experimental
2026-10-08T01:51:36.3038765Z changes and commit them, and you can discard any commits you make in this
2026-10-08T01:51:36.3039351Z state without impacting any branches by switching back to a branch.
2026-10-08T01:51:36.3039669Z 
2026-10-08T01:51:36.3039906Z If you want to create a new branch to retain commits you create, you may
2026-10-08T01:51:36.3040670Z do so (now or later) by using -c with the switch command. Example:
2026-10-08T01:51:36.3040961Z 
2026-10-08T01:51:36.3041106Z   git switch -c <new-branch-name>
2026-10-08T01:51:36.3041318Z 
2026-10-08T01:51:36.3041468Z Or undo this operation with:
2026-10-08T01:51:36.3041663Z 
2026-10-08T01:51:36.3041783Z   git switch -
2026-10-08T01:51:36.3041956Z 
2026-10-08T01:51:36.3042525Z Turn off this advice by setting config variable advice.detachedHead to false
2026-10-08T01:51:36.3042961Z 
2026-10-08T01:51:36.3043367Z HEAD is now at 672ad0c9 Merge 525a05791a24d3d8c894639ce66de9ceed5a01a3 into bdeb425c040ada918dd97e5b878b71e420bad83a
2026-10-08T01:51:36.3065994Z ##[endgroup]
2026-10-08T01:51:36.3120871Z [command]/usr/bin/git log -1 --format=%H
2026-10-08T01:51:36.3152774Z 672ad0c903ee5707e1d4bc2a4b4ea83c86b52ee4
2026-10-08T01:51:36.3515774Z ##[group]Run actions/setup-node@v4
2026-10-08T01:51:36.3516159Z with:
2026-10-08T01:51:36.3516421Z   node-version: 20
2026-10-08T01:51:36.3516689Z   always-auth: false
2026-10-08T01:51:36.3516960Z   check-latest: false
2026-10-08T01:51:36.3519641Z   token: ***
2026-10-08T01:51:36.3519896Z env:
2026-10-08T01:51:36.3520465Z   AAI_TEST_PARALLEL: 4
2026-10-08T01:51:36.3520749Z ##[endgroup]
2026-10-08T01:51:36.5004149Z Attempting to download 20...
2026-10-08T01:51:36.5124356Z (node:2299) [DEP0040] DeprecationWarning: The `punycode` module is deprecated. Please use a userland alternative instead.
2026-10-08T01:51:36.5127064Z (Use `node --trace-deprecation ...` to show where the warning was created)
2026-10-08T01:51:37.1334472Z Acquiring 20.20.2 - x64 from https://github.com/actions/node-versions/releases/download/20.20.2-23521894959/node-20.20.2-linux-x64.tar.gz
2026-10-08T01:51:37.5693142Z Extracting ...
2026-10-08T01:51:37.5811478Z [command]/usr/bin/tar xz --strip 1 --warning=no-unknown-keyword --overwrite -C /home/runner/work/_temp/0abdde2d-cd7f-4491-a411-fb76bcbca823 -f /home/runner/work/_temp/8d680291-6b6d-4768-8666-309d2634f681
2026-10-08T01:51:38.6247838Z Adding to the cache ...
2026-10-08T01:51:40.8012988Z ##[group]Environment details
2026-10-08T01:51:41.0275140Z node: v20.20.2
2026-10-08T01:51:41.0275943Z npm: 10.8.2
2026-10-08T01:51:41.0276261Z yarn: 1.22.22
2026-10-08T01:51:41.0276989Z ##[endgroup]
2026-10-08T01:51:41.0488054Z ##[group]Run set -euo pipefail
2026-10-08T01:51:41.0488442Z [36;1mset -euo pipefail[0m
2026-10-08T01:51:41.0488763Z [36;1mprintf '%s\n' "$SHARD_PLAN" > shard-plan.txt[0m
2026-10-08T01:51:41.0489572Z [36;1mbash tests/skills/lib/shard-plan-check.sh --check shard-plan.txt tests/skills >/dev/null[0m
2026-10-08T01:51:41.0490415Z [36;1mif [ "3" = "all" ]; then[0m
2026-10-08T01:51:41.0490718Z [36;1m  bash tests/skills/test-framework.sh[0m
2026-10-08T01:51:41.0491006Z [36;1melse[0m
2026-10-08T01:51:41.0491377Z [36;1m  SUITES="$(bash tests/skills/lib/shard-plan-check.sh --extract 3 shard-plan.txt)"[0m
2026-10-08T01:51:41.0491813Z [36;1m  args=()[0m
2026-10-08T01:51:41.0492037Z [36;1m  for s in $SUITES; do[0m
2026-10-08T01:51:41.0492291Z [36;1m    args+=(--skill "$s")[0m
2026-10-08T01:51:41.0492530Z [36;1m  done[0m
2026-10-08T01:51:41.0492793Z [36;1m  bash tests/skills/test-framework.sh "${args[@]}"[0m
2026-10-08T01:51:41.0493106Z [36;1mfi[0m
2026-10-08T01:51:41.0752862Z shell: /usr/bin/bash -e {0}
2026-10-08T01:51:41.0753239Z env:
2026-10-08T01:51:41.0753498Z   AAI_TEST_PARALLEL: 4
2026-10-08T01:51:41.0769570Z   SHARD_PLAN: SHARD 1 aai-learned-append weight=434
SHARD 1 aai-hygiene-pack weight=313
SHARD 1 aai-ceremony-levels weight=120
SHARD 1 aai-feedback-upsert weight=91
SHARD 1 aai-mutation-gate weight=82
SHARD 1 aai-suite-isolation weight=77
SHARD 1 aai-doc-numbering weight=43
SHARD 1 aai-orchestration-dispatch weight=39
SHARD 1 aai-git-ref-guard weight=28
SHARD 1 aai-roadmap weight=22
SHARD 1 aai-hooks-overlay weight=18
SHARD 1 aai-factory-report weight=12
SHARD 1 aai-outcome-backcheck weight=10
SHARD 1 aai-canon weight=7
SHARD 1 aai-spec-tools weight=6
SHARD 1 aai-heartbeat weight=5
SHARD 1 aai-role-output weight=5
SHARD 1 aai-docs-canon weight=4
SHARD 1 aai-check-state weight=3
SHARD 1 aai-issues weight=3
SHARD 1 aai-redact weight=3
SHARD 1 aai-session-lock weight=2
SHARD 1 aai-pricing weight=1
SHARD 1 aai-runtime-file weight=1
SHARD 1 aai-userguide-drift weight=1
SHARD 2 aai-merge-policy weight=434
SHARD 2 aai-delta-stage3 weight=278
SHARD 2 aai-run-tests weight=135
SHARD 2 aai-friction weight=93
SHARD 2 aai-sweep-parallel weight=91
SHARD 2 aai-release weight=81
SHARD 2 aai-delta-stage2 weight=56
SHARD 2 aai-follow-ups weight=37
SHARD 2 aai-pr-waiver weight=27
SHARD 2 aai-friction-capture-points weight=19
SHARD 2 aai-ride-select weight=18
SHARD 2 aai-debug-gate weight=10
SHARD 2 aai-pr-platform weight=10
SHARD 2 aai-docs-lock weight=7
SHARD 2 aai-tdd-evidence weight=6
SHARD 2 aai-learned-routing weight=5
SHARD 2 aai-test-canon weight=5
SHARD 2 aai-orchestration-mode weight=4
SHARD 2 aai-docs-hub weight=3
SHARD 2 aai-layer-drift weight=3
SHARD 2 aai-token-capture weight=3
SHARD 2 aai-antigravity-project-skills weight=1
SHARD 2 aai-implementation-mode weight=1
SHARD 2 aai-prompt-hash weight=1
SHARD 2 aai-share weight=1
SHARD 2 aai-userguide-rollup weight=1
SHARD 3 aai-pr-preflight weight=434
SHARD 3 aai-sync-seed weight=234
SHARD 3 aai-doctor weight=149
SHARD 3 aai-doc-number-reservation weight=97
SHARD 3 aai-friction-wiring weight=91
SHARD 3 aai-golden-flow weight=81
SHARD 3 aai-ledger-merge weight=66
SHARD 3 aai-deslop weight=40
SHARD 3 aai-update-check weight=32
SHARD 3 aai-state weight=27
SHARD 3 aai-intake weight=17
SHARD 3 aai-constitution weight=11
SHARD 3 aai-win-fallback weight=10
SHARD 3 aai-hitl-channel weight=6
SHARD 3 aai-routine weight=6
SHARD 3 aai-bootstrap weight=5
SHARD 3 aai-prompt-diet weight=5
SHARD 3 aai-delta-stage1 weight=4
SHARD 3 aai-verify-gate weight=4
SHARD 3 aai-orphan-sweep weight=3
SHARD 3 aai-dashboard weight=2
SHARD 3 aai-reconcile-telemetry weight=2
SHARD 3 aai-pipe-safe weight=1
SHARD 3 aai-prune-stale-briefs weight=1
SHARD 3 aai-suite-select weight=1
SHARD 3 aai-validator-isolation weight=1
SHARD 4 aai-worktree-seed weight=434
SHARD 4 aai-docs-audit weight=161
SHARD 4 aai-repo-tripwire weight=155
SHARD 4 aai-close-work-item weight=112
SHARD 4 aai-hitl-propagation weight=93
SHARD 4 aai-metrics weight=89
SHARD 4 aai-layer-profiles weight=69
SHARD 4 aai-secrets-preflight weight=52
SHARD 4 aai-spec-lint weight=39
SHARD 4 aai-spec-amend weight=28
SHARD 4 aai-live-serve weight=19
SHARD 4 aai-close-reconcile weight=15
SHARD 4 aai-live-status weight=13
SHARD 4 aai-advisory-skills weight=9
SHARD 4 aai-branch-guard weight=9
SHARD 4 aai-update weight=6
SHARD 4 aai-lightweight-lane weight=5
SHARD 4 aai-unattended weight=5
SHARD 4 aai-overview weight=4
SHARD 4 aai-feedback-triage weight=3
SHARD 4 aai-product-docs weight=3
SHARD 4 aai-feedback-status weight=2
SHARD 4 aai-downstream-autopilot weight=1
SHARD 4 aai-planning-probes weight=1
SHARD 4 aai-r-guard weight=1
SHARD 4 aai-tdd weight=1
SHARD 4 aai-worktree weight=1
SHARDS count=4 suites=104
2026-10-08T01:51:41.0782522Z ##[endgroup]
2026-10-08T01:51:41.2368468Z 
2026-10-08T01:51:41.2376805Z AAI Skills Test Framework
2026-10-08T01:51:41.2377443Z =========================
2026-10-08T01:51:41.2377666Z 
2026-10-08T01:51:41.2397768Z [0;34m[INFO][0m Setting up results directory: /home/runner/work/aai/aai/tests/skills/results/test-20261008-015141
2026-10-08T01:51:41.2410703Z [0;34m[INFO][0m Checking system dependencies...
2026-10-08T01:51:42.5993337Z [0;32m[PASS][0m Dependencies checked
2026-10-08T01:51:42.6641118Z [0;34m[INFO][0m Isolation: every suite runs isolated in a disposable git checkout (its own .git, D1) seeded from the working tree
2026-10-08T01:51:42.6643898Z [0;34m[INFO][0m Concurrency: up to 4 suite(s) run at a time (AAI_TEST_PARALLEL=4). Set AAI_TEST_PARALLEL=1 for the serial execution model.
2026-10-08T01:51:42.6657532Z [0;34m[INFO][0m Discovering skill tests...
2026-10-08T01:51:42.6674690Z [0;34m[INFO][0m Found 26 test(s)
2026-10-08T01:51:42.6675265Z [0;34m[INFO][0m 
2026-10-08T01:51:42.6675831Z [0;34m[INFO][0m Running tests...
2026-10-08T01:51:42.6676366Z [0;34m[INFO][0m 
2026-10-08T01:52:21.5593811Z [ 1/26] aai-doc-number-reservation [0;31mFAIL[0m (36.0s) [tripwire NOT ATTESTED — suite exited 1 before completing]
2026-10-08T01:52:21.5609023Z --- Error Details (aai-doc-number-reservation) ---
2026-10-08T01:52:21.5611715Z --- failure lines (whole log) ---
2026-10-08T01:52:21.5722657Z (no explicit failure marker matched — see tail below)
2026-10-08T01:52:21.5723769Z --- tail (last 30 lines) ---
2026-10-08T01:52:21.5764512Z 
2026-10-08T01:52:21.5765591Z AAI Doc-Number Reservation Test Suite (CHANGE-0035 / SPEC-0047)
2026-10-08T01:52:21.5790549Z =================================================================
2026-10-08T01:52:21.5820469Z 
2026-10-08T01:52:21.5831126Z INFO: Checking dependencies...
2026-10-08T01:52:21.5851161Z PASS: Dependencies checked
2026-10-08T01:52:21.5861195Z INFO: TEST-001: allocation creates refs/aai/docnums/<ID> in bare origin AND renames the file...
2026-10-08T01:52:21.5881148Z PASS: TEST-001 reservation ref created in origin, file renamed, no provisional marker
2026-10-08T01:52:21.5911216Z INFO: TEST-002: pre-existing reservation ref -> create-only push rejected -> retries to next free...
2026-10-08T01:52:21.5932391Z PASS: TEST-002 rejection on pre-existing ref retries and lands next free; both refs exist
2026-10-08T01:52:21.5942467Z INFO: TEST-003: number taken on an unmerged origin branch (never locally fetched before) is skipped...
2026-10-08T01:52:21.5971196Z PASS: TEST-003 origin side-branch number scanned and skipped (union candidate scan)
2026-10-08T01:52:21.5991301Z INFO: TEST-004: a naked reservation ref with no doc anywhere is treated as taken...
2026-10-08T01:52:21.5992693Z PASS: TEST-004 naked reservation ref treated as taken
2026-10-08T01:52:21.5994203Z INFO: TEST-005: unreachable origin -> allocation proceeds, marks number_reserved: false, warns, exit 0...
2026-10-08T01:52:21.5995823Z PASS: TEST-005 offline/no-permission fallback: provisional marker + WARNING + exit 0
2026-10-08T01:52:21.5997262Z INFO: TEST-006: --guard exit 4 when staged TYPE-NNNN exists on base ref under a different id...
2026-10-08T01:52:21.5998815Z PASS: TEST-006 guard cross-branch collision exit 4 naming both ids; matching id is a negative control
2026-10-08T01:52:21.6001234Z INFO: TEST-007: --guard blocks number_reserved: false; --reserve completes or exits 4 on collision...
2026-10-08T01:52:21.6003181Z PASS: TEST-007 guard blocks unreserved marker; --reserve completes clean or exits 4 on collision
2026-10-08T01:52:21.6005347Z INFO: TEST-008: spec-lint --slug-handles flags an artifact filename with no merged doc; clean once merged...
2026-10-08T01:52:21.6007082Z PASS: TEST-008 slug-handles lint warns on unconfirmed handle, clean once the doc exists
2026-10-08T01:52:21.6008780Z INFO: TEST-009: coupled_families union (max 5, max 3 -> 6 for both); one atomic push creates both refs...
2026-10-08T01:52:21.6011150Z PASS: TEST-009 coupled union counter (6 for both); one atomic push created both refs
2026-10-08T01:52:21.6012803Z INFO: TEST-010: one member ref pre-exists -> neither ref created at that number; pair retries together...
2026-10-08T01:52:21.6014475Z PASS: TEST-010 atomic all-or-nothing: neither ref at the colliding number, pair retried together
2026-10-08T01:52:21.6016860Z INFO: TEST-011: existing tests/skills/test-aai-doc-numbering.sh suite stays green (D9 back-compat)...
2026-10-08T01:52:21.6018192Z --- end aai-doc-number-reservation ---
2026-10-08T01:52:57.3031995Z [ 2/26] aai-pr-preflight     [0;32mPASS[0m (72.0s)
2026-10-08T01:53:41.7954456Z [ 3/26] aai-friction-wiring  [0;32mPASS[0m (78.0s)
2026-10-08T01:54:26.4981538Z [ 4/26] aai-golden-flow      [0;32mPASS[0m (87.0s)
2026-10-08T01:54:30.7374070Z [ 5/26] aai-doctor           [0;32mPASS[0m (165.0s)
2026-10-08T01:55:07.1091467Z [ 6/26] aai-update-check     [0;32mPASS[0m (35.0s)
2026-10-08T01:55:11.0734079Z [ 7/26] aai-ledger-merge     [0;32mPASS[0m (88.0s)
2026-10-08T01:55:11.6243853Z [ 8/26] aai-deslop           [0;31mFAIL[0m (43.0s) [tripwire NOT ATTESTED — suite exited 1 before completing]
2026-10-08T01:55:11.6291055Z --- Error Details (aai-deslop) ---
2026-10-08T01:55:11.6310665Z --- failure lines (whole log) ---
2026-10-08T01:55:11.6328993Z 31:FAIL TEST-028 published surfaces state the new rule
2026-10-08T01:55:11.6336829Z 37:Some tests FAILED.
2026-10-08T01:55:11.6362851Z --- tail (last 30 lines) ---
2026-10-08T01:55:11.6374120Z PASS TEST-006 exit 0 (clean / with-candidates / empty-input-set), exit 2 only for usage errors, source-proven
2026-10-08T01:55:11.6376847Z PASS TEST-007 empty diff exits 0 with the literal rerun-with-all note (prompt offers --all, no terminal stop wording); a non-empty diff outside the scanned surface and a deletion-only diff each get their own honest treatment, never 'empty diff'
2026-10-08T01:55:11.6379649Z PASS TEST-008 suppressed == 3 in both forms; both carry all four disclosure sentences (including the residual-class TEXT-NOT-A-FLAG line)
2026-10-08T01:55:11.6381915Z PASS TEST-009 prompt Scope contracts (<=90 lines, ask-and-stop, both tokens, engine lines, scope-bound rule, no false default, no inverted bound)
2026-10-08T01:55:11.6391044Z   TEST-010 baseline (not asserted): real-repo --all candidates=62 suppressed=797
2026-10-08T01:55:11.6392830Z PASS TEST-010 real-repo --all scope exits 0 with well-formed header + LIMITS (candidates=62, not pinned)
2026-10-08T01:55:11.6405041Z PASS TEST-011 tests/skills/test-aai-advisory-skills.sh exits 0 after the deslop prompt rewrite
2026-10-08T01:55:11.6431140Z PASS TEST-012 prompt-diet ledger true-up (suite green, entry names both files)
2026-10-08T01:55:11.6432555Z PASS TEST-013 governance companions (PROFILES extended entry, suite-map row, full test registration)
2026-10-08T01:55:11.6434732Z PASS TEST-014 no description surface claims diff-only; catalog regeneration matches committed content (not stale) and is idempotent (generated in a mirror, PROJECT_ROOT untouched)
2026-10-08T01:55:11.6440986Z PASS TEST-015 cli-flag precision: CSS custom property, git()/direct-execFileSync/cmd-passthrough/local-array-indirection external-tool arguments and comment-only occurrences all excluded (.mjs); node self-invoke and genuine own-flags in real code survive under both scopes; the .sh external-tool exclusion is command-word/position-based so a script's own flag sitting BEFORE, or beside only in a comment/string, an external mention always survives, while a real (possibly $(...)-nested) invocation genuinely AFTER the command word is still excluded
2026-10-08T01:55:11.6445697Z PASS TEST-016 --all scope invoked from the wrong cwd degrades with a NOTE instead of a silent zero-candidate clean bill
2026-10-08T01:55:11.6447322Z PASS TEST-017 --diff in a non-git cwd surfaces the git failure explicitly, distinct from an empty-diff clean scan
2026-10-08T01:55:11.6449618Z PASS TEST-018 a --base range diff that fails outright (no merge base between two unrelated histories) surfaces an explicit git-failure NOTE rather than reading as a clean empty-diff scan
2026-10-08T01:55:11.6482756Z PASS TEST-019 a diff whose only change is a COMPLETE file deletion (+++ /dev/null) is preserved as touched, never misread as an empty diff
2026-10-08T01:55:11.6485561Z PASS TEST-020 a stale/unreadable STATE.yaml focus path is never silently dropped: a fully-stale corpus degrades to the named EMPTY-corpus note, a partially-stale corpus names the skipped path while the readable document still suppresses
2026-10-08T01:55:11.6488159Z PASS TEST-021 a flag-shaped token following --base (--json, --all) is rejected as a usage error rather than silently consumed as the ref
2026-10-08T01:55:11.6490581Z PASS TEST-022 the widened corpus rule the code applies and the rule the header/json state are the same rule, in the populated AND the empty branch
2026-10-08T01:55:11.6493095Z PASS TEST-023 a done change document suppresses the symbol it names, a draft one does not; the three real-tree symbols are gone and each is genuinely named in a corpus document outside docs/specs
2026-10-08T01:55:11.6495868Z PASS TEST-024 a findings document never suppresses the symbols it names; the real adjudication table is relocated out of the corpus with a pointer left behind and the prompt states the convention
2026-10-08T01:55:11.6498544Z PASS TEST-025 an unreadable --all corpus document is named with the --diff path's own sentence; a fully-unreadable corpus degrades to the named EMPTY-corpus note, both at exit 0
2026-10-08T01:55:11.6502639Z PASS TEST-026 document accounting balances on a fixture covering every bucket, on the real repository, under --diff with an unreadable STATE-named document and under --all on a corpus empty by filter that also carries an unreadable member; the header prints every bucket on its own whole line; --diff carries the same excluded key set
2026-10-08T01:55:11.6521869Z   TEST-028: docs-audit exited 0 but is NOT clean — verdict: NEEDS-TRIAGE (1 items)
2026-10-08T01:55:11.6529792Z FAIL TEST-028 published surfaces state the new rule
2026-10-08T01:55:11.6531978Z   Test: the released-CHANGELOG section comparison (TEST-028) reddens on a one-byte edit inside the released section of a SCRATCH copy, and stays clean on an untouched copy (TEST-447)...
2026-10-08T01:55:11.6534844Z PASS TEST-447 the released-CHANGELOG section comparison reddens on a one-byte edit inside the released section, stays clean on an untouched copy, and ignores an edit outside the section
2026-10-08T01:55:11.6536776Z PASS TEST-030 all four deslop-corpus-honesty registry follow-ups are closed
2026-10-08T01:55:11.6539645Z PASS TEST-031 an unreadable corpus directory is named in notes, in requirement_corpus.unreadable_dirs and in the header as outside the accounting; the readable half still suppresses; an empty corpus caused by one says so; an absent directory is not reported; every run exits 0
2026-10-08T01:55:11.6541997Z 
2026-10-08T01:55:11.6542397Z Some tests FAILED.
2026-10-08T01:55:11.6542943Z --- end aai-deslop ---
2026-10-08T01:55:24.6338667Z [ 9/26] aai-constitution     [0;32mPASS[0m (12.0s)
2026-10-08T01:55:30.1547766Z [10/26] aai-intake           [0;32mPASS[0m (17.0s)
2026-10-08T01:55:34.7464883Z [11/26] aai-win-fallback     [0;32mPASS[0m (8.0s)
2026-10-08T01:55:36.9401847Z [12/26] aai-hitl-channel     [0;32mPASS[0m (6.0s)
2026-10-08T01:55:42.9879114Z [13/26] aai-state            [1;33mSKIP[0m (34.0s) [tripwire NOT ATTESTED — suite skipped (exit 42), it never ran]
2026-10-08T01:55:43.5142003Z [14/26] aai-bootstrap        [0;32mPASS[0m (4.0s)
2026-10-08T01:55:44.0651754Z [15/26] aai-routine          [0;32mPASS[0m (8.0s)
2026-10-08T01:55:49.8806011Z [16/26] aai-verify-gate      [0;32mPASS[0m (4.0s)
2026-10-08T01:55:50.4311786Z [17/26] aai-delta-stage1     [0;32mPASS[0m (5.0s)
2026-10-08T01:55:52.0848933Z [18/26] aai-prompt-diet      [0;32mPASS[0m (7.0s)
2026-10-08T01:55:53.5856342Z [19/26] aai-dashboard        [0;32mPASS[0m (1.0s)
2026-10-08T01:55:54.5590988Z [20/26] aai-orphan-sweep     [0;32mPASS[0m (2.0s)
2026-10-08T01:55:55.3572148Z [21/26] aai-reconcile-telemetry [0;32mPASS[0m (1.0s)
2026-10-08T01:55:56.6062401Z [22/26] aai-pipe-safe        [0;32mPASS[0m (2.0s)
2026-10-08T01:55:57.1581551Z [23/26] aai-prune-stale-briefs [0;32mPASS[0m (0.0s)
2026-10-08T01:55:58.0581303Z [24/26] aai-validator-isolation [0;32mPASS[0m (0.0s)
2026-10-08T01:56:00.2308942Z [25/26] aai-suite-select     [0;32mPASS[0m (3.0s)
2026-10-08T01:57:10.5139322Z [26/26] aai-sync-seed        [0;32mPASS[0m (325.0s)
2026-10-08T01:57:10.5548595Z [0;34m[INFO][0m 
2026-10-08T01:57:10.5549093Z [0;34m[INFO][0m 
2026-10-08T01:57:10.5549639Z [0;34m[INFO][0m =========================================
2026-10-08T01:57:10.5550414Z [0;34m[INFO][0m Test Summary
2026-10-08T01:57:10.5551042Z [0;34m[INFO][0m =========================================
2026-10-08T01:57:10.5551538Z [0;34m[INFO][0m Total:   26
2026-10-08T01:57:10.5552083Z [0;32m[PASS][0m Passed:  23 (88%)
2026-10-08T01:57:10.5552472Z [1;33m[SKIP][0m Skipped: 1 (3%)
2026-10-08T01:57:10.5553269Z [0;34m[INFO][0m Tripwire: 23/26 suite(s) attested clean; 3 not attested (skipped, failed, allowlisted, or unguarded)
2026-10-08T01:57:10.5554217Z [0;34m[INFO][0m Isolation: 26/26 suite(s) isolated; 0 degraded
2026-10-08T01:57:10.5555054Z [0;34m[INFO][0m Seeding: 26/26 suite(s) fully seeded; 0 partial; 0 skipped
2026-10-08T01:57:10.5556050Z [0;34m[INFO][0m Concurrency: width 4; 0 wave(s) re-run serially (0 suite(s) total) to attribute a shipping-repository change
2026-10-08T01:57:10.5556698Z [0;34m[INFO][0m 
2026-10-08T01:57:10.5557484Z [0;34m[INFO][0m Results saved to: /home/runner/work/aai/aai/tests/skills/results/test-20261008-015141
2026-10-08T01:57:10.5558189Z [0;31m[FAIL][0m Failed:  2 (7%)
2026-10-08T01:57:10.6081758Z ##[error]Process completed with exit code 1.
2026-10-08T01:57:10.6253892Z Post job cleanup.
2026-10-08T01:57:10.7130043Z [command]/usr/bin/git version
2026-10-08T01:57:10.7174035Z git version 2.55.0
2026-10-08T01:57:10.7213605Z Temporarily overriding HOME='/home/runner/work/_temp/7252322c-5d37-485f-9c2f-ad556b0e543d' before making global git config changes
2026-10-08T01:57:10.7215216Z Adding repository directory to the temporary git global config as a safe directory
2026-10-08T01:57:10.7219678Z [command]/usr/bin/git config --global --add safe.directory /home/runner/work/aai/aai
2026-10-08T01:57:10.7259062Z [command]/usr/bin/git config --local --name-only --get-regexp core\.sshCommand
2026-10-08T01:57:10.7295406Z [command]/usr/bin/git submodule foreach --recursive sh -c "git config --local --name-only --get-regexp 'core\.sshCommand' && git config --local --unset-all 'core.sshCommand' || :"
2026-10-08T01:57:10.7544468Z [command]/usr/bin/git config --local --name-only --get-regexp http\.https\:\/\/github\.com\/\.extraheader
2026-10-08T01:57:10.7568934Z http.https://github.com/.extraheader
2026-10-08T01:57:10.7582250Z [command]/usr/bin/git config --local --unset-all http.https://github.com/.extraheader
2026-10-08T01:57:10.7622385Z [command]/usr/bin/git submodule foreach --recursive sh -c "git config --local --name-only --get-regexp 'http\.https\:\/\/github\.com\/\.extraheader' && git config --local --unset-all 'http.https://github.com/.extraheader' || :"
2026-10-08T01:57:10.7892198Z [command]/usr/bin/git config --local --name-only --get-regexp ^includeIf\.gitdir:
2026-10-08T01:57:10.7932125Z [command]/usr/bin/git submodule foreach --recursive git config --local --show-origin --name-only --get-regexp remote.origin.url
2026-10-08T01:57:10.8362339Z Cleaning up orphan processes
2026-10-08T01:57:10.8700249Z Terminate orphan process: pid (236071) (git)
2026-10-08T01:57:10.8734396Z Terminate orphan process: pid (236073) (git-remote-http)
2026-10-08T01:57:10.8767827Z Terminate orphan process: pid (238230) (git)
2026-10-08T01:57:10.8801175Z Terminate orphan process: pid (238231) (git-remote-http)
2026-10-08T01:57:10.8809398Z ##[warning]Node.js 20 is deprecated. The following actions target Node.js 20 but are being forced to run on Node.js 24: actions/checkout@v4, actions/setup-node@v4. For more information see: https://github.blog/changelog/2025-09-19-deprecation-of-node-20-on-github-actions-runners/
