{"remote":"ssh://git@ssh.github.com:443/Org/Repo.git","effective_fetch":"ssh://git@ssh.github.com:443/Org/Repo.git","effective_push":"ssh://git@ssh.github.com:443/Org/Repo.git","preflight_status":0,"preflight":{"schema_version":1,"platform":"github","repository":{"host":"github.com","repository":"Org/Repo"},"remote_name":"origin","source_branch":"change/pr-capability-preflight","target_branch":"main","head_sha":"3833053e15e4c455511e58fde5c1c071dfb3439f","outcome":"read_verified","code":"READ_VERIFIED","operation":"github.readiness","remedy":"Repository read access verified at invocation time; future PR create permission remains unknown.","create_permission":"unknown"},"provider_calls":[["--version"],["auth","status","--hostname","github.com"],["repo","view","Org/Repo","--json","nameWithOwner,url"]],"transport_status":0,"transport_stdout":"3833053e15e4c455511e58fde5c1c071dfb3439f\tHEAD\n3833053e15e4c455511e58fde5c1c071dfb3439f\trefs/heads/change/pr-capability-preflight\n","transport_stderr":"","ssh_argv":[["-o","SendEnv=GIT_PROTOCOL","-p","443","git@ssh.github.com","git-upload-pack '/Org/Repo.git'"]]}
{"remote":"ssh://git:synthetic-password@ssh.github.com:443/Org/Repo.git","effective_fetch":"ssh://git:synthetic-password@ssh.github.com:443/Org/Repo.git","effective_push":"ssh://git:synthetic-password@ssh.github.com:443/Org/Repo.git","preflight_status":0,"preflight":{"schema_version":1,"platform":"github","repository":{"host":"github.com","repository":"Org/Repo"},"remote_name":"origin","source_branch":"change/pr-capability-preflight","target_branch":"main","head_sha":"3833053e15e4c455511e58fde5c1c071dfb3439f","outcome":"read_verified","code":"READ_VERIFIED","operation":"github.readiness","remedy":"Repository read access verified at invocation time; future PR create permission remains unknown.","create_permission":"unknown"},"provider_calls":[["--version"],["auth","status","--hostname","github.com"],["repo","view","Org/Repo","--json","nameWithOwner,url"]],"transport_status":0,"transport_stdout":"3833053e15e4c455511e58fde5c1c071dfb3439f\tHEAD\n3833053e15e4c455511e58fde5c1c071dfb3439f\trefs/heads/change/pr-capability-preflight\n","transport_stderr":"","ssh_argv":[["-o","SendEnv=GIT_PROTOCOL","git:synthetic-password@ssh.github.com:443","git-upload-pack '/Org/Repo.git'"]]}
node:internal/assert/utils:146
  throw error;
  ^

AssertionError [ERR_ASSERTION]: password-bearing SSH route must refuse before provider success

0 !== 2

    at Object.<anonymous> (/private/tmp/aai-pr434-raw-review-scratch/password.cjs:25:8)
    at Module._compile (node:internal/modules/cjs/loader:1934:14)
    at Object..js (node:internal/modules/cjs/loader:2074:10)
    at Module.load (node:internal/modules/cjs/loader:1656:32)
    at Module._load (node:internal/modules/cjs/loader:1448:12)
    at wrapModuleLoad (node:internal/modules/cjs/loader:261:19)
    at Module.executeUserEntryPoint [as runMain] (node:internal/modules/run_main:154:5)
    at node:internal/main/run_main_module:33:47 {
  generatedMessage: false,
  code: 'ERR_ASSERTION',
  actual: 0,
  expected: 2,
  operator: 'strictEqual',
  diff: 'simple'
}

Node.js v26.8.2
