2026-10-08T00:44:09.5031799Z Current runner version: '2.337.0'
2026-10-08T00:44:09.5059449Z ##[group]Runner Image Provisioner
2026-10-08T00:44:09.5060950Z Hosted Compute Agent
2026-10-08T00:44:09.5061593Z Version: 20260901.588
2026-10-08T00:44:09.5062310Z Commit: f88ec8081b781fac6c440065ac7ff9e710ce3d0b
2026-10-08T00:44:09.5063042Z Build Date: 2026-09-01T19:56:44Z
2026-10-08T00:44:09.5063727Z Worker ID: {6adfd93f-f9bb-4a94-be17-de28cea3c4cb}
2026-10-08T00:44:09.5064541Z Azure Region: westus
2026-10-08T00:44:09.5065144Z ##[endgroup]
2026-10-08T00:44:09.5066831Z ##[group]Operating System
2026-10-08T00:44:09.5067476Z Ubuntu
2026-10-08T00:44:09.5067981Z 24.04.5
2026-10-08T00:44:09.5068558Z LTS
2026-10-08T00:44:09.5069103Z ##[endgroup]
2026-10-08T00:44:09.5069694Z ##[group]Runner Image
2026-10-08T00:44:09.5070513Z Image: ubuntu-24.04
2026-10-08T00:44:09.5071083Z Version: 20260927.320.1
2026-10-08T00:44:09.5072468Z Included Software: https://github.com/actions/runner-images/blob/ubuntu24/20260927.320/images/ubuntu/Ubuntu2404-Readme.md
2026-10-08T00:44:09.5074089Z Image Release: https://github.com/actions/runner-images/releases/tag/ubuntu24%2F20260927.320
2026-10-08T00:44:09.5075111Z ##[endgroup]
2026-10-08T00:44:09.5076291Z ##[group]GITHUB_TOKEN Permissions
2026-10-08T00:44:09.5078594Z Contents: read
2026-10-08T00:44:09.5079203Z Metadata: read
2026-10-08T00:44:09.5079892Z ##[endgroup]
2026-10-08T00:44:09.5082527Z Secret source: Actions
2026-10-08T00:44:09.5083575Z Cache mode: write
2026-10-08T00:44:09.5084331Z Prepare workflow directory
2026-10-08T00:44:09.5509219Z Prepare all required actions
2026-10-08T00:44:09.5587202Z Getting action download info
2026-10-08T00:44:09.9259057Z Download action repository 'actions/checkout@v4' (SHA:11d5960a326750d5838078e36cf38b85af677262)
2026-10-08T00:44:10.0406501Z Download action repository 'actions/setup-node@v4' (SHA:49933ea5288caeca8642d1e84afbd3f7d6820020)
2026-10-08T00:44:10.2363094Z Complete job name: skill test suite (full framework, via test-framework.sh) (1)
2026-10-08T00:44:10.3201929Z ##[group]Run actions/checkout@v4
2026-10-08T00:44:10.3202866Z with:
2026-10-08T00:44:10.3203300Z   fetch-depth: 0
2026-10-08T00:44:10.3203780Z   repository: goodwind-cz/aai
2026-10-08T00:44:10.3207600Z   token: ***
2026-10-08T00:44:10.3208041Z   ssh-strict: true
2026-10-08T00:44:10.3208491Z   ssh-user: git
2026-10-08T00:44:10.3208946Z   persist-credentials: true
2026-10-08T00:44:10.3209445Z   clean: true
2026-10-08T00:44:10.3209899Z   sparse-checkout-cone-mode: true
2026-10-08T00:44:10.3210984Z   fetch-tags: false
2026-10-08T00:44:10.3211458Z   show-progress: true
2026-10-08T00:44:10.3211927Z   lfs: false
2026-10-08T00:44:10.3212351Z   submodules: false
2026-10-08T00:44:10.3212809Z   set-safe-directory: true
2026-10-08T00:44:10.3213335Z   allow-unsafe-pr-checkout: false
2026-10-08T00:44:10.3214227Z env:
2026-10-08T00:44:10.3214661Z   AAI_TEST_PARALLEL: 4
2026-10-08T00:44:10.3215127Z ##[endgroup]
2026-10-08T00:44:10.4288919Z Syncing repository: goodwind-cz/aai
2026-10-08T00:44:10.4292225Z ##[group]Getting Git version info
2026-10-08T00:44:10.4293026Z Working directory is '/home/runner/work/aai/aai'
2026-10-08T00:44:10.4294375Z [command]/usr/bin/git version
2026-10-08T00:44:10.4359795Z git version 2.55.0
2026-10-08T00:44:10.4391249Z ##[endgroup]
2026-10-08T00:44:10.4407633Z Temporarily overriding HOME='/home/runner/work/_temp/7e53f291-6465-4114-905d-471d13d72852' before making global git config changes
2026-10-08T00:44:10.4409924Z Adding repository directory to the temporary git global config as a safe directory
2026-10-08T00:44:10.4414568Z [command]/usr/bin/git config --global --add safe.directory /home/runner/work/aai/aai
2026-10-08T00:44:10.4473090Z Deleting the contents of '/home/runner/work/aai/aai'
2026-10-08T00:44:10.4479109Z ##[group]Initializing the repository
2026-10-08T00:44:10.4484048Z [command]/usr/bin/git init /home/runner/work/aai/aai
2026-10-08T00:44:10.4595786Z hint: Using 'master' as the name for the initial branch. This default branch name
2026-10-08T00:44:10.4598279Z hint: will change to "main" in Git 3.0. To configure the initial branch name
2026-10-08T00:44:10.4600532Z hint: to use in all of your new repositories, which will suppress this warning,
2026-10-08T00:44:10.4602234Z hint: call:
2026-10-08T00:44:10.4603266Z hint:
2026-10-08T00:44:10.4604163Z hint: 	git config --global init.defaultBranch <name>
2026-10-08T00:44:10.4604850Z hint:
2026-10-08T00:44:10.4605789Z hint: Names commonly chosen instead of 'master' are 'main', 'trunk' and
2026-10-08T00:44:10.4606973Z hint: 'development'. The just-created branch can be renamed via this command:
2026-10-08T00:44:10.4607719Z hint:
2026-10-08T00:44:10.4608144Z hint: 	git branch -m <name>
2026-10-08T00:44:10.4608624Z hint:
2026-10-08T00:44:10.4609259Z hint: Disable this message with "git config set advice.defaultBranchName false"
2026-10-08T00:44:10.4610578Z Initialized empty Git repository in /home/runner/work/aai/aai/.git/
2026-10-08T00:44:10.4614446Z [command]/usr/bin/git remote add origin https://github.com/goodwind-cz/aai
2026-10-08T00:44:10.4693958Z ##[endgroup]
2026-10-08T00:44:10.4695231Z ##[group]Disabling automatic garbage collection
2026-10-08T00:44:10.4702055Z [command]/usr/bin/git config --local gc.auto 0
2026-10-08T00:44:10.4747753Z ##[endgroup]
2026-10-08T00:44:10.4749572Z ##[group]Setting up auth
2026-10-08T00:44:10.4756104Z [command]/usr/bin/git config --local --name-only --get-regexp core\.sshCommand
2026-10-08T00:44:10.4807635Z [command]/usr/bin/git submodule foreach --recursive sh -c "git config --local --name-only --get-regexp 'core\.sshCommand' && git config --local --unset-all 'core.sshCommand' || :"
2026-10-08T00:44:10.5222653Z [command]/usr/bin/git config --local --name-only --get-regexp http\.https\:\/\/github\.com\/\.extraheader
2026-10-08T00:44:10.5266411Z [command]/usr/bin/git submodule foreach --recursive sh -c "git config --local --name-only --get-regexp 'http\.https\:\/\/github\.com\/\.extraheader' && git config --local --unset-all 'http.https://github.com/.extraheader' || :"
2026-10-08T00:44:10.5519711Z [command]/usr/bin/git config --local --name-only --get-regexp ^includeIf\.gitdir:
2026-10-08T00:44:10.5566633Z [command]/usr/bin/git submodule foreach --recursive git config --local --show-origin --name-only --get-regexp remote.origin.url
2026-10-08T00:44:10.5843270Z [command]/usr/bin/git config --local http.https://github.com/.extraheader AUTHORIZATION: basic ***
2026-10-08T00:44:10.5895061Z ##[endgroup]
2026-10-08T00:44:10.5896169Z ##[group]Fetching the repository
2026-10-08T00:44:10.5911411Z [command]/usr/bin/git -c protocol.version=2 fetch --prune --no-recurse-submodules origin +refs/heads/*:refs/remotes/origin/* +refs/tags/*:refs/tags/* +549a7652a23e04f2eb15a75d5db4e5a410512a82:refs/remotes/pull/434/merge
2026-10-08T00:44:13.0855893Z From https://github.com/goodwind-cz/aai
2026-10-08T00:44:13.0861126Z  * [new branch]        change/amendment-signature-asks-the-owner-too-often -> origin/change/amendment-signature-asks-the-owner-too-often
2026-10-08T00:44:13.0866990Z  * [new branch]        change/downstream-rides-ask-no-governance-questions -> origin/change/downstream-rides-ask-no-governance-questions
2026-10-08T00:44:13.0872882Z  * [new branch]        change/original-request-outcome-backcheck -> origin/change/original-request-outcome-backcheck
2026-10-08T00:44:13.0876671Z  * [new branch]        change/pr-capability-preflight           -> origin/change/pr-capability-preflight
2026-10-08T00:44:13.0879703Z  * [new branch]        change/roadmap-serves-downstream-projects -> origin/change/roadmap-serves-downstream-projects
2026-10-08T00:44:13.0884572Z  * [new branch]        chore/close-userguide-catalog-item       -> origin/chore/close-userguide-catalog-item
2026-10-08T00:44:13.0888420Z  * [new branch]        chore/intake-routing-tables-owner-and-seam -> origin/chore/intake-routing-tables-owner-and-seam
2026-10-08T00:44:13.0891693Z  * [new branch]        chore/release-v2026.09.25                -> origin/chore/release-v2026.09.25
2026-10-08T00:44:13.0894109Z  * [new branch]        chore/release-v2026.09.28                -> origin/chore/release-v2026.09.28
2026-10-08T00:44:13.0897036Z  * [new branch]        chore/wave-3-intakes                     -> origin/chore/wave-3-intakes
2026-10-08T00:44:13.0900777Z  * [new branch]        cursor/feedback-triage-missing-output-dir-a7ce -> origin/cursor/feedback-triage-missing-output-dir-a7ce
2026-10-08T00:44:13.0904498Z  * [new branch]        cursor/gpt-6-pricing-family-67e6         -> origin/cursor/gpt-6-pricing-family-67e6
2026-10-08T00:44:13.0908220Z  * [new branch]        cursor/mutation-clone-fidelity-windows-eol-a7ce -> origin/cursor/mutation-clone-fidelity-windows-eol-a7ce
2026-10-08T00:44:13.0912968Z  * [new branch]        cursor/mutation-clone-windows-run-chain-5e0a -> origin/cursor/mutation-clone-windows-run-chain-5e0a
2026-10-08T00:44:13.0916726Z  * [new branch]        cursor/polydao-graph-loop-ideas-fa9c     -> origin/cursor/polydao-graph-loop-ideas-fa9c
2026-10-08T00:44:13.0921080Z  * [new branch]        cursor/pricing-missing-models-and-refresh-94d5 -> origin/cursor/pricing-missing-models-and-refresh-94d5
2026-10-08T00:44:13.0925659Z  * [new branch]        cursor/prompts-invoke-wsl-bash-on-windows-a7ce -> origin/cursor/prompts-invoke-wsl-bash-on-windows-a7ce
2026-10-08T00:44:13.0929957Z  * [new branch]        cursor/strategy-unscoped-from-current-focus-a7ce -> origin/cursor/strategy-unscoped-from-current-focus-a7ce
2026-10-08T00:44:13.0935029Z  * [new branch]        exp-0113-phase1                          -> origin/exp-0113-phase1
2026-10-08T00:44:13.0938115Z  * [new branch]        feat/antigravity-cli-skill-paths         -> origin/feat/antigravity-cli-skill-paths
2026-10-08T00:44:13.0941656Z  * [new branch]        feat/canon-is-a-build-artifact           -> origin/feat/canon-is-a-build-artifact
2026-10-08T00:44:13.0945215Z  * [new branch]        feat/cheap-model-in-practice             -> origin/feat/cheap-model-in-practice
2026-10-08T00:44:13.0948152Z  * [new branch]        feat/dev-progress-hub                    -> origin/feat/dev-progress-hub
2026-10-08T00:44:13.0951529Z  * [new branch]        feat/feedback-upsert-review              -> origin/feat/feedback-upsert-review
2026-10-08T00:44:13.0954811Z  * [new branch]        feat/friction-channel-sweep              -> origin/feat/friction-channel-sweep
2026-10-08T00:44:13.0957815Z  * [new branch]        feat/learned-append-gate                 -> origin/feat/learned-append-gate
2026-10-08T00:44:13.0961451Z  * [new branch]        feat/original-request-outcome-backcheck  -> origin/feat/original-request-outcome-backcheck
2026-10-08T00:44:13.0965206Z  * [new branch]        feat/pr-post-open-review-sweep           -> origin/feat/pr-post-open-review-sweep
2026-10-08T00:44:13.0968915Z  * [new branch]        feat/product-docs-enforced               -> origin/feat/product-docs-enforced
2026-10-08T00:44:13.0972426Z  * [new branch]        feat/prompt-hash-telemetry               -> origin/feat/prompt-hash-telemetry
2026-10-08T00:44:13.0975870Z  * [new branch]        feat/roadmap-takes-direction             -> origin/feat/roadmap-takes-direction
2026-10-08T00:44:13.0979342Z  * [new branch]        feat/role-output-contracts               -> origin/feat/role-output-contracts
2026-10-08T00:44:13.0983108Z  * [new branch]        feat/universality-proof                  -> origin/feat/universality-proof
2026-10-08T00:44:13.0987288Z  * [new branch]        feature/remote-orchestration             -> origin/feature/remote-orchestration
2026-10-08T00:44:13.0991179Z  * [new branch]        fix/canonical-provenance-archived-sources -> origin/fix/canonical-provenance-archived-sources
2026-10-08T00:44:13.0994924Z  * [new branch]        fix/closeout-display-id-match            -> origin/fix/closeout-display-id-match
2026-10-08T00:44:13.0998327Z  * [new branch]        fix/feedback-pipeline-discoverability    -> origin/fix/feedback-pipeline-discoverability
2026-10-08T00:44:13.1002161Z  * [new branch]        fix/gate-checks-declared-mutation        -> origin/fix/gate-checks-declared-mutation
2026-10-08T00:44:13.1005637Z  * [new branch]        fix/growth-pins-dont-wall-the-corpus     -> origin/fix/growth-pins-dont-wall-the-corpus
2026-10-08T00:44:13.1009950Z  * [new branch]        fix/worktree-lacks-vendored-aai-layer-downstream-wt -> origin/fix/worktree-lacks-vendored-aai-layer-downstream-wt
2026-10-08T00:44:13.1013414Z  * [new branch]        main                                     -> origin/main
2026-10-08T00:44:13.1015905Z  * [new branch]        research/polydao-verdicts                -> origin/research/polydao-verdicts
2026-10-08T00:44:13.1018315Z  * [new tag]           v2026.07.04                              -> v2026.07.04
2026-10-08T00:44:13.1020724Z  * [new tag]           v2026.07.20                              -> v2026.07.20
2026-10-08T00:44:13.1022753Z  * [new tag]           v2026.07.22                              -> v2026.07.22
2026-10-08T00:44:13.1024738Z  * [new tag]           v2026.07.24                              -> v2026.07.24
2026-10-08T00:44:13.1026720Z  * [new tag]           v2026.07.26                              -> v2026.07.26
2026-10-08T00:44:13.1028680Z  * [new tag]           v2026.07.28                              -> v2026.07.28
2026-10-08T00:44:13.1030895Z  * [new tag]           v2026.07.28.1                            -> v2026.07.28.1
2026-10-08T00:44:13.1032832Z  * [new tag]           v2026.07.29                              -> v2026.07.29
2026-10-08T00:44:13.1034749Z  * [new tag]           v2026.07.30                              -> v2026.07.30
2026-10-08T00:44:13.1036651Z  * [new tag]           v2026.08.01                              -> v2026.08.01
2026-10-08T00:44:13.1038581Z  * [new tag]           v2026.08.02                              -> v2026.08.02
2026-10-08T00:44:13.1040793Z  * [new tag]           v2026.08.03                              -> v2026.08.03
2026-10-08T00:44:13.1042782Z  * [new tag]           v2026.08.03.2                            -> v2026.08.03.2
2026-10-08T00:44:13.1044764Z  * [new tag]           v2026.08.04                              -> v2026.08.04
2026-10-08T00:44:13.1046919Z  * [new tag]           v2026.08.05                              -> v2026.08.05
2026-10-08T00:44:13.1049179Z  * [new tag]           v2026.08.07                              -> v2026.08.07
2026-10-08T00:44:13.1051356Z  * [new tag]           v2026.08.08                              -> v2026.08.08
2026-10-08T00:44:13.1053300Z  * [new tag]           v2026.08.11                              -> v2026.08.11
2026-10-08T00:44:13.1055254Z  * [new tag]           v2026.08.12                              -> v2026.08.12
2026-10-08T00:44:13.1057177Z  * [new tag]           v2026.08.13                              -> v2026.08.13
2026-10-08T00:44:13.1059115Z  * [new tag]           v2026.08.13.2                            -> v2026.08.13.2
2026-10-08T00:44:13.1061557Z  * [new tag]           v2026.08.14                              -> v2026.08.14
2026-10-08T00:44:13.1063532Z  * [new tag]           v2026.08.16                              -> v2026.08.16
2026-10-08T00:44:13.1065470Z  * [new tag]           v2026.08.23                              -> v2026.08.23
2026-10-08T00:44:13.1067386Z  * [new tag]           v2026.08.27                              -> v2026.08.27
2026-10-08T00:44:13.1069322Z  * [new tag]           v2026.08.29                              -> v2026.08.29
2026-10-08T00:44:13.1071441Z  * [new tag]           v2026.09.01                              -> v2026.09.01
2026-10-08T00:44:13.1073364Z  * [new tag]           v2026.09.06                              -> v2026.09.06
2026-10-08T00:44:13.1075305Z  * [new tag]           v2026.09.08                              -> v2026.09.08
2026-10-08T00:44:13.1077246Z  * [new tag]           v2026.09.09                              -> v2026.09.09
2026-10-08T00:44:13.1079168Z  * [new tag]           v2026.09.21                              -> v2026.09.21
2026-10-08T00:44:13.1081466Z  * [new tag]           v2026.09.25                              -> v2026.09.25
2026-10-08T00:44:13.1083415Z  * [new tag]           v2026.09.28                              -> v2026.09.28
2026-10-08T00:44:13.1085355Z  * [new tag]           v2026.09.30                              -> v2026.09.30
2026-10-08T00:44:13.1087516Z  * [new tag]           v2026.10.02                              -> v2026.10.02
2026-10-08T00:44:13.1089574Z  * [new ref]           549a7652a23e04f2eb15a75d5db4e5a410512a82 -> pull/434/merge
2026-10-08T00:44:13.1092337Z  * [new tag]           test-fixture-pre-f2-close-work-item      -> test-fixture-pre-f2-close-work-item
2026-10-08T00:44:13.1095126Z  * [new tag]           test-fixture-pre-f3-guard                -> test-fixture-pre-f3-guard
2026-10-08T00:44:13.1099265Z ##[endgroup]
2026-10-08T00:44:13.1101423Z ##[group]Determining the checkout info
2026-10-08T00:44:13.1103376Z ##[endgroup]
2026-10-08T00:44:13.1104411Z [command]/usr/bin/git sparse-checkout disable
2026-10-08T00:44:13.1107521Z [command]/usr/bin/git config --local --unset-all extensions.worktreeConfig
2026-10-08T00:44:13.1111287Z ##[group]Checking out the ref
2026-10-08T00:44:13.1112952Z [command]/usr/bin/git checkout --progress --force refs/remotes/pull/434/merge
2026-10-08T00:44:13.3294530Z Note: switching to 'refs/remotes/pull/434/merge'.
2026-10-08T00:44:13.3295062Z 
2026-10-08T00:44:13.3295349Z You are in 'detached HEAD' state. You can look around, make experimental
2026-10-08T00:44:13.3295929Z changes and commit them, and you can discard any commits you make in this
2026-10-08T00:44:13.3296504Z state without impacting any branches by switching back to a branch.
2026-10-08T00:44:13.3296811Z 
2026-10-08T00:44:13.3297036Z If you want to create a new branch to retain commits you create, you may
2026-10-08T00:44:13.3297550Z do so (now or later) by using -c with the switch command. Example:
2026-10-08T00:44:13.3297846Z 
2026-10-08T00:44:13.3297979Z   git switch -c <new-branch-name>
2026-10-08T00:44:13.3298192Z 
2026-10-08T00:44:13.3298341Z Or undo this operation with:
2026-10-08T00:44:13.3298538Z 
2026-10-08T00:44:13.3298651Z   git switch -
2026-10-08T00:44:13.3298809Z 
2026-10-08T00:44:13.3299336Z Turn off this advice by setting config variable advice.detachedHead to false
2026-10-08T00:44:13.3299726Z 
2026-10-08T00:44:13.3300430Z HEAD is now at 549a7652 Merge ebbd0eaeaebfa9015f550193df6f0b54afc338c3 into bdeb425c040ada918dd97e5b878b71e420bad83a
2026-10-08T00:44:13.3317006Z ##[endgroup]
2026-10-08T00:44:13.3364060Z [command]/usr/bin/git log -1 --format=%H
2026-10-08T00:44:13.3392648Z 549a7652a23e04f2eb15a75d5db4e5a410512a82
2026-10-08T00:44:13.3813930Z ##[group]Run actions/setup-node@v4
2026-10-08T00:44:13.3814316Z with:
2026-10-08T00:44:13.3814586Z   node-version: 20
2026-10-08T00:44:13.3814858Z   always-auth: false
2026-10-08T00:44:13.3815130Z   check-latest: false
2026-10-08T00:44:13.3817758Z   token: ***
2026-10-08T00:44:13.3818011Z env:
2026-10-08T00:44:13.3818264Z   AAI_TEST_PARALLEL: 4
2026-10-08T00:44:13.3818535Z ##[endgroup]
2026-10-08T00:44:13.5407563Z Attempting to download 20...
2026-10-08T00:44:13.5519727Z (node:2300) [DEP0040] DeprecationWarning: The `punycode` module is deprecated. Please use a userland alternative instead.
2026-10-08T00:44:13.5521238Z (Use `node --trace-deprecation ...` to show where the warning was created)
2026-10-08T00:44:14.2182253Z Acquiring 20.20.2 - x64 from https://github.com/actions/node-versions/releases/download/20.20.2-23521894959/node-20.20.2-linux-x64.tar.gz
2026-10-08T00:44:14.6821370Z Extracting ...
2026-10-08T00:44:14.6945556Z [command]/usr/bin/tar xz --strip 1 --warning=no-unknown-keyword --overwrite -C /home/runner/work/_temp/7004bc51-e57b-470e-92c6-dc6d156375bc -f /home/runner/work/_temp/627bb273-126f-4ead-9034-cb6b6de688a6
2026-10-08T00:44:15.7004857Z Adding to the cache ...
2026-10-08T00:44:17.5979451Z ##[group]Environment details
2026-10-08T00:44:17.8462492Z node: v20.20.2
2026-10-08T00:44:17.8463114Z npm: 10.8.2
2026-10-08T00:44:17.8463451Z yarn: 1.22.22
2026-10-08T00:44:17.8464277Z ##[endgroup]
2026-10-08T00:44:17.8719999Z ##[group]Run set -euo pipefail
2026-10-08T00:44:17.8720807Z [36;1mset -euo pipefail[0m
2026-10-08T00:44:17.8721137Z [36;1mprintf '%s\n' "$SHARD_PLAN" > shard-plan.txt[0m
2026-10-08T00:44:17.8721712Z [36;1mbash tests/skills/lib/shard-plan-check.sh --check shard-plan.txt tests/skills >/dev/null[0m
2026-10-08T00:44:17.8722513Z [36;1mif [ "1" = "all" ]; then[0m
2026-10-08T00:44:17.8722836Z [36;1m  bash tests/skills/test-framework.sh[0m
2026-10-08T00:44:17.8723162Z [36;1melse[0m
2026-10-08T00:44:17.8723541Z [36;1m  SUITES="$(bash tests/skills/lib/shard-plan-check.sh --extract 1 shard-plan.txt)"[0m
2026-10-08T00:44:17.8723974Z [36;1m  args=()[0m
2026-10-08T00:44:17.8724206Z [36;1m  for s in $SUITES; do[0m
2026-10-08T00:44:17.8724456Z [36;1m    args+=(--skill "$s")[0m
2026-10-08T00:44:17.8724696Z [36;1m  done[0m
2026-10-08T00:44:17.8724959Z [36;1m  bash tests/skills/test-framework.sh "${args[@]}"[0m
2026-10-08T00:44:17.8725273Z [36;1mfi[0m
2026-10-08T00:44:17.9001250Z shell: /usr/bin/bash -e {0}
2026-10-08T00:44:17.9001645Z env:
2026-10-08T00:44:17.9001899Z   AAI_TEST_PARALLEL: 4
2026-10-08T00:44:17.9016892Z   SHARD_PLAN: SHARD 1 aai-learned-append weight=434
SHARD 1 aai-hygiene-pack weight=313
SHARD 1 aai-ceremony-levels weight=120
SHARD 1 aai-feedback-upsert weight=91
SHARD 1 aai-mutation-gate weight=82
SHARD 1 aai-suite-isolation weight=77
SHARD 1 aai-doc-numbering weight=43
SHARD 1 aai-orchestration-dispatch weight=39
SHARD 1 aai-git-ref-guard weight=28
SHARD 1 aai-roadmap weight=22
SHARD 1 aai-hooks-overlay weight=18
SHARD 1 aai-factory-report weight=12
SHARD 1 aai-outcome-backcheck weight=10
SHARD 1 aai-canon weight=7
SHARD 1 aai-spec-tools weight=6
SHARD 1 aai-heartbeat weight=5
SHARD 1 aai-role-output weight=5
SHARD 1 aai-docs-canon weight=4
SHARD 1 aai-check-state weight=3
SHARD 1 aai-issues weight=3
SHARD 1 aai-redact weight=3
SHARD 1 aai-session-lock weight=2
SHARD 1 aai-pricing weight=1
SHARD 1 aai-runtime-file weight=1
SHARD 1 aai-userguide-drift weight=1
SHARD 2 aai-merge-policy weight=434
SHARD 2 aai-delta-stage3 weight=278
SHARD 2 aai-run-tests weight=135
SHARD 2 aai-friction weight=93
SHARD 2 aai-sweep-parallel weight=91
SHARD 2 aai-release weight=81
SHARD 2 aai-delta-stage2 weight=56
SHARD 2 aai-follow-ups weight=37
SHARD 2 aai-pr-waiver weight=27
SHARD 2 aai-friction-capture-points weight=19
SHARD 2 aai-ride-select weight=18
SHARD 2 aai-debug-gate weight=10
SHARD 2 aai-pr-platform weight=10
SHARD 2 aai-docs-lock weight=7
SHARD 2 aai-tdd-evidence weight=6
SHARD 2 aai-learned-routing weight=5
SHARD 2 aai-test-canon weight=5
SHARD 2 aai-orchestration-mode weight=4
SHARD 2 aai-docs-hub weight=3
SHARD 2 aai-layer-drift weight=3
SHARD 2 aai-token-capture weight=3
SHARD 2 aai-antigravity-project-skills weight=1
SHARD 2 aai-implementation-mode weight=1
SHARD 2 aai-prompt-hash weight=1
SHARD 2 aai-share weight=1
SHARD 2 aai-userguide-rollup weight=1
SHARD 3 aai-pr-preflight weight=434
SHARD 3 aai-sync-seed weight=234
SHARD 3 aai-doctor weight=149
SHARD 3 aai-doc-number-reservation weight=97
SHARD 3 aai-friction-wiring weight=91
SHARD 3 aai-golden-flow weight=81
SHARD 3 aai-ledger-merge weight=66
SHARD 3 aai-deslop weight=40
SHARD 3 aai-update-check weight=32
SHARD 3 aai-state weight=27
SHARD 3 aai-intake weight=17
SHARD 3 aai-constitution weight=11
SHARD 3 aai-win-fallback weight=10
SHARD 3 aai-hitl-channel weight=6
SHARD 3 aai-routine weight=6
SHARD 3 aai-bootstrap weight=5
SHARD 3 aai-prompt-diet weight=5
SHARD 3 aai-delta-stage1 weight=4
SHARD 3 aai-verify-gate weight=4
SHARD 3 aai-orphan-sweep weight=3
SHARD 3 aai-dashboard weight=2
SHARD 3 aai-reconcile-telemetry weight=2
SHARD 3 aai-pipe-safe weight=1
SHARD 3 aai-prune-stale-briefs weight=1
SHARD 3 aai-suite-select weight=1
SHARD 3 aai-validator-isolation weight=1
SHARD 4 aai-worktree-seed weight=434
SHARD 4 aai-docs-audit weight=161
SHARD 4 aai-repo-tripwire weight=155
SHARD 4 aai-close-work-item weight=112
SHARD 4 aai-hitl-propagation weight=93
SHARD 4 aai-metrics weight=89
SHARD 4 aai-layer-profiles weight=69
SHARD 4 aai-secrets-preflight weight=52
SHARD 4 aai-spec-lint weight=39
SHARD 4 aai-spec-amend weight=28
SHARD 4 aai-live-serve weight=19
SHARD 4 aai-close-reconcile weight=15
SHARD 4 aai-live-status weight=13
SHARD 4 aai-advisory-skills weight=9
SHARD 4 aai-branch-guard weight=9
SHARD 4 aai-update weight=6
SHARD 4 aai-lightweight-lane weight=5
SHARD 4 aai-unattended weight=5
SHARD 4 aai-overview weight=4
SHARD 4 aai-feedback-triage weight=3
SHARD 4 aai-product-docs weight=3
SHARD 4 aai-feedback-status weight=2
SHARD 4 aai-downstream-autopilot weight=1
SHARD 4 aai-planning-probes weight=1
SHARD 4 aai-r-guard weight=1
SHARD 4 aai-tdd weight=1
SHARD 4 aai-worktree weight=1
SHARDS count=4 suites=104
2026-10-08T00:44:17.9029951Z ##[endgroup]
2026-10-08T00:44:18.0766665Z 
2026-10-08T00:44:18.0773714Z AAI Skills Test Framework
2026-10-08T00:44:18.0774367Z =========================
2026-10-08T00:44:18.0774594Z 
2026-10-08T00:44:18.0801815Z [0;34m[INFO][0m Setting up results directory: /home/runner/work/aai/aai/tests/skills/results/test-20261008-004418
2026-10-08T00:44:18.0817054Z [0;34m[INFO][0m Checking system dependencies...
2026-10-08T00:44:20.1914353Z [0;32m[PASS][0m Dependencies checked
2026-10-08T00:44:20.6794683Z [0;34m[INFO][0m Isolation: every suite runs isolated in a disposable git checkout (its own .git, D1) seeded from the working tree
2026-10-08T00:44:20.6808062Z [0;34m[INFO][0m Concurrency: up to 4 suite(s) run at a time (AAI_TEST_PARALLEL=4). Set AAI_TEST_PARALLEL=1 for the serial execution model.
2026-10-08T00:44:20.6809720Z [0;34m[INFO][0m Discovering skill tests...
2026-10-08T00:44:20.6818688Z [0;34m[INFO][0m Found 25 test(s)
2026-10-08T00:44:20.6819337Z [0;34m[INFO][0m 
2026-10-08T00:44:20.6819879Z [0;34m[INFO][0m Running tests...
2026-10-08T00:44:20.6820584Z [0;34m[INFO][0m 
2026-10-08T00:45:59.5732887Z [ 1/25] aai-feedback-upsert  [0;32mPASS[0m (96.0s)
2026-10-08T00:46:30.2594817Z [ 2/25] aai-ceremony-levels  [0;32mPASS[0m (127.0s)
2026-10-08T00:47:24.3917204Z [ 3/25] aai-mutation-gate    [0;32mPASS[0m (83.0s)
2026-10-08T00:47:50.1726998Z [ 4/25] aai-doc-numbering    [0;31mFAIL[0m (24.0s) [tripwire NOT ATTESTED — suite exited 1 before completing]
2026-10-08T00:47:50.1731627Z --- Error Details (aai-doc-numbering) ---
2026-10-08T00:47:50.1733037Z --- failure lines (whole log) ---
2026-10-08T00:47:50.1794491Z 32:FAIL: Expected 'CLEAN' in /tmp/aai-doc-numbering-test.EzDU45/repo-audit.log
2026-10-08T00:47:50.1795770Z 33:FAIL: test_013_regression (arm failed; the suite continues)
2026-10-08T00:47:50.1796599Z 83:  FAILED ARM: test_013_regression
2026-10-08T00:47:50.1817237Z --- tail (last 30 lines) ---
2026-10-08T00:47:50.1861823Z INFO: TEST-024: PR #255 replay flags 3 pages, PR #256 replay flags 2 (static fixture)...
2026-10-08T00:47:50.1863699Z PASS: TEST-024 static replay: PR #255 -> 3 violations, PR #256 -> 2, both named
2026-10-08T00:47:50.1901077Z INFO: TEST-025: same two shapes read from git history at 00bdd03 / ff8208e...
2026-10-08T00:47:50.1912141Z INFO: TEST-025: history object 00bdd03 unreachable (shallow clone) — arm skipped, the static fixture in TEST-024 always runs
2026-10-08T00:47:50.1931923Z INFO: TEST-025: history object ff8208e unreachable (shallow clone) — arm skipped, the static fixture in TEST-024 always runs
2026-10-08T00:47:50.1946251Z PASS: TEST-025 history replay ran for 0/2 incident commit(s) (absent objects degrade named)
2026-10-08T00:47:50.1948115Z INFO: TEST-026: in-flight drafts pass, prefix collisions pass, absent members skip named, live tree passes...
2026-10-08T00:47:50.1950560Z PASS: TEST-026 precision: in-flight passes (planted counterpart fires), exact slug match, STATE/corpus never read, live tree clean
2026-10-08T00:47:50.1952555Z INFO: TEST-027: absent generator silent, failing generator one named INFO line, exit 0 either way...
2026-10-08T00:47:50.1954073Z PASS: TEST-027 degradation: absent silent, failing named once, exit code never changes
2026-10-08T00:47:50.1956119Z INFO: TEST-028: no-args 2, unreachable base ref 3, guard violation 4 — unchanged by the regen hook...
2026-10-08T00:47:50.1957473Z PASS: TEST-028 exit contract unchanged (2 / 3 / 4)
2026-10-08T00:47:50.1960490Z INFO: TEST-029: close-work-item.mjs content hash is on the shared allowlist...
2026-10-08T00:47:50.1962524Z PASS: TEST-029 close-work-item.mjs content hash d4a5b955d927f9c3e280607122a279fa2bab7386e957a0ed5b2c94fa2481a262 is on the shared allowlist
2026-10-08T00:47:50.1964642Z INFO: TEST-030: SKILL_PR step 1b + allocator stdout + allocator header name the pages...
2026-10-08T00:47:50.1966168Z PASS: TEST-030 ordering documented in SKILL_PR 1b (both lines) + allocator header + completion line
2026-10-08T00:47:50.1967653Z INFO: TEST-031: the aai-doc-numbering suite-map row carries the closed-list pages...
2026-10-08T00:47:50.1969198Z PASS: TEST-031 suite-map aai-doc-numbering row carries every closed-list page + the replay fixtures
2026-10-08T00:47:50.1971539Z INFO: TEST-552: SKILL_PR step 1b names the restamp invocation immediately after the allocator call, keyed on the allocator's own completion output...
2026-10-08T00:47:50.1973795Z PASS: TEST-552 SKILL_PR step 1b names the restamp invocation right after the allocator call, keyed on the allocator's own completion output
2026-10-08T00:47:50.1976267Z INFO: TEST-589: allocate-doc-number.mjs's SPEC_PAGE_GENERATORS pages are all members of lib/docs-model.mjs's SHARED_GENERATED_PAGES, and match the pinned expected set exactly...
2026-10-08T00:47:50.1979288Z PASS: TEST-589: every SPEC_PAGE_GENERATORS page agrees with SHARED_GENERATED_PAGES and matches the pinned expected set exactly (PAGES:docs/ai/overview.html,docs/ai/overview-data.json,docs/USER_GUIDE.md
2026-10-08T00:47:50.1981522Z BAD:)
2026-10-08T00:47:50.1982821Z INFO: TEST-808: doc_number_guard: enforce blocks on the default branch only; a feature branch reports with the one NOTE line...
2026-10-08T00:47:50.1985186Z PASS: TEST-808 CHECK 8 enforce is merge-point-aware: feature branch reports with one downgrade line (exit 0), default branch blocks (exit 1), report-only exits 0 on both
2026-10-08T00:47:50.1988380Z INFO: TEST-809: the .ps1 CHECK 8 block reads refs/remotes/origin/HEAD and compares with the current branch (static; behavioural under pwsh)...
2026-10-08T00:47:50.1991270Z PASS: TEST-809 .ps1 CHECK 8 reads origin/HEAD and compares with the current branch (static), and under pwsh reports on a feature branch, blocks on main, passes report-only
2026-10-08T00:47:50.1992813Z 
2026-10-08T00:47:50.1993382Z doc-numbering results: 34/35 arms passed, 1 failed.
2026-10-08T00:47:50.1994496Z   FAILED ARM: test_013_regression
2026-10-08T00:47:50.1995549Z --- end aai-doc-numbering ---
2026-10-08T00:47:52.5565850Z [ 5/25] aai-suite-isolation  [0;32mPASS[0m (80.0s)
2026-10-08T00:48:21.9006982Z [ 6/25] aai-git-ref-guard    [0;32mPASS[0m (28.0s)
2026-10-08T00:48:38.4298411Z [ 7/25] aai-orchestration-dispatch [0;32mPASS[0m (46.0s)
2026-10-08T00:48:54.7502540Z [ 8/25] aai-roadmap          [0;32mPASS[0m (30.0s)
2026-10-08T00:49:07.8770890Z [ 9/25] aai-factory-report   [0;32mPASS[0m (12.0s)
2026-10-08T00:49:14.0551757Z [10/25] aai-hooks-overlay    [0;32mPASS[0m (34.0s)
2026-10-08T00:49:20.3928083Z [11/25] aai-outcome-backcheck [0;32mPASS[0m (11.0s)
2026-10-08T00:49:22.2704995Z [12/25] aai-canon            [0;32mPASS[0m (6.0s)
2026-10-08T00:49:28.2188018Z [13/25] aai-heartbeat        [0;32mPASS[0m (4.0s)
2026-10-08T00:49:28.8744821Z [14/25] aai-spec-tools       [0;32mPASS[0m (7.0s)
2026-10-08T00:49:34.0522074Z [15/25] aai-docs-canon       [0;32mPASS[0m (4.0s)
2026-10-08T00:49:35.6021894Z [16/25] aai-role-output      [0;32mPASS[0m (5.0s)
2026-10-08T00:49:38.1542009Z [17/25] aai-check-state      [0;32mPASS[0m (3.0s)
2026-10-08T00:49:39.2951772Z [18/25] aai-issues           [0;32mPASS[0m (2.0s)
2026-10-08T00:49:42.2591176Z [19/25] aai-redact           [0;32mPASS[0m (2.0s)
2026-10-08T00:49:42.7161820Z [20/25] aai-session-lock     [0;32mPASS[0m (2.0s)
2026-10-08T00:49:44.0683171Z [21/25] aai-pricing          [0;32mPASS[0m (0.0s)
2026-10-08T00:49:46.2135531Z [22/25] aai-runtime-file     [0;32mPASS[0m (2.0s)
2026-10-08T00:49:46.7585972Z [23/25] aai-userguide-drift  [0;32mPASS[0m (1.0s)
2026-10-08T00:50:19.8125146Z [24/25] aai-hygiene-pack     [0;32mPASS[0m (357.0s)
2026-10-08T00:52:16.9919923Z [25/25] aai-learned-append   [0;32mPASS[0m (474.0s)
2026-10-08T00:52:17.0344971Z [0;34m[INFO][0m 
2026-10-08T00:52:17.0346329Z [0;34m[INFO][0m 
2026-10-08T00:52:17.0349819Z [0;34m[INFO][0m =========================================
2026-10-08T00:52:17.0350838Z [0;34m[INFO][0m Test Summary
2026-10-08T00:52:17.0351561Z [0;34m[INFO][0m =========================================
2026-10-08T00:52:17.0353120Z [0;31m[FAIL][0m Failed:  1 (4%)
2026-10-08T00:52:17.0354212Z [0;34m[INFO][0m Total:   25
2026-10-08T00:52:17.0355272Z [0;32m[PASS][0m Passed:  24 (96%)
2026-10-08T00:52:17.0356693Z [0;34m[INFO][0m Tripwire: 24/25 suite(s) attested clean; 1 not attested (skipped, failed, allowlisted, or unguarded)
2026-10-08T00:52:17.0358006Z [0;34m[INFO][0m Isolation: 25/25 suite(s) isolated; 0 degraded
2026-10-08T00:52:17.0359037Z [0;34m[INFO][0m Seeding: 25/25 suite(s) fully seeded; 0 partial; 0 skipped
2026-10-08T00:52:17.0360819Z [0;34m[INFO][0m Concurrency: width 4; 0 wave(s) re-run serially (0 suite(s) total) to attribute a shipping-repository change
2026-10-08T00:52:17.0361844Z [0;34m[INFO][0m 
2026-10-08T00:52:17.0362835Z [0;34m[INFO][0m Results saved to: /home/runner/work/aai/aai/tests/skills/results/test-20261008-004418
2026-10-08T00:52:17.0895966Z ##[error]Process completed with exit code 1.
2026-10-08T00:52:17.1074094Z Post job cleanup.
2026-10-08T00:52:17.2045850Z [command]/usr/bin/git version
2026-10-08T00:52:17.2096189Z git version 2.55.0
2026-10-08T00:52:17.2137315Z Temporarily overriding HOME='/home/runner/work/_temp/c72c7b95-5b24-4341-a274-a121ccaabdc1' before making global git config changes
2026-10-08T00:52:17.2138881Z Adding repository directory to the temporary git global config as a safe directory
2026-10-08T00:52:17.2143825Z [command]/usr/bin/git config --global --add safe.directory /home/runner/work/aai/aai
2026-10-08T00:52:17.2190187Z [command]/usr/bin/git config --local --name-only --get-regexp core\.sshCommand
2026-10-08T00:52:17.2234602Z [command]/usr/bin/git submodule foreach --recursive sh -c "git config --local --name-only --get-regexp 'core\.sshCommand' && git config --local --unset-all 'core.sshCommand' || :"
2026-10-08T00:52:17.2511040Z [command]/usr/bin/git config --local --name-only --get-regexp http\.https\:\/\/github\.com\/\.extraheader
2026-10-08T00:52:17.2542004Z http.https://github.com/.extraheader
2026-10-08T00:52:17.2555212Z [command]/usr/bin/git config --local --unset-all http.https://github.com/.extraheader
2026-10-08T00:52:17.2601834Z [command]/usr/bin/git submodule foreach --recursive sh -c "git config --local --name-only --get-regexp 'http\.https\:\/\/github\.com\/\.extraheader' && git config --local --unset-all 'http.https://github.com/.extraheader' || :"
2026-10-08T00:52:17.2913101Z [command]/usr/bin/git config --local --name-only --get-regexp ^includeIf\.gitdir:
2026-10-08T00:52:17.2974816Z [command]/usr/bin/git submodule foreach --recursive git config --local --show-origin --name-only --get-regexp remote.origin.url
2026-10-08T00:52:17.3477841Z Cleaning up orphan processes
2026-10-08T00:52:17.3775660Z ##[warning]Node.js 20 is deprecated. The following actions target Node.js 20 but are being forced to run on Node.js 24: actions/checkout@v4, actions/setup-node@v4. For more information see: https://github.blog/changelog/2025-09-19-deprecation-of-node-20-on-github-actions-runners/
