2026-10-08T00:44:08.4316237Z Current runner version: '2.337.0'
2026-10-08T00:44:08.4334267Z ##[group]Runner Image Provisioner
2026-10-08T00:44:08.4335058Z Hosted Compute Agent
2026-10-08T00:44:08.4335490Z Version: 20261002.596
2026-10-08T00:44:08.4335908Z Commit: c3d12f3313a95f25162a1503be624f3b0617f8c0
2026-10-08T00:44:08.4336426Z Build Date: 2026-10-02T22:28:27Z
2026-10-08T00:44:08.4336889Z Worker ID: {3d4c3a36-742b-4650-98bd-d187b1ce6e0c}
2026-10-08T00:44:08.4337362Z Region: centralus
2026-10-08T00:44:08.4337763Z Cloud: Azure
2026-10-08T00:44:08.4338146Z ##[endgroup]
2026-10-08T00:44:08.4339043Z ##[group]Operating System
2026-10-08T00:44:08.4339775Z Ubuntu
2026-10-08T00:44:08.4340204Z 24.04.5
2026-10-08T00:44:08.4340585Z LTS
2026-10-08T00:44:08.4340936Z ##[endgroup]
2026-10-08T00:44:08.4341314Z ##[group]Runner Image
2026-10-08T00:44:08.4341716Z Image: ubuntu-24.04
2026-10-08T00:44:08.4342129Z Version: 20261004.327.1
2026-10-08T00:44:08.4343085Z Included Software: https://github.com/actions/runner-images/blob/ubuntu24/20261004.327/images/ubuntu/Ubuntu2404-Readme.md
2026-10-08T00:44:08.4344150Z Image Release: https://github.com/actions/runner-images/releases/tag/ubuntu24%2F20261004.327
2026-10-08T00:44:08.4344792Z ##[endgroup]
2026-10-08T00:44:08.4345584Z ##[group]GITHUB_TOKEN Permissions
2026-10-08T00:44:08.4347135Z Contents: read
2026-10-08T00:44:08.4347553Z Metadata: read
2026-10-08T00:44:08.4347935Z ##[endgroup]
2026-10-08T00:44:08.4349364Z Secret source: Actions
2026-10-08T00:44:08.4350310Z Cache mode: write
2026-10-08T00:44:08.4350785Z Prepare workflow directory
2026-10-08T00:44:08.4627578Z Prepare all required actions
2026-10-08T00:44:08.4663839Z Getting action download info
2026-10-08T00:44:08.6907483Z Download action repository 'actions/checkout@v4' (SHA:11d5960a326750d5838078e36cf38b85af677262)
2026-10-08T00:44:08.7574928Z Download action repository 'actions/setup-node@v4' (SHA:49933ea5288caeca8642d1e84afbd3f7d6820020)
2026-10-08T00:44:08.9083237Z Complete job name: skill test suite (full framework, via test-framework.sh) (2)
2026-10-08T00:44:08.9593750Z ##[group]Run actions/checkout@v4
2026-10-08T00:44:08.9594355Z with:
2026-10-08T00:44:08.9594712Z   fetch-depth: 0
2026-10-08T00:44:08.9595104Z   repository: goodwind-cz/aai
2026-10-08T00:44:08.9597888Z   token: ***
2026-10-08T00:44:08.9598243Z   ssh-strict: true
2026-10-08T00:44:08.9598612Z   ssh-user: git
2026-10-08T00:44:08.9598977Z   persist-credentials: true
2026-10-08T00:44:08.9599380Z   clean: true
2026-10-08T00:44:08.9600083Z   sparse-checkout-cone-mode: true
2026-10-08T00:44:08.9600536Z   fetch-tags: false
2026-10-08T00:44:08.9600909Z   show-progress: true
2026-10-08T00:44:08.9601271Z   lfs: false
2026-10-08T00:44:08.9601620Z   submodules: false
2026-10-08T00:44:08.9602013Z   set-safe-directory: true
2026-10-08T00:44:08.9602420Z   allow-unsafe-pr-checkout: false
2026-10-08T00:44:08.9602987Z env:
2026-10-08T00:44:08.9603323Z   AAI_TEST_PARALLEL: 4
2026-10-08T00:44:08.9603703Z ##[endgroup]
2026-10-08T00:44:09.0371310Z Syncing repository: goodwind-cz/aai
2026-10-08T00:44:09.0373552Z ##[group]Getting Git version info
2026-10-08T00:44:09.0374281Z Working directory is '/home/runner/work/aai/aai'
2026-10-08T00:44:09.0375379Z [command]/usr/bin/git version
2026-10-08T00:44:09.0437175Z git version 2.55.0
2026-10-08T00:44:09.0451424Z ##[endgroup]
2026-10-08T00:44:09.0459980Z Temporarily overriding HOME='/home/runner/work/_temp/38cece8c-f902-429b-a5a8-202a80748dc6' before making global git config changes
2026-10-08T00:44:09.0461616Z Adding repository directory to the temporary git global config as a safe directory
2026-10-08T00:44:09.0463089Z [command]/usr/bin/git config --global --add safe.directory /home/runner/work/aai/aai
2026-10-08T00:44:09.0504929Z Deleting the contents of '/home/runner/work/aai/aai'
2026-10-08T00:44:09.0507713Z ##[group]Initializing the repository
2026-10-08T00:44:09.0510347Z [command]/usr/bin/git init /home/runner/work/aai/aai
2026-10-08T00:44:09.0611704Z hint: Using 'master' as the name for the initial branch. This default branch name
2026-10-08T00:44:09.0612938Z hint: will change to "main" in Git 3.0. To configure the initial branch name
2026-10-08T00:44:09.0615039Z hint: to use in all of your new repositories, which will suppress this warning,
2026-10-08T00:44:09.0616473Z hint: call:
2026-10-08T00:44:09.0617164Z hint:
2026-10-08T00:44:09.0617954Z hint: 	git config --global init.defaultBranch <name>
2026-10-08T00:44:09.0619123Z hint:
2026-10-08T00:44:09.0620293Z hint: Names commonly chosen instead of 'master' are 'main', 'trunk' and
2026-10-08T00:44:09.0621468Z hint: 'development'. The just-created branch can be renamed via this command:
2026-10-08T00:44:09.0622710Z hint:
2026-10-08T00:44:09.0623405Z hint: 	git branch -m <name>
2026-10-08T00:44:09.0624120Z hint:
2026-10-08T00:44:09.0625231Z hint: Disable this message with "git config set advice.defaultBranchName false"
2026-10-08T00:44:09.0626466Z Initialized empty Git repository in /home/runner/work/aai/aai/.git/
2026-10-08T00:44:09.0642267Z [command]/usr/bin/git remote add origin https://github.com/goodwind-cz/aai
2026-10-08T00:44:09.0681494Z ##[endgroup]
2026-10-08T00:44:09.0682732Z ##[group]Disabling automatic garbage collection
2026-10-08T00:44:09.0683683Z [command]/usr/bin/git config --local gc.auto 0
2026-10-08T00:44:09.0707581Z ##[endgroup]
2026-10-08T00:44:09.0708431Z ##[group]Setting up auth
2026-10-08T00:44:09.0715560Z [command]/usr/bin/git config --local --name-only --get-regexp core\.sshCommand
2026-10-08T00:44:09.0748088Z [command]/usr/bin/git submodule foreach --recursive sh -c "git config --local --name-only --get-regexp 'core\.sshCommand' && git config --local --unset-all 'core.sshCommand' || :"
2026-10-08T00:44:09.1047317Z [command]/usr/bin/git config --local --name-only --get-regexp http\.https\:\/\/github\.com\/\.extraheader
2026-10-08T00:44:09.1070427Z [command]/usr/bin/git submodule foreach --recursive sh -c "git config --local --name-only --get-regexp 'http\.https\:\/\/github\.com\/\.extraheader' && git config --local --unset-all 'http.https://github.com/.extraheader' || :"
2026-10-08T00:44:09.1213526Z [command]/usr/bin/git config --local --name-only --get-regexp ^includeIf\.gitdir:
2026-10-08T00:44:09.1236462Z [command]/usr/bin/git submodule foreach --recursive git config --local --show-origin --name-only --get-regexp remote.origin.url
2026-10-08T00:44:09.1378330Z [command]/usr/bin/git config --local http.https://github.com/.extraheader AUTHORIZATION: basic ***
2026-10-08T00:44:09.1408362Z ##[endgroup]
2026-10-08T00:44:09.1409263Z ##[group]Fetching the repository
2026-10-08T00:44:09.1416123Z [command]/usr/bin/git -c protocol.version=2 fetch --prune --no-recurse-submodules origin +refs/heads/*:refs/remotes/origin/* +refs/tags/*:refs/tags/* +549a7652a23e04f2eb15a75d5db4e5a410512a82:refs/remotes/pull/434/merge
2026-10-08T00:44:11.7205660Z From https://github.com/goodwind-cz/aai
2026-10-08T00:44:11.7208466Z  * [new branch]        change/amendment-signature-asks-the-owner-too-often -> origin/change/amendment-signature-asks-the-owner-too-often
2026-10-08T00:44:11.7211835Z  * [new branch]        change/downstream-rides-ask-no-governance-questions -> origin/change/downstream-rides-ask-no-governance-questions
2026-10-08T00:44:11.7214613Z  * [new branch]        change/original-request-outcome-backcheck -> origin/change/original-request-outcome-backcheck
2026-10-08T00:44:11.7217236Z  * [new branch]        change/pr-capability-preflight           -> origin/change/pr-capability-preflight
2026-10-08T00:44:11.7220407Z  * [new branch]        change/roadmap-serves-downstream-projects -> origin/change/roadmap-serves-downstream-projects
2026-10-08T00:44:11.7223201Z  * [new branch]        chore/close-userguide-catalog-item       -> origin/chore/close-userguide-catalog-item
2026-10-08T00:44:11.7225744Z  * [new branch]        chore/intake-routing-tables-owner-and-seam -> origin/chore/intake-routing-tables-owner-and-seam
2026-10-08T00:44:11.7228000Z  * [new branch]        chore/release-v2026.09.25                -> origin/chore/release-v2026.09.25
2026-10-08T00:44:11.7230355Z  * [new branch]        chore/release-v2026.09.28                -> origin/chore/release-v2026.09.28
2026-10-08T00:44:11.7232477Z  * [new branch]        chore/wave-3-intakes                     -> origin/chore/wave-3-intakes
2026-10-08T00:44:11.7234991Z  * [new branch]        cursor/feedback-triage-missing-output-dir-a7ce -> origin/cursor/feedback-triage-missing-output-dir-a7ce
2026-10-08T00:44:11.7237780Z  * [new branch]        cursor/gpt-6-pricing-family-67e6         -> origin/cursor/gpt-6-pricing-family-67e6
2026-10-08T00:44:11.7240602Z  * [new branch]        cursor/mutation-clone-fidelity-windows-eol-a7ce -> origin/cursor/mutation-clone-fidelity-windows-eol-a7ce
2026-10-08T00:44:11.7243615Z  * [new branch]        cursor/mutation-clone-windows-run-chain-5e0a -> origin/cursor/mutation-clone-windows-run-chain-5e0a
2026-10-08T00:44:11.7246194Z  * [new branch]        cursor/polydao-graph-loop-ideas-fa9c     -> origin/cursor/polydao-graph-loop-ideas-fa9c
2026-10-08T00:44:11.7248876Z  * [new branch]        cursor/pricing-missing-models-and-refresh-94d5 -> origin/cursor/pricing-missing-models-and-refresh-94d5
2026-10-08T00:44:11.7251808Z  * [new branch]        cursor/prompts-invoke-wsl-bash-on-windows-a7ce -> origin/cursor/prompts-invoke-wsl-bash-on-windows-a7ce
2026-10-08T00:44:11.7254742Z  * [new branch]        cursor/strategy-unscoped-from-current-focus-a7ce -> origin/cursor/strategy-unscoped-from-current-focus-a7ce
2026-10-08T00:44:11.7257068Z  * [new branch]        exp-0113-phase1                          -> origin/exp-0113-phase1
2026-10-08T00:44:11.7259093Z  * [new branch]        feat/antigravity-cli-skill-paths         -> origin/feat/antigravity-cli-skill-paths
2026-10-08T00:44:11.7261442Z  * [new branch]        feat/canon-is-a-build-artifact           -> origin/feat/canon-is-a-build-artifact
2026-10-08T00:44:11.7263760Z  * [new branch]        feat/cheap-model-in-practice             -> origin/feat/cheap-model-in-practice
2026-10-08T00:44:11.7265814Z  * [new branch]        feat/dev-progress-hub                    -> origin/feat/dev-progress-hub
2026-10-08T00:44:11.7268122Z  * [new branch]        feat/feedback-upsert-review              -> origin/feat/feedback-upsert-review
2026-10-08T00:44:11.7270392Z  * [new branch]        feat/friction-channel-sweep              -> origin/feat/friction-channel-sweep
2026-10-08T00:44:11.7272771Z  * [new branch]        feat/learned-append-gate                 -> origin/feat/learned-append-gate
2026-10-08T00:44:11.7275093Z  * [new branch]        feat/original-request-outcome-backcheck  -> origin/feat/original-request-outcome-backcheck
2026-10-08T00:44:11.7277536Z  * [new branch]        feat/pr-post-open-review-sweep           -> origin/feat/pr-post-open-review-sweep
2026-10-08T00:44:11.7280377Z  * [new branch]        feat/product-docs-enforced               -> origin/feat/product-docs-enforced
2026-10-08T00:44:11.7282655Z  * [new branch]        feat/prompt-hash-telemetry               -> origin/feat/prompt-hash-telemetry
2026-10-08T00:44:11.7284868Z  * [new branch]        feat/roadmap-takes-direction             -> origin/feat/roadmap-takes-direction
2026-10-08T00:44:11.7287285Z  * [new branch]        feat/role-output-contracts               -> origin/feat/role-output-contracts
2026-10-08T00:44:11.7289799Z  * [new branch]        feat/universality-proof                  -> origin/feat/universality-proof
2026-10-08T00:44:11.7291953Z  * [new branch]        feature/remote-orchestration             -> origin/feature/remote-orchestration
2026-10-08T00:44:11.7294596Z  * [new branch]        fix/canonical-provenance-archived-sources -> origin/fix/canonical-provenance-archived-sources
2026-10-08T00:44:11.7297399Z  * [new branch]        fix/closeout-display-id-match            -> origin/fix/closeout-display-id-match
2026-10-08T00:44:11.7299996Z  * [new branch]        fix/feedback-pipeline-discoverability    -> origin/fix/feedback-pipeline-discoverability
2026-10-08T00:44:11.7302515Z  * [new branch]        fix/gate-checks-declared-mutation        -> origin/fix/gate-checks-declared-mutation
2026-10-08T00:44:11.7305086Z  * [new branch]        fix/growth-pins-dont-wall-the-corpus     -> origin/fix/growth-pins-dont-wall-the-corpus
2026-10-08T00:44:11.7308076Z  * [new branch]        fix/worktree-lacks-vendored-aai-layer-downstream-wt -> origin/fix/worktree-lacks-vendored-aai-layer-downstream-wt
2026-10-08T00:44:11.7310601Z  * [new branch]        main                                     -> origin/main
2026-10-08T00:44:11.7312439Z  * [new branch]        research/polydao-verdicts                -> origin/research/polydao-verdicts
2026-10-08T00:44:11.7314209Z  * [new tag]           v2026.07.04                              -> v2026.07.04
2026-10-08T00:44:11.7315662Z  * [new tag]           v2026.07.20                              -> v2026.07.20
2026-10-08T00:44:11.7317138Z  * [new tag]           v2026.07.22                              -> v2026.07.22
2026-10-08T00:44:11.7318556Z  * [new tag]           v2026.07.24                              -> v2026.07.24
2026-10-08T00:44:11.7320151Z  * [new tag]           v2026.07.26                              -> v2026.07.26
2026-10-08T00:44:11.7321598Z  * [new tag]           v2026.07.28                              -> v2026.07.28
2026-10-08T00:44:11.7323070Z  * [new tag]           v2026.07.28.1                            -> v2026.07.28.1
2026-10-08T00:44:11.7324472Z  * [new tag]           v2026.07.29                              -> v2026.07.29
2026-10-08T00:44:11.7325865Z  * [new tag]           v2026.07.30                              -> v2026.07.30
2026-10-08T00:44:11.7327309Z  * [new tag]           v2026.08.01                              -> v2026.08.01
2026-10-08T00:44:11.7328701Z  * [new tag]           v2026.08.02                              -> v2026.08.02
2026-10-08T00:44:11.7330286Z  * [new tag]           v2026.08.03                              -> v2026.08.03
2026-10-08T00:44:11.7331730Z  * [new tag]           v2026.08.03.2                            -> v2026.08.03.2
2026-10-08T00:44:11.7333249Z  * [new tag]           v2026.08.04                              -> v2026.08.04
2026-10-08T00:44:11.7334829Z  * [new tag]           v2026.08.05                              -> v2026.08.05
2026-10-08T00:44:11.7336255Z  * [new tag]           v2026.08.07                              -> v2026.08.07
2026-10-08T00:44:11.7337712Z  * [new tag]           v2026.08.08                              -> v2026.08.08
2026-10-08T00:44:11.7339127Z  * [new tag]           v2026.08.11                              -> v2026.08.11
2026-10-08T00:44:11.7340683Z  * [new tag]           v2026.08.12                              -> v2026.08.12
2026-10-08T00:44:11.7342123Z  * [new tag]           v2026.08.13                              -> v2026.08.13
2026-10-08T00:44:11.7343549Z  * [new tag]           v2026.08.13.2                            -> v2026.08.13.2
2026-10-08T00:44:11.7345004Z  * [new tag]           v2026.08.14                              -> v2026.08.14
2026-10-08T00:44:11.7346475Z  * [new tag]           v2026.08.16                              -> v2026.08.16
2026-10-08T00:44:11.7347915Z  * [new tag]           v2026.08.23                              -> v2026.08.23
2026-10-08T00:44:11.7349378Z  * [new tag]           v2026.08.27                              -> v2026.08.27
2026-10-08T00:44:11.7350930Z  * [new tag]           v2026.08.29                              -> v2026.08.29
2026-10-08T00:44:11.7352365Z  * [new tag]           v2026.09.01                              -> v2026.09.01
2026-10-08T00:44:11.7353787Z  * [new tag]           v2026.09.06                              -> v2026.09.06
2026-10-08T00:44:11.7355260Z  * [new tag]           v2026.09.08                              -> v2026.09.08
2026-10-08T00:44:11.7356716Z  * [new tag]           v2026.09.09                              -> v2026.09.09
2026-10-08T00:44:11.7358198Z  * [new tag]           v2026.09.21                              -> v2026.09.21
2026-10-08T00:44:11.7359773Z  * [new tag]           v2026.09.25                              -> v2026.09.25
2026-10-08T00:44:11.7361214Z  * [new tag]           v2026.09.28                              -> v2026.09.28
2026-10-08T00:44:11.7362648Z  * [new tag]           v2026.09.30                              -> v2026.09.30
2026-10-08T00:44:11.7364170Z  * [new tag]           v2026.10.02                              -> v2026.10.02
2026-10-08T00:44:11.7365694Z  * [new ref]           549a7652a23e04f2eb15a75d5db4e5a410512a82 -> pull/434/merge
2026-10-08T00:44:11.7367580Z  * [new tag]           test-fixture-pre-f2-close-work-item      -> test-fixture-pre-f2-close-work-item
2026-10-08T00:44:11.7369651Z  * [new tag]           test-fixture-pre-f3-guard                -> test-fixture-pre-f3-guard
2026-10-08T00:44:11.7373223Z ##[endgroup]
2026-10-08T00:44:11.7374498Z ##[group]Determining the checkout info
2026-10-08T00:44:11.7375919Z ##[endgroup]
2026-10-08T00:44:11.7376737Z [command]/usr/bin/git sparse-checkout disable
2026-10-08T00:44:11.7378971Z [command]/usr/bin/git config --local --unset-all extensions.worktreeConfig
2026-10-08T00:44:11.7381898Z ##[group]Checking out the ref
2026-10-08T00:44:11.7383169Z [command]/usr/bin/git checkout --progress --force refs/remotes/pull/434/merge
2026-10-08T00:44:11.8810946Z Note: switching to 'refs/remotes/pull/434/merge'.
2026-10-08T00:44:11.8811866Z 
2026-10-08T00:44:11.8812686Z You are in 'detached HEAD' state. You can look around, make experimental
2026-10-08T00:44:11.8814250Z changes and commit them, and you can discard any commits you make in this
2026-10-08T00:44:11.8815783Z state without impacting any branches by switching back to a branch.
2026-10-08T00:44:11.8816757Z 
2026-10-08T00:44:11.8817334Z If you want to create a new branch to retain commits you create, you may
2026-10-08T00:44:11.8818828Z do so (now or later) by using -c with the switch command. Example:
2026-10-08T00:44:11.8820022Z 
2026-10-08T00:44:11.8820455Z   git switch -c <new-branch-name>
2026-10-08T00:44:11.8821066Z 
2026-10-08T00:44:11.8821442Z Or undo this operation with:
2026-10-08T00:44:11.8821960Z 
2026-10-08T00:44:11.8822299Z   git switch -
2026-10-08T00:44:11.8822720Z 
2026-10-08T00:44:11.8823662Z Turn off this advice by setting config variable advice.detachedHead to false
2026-10-08T00:44:11.8824613Z 
2026-10-08T00:44:11.8825692Z HEAD is now at 549a7652 Merge ebbd0eaeaebfa9015f550193df6f0b54afc338c3 into bdeb425c040ada918dd97e5b878b71e420bad83a
2026-10-08T00:44:11.8829218Z ##[endgroup]
2026-10-08T00:44:11.8855640Z [command]/usr/bin/git log -1 --format=%H
2026-10-08T00:44:11.8875764Z 549a7652a23e04f2eb15a75d5db4e5a410512a82
2026-10-08T00:44:11.9198025Z ##[group]Run actions/setup-node@v4
2026-10-08T00:44:11.9198947Z with:
2026-10-08T00:44:11.9199777Z   node-version: 20
2026-10-08T00:44:11.9200613Z   always-auth: false
2026-10-08T00:44:11.9201477Z   check-latest: false
2026-10-08T00:44:11.9207782Z   token: ***
2026-10-08T00:44:11.9208612Z env:
2026-10-08T00:44:11.9209311Z   AAI_TEST_PARALLEL: 4
2026-10-08T00:44:11.9210214Z ##[endgroup]
2026-10-08T00:44:12.0236390Z Attempting to download 20...
2026-10-08T00:44:12.0311530Z (node:2080) [DEP0040] DeprecationWarning: The `punycode` module is deprecated. Please use a userland alternative instead.
2026-10-08T00:44:12.0313634Z (Use `node --trace-deprecation ...` to show where the warning was created)
2026-10-08T00:44:12.8327405Z Acquiring 20.20.2 - x64 from https://github.com/actions/node-versions/releases/download/20.20.2-23521894959/node-20.20.2-linux-x64.tar.gz
2026-10-08T00:44:13.3109690Z Extracting ...
2026-10-08T00:44:13.3193808Z [command]/usr/bin/tar xz --strip 1 --warning=no-unknown-keyword --overwrite -C /home/runner/work/_temp/bf095a8a-5d5c-4e84-9b08-89fc8e5884df -f /home/runner/work/_temp/0e7c43e4-d925-4813-a8a7-2b6490e1ef60
2026-10-08T00:44:14.1147913Z Adding to the cache ...
2026-10-08T00:44:15.6757129Z ##[group]Environment details
2026-10-08T00:44:15.8541954Z node: v20.20.2
2026-10-08T00:44:15.8542525Z npm: 10.8.2
2026-10-08T00:44:15.8542875Z yarn: 1.22.22
2026-10-08T00:44:15.8543428Z ##[endgroup]
2026-10-08T00:44:15.8701325Z ##[group]Run set -euo pipefail
2026-10-08T00:44:15.8701756Z [36;1mset -euo pipefail[0m
2026-10-08T00:44:15.8702191Z [36;1mprintf '%s\n' "$SHARD_PLAN" > shard-plan.txt[0m
2026-10-08T00:44:15.8703043Z [36;1mbash tests/skills/lib/shard-plan-check.sh --check shard-plan.txt tests/skills >/dev/null[0m
2026-10-08T00:44:15.8703538Z [36;1mif [ "2" = "all" ]; then[0m
2026-10-08T00:44:15.8703867Z [36;1m  bash tests/skills/test-framework.sh[0m
2026-10-08T00:44:15.8704182Z [36;1melse[0m
2026-10-08T00:44:15.8704579Z [36;1m  SUITES="$(bash tests/skills/lib/shard-plan-check.sh --extract 2 shard-plan.txt)"[0m
2026-10-08T00:44:15.8704991Z [36;1m  args=()[0m
2026-10-08T00:44:15.8705328Z [36;1m  for s in $SUITES; do[0m
2026-10-08T00:44:15.8705611Z [36;1m    args+=(--skill "$s")[0m
2026-10-08T00:44:15.8705868Z [36;1m  done[0m
2026-10-08T00:44:15.8706194Z [36;1m  bash tests/skills/test-framework.sh "${args[@]}"[0m
2026-10-08T00:44:15.8706513Z [36;1mfi[0m
2026-10-08T00:44:15.8877931Z shell: /usr/bin/bash -e {0}
2026-10-08T00:44:15.8878354Z env:
2026-10-08T00:44:15.8878608Z   AAI_TEST_PARALLEL: 4
2026-10-08T00:44:15.8888157Z   SHARD_PLAN: SHARD 1 aai-learned-append weight=434
SHARD 1 aai-hygiene-pack weight=313
SHARD 1 aai-ceremony-levels weight=120
SHARD 1 aai-feedback-upsert weight=91
SHARD 1 aai-mutation-gate weight=82
SHARD 1 aai-suite-isolation weight=77
SHARD 1 aai-doc-numbering weight=43
SHARD 1 aai-orchestration-dispatch weight=39
SHARD 1 aai-git-ref-guard weight=28
SHARD 1 aai-roadmap weight=22
SHARD 1 aai-hooks-overlay weight=18
SHARD 1 aai-factory-report weight=12
SHARD 1 aai-outcome-backcheck weight=10
SHARD 1 aai-canon weight=7
SHARD 1 aai-spec-tools weight=6
SHARD 1 aai-heartbeat weight=5
SHARD 1 aai-role-output weight=5
SHARD 1 aai-docs-canon weight=4
SHARD 1 aai-check-state weight=3
SHARD 1 aai-issues weight=3
SHARD 1 aai-redact weight=3
SHARD 1 aai-session-lock weight=2
SHARD 1 aai-pricing weight=1
SHARD 1 aai-runtime-file weight=1
SHARD 1 aai-userguide-drift weight=1
SHARD 2 aai-merge-policy weight=434
SHARD 2 aai-delta-stage3 weight=278
SHARD 2 aai-run-tests weight=135
SHARD 2 aai-friction weight=93
SHARD 2 aai-sweep-parallel weight=91
SHARD 2 aai-release weight=81
SHARD 2 aai-delta-stage2 weight=56
SHARD 2 aai-follow-ups weight=37
SHARD 2 aai-pr-waiver weight=27
SHARD 2 aai-friction-capture-points weight=19
SHARD 2 aai-ride-select weight=18
SHARD 2 aai-debug-gate weight=10
SHARD 2 aai-pr-platform weight=10
SHARD 2 aai-docs-lock weight=7
SHARD 2 aai-tdd-evidence weight=6
SHARD 2 aai-learned-routing weight=5
SHARD 2 aai-test-canon weight=5
SHARD 2 aai-orchestration-mode weight=4
SHARD 2 aai-docs-hub weight=3
SHARD 2 aai-layer-drift weight=3
SHARD 2 aai-token-capture weight=3
SHARD 2 aai-antigravity-project-skills weight=1
SHARD 2 aai-implementation-mode weight=1
SHARD 2 aai-prompt-hash weight=1
SHARD 2 aai-share weight=1
SHARD 2 aai-userguide-rollup weight=1
SHARD 3 aai-pr-preflight weight=434
SHARD 3 aai-sync-seed weight=234
SHARD 3 aai-doctor weight=149
SHARD 3 aai-doc-number-reservation weight=97
SHARD 3 aai-friction-wiring weight=91
SHARD 3 aai-golden-flow weight=81
SHARD 3 aai-ledger-merge weight=66
SHARD 3 aai-deslop weight=40
SHARD 3 aai-update-check weight=32
SHARD 3 aai-state weight=27
SHARD 3 aai-intake weight=17
SHARD 3 aai-constitution weight=11
SHARD 3 aai-win-fallback weight=10
SHARD 3 aai-hitl-channel weight=6
SHARD 3 aai-routine weight=6
SHARD 3 aai-bootstrap weight=5
SHARD 3 aai-prompt-diet weight=5
SHARD 3 aai-delta-stage1 weight=4
SHARD 3 aai-verify-gate weight=4
SHARD 3 aai-orphan-sweep weight=3
SHARD 3 aai-dashboard weight=2
SHARD 3 aai-reconcile-telemetry weight=2
SHARD 3 aai-pipe-safe weight=1
SHARD 3 aai-prune-stale-briefs weight=1
SHARD 3 aai-suite-select weight=1
SHARD 3 aai-validator-isolation weight=1
SHARD 4 aai-worktree-seed weight=434
SHARD 4 aai-docs-audit weight=161
SHARD 4 aai-repo-tripwire weight=155
SHARD 4 aai-close-work-item weight=112
SHARD 4 aai-hitl-propagation weight=93
SHARD 4 aai-metrics weight=89
SHARD 4 aai-layer-profiles weight=69
SHARD 4 aai-secrets-preflight weight=52
SHARD 4 aai-spec-lint weight=39
SHARD 4 aai-spec-amend weight=28
SHARD 4 aai-live-serve weight=19
SHARD 4 aai-close-reconcile weight=15
SHARD 4 aai-live-status weight=13
SHARD 4 aai-advisory-skills weight=9
SHARD 4 aai-branch-guard weight=9
SHARD 4 aai-update weight=6
SHARD 4 aai-lightweight-lane weight=5
SHARD 4 aai-unattended weight=5
SHARD 4 aai-overview weight=4
SHARD 4 aai-feedback-triage weight=3
SHARD 4 aai-product-docs weight=3
SHARD 4 aai-feedback-status weight=2
SHARD 4 aai-downstream-autopilot weight=1
SHARD 4 aai-planning-probes weight=1
SHARD 4 aai-r-guard weight=1
SHARD 4 aai-tdd weight=1
SHARD 4 aai-worktree weight=1
SHARDS count=4 suites=104
2026-10-08T00:44:15.8898183Z ##[endgroup]
2026-10-08T00:44:16.0006340Z 
2026-10-08T00:44:16.0012446Z AAI Skills Test Framework
2026-10-08T00:44:16.0013003Z =========================
2026-10-08T00:44:16.0013244Z 
2026-10-08T00:44:16.0025975Z [0;34m[INFO][0m Setting up results directory: /home/runner/work/aai/aai/tests/skills/results/test-20261008-004415
2026-10-08T00:44:16.0036825Z [0;34m[INFO][0m Checking system dependencies...
2026-10-08T00:44:16.1557797Z [0;32m[PASS][0m Dependencies checked
2026-10-08T00:44:16.2028408Z [0;34m[INFO][0m Isolation: every suite runs isolated in a disposable git checkout (its own .git, D1) seeded from the working tree
2026-10-08T00:44:16.2029833Z [0;34m[INFO][0m Concurrency: up to 4 suite(s) run at a time (AAI_TEST_PARALLEL=4). Set AAI_TEST_PARALLEL=1 for the serial execution model.
2026-10-08T00:44:16.2030506Z [0;34m[INFO][0m Discovering skill tests...
2026-10-08T00:44:16.2040461Z [0;34m[INFO][0m Found 26 test(s)
2026-10-08T00:44:16.2040897Z [0;34m[INFO][0m 
2026-10-08T00:44:16.2041295Z [0;34m[INFO][0m Running tests...
2026-10-08T00:44:16.2041660Z [0;34m[INFO][0m 
2026-10-08T00:45:01.9938844Z [ 1/26] aai-friction         [0;32mPASS[0m (44.0s)
2026-10-08T00:45:17.5383003Z [ 2/26] aai-merge-policy     [0;32mPASS[0m (59.0s)
2026-10-08T00:45:27.4446742Z [ 3/26] aai-delta-stage3     [0;31mFAIL[0m (69.0s) [tripwire NOT ATTESTED — suite exited 1 before completing]
2026-10-08T00:45:27.4447712Z --- Error Details (aai-delta-stage3) ---
2026-10-08T00:45:27.4448110Z --- failure lines (whole log) ---
2026-10-08T00:45:27.4487023Z 29:FAIL: Expected 'Verdict: CLEAN' in /tmp/aai-docs-audit-test.uIbaqj/silence-live-1349.log
2026-10-08T00:45:27.4488077Z 30:FAIL: TEST-007: sibling suite failed: test-aai-docs-audit.sh
2026-10-08T00:45:27.4499816Z --- tail (last 30 lines) ---
2026-10-08T00:45:27.4506399Z === Test: aai-delta-stage3 (spec-delta-stage-3 / RFC-0011 delta-spec lifecycle) ===
2026-10-08T00:45:27.4507068Z INFO: Checking dependencies...
2026-10-08T00:45:27.4507398Z PASS: Dependencies checked
2026-10-08T00:45:27.4507975Z INFO: TEST-001: delta-merge applies ADDED/MODIFIED/REMOVED; untouched lines byte-identical (int)...
2026-10-08T00:45:27.4508910Z PASS: TEST-001: ADDED->004 (retired 003 not reused), MODIFIED body+title+Provenance, REMOVED tombstone; untouched lines byte-identical
2026-10-08T00:45:27.4510042Z INFO: TEST-002: fail-closed on violation / missing doc / absent id / title collision; ZERO writes (int)...
2026-10-08T00:45:27.4510935Z PASS: TEST-002: all four fail-closed preconditions exit non-zero, name the reason, leave the canonical byte-unchanged
2026-10-08T00:45:27.4511740Z INFO: TEST-003: a second delta-merge for the same spec is byte-identical (int)...
2026-10-08T00:45:27.4512476Z PASS: TEST-003: second run byte-identical; ADDED not re-appended; REMOVED-already-gone a clean no-op
2026-10-08T00:45:27.4513599Z INFO: TEST-008: MODIFIED adjacent to REMOVED — tombstone survives a byte-idempotent re-run (int)...
2026-10-08T00:45:27.4514448Z PASS: TEST-008: tombstone adjacent to a modified block survives; second run byte-identical
2026-10-08T00:45:27.4515165Z INFO: TEST-009: retired NNN not reused by a later ADDED across specs (int)...
2026-10-08T00:45:27.4515803Z PASS: TEST-009: ADDED took REQ-SPROCKETS-003; retired 002 never reused
2026-10-08T00:45:27.4516883Z INFO: TEST-010: cross-spec — modifying the block before a tombstone preserves it (int)...
2026-10-08T00:45:27.4517797Z PASS: TEST-010: SPEC-A's tombstone survives a later SPEC-B modification of the preceding block
2026-10-08T00:45:27.4518838Z INFO: TEST-006: SKILL_PR documents the delta-merge ceremony step; no stage-N token on edited .aai surfaces (unit)...
2026-10-08T00:45:27.4520043Z PASS: TEST-006: SKILL_PR carries the post-allocation, fail-closed, no-op-documented merge step; taxonomy clean
2026-10-08T00:45:27.4521014Z INFO: TEST-007: delta-stage1 + delta-stage2 + spec-lint + docs-audit suites pass; strict repo audit CLEAN (int)...
2026-10-08T00:45:27.4521959Z Testing aai-docs-audit skill (engine + fixtures)
2026-10-08T00:45:27.4522495Z INFO: Checking dependencies...
2026-10-08T00:45:27.4522831Z PASS: Dependencies checked
2026-10-08T00:45:27.4523278Z INFO: Setting up fixture repo...
2026-10-08T00:45:27.4523644Z PASS: Fixture repo ready
2026-10-08T00:45:27.4524446Z INFO: Test: --check --strict over the live tree exits 0 and every near-miss document it names is dispositioned in the spec (TEST-1351)...
2026-10-08T00:45:27.4525426Z PASS: Every near-miss document over the live corpus is dispositioned, and --check --strict still exits 0
2026-10-08T00:45:27.4526451Z INFO: Test: the docs-audit headline carries the near-miss count split into blocking and report-only, and it equals the section count (TEST-1348)...
2026-10-08T00:45:27.4527374Z PASS: The near-miss count is part of what the headline SAYS, and it agrees with the section
2026-10-08T00:45:27.4528510Z INFO: Test: the Verdict line names the unreadable AC tables when any exist, stays bare CLEAN when none do, and keeps the literal 'Verdict: CLEAN' substring either way (TEST-1349)...
2026-10-08T00:45:27.4529857Z FAIL: Expected 'Verdict: CLEAN' in /tmp/aai-docs-audit-test.uIbaqj/silence-live-1349.log
2026-10-08T00:45:27.4530535Z FAIL: TEST-007: sibling suite failed: test-aai-docs-audit.sh
2026-10-08T00:45:27.4531078Z --- end aai-delta-stage3 ---
2026-10-08T00:45:57.8914333Z [ 4/26] aai-delta-stage2     [0;32mPASS[0m (30.0s)
2026-10-08T00:45:59.1215485Z [ 5/26] aai-release          [0;32mPASS[0m (40.0s)
2026-10-08T00:46:15.4857510Z [ 6/26] aai-pr-waiver        [0;32mPASS[0m (16.0s)
2026-10-08T00:46:19.3521418Z [ 7/26] aai-follow-ups       [0;32mPASS[0m (20.0s)
2026-10-08T00:46:25.0117849Z [ 8/26] aai-sweep-parallel   [0;32mPASS[0m (82.0s)
2026-10-08T00:46:30.9681979Z [ 9/26] aai-run-tests        [0;32mPASS[0m (133.0s)
2026-10-08T00:46:31.4254356Z [10/26] aai-friction-capture-points [0;32mPASS[0m (16.0s)
2026-10-08T00:46:31.7522892Z [11/26] aai-debug-gate       [0;32mPASS[0m (6.0s)
2026-10-08T00:46:37.0558159Z [12/26] aai-tdd-evidence     [0;32mPASS[0m (4.0s)
2026-10-08T00:46:38.6373613Z [13/26] aai-docs-lock        [0;32mPASS[0m (6.0s)
2026-10-08T00:46:39.5731671Z [14/26] aai-pr-platform      [0;32mPASS[0m (8.0s)
2026-10-08T00:46:40.1013759Z [15/26] aai-ride-select      [0;32mPASS[0m (20.0s)
2026-10-08T00:46:41.2166107Z [16/26] aai-learned-routing  [0;32mPASS[0m (2.0s)
2026-10-08T00:46:42.7126862Z [17/26] aai-test-canon       [0;32mPASS[0m (3.0s)
2026-10-08T00:46:43.0231796Z [18/26] aai-orchestration-mode [0;32mPASS[0m (2.0s)
2026-10-08T00:46:43.3706024Z [19/26] aai-docs-hub         [0;32mPASS[0m (2.0s)
2026-10-08T00:46:44.0433624Z [20/26] aai-layer-drift      [0;32mPASS[0m (2.0s)
2026-10-08T00:46:44.3111858Z [21/26] aai-antigravity-project-skills [0;32mPASS[0m (0.0s)
2026-10-08T00:46:44.6281781Z [22/26] aai-implementation-mode [0;32mPASS[0m (1.0s)
2026-10-08T00:46:45.3184509Z [23/26] aai-share            [0;32mPASS[0m (1.0s)
2026-10-08T00:46:45.6032078Z [24/26] aai-prompt-hash      [0;32mPASS[0m (1.0s)
2026-10-08T00:46:46.0213246Z [25/26] aai-token-capture    [0;32mPASS[0m (2.0s)
2026-10-08T00:46:46.2350020Z [26/26] aai-userguide-rollup [0;32mPASS[0m (0.0s)
2026-10-08T00:46:46.2677636Z [0;34m[INFO][0m 
2026-10-08T00:46:46.2677958Z [0;34m[INFO][0m 
2026-10-08T00:46:46.2678776Z [0;34m[INFO][0m =========================================
2026-10-08T00:46:46.2679723Z [0;34m[INFO][0m Test Summary
2026-10-08T00:46:46.2680503Z [0;34m[INFO][0m =========================================
2026-10-08T00:46:46.2681193Z [0;31m[FAIL][0m Failed:  1 (3%)
2026-10-08T00:46:46.2681880Z [0;34m[INFO][0m Total:   26
2026-10-08T00:46:46.2682426Z [0;32m[PASS][0m Passed:  25 (96%)
2026-10-08T00:46:46.2683208Z [0;34m[INFO][0m Tripwire: 25/26 suite(s) attested clean; 1 not attested (skipped, failed, allowlisted, or unguarded)
2026-10-08T00:46:46.2683947Z [0;34m[INFO][0m Isolation: 26/26 suite(s) isolated; 0 degraded
2026-10-08T00:46:46.2684535Z [0;34m[INFO][0m Seeding: 26/26 suite(s) fully seeded; 0 partial; 0 skipped
2026-10-08T00:46:46.2685544Z [0;34m[INFO][0m Concurrency: width 4; 0 wave(s) re-run serially (0 suite(s) total) to attribute a shipping-repository change
2026-10-08T00:46:46.2686305Z [0;34m[INFO][0m 
2026-10-08T00:46:46.2687081Z [0;34m[INFO][0m Results saved to: /home/runner/work/aai/aai/tests/skills/results/test-20261008-004415
2026-10-08T00:46:46.3017811Z ##[error]Process completed with exit code 1.
2026-10-08T00:46:46.3136307Z Post job cleanup.
2026-10-08T00:46:46.3743897Z [command]/usr/bin/git version
2026-10-08T00:46:46.3769590Z git version 2.55.0
2026-10-08T00:46:46.3792961Z Temporarily overriding HOME='/home/runner/work/_temp/17ba3801-116f-4f74-9886-c3d014dfc47a' before making global git config changes
2026-10-08T00:46:46.3794370Z Adding repository directory to the temporary git global config as a safe directory
2026-10-08T00:46:46.3796950Z [command]/usr/bin/git config --global --add safe.directory /home/runner/work/aai/aai
2026-10-08T00:46:46.3821528Z [command]/usr/bin/git config --local --name-only --get-regexp core\.sshCommand
2026-10-08T00:46:46.3843561Z [command]/usr/bin/git submodule foreach --recursive sh -c "git config --local --name-only --get-regexp 'core\.sshCommand' && git config --local --unset-all 'core.sshCommand' || :"
2026-10-08T00:46:46.4003760Z [command]/usr/bin/git config --local --name-only --get-regexp http\.https\:\/\/github\.com\/\.extraheader
2026-10-08T00:46:46.4018057Z http.https://github.com/.extraheader
2026-10-08T00:46:46.4026268Z [command]/usr/bin/git config --local --unset-all http.https://github.com/.extraheader
2026-10-08T00:46:46.4051311Z [command]/usr/bin/git submodule foreach --recursive sh -c "git config --local --name-only --get-regexp 'http\.https\:\/\/github\.com\/\.extraheader' && git config --local --unset-all 'http.https://github.com/.extraheader' || :"
2026-10-08T00:46:46.4221190Z [command]/usr/bin/git config --local --name-only --get-regexp ^includeIf\.gitdir:
2026-10-08T00:46:46.4253089Z [command]/usr/bin/git submodule foreach --recursive git config --local --show-origin --name-only --get-regexp remote.origin.url
2026-10-08T00:46:46.4520258Z Cleaning up orphan processes
2026-10-08T00:46:46.4703221Z ##[warning]Node.js 20 is deprecated. The following actions target Node.js 20 but are being forced to run on Node.js 24: actions/checkout@v4, actions/setup-node@v4. For more information see: https://github.blog/changelog/2025-09-19-deprecation-of-node-20-on-github-actions-runners/
