2026-10-08T00:44:09.2307419Z Current runner version: '2.337.0'
2026-10-08T00:44:09.2330901Z ##[group]Runner Image Provisioner
2026-10-08T00:44:09.2331774Z Hosted Compute Agent
2026-10-08T00:44:09.2332379Z Version: 20261002.596
2026-10-08T00:44:09.2333166Z Commit: c3d12f3313a95f25162a1503be624f3b0617f8c0
2026-10-08T00:44:09.2333912Z Build Date: 2026-10-02T22:28:27Z
2026-10-08T00:44:09.2334644Z Worker ID: {fb9a8d7f-fcd8-4275-8d26-bd186b9d04fe}
2026-10-08T00:44:09.2335391Z Region: westus2
2026-10-08T00:44:09.2335948Z Cloud: Azure
2026-10-08T00:44:09.2336552Z ##[endgroup]
2026-10-08T00:44:09.2337973Z ##[group]Operating System
2026-10-08T00:44:09.2338600Z Ubuntu
2026-10-08T00:44:09.2339221Z 24.04.5
2026-10-08T00:44:09.2340117Z LTS
2026-10-08T00:44:09.2340799Z ##[endgroup]
2026-10-08T00:44:09.2341367Z ##[group]Runner Image
2026-10-08T00:44:09.2341962Z Image: ubuntu-24.04
2026-10-08T00:44:09.2342602Z Version: 20261004.327.1
2026-10-08T00:44:09.2343848Z Included Software: https://github.com/actions/runner-images/blob/ubuntu24/20261004.327/images/ubuntu/Ubuntu2404-Readme.md
2026-10-08T00:44:09.2345505Z Image Release: https://github.com/actions/runner-images/releases/tag/ubuntu24%2F20261004.327
2026-10-08T00:44:09.2346452Z ##[endgroup]
2026-10-08T00:44:09.2347601Z ##[group]GITHUB_TOKEN Permissions
2026-10-08T00:44:09.2349476Z Contents: read
2026-10-08T00:44:09.2350461Z Metadata: read
2026-10-08T00:44:09.2351023Z ##[endgroup]
2026-10-08T00:44:09.2353112Z Secret source: Actions
2026-10-08T00:44:09.2354143Z Cache mode: write
2026-10-08T00:44:09.2354904Z Prepare workflow directory
2026-10-08T00:44:09.2769047Z Prepare all required actions
2026-10-08T00:44:09.2840939Z Getting action download info
2026-10-08T00:44:09.6311111Z Download action repository 'actions/checkout@v4' (SHA:11d5960a326750d5838078e36cf38b85af677262)
2026-10-08T00:44:09.7154865Z Download action repository 'actions/setup-node@v4' (SHA:49933ea5288caeca8642d1e84afbd3f7d6820020)
2026-10-08T00:44:09.9342556Z Complete job name: skill test suite (full framework, via test-framework.sh) (3)
2026-10-08T00:44:10.0101120Z ##[group]Run actions/checkout@v4
2026-10-08T00:44:10.0102261Z with:
2026-10-08T00:44:10.0102723Z   fetch-depth: 0
2026-10-08T00:44:10.0103209Z   repository: goodwind-cz/aai
2026-10-08T00:44:10.0106844Z   token: ***
2026-10-08T00:44:10.0107290Z   ssh-strict: true
2026-10-08T00:44:10.0107760Z   ssh-user: git
2026-10-08T00:44:10.0108225Z   persist-credentials: true
2026-10-08T00:44:10.0108724Z   clean: true
2026-10-08T00:44:10.0109187Z   sparse-checkout-cone-mode: true
2026-10-08T00:44:10.0110191Z   fetch-tags: false
2026-10-08T00:44:10.0110701Z   show-progress: true
2026-10-08T00:44:10.0111173Z   lfs: false
2026-10-08T00:44:10.0111603Z   submodules: false
2026-10-08T00:44:10.0112074Z   set-safe-directory: true
2026-10-08T00:44:10.0112613Z   allow-unsafe-pr-checkout: false
2026-10-08T00:44:10.0113481Z env:
2026-10-08T00:44:10.0113915Z   AAI_TEST_PARALLEL: 4
2026-10-08T00:44:10.0114382Z ##[endgroup]
2026-10-08T00:44:10.1135942Z Syncing repository: goodwind-cz/aai
2026-10-08T00:44:10.1138122Z ##[group]Getting Git version info
2026-10-08T00:44:10.1138840Z Working directory is '/home/runner/work/aai/aai'
2026-10-08T00:44:10.1140339Z [command]/usr/bin/git version
2026-10-08T00:44:10.1193729Z git version 2.55.0
2026-10-08T00:44:10.1214862Z ##[endgroup]
2026-10-08T00:44:10.1230651Z Temporarily overriding HOME='/home/runner/work/_temp/0a1a2713-af07-43f2-a027-28af3c74b133' before making global git config changes
2026-10-08T00:44:10.1233275Z Adding repository directory to the temporary git global config as a safe directory
2026-10-08T00:44:10.1236382Z [command]/usr/bin/git config --global --add safe.directory /home/runner/work/aai/aai
2026-10-08T00:44:10.1288732Z Deleting the contents of '/home/runner/work/aai/aai'
2026-10-08T00:44:10.1293215Z ##[group]Initializing the repository
2026-10-08T00:44:10.1298235Z [command]/usr/bin/git init /home/runner/work/aai/aai
2026-10-08T00:44:10.1392479Z hint: Using 'master' as the name for the initial branch. This default branch name
2026-10-08T00:44:10.1394301Z hint: will change to "main" in Git 3.0. To configure the initial branch name
2026-10-08T00:44:10.1395686Z hint: to use in all of your new repositories, which will suppress this warning,
2026-10-08T00:44:10.1396534Z hint: call:
2026-10-08T00:44:10.1397026Z hint:
2026-10-08T00:44:10.1397627Z hint: 	git config --global init.defaultBranch <name>
2026-10-08T00:44:10.1398331Z hint:
2026-10-08T00:44:10.1398996Z hint: Names commonly chosen instead of 'master' are 'main', 'trunk' and
2026-10-08T00:44:10.1400471Z hint: 'development'. The just-created branch can be renamed via this command:
2026-10-08T00:44:10.1401362Z hint:
2026-10-08T00:44:10.1401878Z hint: 	git branch -m <name>
2026-10-08T00:44:10.1402460Z hint:
2026-10-08T00:44:10.1403154Z hint: Disable this message with "git config set advice.defaultBranchName false"
2026-10-08T00:44:10.1411848Z Initialized empty Git repository in /home/runner/work/aai/aai/.git/
2026-10-08T00:44:10.1423626Z [command]/usr/bin/git remote add origin https://github.com/goodwind-cz/aai
2026-10-08T00:44:10.1472738Z ##[endgroup]
2026-10-08T00:44:10.1474020Z ##[group]Disabling automatic garbage collection
2026-10-08T00:44:10.1478181Z [command]/usr/bin/git config --local gc.auto 0
2026-10-08T00:44:10.1514107Z ##[endgroup]
2026-10-08T00:44:10.1515275Z ##[group]Setting up auth
2026-10-08T00:44:10.1527018Z [command]/usr/bin/git config --local --name-only --get-regexp core\.sshCommand
2026-10-08T00:44:10.1572187Z [command]/usr/bin/git submodule foreach --recursive sh -c "git config --local --name-only --get-regexp 'core\.sshCommand' && git config --local --unset-all 'core.sshCommand' || :"
2026-10-08T00:44:10.1942989Z [command]/usr/bin/git config --local --name-only --get-regexp http\.https\:\/\/github\.com\/\.extraheader
2026-10-08T00:44:10.1987647Z [command]/usr/bin/git submodule foreach --recursive sh -c "git config --local --name-only --get-regexp 'http\.https\:\/\/github\.com\/\.extraheader' && git config --local --unset-all 'http.https://github.com/.extraheader' || :"
2026-10-08T00:44:10.2248040Z [command]/usr/bin/git config --local --name-only --get-regexp ^includeIf\.gitdir:
2026-10-08T00:44:10.2284266Z [command]/usr/bin/git submodule foreach --recursive git config --local --show-origin --name-only --get-regexp remote.origin.url
2026-10-08T00:44:10.2507096Z [command]/usr/bin/git config --local http.https://github.com/.extraheader AUTHORIZATION: basic ***
2026-10-08T00:44:10.2546877Z ##[endgroup]
2026-10-08T00:44:10.2556855Z ##[group]Fetching the repository
2026-10-08T00:44:10.2558715Z [command]/usr/bin/git -c protocol.version=2 fetch --prune --no-recurse-submodules origin +refs/heads/*:refs/remotes/origin/* +refs/tags/*:refs/tags/* +549a7652a23e04f2eb15a75d5db4e5a410512a82:refs/remotes/pull/434/merge
2026-10-08T00:44:12.6126157Z From https://github.com/goodwind-cz/aai
2026-10-08T00:44:12.6128070Z  * [new branch]        change/amendment-signature-asks-the-owner-too-often -> origin/change/amendment-signature-asks-the-owner-too-often
2026-10-08T00:44:12.6131891Z  * [new branch]        change/downstream-rides-ask-no-governance-questions -> origin/change/downstream-rides-ask-no-governance-questions
2026-10-08T00:44:12.6133398Z  * [new branch]        change/original-request-outcome-backcheck -> origin/change/original-request-outcome-backcheck
2026-10-08T00:44:12.6134716Z  * [new branch]        change/pr-capability-preflight           -> origin/change/pr-capability-preflight
2026-10-08T00:44:12.6135971Z  * [new branch]        change/roadmap-serves-downstream-projects -> origin/change/roadmap-serves-downstream-projects
2026-10-08T00:44:12.6137256Z  * [new branch]        chore/close-userguide-catalog-item       -> origin/chore/close-userguide-catalog-item
2026-10-08T00:44:12.6138575Z  * [new branch]        chore/intake-routing-tables-owner-and-seam -> origin/chore/intake-routing-tables-owner-and-seam
2026-10-08T00:44:12.6140134Z  * [new branch]        chore/release-v2026.09.25                -> origin/chore/release-v2026.09.25
2026-10-08T00:44:12.6141429Z  * [new branch]        chore/release-v2026.09.28                -> origin/chore/release-v2026.09.28
2026-10-08T00:44:12.6142930Z  * [new branch]        chore/wave-3-intakes                     -> origin/chore/wave-3-intakes
2026-10-08T00:44:12.6144282Z  * [new branch]        cursor/feedback-triage-missing-output-dir-a7ce -> origin/cursor/feedback-triage-missing-output-dir-a7ce
2026-10-08T00:44:12.6145576Z  * [new branch]        cursor/gpt-6-pricing-family-67e6         -> origin/cursor/gpt-6-pricing-family-67e6
2026-10-08T00:44:12.6147081Z  * [new branch]        cursor/mutation-clone-fidelity-windows-eol-a7ce -> origin/cursor/mutation-clone-fidelity-windows-eol-a7ce
2026-10-08T00:44:12.6148962Z  * [new branch]        cursor/mutation-clone-windows-run-chain-5e0a -> origin/cursor/mutation-clone-windows-run-chain-5e0a
2026-10-08T00:44:12.6150400Z  * [new branch]        cursor/polydao-graph-loop-ideas-fa9c     -> origin/cursor/polydao-graph-loop-ideas-fa9c
2026-10-08T00:44:12.6151932Z  * [new branch]        cursor/pricing-missing-models-and-refresh-94d5 -> origin/cursor/pricing-missing-models-and-refresh-94d5
2026-10-08T00:44:12.6153494Z  * [new branch]        cursor/prompts-invoke-wsl-bash-on-windows-a7ce -> origin/cursor/prompts-invoke-wsl-bash-on-windows-a7ce
2026-10-08T00:44:12.6155283Z  * [new branch]        cursor/strategy-unscoped-from-current-focus-a7ce -> origin/cursor/strategy-unscoped-from-current-focus-a7ce
2026-10-08T00:44:12.6156838Z  * [new branch]        exp-0113-phase1                          -> origin/exp-0113-phase1
2026-10-08T00:44:12.6158128Z  * [new branch]        feat/antigravity-cli-skill-paths         -> origin/feat/antigravity-cli-skill-paths
2026-10-08T00:44:12.6159824Z  * [new branch]        feat/canon-is-a-build-artifact           -> origin/feat/canon-is-a-build-artifact
2026-10-08T00:44:12.6161392Z  * [new branch]        feat/cheap-model-in-practice             -> origin/feat/cheap-model-in-practice
2026-10-08T00:44:12.6162784Z  * [new branch]        feat/dev-progress-hub                    -> origin/feat/dev-progress-hub
2026-10-08T00:44:12.6164450Z  * [new branch]        feat/feedback-upsert-review              -> origin/feat/feedback-upsert-review
2026-10-08T00:44:12.6166012Z  * [new branch]        feat/friction-channel-sweep              -> origin/feat/friction-channel-sweep
2026-10-08T00:44:12.6167319Z  * [new branch]        feat/learned-append-gate                 -> origin/feat/learned-append-gate
2026-10-08T00:44:12.6168279Z  * [new branch]        feat/original-request-outcome-backcheck  -> origin/feat/original-request-outcome-backcheck
2026-10-08T00:44:12.6169259Z  * [new branch]        feat/pr-post-open-review-sweep           -> origin/feat/pr-post-open-review-sweep
2026-10-08T00:44:12.6170568Z  * [new branch]        feat/product-docs-enforced               -> origin/feat/product-docs-enforced
2026-10-08T00:44:12.6171496Z  * [new branch]        feat/prompt-hash-telemetry               -> origin/feat/prompt-hash-telemetry
2026-10-08T00:44:12.6172384Z  * [new branch]        feat/roadmap-takes-direction             -> origin/feat/roadmap-takes-direction
2026-10-08T00:44:12.6173259Z  * [new branch]        feat/role-output-contracts               -> origin/feat/role-output-contracts
2026-10-08T00:44:12.6174084Z  * [new branch]        feat/universality-proof                  -> origin/feat/universality-proof
2026-10-08T00:44:12.6175219Z  * [new branch]        feature/remote-orchestration             -> origin/feature/remote-orchestration
2026-10-08T00:44:12.6176903Z  * [new branch]        fix/canonical-provenance-archived-sources -> origin/fix/canonical-provenance-archived-sources
2026-10-08T00:44:12.6177967Z  * [new branch]        fix/closeout-display-id-match            -> origin/fix/closeout-display-id-match
2026-10-08T00:44:12.6178925Z  * [new branch]        fix/feedback-pipeline-discoverability    -> origin/fix/feedback-pipeline-discoverability
2026-10-08T00:44:12.6180192Z  * [new branch]        fix/gate-checks-declared-mutation        -> origin/fix/gate-checks-declared-mutation
2026-10-08T00:44:12.6181184Z  * [new branch]        fix/growth-pins-dont-wall-the-corpus     -> origin/fix/growth-pins-dont-wall-the-corpus
2026-10-08T00:44:12.6182494Z  * [new branch]        fix/worktree-lacks-vendored-aai-layer-downstream-wt -> origin/fix/worktree-lacks-vendored-aai-layer-downstream-wt
2026-10-08T00:44:12.6183428Z  * [new branch]        main                                     -> origin/main
2026-10-08T00:44:12.6184182Z  * [new branch]        research/polydao-verdicts                -> origin/research/polydao-verdicts
2026-10-08T00:44:12.6184882Z  * [new tag]           v2026.07.04                              -> v2026.07.04
2026-10-08T00:44:12.6185474Z  * [new tag]           v2026.07.20                              -> v2026.07.20
2026-10-08T00:44:12.6186063Z  * [new tag]           v2026.07.22                              -> v2026.07.22
2026-10-08T00:44:12.6186652Z  * [new tag]           v2026.07.24                              -> v2026.07.24
2026-10-08T00:44:12.6187264Z  * [new tag]           v2026.07.26                              -> v2026.07.26
2026-10-08T00:44:12.6187856Z  * [new tag]           v2026.07.28                              -> v2026.07.28
2026-10-08T00:44:12.6188448Z  * [new tag]           v2026.07.28.1                            -> v2026.07.28.1
2026-10-08T00:44:12.6189049Z  * [new tag]           v2026.07.29                              -> v2026.07.29
2026-10-08T00:44:12.6189961Z  * [new tag]           v2026.07.30                              -> v2026.07.30
2026-10-08T00:44:12.6190647Z  * [new tag]           v2026.08.01                              -> v2026.08.01
2026-10-08T00:44:12.6191248Z  * [new tag]           v2026.08.02                              -> v2026.08.02
2026-10-08T00:44:12.6191841Z  * [new tag]           v2026.08.03                              -> v2026.08.03
2026-10-08T00:44:12.6192437Z  * [new tag]           v2026.08.03.2                            -> v2026.08.03.2
2026-10-08T00:44:12.6193020Z  * [new tag]           v2026.08.04                              -> v2026.08.04
2026-10-08T00:44:12.6193783Z  * [new tag]           v2026.08.05                              -> v2026.08.05
2026-10-08T00:44:12.6194383Z  * [new tag]           v2026.08.07                              -> v2026.08.07
2026-10-08T00:44:12.6194981Z  * [new tag]           v2026.08.08                              -> v2026.08.08
2026-10-08T00:44:12.6195562Z  * [new tag]           v2026.08.11                              -> v2026.08.11
2026-10-08T00:44:12.6196148Z  * [new tag]           v2026.08.12                              -> v2026.08.12
2026-10-08T00:44:12.6196734Z  * [new tag]           v2026.08.13                              -> v2026.08.13
2026-10-08T00:44:12.6197335Z  * [new tag]           v2026.08.13.2                            -> v2026.08.13.2
2026-10-08T00:44:12.6197926Z  * [new tag]           v2026.08.14                              -> v2026.08.14
2026-10-08T00:44:12.6198531Z  * [new tag]           v2026.08.16                              -> v2026.08.16
2026-10-08T00:44:12.6199128Z  * [new tag]           v2026.08.23                              -> v2026.08.23
2026-10-08T00:44:12.6199951Z  * [new tag]           v2026.08.27                              -> v2026.08.27
2026-10-08T00:44:12.6200555Z  * [new tag]           v2026.08.29                              -> v2026.08.29
2026-10-08T00:44:12.6201271Z  * [new tag]           v2026.09.01                              -> v2026.09.01
2026-10-08T00:44:12.6202400Z  * [new tag]           v2026.09.06                              -> v2026.09.06
2026-10-08T00:44:12.6203550Z  * [new tag]           v2026.09.08                              -> v2026.09.08
2026-10-08T00:44:12.6204695Z  * [new tag]           v2026.09.09                              -> v2026.09.09
2026-10-08T00:44:12.6205818Z  * [new tag]           v2026.09.21                              -> v2026.09.21
2026-10-08T00:44:12.6206864Z  * [new tag]           v2026.09.25                              -> v2026.09.25
2026-10-08T00:44:12.6207905Z  * [new tag]           v2026.09.28                              -> v2026.09.28
2026-10-08T00:44:12.6208979Z  * [new tag]           v2026.09.30                              -> v2026.09.30
2026-10-08T00:44:12.6210677Z  * [new tag]           v2026.10.02                              -> v2026.10.02
2026-10-08T00:44:12.6211882Z  * [new ref]           549a7652a23e04f2eb15a75d5db4e5a410512a82 -> pull/434/merge
2026-10-08T00:44:12.6213278Z  * [new tag]           test-fixture-pre-f2-close-work-item      -> test-fixture-pre-f2-close-work-item
2026-10-08T00:44:12.6214685Z  * [new tag]           test-fixture-pre-f3-guard                -> test-fixture-pre-f3-guard
2026-10-08T00:44:12.6217493Z ##[endgroup]
2026-10-08T00:44:12.6218535Z ##[group]Determining the checkout info
2026-10-08T00:44:12.6219897Z ##[endgroup]
2026-10-08T00:44:12.6220847Z [command]/usr/bin/git sparse-checkout disable
2026-10-08T00:44:12.6222208Z [command]/usr/bin/git config --local --unset-all extensions.worktreeConfig
2026-10-08T00:44:12.6245032Z ##[group]Checking out the ref
2026-10-08T00:44:12.6249493Z [command]/usr/bin/git checkout --progress --force refs/remotes/pull/434/merge
2026-10-08T00:44:12.8490004Z Note: switching to 'refs/remotes/pull/434/merge'.
2026-10-08T00:44:12.8490603Z 
2026-10-08T00:44:12.8491072Z You are in 'detached HEAD' state. You can look around, make experimental
2026-10-08T00:44:12.8492062Z changes and commit them, and you can discard any commits you make in this
2026-10-08T00:44:12.8493038Z state without impacting any branches by switching back to a branch.
2026-10-08T00:44:12.8493569Z 
2026-10-08T00:44:12.8493945Z If you want to create a new branch to retain commits you create, you may
2026-10-08T00:44:12.8494808Z do so (now or later) by using -c with the switch command. Example:
2026-10-08T00:44:12.8495263Z 
2026-10-08T00:44:12.8495476Z   git switch -c <new-branch-name>
2026-10-08T00:44:12.8495790Z 
2026-10-08T00:44:12.8495991Z Or undo this operation with:
2026-10-08T00:44:12.8496291Z 
2026-10-08T00:44:12.8496470Z   git switch -
2026-10-08T00:44:12.8496722Z 
2026-10-08T00:44:12.8497427Z Turn off this advice by setting config variable advice.detachedHead to false
2026-10-08T00:44:12.8498032Z 
2026-10-08T00:44:12.8498731Z HEAD is now at 549a7652 Merge ebbd0eaeaebfa9015f550193df6f0b54afc338c3 into bdeb425c040ada918dd97e5b878b71e420bad83a
2026-10-08T00:44:12.8556325Z ##[endgroup]
2026-10-08T00:44:12.8560022Z [command]/usr/bin/git log -1 --format=%H
2026-10-08T00:44:12.8587606Z 549a7652a23e04f2eb15a75d5db4e5a410512a82
2026-10-08T00:44:12.8986056Z ##[group]Run actions/setup-node@v4
2026-10-08T00:44:12.8986415Z with:
2026-10-08T00:44:12.8986663Z   node-version: 20
2026-10-08T00:44:12.8986918Z   always-auth: false
2026-10-08T00:44:12.8987174Z   check-latest: false
2026-10-08T00:44:12.8989849Z   token: ***
2026-10-08T00:44:12.8990113Z env:
2026-10-08T00:44:12.8990344Z   AAI_TEST_PARALLEL: 4
2026-10-08T00:44:12.8990609Z ##[endgroup]
2026-10-08T00:44:13.0770605Z Attempting to download 20...
2026-10-08T00:44:13.0927297Z (node:2311) [DEP0040] DeprecationWarning: The `punycode` module is deprecated. Please use a userland alternative instead.
2026-10-08T00:44:13.0928625Z (Use `node --trace-deprecation ...` to show where the warning was created)
2026-10-08T00:44:13.6535855Z Acquiring 20.20.2 - x64 from https://github.com/actions/node-versions/releases/download/20.20.2-23521894959/node-20.20.2-linux-x64.tar.gz
2026-10-08T00:44:14.1077250Z Extracting ...
2026-10-08T00:44:14.1198723Z [command]/usr/bin/tar xz --strip 1 --warning=no-unknown-keyword --overwrite -C /home/runner/work/_temp/4502e660-804a-4c80-af10-a428ddb09c4d -f /home/runner/work/_temp/32a4efde-8a66-4e5b-a4b5-326be409a70e
2026-10-08T00:44:15.1471344Z Adding to the cache ...
2026-10-08T00:44:16.9435897Z ##[group]Environment details
2026-10-08T00:44:17.2751175Z node: v20.20.2
2026-10-08T00:44:17.2751694Z npm: 10.8.2
2026-10-08T00:44:17.2752215Z yarn: 1.22.22
2026-10-08T00:44:17.2752934Z ##[endgroup]
2026-10-08T00:44:17.2961274Z ##[group]Run set -euo pipefail
2026-10-08T00:44:17.2961874Z [36;1mset -euo pipefail[0m
2026-10-08T00:44:17.2962242Z [36;1mprintf '%s\n' "$SHARD_PLAN" > shard-plan.txt[0m
2026-10-08T00:44:17.2963039Z [36;1mbash tests/skills/lib/shard-plan-check.sh --check shard-plan.txt tests/skills >/dev/null[0m
2026-10-08T00:44:17.2963513Z [36;1mif [ "3" = "all" ]; then[0m
2026-10-08T00:44:17.2963789Z [36;1m  bash tests/skills/test-framework.sh[0m
2026-10-08T00:44:17.2964083Z [36;1melse[0m
2026-10-08T00:44:17.2964462Z [36;1m  SUITES="$(bash tests/skills/lib/shard-plan-check.sh --extract 3 shard-plan.txt)"[0m
2026-10-08T00:44:17.2964897Z [36;1m  args=()[0m
2026-10-08T00:44:17.2965111Z [36;1m  for s in $SUITES; do[0m
2026-10-08T00:44:17.2965360Z [36;1m    args+=(--skill "$s")[0m
2026-10-08T00:44:17.2965597Z [36;1m  done[0m
2026-10-08T00:44:17.2965857Z [36;1m  bash tests/skills/test-framework.sh "${args[@]}"[0m
2026-10-08T00:44:17.2966160Z [36;1mfi[0m
2026-10-08T00:44:17.3214845Z shell: /usr/bin/bash -e {0}
2026-10-08T00:44:17.3215156Z env:
2026-10-08T00:44:17.3215384Z   AAI_TEST_PARALLEL: 4
2026-10-08T00:44:17.3229843Z   SHARD_PLAN: SHARD 1 aai-learned-append weight=434
SHARD 1 aai-hygiene-pack weight=313
SHARD 1 aai-ceremony-levels weight=120
SHARD 1 aai-feedback-upsert weight=91
SHARD 1 aai-mutation-gate weight=82
SHARD 1 aai-suite-isolation weight=77
SHARD 1 aai-doc-numbering weight=43
SHARD 1 aai-orchestration-dispatch weight=39
SHARD 1 aai-git-ref-guard weight=28
SHARD 1 aai-roadmap weight=22
SHARD 1 aai-hooks-overlay weight=18
SHARD 1 aai-factory-report weight=12
SHARD 1 aai-outcome-backcheck weight=10
SHARD 1 aai-canon weight=7
SHARD 1 aai-spec-tools weight=6
SHARD 1 aai-heartbeat weight=5
SHARD 1 aai-role-output weight=5
SHARD 1 aai-docs-canon weight=4
SHARD 1 aai-check-state weight=3
SHARD 1 aai-issues weight=3
SHARD 1 aai-redact weight=3
SHARD 1 aai-session-lock weight=2
SHARD 1 aai-pricing weight=1
SHARD 1 aai-runtime-file weight=1
SHARD 1 aai-userguide-drift weight=1
SHARD 2 aai-merge-policy weight=434
SHARD 2 aai-delta-stage3 weight=278
SHARD 2 aai-run-tests weight=135
SHARD 2 aai-friction weight=93
SHARD 2 aai-sweep-parallel weight=91
SHARD 2 aai-release weight=81
SHARD 2 aai-delta-stage2 weight=56
SHARD 2 aai-follow-ups weight=37
SHARD 2 aai-pr-waiver weight=27
SHARD 2 aai-friction-capture-points weight=19
SHARD 2 aai-ride-select weight=18
SHARD 2 aai-debug-gate weight=10
SHARD 2 aai-pr-platform weight=10
SHARD 2 aai-docs-lock weight=7
SHARD 2 aai-tdd-evidence weight=6
SHARD 2 aai-learned-routing weight=5
SHARD 2 aai-test-canon weight=5
SHARD 2 aai-orchestration-mode weight=4
SHARD 2 aai-docs-hub weight=3
SHARD 2 aai-layer-drift weight=3
SHARD 2 aai-token-capture weight=3
SHARD 2 aai-antigravity-project-skills weight=1
SHARD 2 aai-implementation-mode weight=1
SHARD 2 aai-prompt-hash weight=1
SHARD 2 aai-share weight=1
SHARD 2 aai-userguide-rollup weight=1
SHARD 3 aai-pr-preflight weight=434
SHARD 3 aai-sync-seed weight=234
SHARD 3 aai-doctor weight=149
SHARD 3 aai-doc-number-reservation weight=97
SHARD 3 aai-friction-wiring weight=91
SHARD 3 aai-golden-flow weight=81
SHARD 3 aai-ledger-merge weight=66
SHARD 3 aai-deslop weight=40
SHARD 3 aai-update-check weight=32
SHARD 3 aai-state weight=27
SHARD 3 aai-intake weight=17
SHARD 3 aai-constitution weight=11
SHARD 3 aai-win-fallback weight=10
SHARD 3 aai-hitl-channel weight=6
SHARD 3 aai-routine weight=6
SHARD 3 aai-bootstrap weight=5
SHARD 3 aai-prompt-diet weight=5
SHARD 3 aai-delta-stage1 weight=4
SHARD 3 aai-verify-gate weight=4
SHARD 3 aai-orphan-sweep weight=3
SHARD 3 aai-dashboard weight=2
SHARD 3 aai-reconcile-telemetry weight=2
SHARD 3 aai-pipe-safe weight=1
SHARD 3 aai-prune-stale-briefs weight=1
SHARD 3 aai-suite-select weight=1
SHARD 3 aai-validator-isolation weight=1
SHARD 4 aai-worktree-seed weight=434
SHARD 4 aai-docs-audit weight=161
SHARD 4 aai-repo-tripwire weight=155
SHARD 4 aai-close-work-item weight=112
SHARD 4 aai-hitl-propagation weight=93
SHARD 4 aai-metrics weight=89
SHARD 4 aai-layer-profiles weight=69
SHARD 4 aai-secrets-preflight weight=52
SHARD 4 aai-spec-lint weight=39
SHARD 4 aai-spec-amend weight=28
SHARD 4 aai-live-serve weight=19
SHARD 4 aai-close-reconcile weight=15
SHARD 4 aai-live-status weight=13
SHARD 4 aai-advisory-skills weight=9
SHARD 4 aai-branch-guard weight=9
SHARD 4 aai-update weight=6
SHARD 4 aai-lightweight-lane weight=5
SHARD 4 aai-unattended weight=5
SHARD 4 aai-overview weight=4
SHARD 4 aai-feedback-triage weight=3
SHARD 4 aai-product-docs weight=3
SHARD 4 aai-feedback-status weight=2
SHARD 4 aai-downstream-autopilot weight=1
SHARD 4 aai-planning-probes weight=1
SHARD 4 aai-r-guard weight=1
SHARD 4 aai-tdd weight=1
SHARD 4 aai-worktree weight=1
SHARDS count=4 suites=104
2026-10-08T00:44:17.3242216Z ##[endgroup]
2026-10-08T00:44:17.5071413Z 
2026-10-08T00:44:17.5077888Z AAI Skills Test Framework
2026-10-08T00:44:17.5078478Z =========================
2026-10-08T00:44:17.5078706Z 
2026-10-08T00:44:17.5098893Z [0;34m[INFO][0m Setting up results directory: /home/runner/work/aai/aai/tests/skills/results/test-20261008-004417
2026-10-08T00:44:17.5112028Z [0;34m[INFO][0m Checking system dependencies...
2026-10-08T00:44:18.6958015Z [0;32m[PASS][0m Dependencies checked
2026-10-08T00:44:18.7711539Z [0;34m[INFO][0m Isolation: every suite runs isolated in a disposable git checkout (its own .git, D1) seeded from the working tree
2026-10-08T00:44:18.7713603Z [0;34m[INFO][0m Concurrency: up to 4 suite(s) run at a time (AAI_TEST_PARALLEL=4). Set AAI_TEST_PARALLEL=1 for the serial execution model.
2026-10-08T00:44:18.7714726Z [0;34m[INFO][0m Discovering skill tests...
2026-10-08T00:44:18.7740540Z [0;34m[INFO][0m Found 26 test(s)
2026-10-08T00:44:18.7741098Z [0;34m[INFO][0m 
2026-10-08T00:44:18.7741625Z [0;34m[INFO][0m Running tests...
2026-10-08T00:44:18.7742129Z [0;34m[INFO][0m 
2026-10-08T00:44:56.7819150Z [ 1/26] aai-doc-number-reservation [0;31mFAIL[0m (36.0s) [tripwire NOT ATTESTED — suite exited 1 before completing]
2026-10-08T00:44:56.7820969Z --- Error Details (aai-doc-number-reservation) ---
2026-10-08T00:44:56.7822376Z --- failure lines (whole log) ---
2026-10-08T00:44:56.7910963Z (no explicit failure marker matched — see tail below)
2026-10-08T00:44:56.7912126Z --- tail (last 30 lines) ---
2026-10-08T00:44:56.7940610Z 
2026-10-08T00:44:56.7946221Z AAI Doc-Number Reservation Test Suite (CHANGE-0035 / SPEC-0047)
2026-10-08T00:44:56.7947369Z =================================================================
2026-10-08T00:44:56.7948011Z 
2026-10-08T00:44:56.7948477Z INFO: Checking dependencies...
2026-10-08T00:44:56.7949201Z PASS: Dependencies checked
2026-10-08T00:44:56.7951270Z INFO: TEST-001: allocation creates refs/aai/docnums/<ID> in bare origin AND renames the file...
2026-10-08T00:44:56.7952844Z PASS: TEST-001 reservation ref created in origin, file renamed, no provisional marker
2026-10-08T00:44:56.7954740Z INFO: TEST-002: pre-existing reservation ref -> create-only push rejected -> retries to next free...
2026-10-08T00:44:56.7956563Z PASS: TEST-002 rejection on pre-existing ref retries and lands next free; both refs exist
2026-10-08T00:44:56.7958585Z INFO: TEST-003: number taken on an unmerged origin branch (never locally fetched before) is skipped...
2026-10-08T00:44:56.7960401Z PASS: TEST-003 origin side-branch number scanned and skipped (union candidate scan)
2026-10-08T00:44:56.7987436Z INFO: TEST-004: a naked reservation ref with no doc anywhere is treated as taken...
2026-10-08T00:44:56.7988673Z PASS: TEST-004 naked reservation ref treated as taken
2026-10-08T00:44:56.7990425Z INFO: TEST-005: unreachable origin -> allocation proceeds, marks number_reserved: false, warns, exit 0...
2026-10-08T00:44:56.7992085Z PASS: TEST-005 offline/no-permission fallback: provisional marker + WARNING + exit 0
2026-10-08T00:44:56.7995813Z INFO: TEST-006: --guard exit 4 when staged TYPE-NNNN exists on base ref under a different id...
2026-10-08T00:44:56.7997412Z PASS: TEST-006 guard cross-branch collision exit 4 naming both ids; matching id is a negative control
2026-10-08T00:44:56.8000067Z INFO: TEST-007: --guard blocks number_reserved: false; --reserve completes or exits 4 on collision...
2026-10-08T00:44:56.8008557Z PASS: TEST-007 guard blocks unreserved marker; --reserve completes clean or exits 4 on collision
2026-10-08T00:44:56.8011163Z INFO: TEST-008: spec-lint --slug-handles flags an artifact filename with no merged doc; clean once merged...
2026-10-08T00:44:56.8012840Z PASS: TEST-008 slug-handles lint warns on unconfirmed handle, clean once the doc exists
2026-10-08T00:44:56.8014392Z INFO: TEST-009: coupled_families union (max 5, max 3 -> 6 for both); one atomic push creates both refs...
2026-10-08T00:44:56.8015854Z PASS: TEST-009 coupled union counter (6 for both); one atomic push created both refs
2026-10-08T00:44:56.8017912Z INFO: TEST-010: one member ref pre-exists -> neither ref created at that number; pair retries together...
2026-10-08T00:44:56.8019819Z PASS: TEST-010 atomic all-or-nothing: neither ref at the colliding number, pair retried together
2026-10-08T00:44:56.8021750Z INFO: TEST-011: existing tests/skills/test-aai-doc-numbering.sh suite stays green (D9 back-compat)...
2026-10-08T00:44:56.8023080Z --- end aai-doc-number-reservation ---
2026-10-08T00:45:11.7406099Z [ 2/26] aai-pr-preflight     [0;32mPASS[0m (50.0s)
2026-10-08T00:46:35.6766047Z [ 3/26] aai-friction-wiring  [0;32mPASS[0m (97.0s)
2026-10-08T00:46:39.4939030Z [ 4/26] aai-golden-flow      [0;32mPASS[0m (86.0s)
2026-10-08T00:47:04.9933272Z [ 5/26] aai-doctor           [0;32mPASS[0m (164.0s)
2026-10-08T00:47:22.3191924Z [ 6/26] aai-deslop           [0;31mFAIL[0m (41.0s) [tripwire NOT ATTESTED — suite exited 1 before completing]
2026-10-08T00:47:22.3195924Z --- Error Details (aai-deslop) ---
2026-10-08T00:47:22.3220661Z --- failure lines (whole log) ---
2026-10-08T00:47:22.3250746Z 31:FAIL TEST-028 published surfaces state the new rule
2026-10-08T00:47:22.3280130Z 37:Some tests FAILED.
2026-10-08T00:47:22.3281013Z --- tail (last 30 lines) ---
2026-10-08T00:47:22.3282411Z PASS TEST-006 exit 0 (clean / with-candidates / empty-input-set), exit 2 only for usage errors, source-proven
2026-10-08T00:47:22.3285484Z PASS TEST-007 empty diff exits 0 with the literal rerun-with-all note (prompt offers --all, no terminal stop wording); a non-empty diff outside the scanned surface and a deletion-only diff each get their own honest treatment, never 'empty diff'
2026-10-08T00:47:22.3288583Z PASS TEST-008 suppressed == 3 in both forms; both carry all four disclosure sentences (including the residual-class TEXT-NOT-A-FLAG line)
2026-10-08T00:47:22.3291128Z PASS TEST-009 prompt Scope contracts (<=90 lines, ask-and-stop, both tokens, engine lines, scope-bound rule, no false default, no inverted bound)
2026-10-08T00:47:22.3292949Z   TEST-010 baseline (not asserted): real-repo --all candidates=62 suppressed=797
2026-10-08T00:47:22.3294683Z PASS TEST-010 real-repo --all scope exits 0 with well-formed header + LIMITS (candidates=62, not pinned)
2026-10-08T00:47:22.3296463Z PASS TEST-011 tests/skills/test-aai-advisory-skills.sh exits 0 after the deslop prompt rewrite
2026-10-08T00:47:22.3297998Z PASS TEST-012 prompt-diet ledger true-up (suite green, entry names both files)
2026-10-08T00:47:22.3299777Z PASS TEST-013 governance companions (PROFILES extended entry, suite-map row, full test registration)
2026-10-08T00:47:22.3302136Z PASS TEST-014 no description surface claims diff-only; catalog regeneration matches committed content (not stale) and is idempotent (generated in a mirror, PROJECT_ROOT untouched)
2026-10-08T00:47:22.3309260Z PASS TEST-015 cli-flag precision: CSS custom property, git()/direct-execFileSync/cmd-passthrough/local-array-indirection external-tool arguments and comment-only occurrences all excluded (.mjs); node self-invoke and genuine own-flags in real code survive under both scopes; the .sh external-tool exclusion is command-word/position-based so a script's own flag sitting BEFORE, or beside only in a comment/string, an external mention always survives, while a real (possibly $(...)-nested) invocation genuinely AFTER the command word is still excluded
2026-10-08T00:47:22.3314473Z PASS TEST-016 --all scope invoked from the wrong cwd degrades with a NOTE instead of a silent zero-candidate clean bill
2026-10-08T00:47:22.3316542Z PASS TEST-017 --diff in a non-git cwd surfaces the git failure explicitly, distinct from an empty-diff clean scan
2026-10-08T00:47:22.3319150Z PASS TEST-018 a --base range diff that fails outright (no merge base between two unrelated histories) surfaces an explicit git-failure NOTE rather than reading as a clean empty-diff scan
2026-10-08T00:47:22.3322596Z PASS TEST-019 a diff whose only change is a COMPLETE file deletion (+++ /dev/null) is preserved as touched, never misread as an empty diff
2026-10-08T00:47:22.3325788Z PASS TEST-020 a stale/unreadable STATE.yaml focus path is never silently dropped: a fully-stale corpus degrades to the named EMPTY-corpus note, a partially-stale corpus names the skipped path while the readable document still suppresses
2026-10-08T00:47:22.3329233Z PASS TEST-021 a flag-shaped token following --base (--json, --all) is rejected as a usage error rather than silently consumed as the ref
2026-10-08T00:47:22.3331936Z PASS TEST-022 the widened corpus rule the code applies and the rule the header/json state are the same rule, in the populated AND the empty branch
2026-10-08T00:47:22.3334847Z PASS TEST-023 a done change document suppresses the symbol it names, a draft one does not; the three real-tree symbols are gone and each is genuinely named in a corpus document outside docs/specs
2026-10-08T00:47:22.3338087Z PASS TEST-024 a findings document never suppresses the symbols it names; the real adjudication table is relocated out of the corpus with a pointer left behind and the prompt states the convention
2026-10-08T00:47:22.3341515Z PASS TEST-025 an unreadable --all corpus document is named with the --diff path's own sentence; a fully-unreadable corpus degrades to the named EMPTY-corpus note, both at exit 0
2026-10-08T00:47:22.3345987Z PASS TEST-026 document accounting balances on a fixture covering every bucket, on the real repository, under --diff with an unreadable STATE-named document and under --all on a corpus empty by filter that also carries an unreadable member; the header prints every bucket on its own whole line; --diff carries the same excluded key set
2026-10-08T00:47:22.3349163Z   TEST-028: docs-audit exited 0 but is NOT clean — verdict: NEEDS-TRIAGE (1 items)
2026-10-08T00:47:22.3350785Z FAIL TEST-028 published surfaces state the new rule
2026-10-08T00:47:22.3352931Z   Test: the released-CHANGELOG section comparison (TEST-028) reddens on a one-byte edit inside the released section of a SCRATCH copy, and stays clean on an untouched copy (TEST-447)...
2026-10-08T00:47:22.3356064Z PASS TEST-447 the released-CHANGELOG section comparison reddens on a one-byte edit inside the released section, stays clean on an untouched copy, and ignores an edit outside the section
2026-10-08T00:47:22.3358206Z PASS TEST-030 all four deslop-corpus-honesty registry follow-ups are closed
2026-10-08T00:47:22.3361977Z PASS TEST-031 an unreadable corpus directory is named in notes, in requirement_corpus.unreadable_dirs and in the header as outside the accounting; the readable half still suppresses; an empty corpus caused by one says so; an absent directory is not reported; every run exits 0
2026-10-08T00:47:22.3364066Z 
2026-10-08T00:47:22.3364532Z Some tests FAILED.
2026-10-08T00:47:22.3365222Z --- end aai-deslop ---
2026-10-08T00:47:40.8375434Z [ 7/26] aai-update-check     [0;32mPASS[0m (34.0s)
2026-10-08T00:47:45.8320457Z [ 8/26] aai-ledger-merge     [0;32mPASS[0m (69.0s)
2026-10-08T00:47:58.4991666Z [ 9/26] aai-constitution     [0;32mPASS[0m (11.0s)
2026-10-08T00:47:59.8186643Z [10/26] aai-intake           [0;32mPASS[0m (18.0s)
2026-10-08T00:48:00.6448081Z [11/26] aai-state            [1;33mSKIP[0m (36.0s) [tripwire NOT ATTESTED — suite skipped (exit 42), it never ran]
2026-10-08T00:48:06.0557473Z [12/26] aai-hitl-channel     [0;32mPASS[0m (5.0s)
2026-10-08T00:48:06.5173563Z [13/26] aai-routine          [0;32mPASS[0m (5.0s)
2026-10-08T00:48:08.4855098Z [14/26] aai-win-fallback     [0;32mPASS[0m (8.0s)
2026-10-08T00:48:12.3087061Z [15/26] aai-bootstrap        [0;32mPASS[0m (5.0s)
2026-10-08T00:48:14.5988053Z [16/26] aai-delta-stage1     [0;32mPASS[0m (5.0s)
2026-10-08T00:48:15.1096263Z [17/26] aai-prompt-diet      [0;32mPASS[0m (7.0s)
2026-10-08T00:48:17.6744636Z [18/26] aai-verify-gate      [0;32mPASS[0m (4.0s)
2026-10-08T00:48:18.1157557Z [19/26] aai-dashboard        [0;32mPASS[0m (1.0s)
2026-10-08T00:48:19.2425898Z [20/26] aai-orphan-sweep     [0;32mPASS[0m (3.0s)
2026-10-08T00:48:20.8141843Z [21/26] aai-reconcile-telemetry [0;32mPASS[0m (2.0s)
2026-10-08T00:48:21.2138678Z [22/26] aai-pipe-safe        [0;32mPASS[0m (1.0s)
2026-10-08T00:48:21.7269378Z [23/26] aai-prune-stale-briefs [0;32mPASS[0m (0.0s)
2026-10-08T00:48:22.8161874Z [24/26] aai-validator-isolation [0;32mPASS[0m (0.0s)
2026-10-08T00:48:25.3683212Z [25/26] aai-suite-select     [0;32mPASS[0m (3.0s)
2026-10-08T00:49:32.7903968Z [26/26] aai-sync-seed        [0;32mPASS[0m (312.0s)
2026-10-08T00:49:32.8311133Z [0;34m[INFO][0m 
2026-10-08T00:49:32.8311653Z [0;34m[INFO][0m 
2026-10-08T00:49:32.8312338Z [0;34m[INFO][0m =========================================
2026-10-08T00:49:32.8313094Z [0;34m[INFO][0m Test Summary
2026-10-08T00:49:32.8313819Z [0;34m[INFO][0m =========================================
2026-10-08T00:49:32.8314464Z [0;34m[INFO][0m Total:   26
2026-10-08T00:49:32.8315026Z [0;32m[PASS][0m Passed:  23 (88%)
2026-10-08T00:49:32.8315661Z [1;33m[SKIP][0m Skipped: 1 (3%)
2026-10-08T00:49:32.8317327Z [0;34m[INFO][0m Tripwire: 23/26 suite(s) attested clean; 3 not attested (skipped, failed, allowlisted, or unguarded)
2026-10-08T00:49:32.8318305Z [0;34m[INFO][0m Isolation: 26/26 suite(s) isolated; 0 degraded
2026-10-08T00:49:32.8318832Z [0;31m[FAIL][0m Failed:  2 (7%)
2026-10-08T00:49:32.8319364Z [0;34m[INFO][0m Seeding: 26/26 suite(s) fully seeded; 0 partial; 0 skipped
2026-10-08T00:49:32.8320554Z [0;34m[INFO][0m Concurrency: width 4; 0 wave(s) re-run serially (0 suite(s) total) to attribute a shipping-repository change
2026-10-08T00:49:32.8321208Z [0;34m[INFO][0m 
2026-10-08T00:49:32.8322256Z [0;34m[INFO][0m Results saved to: /home/runner/work/aai/aai/tests/skills/results/test-20261008-004417
2026-10-08T00:49:32.8845523Z ##[error]Process completed with exit code 1.
2026-10-08T00:49:32.9018777Z Post job cleanup.
2026-10-08T00:49:32.9913157Z [command]/usr/bin/git version
2026-10-08T00:49:32.9958754Z git version 2.55.0
2026-10-08T00:49:33.0003210Z Temporarily overriding HOME='/home/runner/work/_temp/0c06e208-2aac-4d45-a9c4-430765615302' before making global git config changes
2026-10-08T00:49:33.0004722Z Adding repository directory to the temporary git global config as a safe directory
2026-10-08T00:49:33.0007961Z [command]/usr/bin/git config --global --add safe.directory /home/runner/work/aai/aai
2026-10-08T00:49:33.0048744Z [command]/usr/bin/git config --local --name-only --get-regexp core\.sshCommand
2026-10-08T00:49:33.0084393Z [command]/usr/bin/git submodule foreach --recursive sh -c "git config --local --name-only --get-regexp 'core\.sshCommand' && git config --local --unset-all 'core.sshCommand' || :"
2026-10-08T00:49:33.0344274Z [command]/usr/bin/git config --local --name-only --get-regexp http\.https\:\/\/github\.com\/\.extraheader
2026-10-08T00:49:33.0376523Z http.https://github.com/.extraheader
2026-10-08T00:49:33.0390303Z [command]/usr/bin/git config --local --unset-all http.https://github.com/.extraheader
2026-10-08T00:49:33.0426795Z [command]/usr/bin/git submodule foreach --recursive sh -c "git config --local --name-only --get-regexp 'http\.https\:\/\/github\.com\/\.extraheader' && git config --local --unset-all 'http.https://github.com/.extraheader' || :"
2026-10-08T00:49:33.0704981Z [command]/usr/bin/git config --local --name-only --get-regexp ^includeIf\.gitdir:
2026-10-08T00:49:33.0744791Z [command]/usr/bin/git submodule foreach --recursive git config --local --show-origin --name-only --get-regexp remote.origin.url
2026-10-08T00:49:33.1160567Z Cleaning up orphan processes
2026-10-08T00:49:33.1493170Z Terminate orphan process: pid (235198) (git)
2026-10-08T00:49:33.1525898Z Terminate orphan process: pid (235200) (git-remote-http)
2026-10-08T00:49:33.1561257Z Terminate orphan process: pid (237743) (git)
2026-10-08T00:49:33.1593730Z Terminate orphan process: pid (237745) (git-remote-http)
2026-10-08T00:49:33.1603557Z ##[warning]Node.js 20 is deprecated. The following actions target Node.js 20 but are being forced to run on Node.js 24: actions/checkout@v4, actions/setup-node@v4. For more information see: https://github.blog/changelog/2025-09-19-deprecation-of-node-20-on-github-actions-runners/
