2026-10-08T00:44:08.3292087Z Current runner version: '2.337.0'
2026-10-08T00:44:08.3308995Z ##[group]Runner Image Provisioner
2026-10-08T00:44:08.3309550Z Hosted Compute Agent
2026-10-08T00:44:08.3309893Z Version: 20260901.588
2026-10-08T00:44:08.3310303Z Commit: f88ec8081b781fac6c440065ac7ff9e710ce3d0b
2026-10-08T00:44:08.3310854Z Build Date: 2026-09-01T19:56:44Z
2026-10-08T00:44:08.3311300Z Worker ID: {7525f164-f534-4b31-a75c-33cbf0460057}
2026-10-08T00:44:08.3311755Z Azure Region: centralus
2026-10-08T00:44:08.3312094Z ##[endgroup]
2026-10-08T00:44:08.3312887Z ##[group]Operating System
2026-10-08T00:44:08.3313239Z Ubuntu
2026-10-08T00:44:08.3313532Z 24.04.5
2026-10-08T00:44:08.3313907Z LTS
2026-10-08T00:44:08.3314208Z ##[endgroup]
2026-10-08T00:44:08.3314550Z ##[group]Runner Image
2026-10-08T00:44:08.3314901Z Image: ubuntu-24.04
2026-10-08T00:44:08.3315244Z Version: 20260927.320.1
2026-10-08T00:44:08.3316014Z Included Software: https://github.com/actions/runner-images/blob/ubuntu24/20260927.320/images/ubuntu/Ubuntu2404-Readme.md
2026-10-08T00:44:08.3316903Z Image Release: https://github.com/actions/runner-images/releases/tag/ubuntu24%2F20260927.320
2026-10-08T00:44:08.3317494Z ##[endgroup]
2026-10-08T00:44:08.3318142Z ##[group]GITHUB_TOKEN Permissions
2026-10-08T00:44:08.3319365Z Contents: read
2026-10-08T00:44:08.3319692Z Metadata: read
2026-10-08T00:44:08.3320082Z ##[endgroup]
2026-10-08T00:44:08.3321469Z Secret source: Actions
2026-10-08T00:44:08.3322130Z Cache mode: write
2026-10-08T00:44:08.3322539Z Prepare workflow directory
2026-10-08T00:44:08.3544060Z Prepare all required actions
2026-10-08T00:44:08.3573370Z Getting action download info
2026-10-08T00:44:08.6215621Z Download action repository 'actions/checkout@v4' (SHA:11d5960a326750d5838078e36cf38b85af677262)
2026-10-08T00:44:08.7191204Z Download action repository 'actions/setup-node@v4' (SHA:49933ea5288caeca8642d1e84afbd3f7d6820020)
2026-10-08T00:44:08.8763821Z Complete job name: skill test suite (full framework, via test-framework.sh) (4)
2026-10-08T00:44:08.9204581Z ##[group]Run actions/checkout@v4
2026-10-08T00:44:08.9204996Z with:
2026-10-08T00:44:08.9205223Z   fetch-depth: 0
2026-10-08T00:44:08.9205468Z   repository: goodwind-cz/aai
2026-10-08T00:44:08.9207487Z   token: ***
2026-10-08T00:44:08.9207716Z   ssh-strict: true
2026-10-08T00:44:08.9207951Z   ssh-user: git
2026-10-08T00:44:08.9208193Z   persist-credentials: true
2026-10-08T00:44:08.9208453Z   clean: true
2026-10-08T00:44:08.9208694Z   sparse-checkout-cone-mode: true
2026-10-08T00:44:08.9208971Z   fetch-tags: false
2026-10-08T00:44:08.9209206Z   show-progress: true
2026-10-08T00:44:08.9209445Z   lfs: false
2026-10-08T00:44:08.9209668Z   submodules: false
2026-10-08T00:44:08.9209906Z   set-safe-directory: true
2026-10-08T00:44:08.9210178Z   allow-unsafe-pr-checkout: false
2026-10-08T00:44:08.9210739Z env:
2026-10-08T00:44:08.9210959Z   AAI_TEST_PARALLEL: 4
2026-10-08T00:44:08.9211202Z ##[endgroup]
2026-10-08T00:44:08.9891381Z Syncing repository: goodwind-cz/aai
2026-10-08T00:44:08.9892910Z ##[group]Getting Git version info
2026-10-08T00:44:08.9893277Z Working directory is '/home/runner/work/aai/aai'
2026-10-08T00:44:08.9893823Z [command]/usr/bin/git version
2026-10-08T00:44:08.9956325Z git version 2.55.0
2026-10-08T00:44:08.9970647Z ##[endgroup]
2026-10-08T00:44:08.9983505Z Temporarily overriding HOME='/home/runner/work/_temp/c49ea6c0-755b-4452-b05e-41972caf3840' before making global git config changes
2026-10-08T00:44:08.9984748Z Adding repository directory to the temporary git global config as a safe directory
2026-10-08T00:44:08.9987154Z [command]/usr/bin/git config --global --add safe.directory /home/runner/work/aai/aai
2026-10-08T00:44:09.0034435Z Deleting the contents of '/home/runner/work/aai/aai'
2026-10-08T00:44:09.0037186Z ##[group]Initializing the repository
2026-10-08T00:44:09.0040908Z [command]/usr/bin/git init /home/runner/work/aai/aai
2026-10-08T00:44:09.0130298Z hint: Using 'master' as the name for the initial branch. This default branch name
2026-10-08T00:44:09.0131640Z hint: will change to "main" in Git 3.0. To configure the initial branch name
2026-10-08T00:44:09.0132979Z hint: to use in all of your new repositories, which will suppress this warning,
2026-10-08T00:44:09.0133802Z hint: call:
2026-10-08T00:44:09.0134456Z hint:
2026-10-08T00:44:09.0135032Z hint: 	git config --global init.defaultBranch <name>
2026-10-08T00:44:09.0135566Z hint:
2026-10-08T00:44:09.0136054Z hint: Names commonly chosen instead of 'master' are 'main', 'trunk' and
2026-10-08T00:44:09.0136850Z hint: 'development'. The just-created branch can be renamed via this command:
2026-10-08T00:44:09.0137475Z hint:
2026-10-08T00:44:09.0137811Z hint: 	git branch -m <name>
2026-10-08T00:44:09.0138206Z hint:
2026-10-08T00:44:09.0138713Z hint: Disable this message with "git config set advice.defaultBranchName false"
2026-10-08T00:44:09.0139478Z Initialized empty Git repository in /home/runner/work/aai/aai/.git/
2026-10-08T00:44:09.0146438Z [command]/usr/bin/git remote add origin https://github.com/goodwind-cz/aai
2026-10-08T00:44:09.0188966Z ##[endgroup]
2026-10-08T00:44:09.0189988Z ##[group]Disabling automatic garbage collection
2026-10-08T00:44:09.0192014Z [command]/usr/bin/git config --local gc.auto 0
2026-10-08T00:44:09.0224036Z ##[endgroup]
2026-10-08T00:44:09.0224652Z ##[group]Setting up auth
2026-10-08T00:44:09.0230168Z [command]/usr/bin/git config --local --name-only --get-regexp core\.sshCommand
2026-10-08T00:44:09.0260889Z [command]/usr/bin/git submodule foreach --recursive sh -c "git config --local --name-only --get-regexp 'core\.sshCommand' && git config --local --unset-all 'core.sshCommand' || :"
2026-10-08T00:44:09.0557285Z [command]/usr/bin/git config --local --name-only --get-regexp http\.https\:\/\/github\.com\/\.extraheader
2026-10-08T00:44:09.0584989Z [command]/usr/bin/git submodule foreach --recursive sh -c "git config --local --name-only --get-regexp 'http\.https\:\/\/github\.com\/\.extraheader' && git config --local --unset-all 'http.https://github.com/.extraheader' || :"
2026-10-08T00:44:09.0757035Z [command]/usr/bin/git config --local --name-only --get-regexp ^includeIf\.gitdir:
2026-10-08T00:44:09.0784506Z [command]/usr/bin/git submodule foreach --recursive git config --local --show-origin --name-only --get-regexp remote.origin.url
2026-10-08T00:44:09.0963406Z [command]/usr/bin/git config --local http.https://github.com/.extraheader AUTHORIZATION: basic ***
2026-10-08T00:44:09.2086946Z ##[endgroup]
2026-10-08T00:44:09.2087984Z ##[group]Fetching the repository
2026-10-08T00:44:09.2096789Z [command]/usr/bin/git -c protocol.version=2 fetch --prune --no-recurse-submodules origin +refs/heads/*:refs/remotes/origin/* +refs/tags/*:refs/tags/* +549a7652a23e04f2eb15a75d5db4e5a410512a82:refs/remotes/pull/434/merge
2026-10-08T00:44:12.0419598Z From https://github.com/goodwind-cz/aai
2026-10-08T00:44:12.0421789Z  * [new branch]        change/amendment-signature-asks-the-owner-too-often -> origin/change/amendment-signature-asks-the-owner-too-often
2026-10-08T00:44:12.0424494Z  * [new branch]        change/downstream-rides-ask-no-governance-questions -> origin/change/downstream-rides-ask-no-governance-questions
2026-10-08T00:44:12.0426915Z  * [new branch]        change/original-request-outcome-backcheck -> origin/change/original-request-outcome-backcheck
2026-10-08T00:44:12.0428830Z  * [new branch]        change/pr-capability-preflight           -> origin/change/pr-capability-preflight
2026-10-08T00:44:12.0431366Z  * [new branch]        change/roadmap-serves-downstream-projects -> origin/change/roadmap-serves-downstream-projects
2026-10-08T00:44:12.0433400Z  * [new branch]        chore/close-userguide-catalog-item       -> origin/chore/close-userguide-catalog-item
2026-10-08T00:44:12.0435321Z  * [new branch]        chore/intake-routing-tables-owner-and-seam -> origin/chore/intake-routing-tables-owner-and-seam
2026-10-08T00:44:12.0437263Z  * [new branch]        chore/release-v2026.09.25                -> origin/chore/release-v2026.09.25
2026-10-08T00:44:12.0438735Z  * [new branch]        chore/release-v2026.09.28                -> origin/chore/release-v2026.09.28
2026-10-08T00:44:12.0440565Z  * [new branch]        chore/wave-3-intakes                     -> origin/chore/wave-3-intakes
2026-10-08T00:44:12.0442554Z  * [new branch]        cursor/feedback-triage-missing-output-dir-a7ce -> origin/cursor/feedback-triage-missing-output-dir-a7ce
2026-10-08T00:44:12.0444706Z  * [new branch]        cursor/gpt-6-pricing-family-67e6         -> origin/cursor/gpt-6-pricing-family-67e6
2026-10-08T00:44:12.0446896Z  * [new branch]        cursor/mutation-clone-fidelity-windows-eol-a7ce -> origin/cursor/mutation-clone-fidelity-windows-eol-a7ce
2026-10-08T00:44:12.0449644Z  * [new branch]        cursor/mutation-clone-windows-run-chain-5e0a -> origin/cursor/mutation-clone-windows-run-chain-5e0a
2026-10-08T00:44:12.0454982Z  * [new branch]        cursor/polydao-graph-loop-ideas-fa9c     -> origin/cursor/polydao-graph-loop-ideas-fa9c
2026-10-08T00:44:12.0457068Z  * [new branch]        cursor/pricing-missing-models-and-refresh-94d5 -> origin/cursor/pricing-missing-models-and-refresh-94d5
2026-10-08T00:44:12.0459328Z  * [new branch]        cursor/prompts-invoke-wsl-bash-on-windows-a7ce -> origin/cursor/prompts-invoke-wsl-bash-on-windows-a7ce
2026-10-08T00:44:12.0461700Z  * [new branch]        cursor/strategy-unscoped-from-current-focus-a7ce -> origin/cursor/strategy-unscoped-from-current-focus-a7ce
2026-10-08T00:44:12.0463469Z  * [new branch]        exp-0113-phase1                          -> origin/exp-0113-phase1
2026-10-08T00:44:12.0464934Z  * [new branch]        feat/antigravity-cli-skill-paths         -> origin/feat/antigravity-cli-skill-paths
2026-10-08T00:44:12.0466606Z  * [new branch]        feat/canon-is-a-build-artifact           -> origin/feat/canon-is-a-build-artifact
2026-10-08T00:44:12.0468377Z  * [new branch]        feat/cheap-model-in-practice             -> origin/feat/cheap-model-in-practice
2026-10-08T00:44:12.0470010Z  * [new branch]        feat/dev-progress-hub                    -> origin/feat/dev-progress-hub
2026-10-08T00:44:12.0471910Z  * [new branch]        feat/feedback-upsert-review              -> origin/feat/feedback-upsert-review
2026-10-08T00:44:12.0473634Z  * [new branch]        feat/friction-channel-sweep              -> origin/feat/friction-channel-sweep
2026-10-08T00:44:12.0475312Z  * [new branch]        feat/learned-append-gate                 -> origin/feat/learned-append-gate
2026-10-08T00:44:12.0477153Z  * [new branch]        feat/original-request-outcome-backcheck  -> origin/feat/original-request-outcome-backcheck
2026-10-08T00:44:12.0479063Z  * [new branch]        feat/pr-post-open-review-sweep           -> origin/feat/pr-post-open-review-sweep
2026-10-08T00:44:12.0481039Z  * [new branch]        feat/product-docs-enforced               -> origin/feat/product-docs-enforced
2026-10-08T00:44:12.0482855Z  * [new branch]        feat/prompt-hash-telemetry               -> origin/feat/prompt-hash-telemetry
2026-10-08T00:44:12.0484623Z  * [new branch]        feat/roadmap-takes-direction             -> origin/feat/roadmap-takes-direction
2026-10-08T00:44:12.0486350Z  * [new branch]        feat/role-output-contracts               -> origin/feat/role-output-contracts
2026-10-08T00:44:12.0488027Z  * [new branch]        feat/universality-proof                  -> origin/feat/universality-proof
2026-10-08T00:44:12.0489856Z  * [new branch]        feature/remote-orchestration             -> origin/feature/remote-orchestration
2026-10-08T00:44:12.0492048Z  * [new branch]        fix/canonical-provenance-archived-sources -> origin/fix/canonical-provenance-archived-sources
2026-10-08T00:44:12.0494454Z  * [new branch]        fix/closeout-display-id-match            -> origin/fix/closeout-display-id-match
2026-10-08T00:44:12.0496574Z  * [new branch]        fix/feedback-pipeline-discoverability    -> origin/fix/feedback-pipeline-discoverability
2026-10-08T00:44:12.0498603Z  * [new branch]        fix/gate-checks-declared-mutation        -> origin/fix/gate-checks-declared-mutation
2026-10-08T00:44:12.0500795Z  * [new branch]        fix/growth-pins-dont-wall-the-corpus     -> origin/fix/growth-pins-dont-wall-the-corpus
2026-10-08T00:44:12.0503252Z  * [new branch]        fix/worktree-lacks-vendored-aai-layer-downstream-wt -> origin/fix/worktree-lacks-vendored-aai-layer-downstream-wt
2026-10-08T00:44:12.0505171Z  * [new branch]        main                                     -> origin/main
2026-10-08T00:44:12.0506658Z  * [new branch]        research/polydao-verdicts                -> origin/research/polydao-verdicts
2026-10-08T00:44:12.0508078Z  * [new tag]           v2026.07.04                              -> v2026.07.04
2026-10-08T00:44:12.0509235Z  * [new tag]           v2026.07.20                              -> v2026.07.20
2026-10-08T00:44:12.0510499Z  * [new tag]           v2026.07.22                              -> v2026.07.22
2026-10-08T00:44:12.0511633Z  * [new tag]           v2026.07.24                              -> v2026.07.24
2026-10-08T00:44:12.0512782Z  * [new tag]           v2026.07.26                              -> v2026.07.26
2026-10-08T00:44:12.0513924Z  * [new tag]           v2026.07.28                              -> v2026.07.28
2026-10-08T00:44:12.0515071Z  * [new tag]           v2026.07.28.1                            -> v2026.07.28.1
2026-10-08T00:44:12.0516208Z  * [new tag]           v2026.07.29                              -> v2026.07.29
2026-10-08T00:44:12.0517307Z  * [new tag]           v2026.07.30                              -> v2026.07.30
2026-10-08T00:44:12.0518418Z  * [new tag]           v2026.08.01                              -> v2026.08.01
2026-10-08T00:44:12.0519534Z  * [new tag]           v2026.08.02                              -> v2026.08.02
2026-10-08T00:44:12.0520762Z  * [new tag]           v2026.08.03                              -> v2026.08.03
2026-10-08T00:44:12.0521901Z  * [new tag]           v2026.08.03.2                            -> v2026.08.03.2
2026-10-08T00:44:12.0523041Z  * [new tag]           v2026.08.04                              -> v2026.08.04
2026-10-08T00:44:12.0524292Z  * [new tag]           v2026.08.05                              -> v2026.08.05
2026-10-08T00:44:12.0525419Z  * [new tag]           v2026.08.07                              -> v2026.08.07
2026-10-08T00:44:12.0526539Z  * [new tag]           v2026.08.08                              -> v2026.08.08
2026-10-08T00:44:12.0527654Z  * [new tag]           v2026.08.11                              -> v2026.08.11
2026-10-08T00:44:12.0528778Z  * [new tag]           v2026.08.12                              -> v2026.08.12
2026-10-08T00:44:12.0529889Z  * [new tag]           v2026.08.13                              -> v2026.08.13
2026-10-08T00:44:12.0531154Z  * [new tag]           v2026.08.13.2                            -> v2026.08.13.2
2026-10-08T00:44:12.0532274Z  * [new tag]           v2026.08.14                              -> v2026.08.14
2026-10-08T00:44:12.0533410Z  * [new tag]           v2026.08.16                              -> v2026.08.16
2026-10-08T00:44:12.0534522Z  * [new tag]           v2026.08.23                              -> v2026.08.23
2026-10-08T00:44:12.0535632Z  * [new tag]           v2026.08.27                              -> v2026.08.27
2026-10-08T00:44:12.0536749Z  * [new tag]           v2026.08.29                              -> v2026.08.29
2026-10-08T00:44:12.0537866Z  * [new tag]           v2026.09.01                              -> v2026.09.01
2026-10-08T00:44:12.0538990Z  * [new tag]           v2026.09.06                              -> v2026.09.06
2026-10-08T00:44:12.0540117Z  * [new tag]           v2026.09.08                              -> v2026.09.08
2026-10-08T00:44:12.0541357Z  * [new tag]           v2026.09.09                              -> v2026.09.09
2026-10-08T00:44:12.0542488Z  * [new tag]           v2026.09.21                              -> v2026.09.21
2026-10-08T00:44:12.0543613Z  * [new tag]           v2026.09.25                              -> v2026.09.25
2026-10-08T00:44:12.0544729Z  * [new tag]           v2026.09.28                              -> v2026.09.28
2026-10-08T00:44:12.0545849Z  * [new tag]           v2026.09.30                              -> v2026.09.30
2026-10-08T00:44:12.0547047Z  * [new tag]           v2026.10.02                              -> v2026.10.02
2026-10-08T00:44:12.0548234Z  * [new ref]           549a7652a23e04f2eb15a75d5db4e5a410512a82 -> pull/434/merge
2026-10-08T00:44:12.0549717Z  * [new tag]           test-fixture-pre-f2-close-work-item      -> test-fixture-pre-f2-close-work-item
2026-10-08T00:44:12.0551395Z  * [new tag]           test-fixture-pre-f3-guard                -> test-fixture-pre-f3-guard
2026-10-08T00:44:12.0554252Z ##[endgroup]
2026-10-08T00:44:12.0555258Z ##[group]Determining the checkout info
2026-10-08T00:44:12.0556338Z ##[endgroup]
2026-10-08T00:44:12.0556946Z [command]/usr/bin/git sparse-checkout disable
2026-10-08T00:44:12.1309244Z [command]/usr/bin/git config --local --unset-all extensions.worktreeConfig
2026-10-08T00:44:12.1521343Z ##[group]Checking out the ref
2026-10-08T00:44:12.1523011Z [command]/usr/bin/git checkout --progress --force refs/remotes/pull/434/merge
2026-10-08T00:44:12.3786990Z Note: switching to 'refs/remotes/pull/434/merge'.
2026-10-08T00:44:12.3803170Z 
2026-10-08T00:44:12.3803561Z You are in 'detached HEAD' state. You can look around, make experimental
2026-10-08T00:44:12.3804036Z changes and commit them, and you can discard any commits you make in this
2026-10-08T00:44:12.3804526Z state without impacting any branches by switching back to a branch.
2026-10-08T00:44:12.3804785Z 
2026-10-08T00:44:12.3804979Z If you want to create a new branch to retain commits you create, you may
2026-10-08T00:44:12.3805420Z do so (now or later) by using -c with the switch command. Example:
2026-10-08T00:44:12.3805649Z 
2026-10-08T00:44:12.3805767Z   git switch -c <new-branch-name>
2026-10-08T00:44:12.3805930Z 
2026-10-08T00:44:12.3806046Z Or undo this operation with:
2026-10-08T00:44:12.3806199Z 
2026-10-08T00:44:12.3806327Z   git switch -
2026-10-08T00:44:12.3806487Z 
2026-10-08T00:44:12.3807170Z Turn off this advice by setting config variable advice.detachedHead to false
2026-10-08T00:44:12.3807470Z 
2026-10-08T00:44:12.3807809Z HEAD is now at 549a7652 Merge ebbd0eaeaebfa9015f550193df6f0b54afc338c3 into bdeb425c040ada918dd97e5b878b71e420bad83a
2026-10-08T00:44:12.3809190Z ##[endgroup]
2026-10-08T00:44:12.3845628Z [command]/usr/bin/git log -1 --format=%H
2026-10-08T00:44:12.3868451Z 549a7652a23e04f2eb15a75d5db4e5a410512a82
2026-10-08T00:44:12.4112344Z ##[group]Run actions/setup-node@v4
2026-10-08T00:44:12.4112543Z with:
2026-10-08T00:44:12.4112688Z   node-version: 20
2026-10-08T00:44:12.4112835Z   always-auth: false
2026-10-08T00:44:12.4112989Z   check-latest: false
2026-10-08T00:44:12.4114526Z   token: ***
2026-10-08T00:44:12.4114668Z env:
2026-10-08T00:44:12.4114818Z   AAI_TEST_PARALLEL: 4
2026-10-08T00:44:12.4115012Z ##[endgroup]
2026-10-08T00:44:12.5074624Z Attempting to download 20...
2026-10-08T00:44:12.5144053Z (node:2082) [DEP0040] DeprecationWarning: The `punycode` module is deprecated. Please use a userland alternative instead.
2026-10-08T00:44:12.5144667Z (Use `node --trace-deprecation ...` to show where the warning was created)
2026-10-08T00:44:13.3015980Z Acquiring 20.20.2 - x64 from https://github.com/actions/node-versions/releases/download/20.20.2-23521894959/node-20.20.2-linux-x64.tar.gz
2026-10-08T00:44:13.7977713Z Extracting ...
2026-10-08T00:44:13.8067063Z [command]/usr/bin/tar xz --strip 1 --warning=no-unknown-keyword --overwrite -C /home/runner/work/_temp/b0b1d707-6b32-4830-bafc-9278a0d49238 -f /home/runner/work/_temp/437fa596-28f0-4628-9032-0adc84ad5877
2026-10-08T00:44:14.5581582Z Adding to the cache ...
2026-10-08T00:44:16.1488666Z ##[group]Environment details
2026-10-08T00:44:16.3079940Z node: v20.20.2
2026-10-08T00:44:16.3080310Z npm: 10.8.2
2026-10-08T00:44:16.3080639Z yarn: 1.22.22
2026-10-08T00:44:16.3081099Z ##[endgroup]
2026-10-08T00:44:16.3257691Z ##[group]Run set -euo pipefail
2026-10-08T00:44:16.3257957Z [36;1mset -euo pipefail[0m
2026-10-08T00:44:16.3258130Z [36;1mprintf '%s\n' "$SHARD_PLAN" > shard-plan.txt[0m
2026-10-08T00:44:16.3258423Z [36;1mbash tests/skills/lib/shard-plan-check.sh --check shard-plan.txt tests/skills >/dev/null[0m
2026-10-08T00:44:16.3258847Z [36;1mif [ "4" = "all" ]; then[0m
2026-10-08T00:44:16.3259005Z [36;1m  bash tests/skills/test-framework.sh[0m
2026-10-08T00:44:16.3259162Z [36;1melse[0m
2026-10-08T00:44:16.3259362Z [36;1m  SUITES="$(bash tests/skills/lib/shard-plan-check.sh --extract 4 shard-plan.txt)"[0m
2026-10-08T00:44:16.3259607Z [36;1m  args=()[0m
2026-10-08T00:44:16.3259736Z [36;1m  for s in $SUITES; do[0m
2026-10-08T00:44:16.3259874Z [36;1m    args+=(--skill "$s")[0m
2026-10-08T00:44:16.3260005Z [36;1m  done[0m
2026-10-08T00:44:16.3260150Z [36;1m  bash tests/skills/test-framework.sh "${args[@]}"[0m
2026-10-08T00:44:16.3260622Z [36;1mfi[0m
2026-10-08T00:44:16.3489586Z shell: /usr/bin/bash -e {0}
2026-10-08T00:44:16.3489774Z env:
2026-10-08T00:44:16.3489912Z   AAI_TEST_PARALLEL: 4
2026-10-08T00:44:16.3497209Z   SHARD_PLAN: SHARD 1 aai-learned-append weight=434
SHARD 1 aai-hygiene-pack weight=313
SHARD 1 aai-ceremony-levels weight=120
SHARD 1 aai-feedback-upsert weight=91
SHARD 1 aai-mutation-gate weight=82
SHARD 1 aai-suite-isolation weight=77
SHARD 1 aai-doc-numbering weight=43
SHARD 1 aai-orchestration-dispatch weight=39
SHARD 1 aai-git-ref-guard weight=28
SHARD 1 aai-roadmap weight=22
SHARD 1 aai-hooks-overlay weight=18
SHARD 1 aai-factory-report weight=12
SHARD 1 aai-outcome-backcheck weight=10
SHARD 1 aai-canon weight=7
SHARD 1 aai-spec-tools weight=6
SHARD 1 aai-heartbeat weight=5
SHARD 1 aai-role-output weight=5
SHARD 1 aai-docs-canon weight=4
SHARD 1 aai-check-state weight=3
SHARD 1 aai-issues weight=3
SHARD 1 aai-redact weight=3
SHARD 1 aai-session-lock weight=2
SHARD 1 aai-pricing weight=1
SHARD 1 aai-runtime-file weight=1
SHARD 1 aai-userguide-drift weight=1
SHARD 2 aai-merge-policy weight=434
SHARD 2 aai-delta-stage3 weight=278
SHARD 2 aai-run-tests weight=135
SHARD 2 aai-friction weight=93
SHARD 2 aai-sweep-parallel weight=91
SHARD 2 aai-release weight=81
SHARD 2 aai-delta-stage2 weight=56
SHARD 2 aai-follow-ups weight=37
SHARD 2 aai-pr-waiver weight=27
SHARD 2 aai-friction-capture-points weight=19
SHARD 2 aai-ride-select weight=18
SHARD 2 aai-debug-gate weight=10
SHARD 2 aai-pr-platform weight=10
SHARD 2 aai-docs-lock weight=7
SHARD 2 aai-tdd-evidence weight=6
SHARD 2 aai-learned-routing weight=5
SHARD 2 aai-test-canon weight=5
SHARD 2 aai-orchestration-mode weight=4
SHARD 2 aai-docs-hub weight=3
SHARD 2 aai-layer-drift weight=3
SHARD 2 aai-token-capture weight=3
SHARD 2 aai-antigravity-project-skills weight=1
SHARD 2 aai-implementation-mode weight=1
SHARD 2 aai-prompt-hash weight=1
SHARD 2 aai-share weight=1
SHARD 2 aai-userguide-rollup weight=1
SHARD 3 aai-pr-preflight weight=434
SHARD 3 aai-sync-seed weight=234
SHARD 3 aai-doctor weight=149
SHARD 3 aai-doc-number-reservation weight=97
SHARD 3 aai-friction-wiring weight=91
SHARD 3 aai-golden-flow weight=81
SHARD 3 aai-ledger-merge weight=66
SHARD 3 aai-deslop weight=40
SHARD 3 aai-update-check weight=32
SHARD 3 aai-state weight=27
SHARD 3 aai-intake weight=17
SHARD 3 aai-constitution weight=11
SHARD 3 aai-win-fallback weight=10
SHARD 3 aai-hitl-channel weight=6
SHARD 3 aai-routine weight=6
SHARD 3 aai-bootstrap weight=5
SHARD 3 aai-prompt-diet weight=5
SHARD 3 aai-delta-stage1 weight=4
SHARD 3 aai-verify-gate weight=4
SHARD 3 aai-orphan-sweep weight=3
SHARD 3 aai-dashboard weight=2
SHARD 3 aai-reconcile-telemetry weight=2
SHARD 3 aai-pipe-safe weight=1
SHARD 3 aai-prune-stale-briefs weight=1
SHARD 3 aai-suite-select weight=1
SHARD 3 aai-validator-isolation weight=1
SHARD 4 aai-worktree-seed weight=434
SHARD 4 aai-docs-audit weight=161
SHARD 4 aai-repo-tripwire weight=155
SHARD 4 aai-close-work-item weight=112
SHARD 4 aai-hitl-propagation weight=93
SHARD 4 aai-metrics weight=89
SHARD 4 aai-layer-profiles weight=69
SHARD 4 aai-secrets-preflight weight=52
SHARD 4 aai-spec-lint weight=39
SHARD 4 aai-spec-amend weight=28
SHARD 4 aai-live-serve weight=19
SHARD 4 aai-close-reconcile weight=15
SHARD 4 aai-live-status weight=13
SHARD 4 aai-advisory-skills weight=9
SHARD 4 aai-branch-guard weight=9
SHARD 4 aai-update weight=6
SHARD 4 aai-lightweight-lane weight=5
SHARD 4 aai-unattended weight=5
SHARD 4 aai-overview weight=4
SHARD 4 aai-feedback-triage weight=3
SHARD 4 aai-product-docs weight=3
SHARD 4 aai-feedback-status weight=2
SHARD 4 aai-downstream-autopilot weight=1
SHARD 4 aai-planning-probes weight=1
SHARD 4 aai-r-guard weight=1
SHARD 4 aai-tdd weight=1
SHARD 4 aai-worktree weight=1
SHARDS count=4 suites=104
2026-10-08T00:44:16.3503759Z ##[endgroup]
2026-10-08T00:44:16.4721355Z 
2026-10-08T00:44:16.4727109Z AAI Skills Test Framework
2026-10-08T00:44:16.4727399Z =========================
2026-10-08T00:44:16.4727520Z 
2026-10-08T00:44:16.4746738Z [0;34m[INFO][0m Setting up results directory: /home/runner/work/aai/aai/tests/skills/results/test-20261008-004416
2026-10-08T00:44:16.4757734Z [0;34m[INFO][0m Checking system dependencies...
2026-10-08T00:44:16.6302069Z [0;32m[PASS][0m Dependencies checked
2026-10-08T00:44:16.7610004Z [0;34m[INFO][0m Isolation: every suite runs isolated in a disposable git checkout (its own .git, D1) seeded from the working tree
2026-10-08T00:44:16.7611750Z [0;34m[INFO][0m Concurrency: up to 4 suite(s) run at a time (AAI_TEST_PARALLEL=4). Set AAI_TEST_PARALLEL=1 for the serial execution model.
2026-10-08T00:44:16.7628939Z [0;34m[INFO][0m Discovering skill tests...
2026-10-08T00:44:16.7629350Z [0;34m[INFO][0m Found 27 test(s)
2026-10-08T00:44:16.7629664Z [0;34m[INFO][0m 
2026-10-08T00:44:16.7629957Z [0;34m[INFO][0m Running tests...
2026-10-08T00:44:16.7630243Z [0;34m[INFO][0m 
2026-10-08T00:44:26.2080123Z [ 1/27] aai-docs-audit       [0;31mFAIL[0m (8.0s) [tripwire NOT ATTESTED — suite exited 1 before completing]
2026-10-08T00:44:26.2086499Z --- Error Details (aai-docs-audit) ---
2026-10-08T00:44:26.2091282Z --- failure lines (whole log) ---
2026-10-08T00:44:26.2137576Z 11:FAIL: Expected 'Verdict: CLEAN' in /tmp/aai-docs-audit-test.uGCF2l/silence-live-1349.log
2026-10-08T00:44:26.2163686Z --- tail (last 30 lines) ---
2026-10-08T00:44:26.2180114Z Testing aai-docs-audit skill (engine + fixtures)
2026-10-08T00:44:26.2183956Z INFO: Checking dependencies...
2026-10-08T00:44:26.2207317Z PASS: Dependencies checked
2026-10-08T00:44:26.2231471Z INFO: Setting up fixture repo...
2026-10-08T00:44:26.2257199Z PASS: Fixture repo ready
2026-10-08T00:44:26.2262578Z INFO: Test: --check --strict over the live tree exits 0 and every near-miss document it names is dispositioned in the spec (TEST-1351)...
2026-10-08T00:44:26.2311732Z PASS: Every near-miss document over the live corpus is dispositioned, and --check --strict still exits 0
2026-10-08T00:44:26.2365012Z INFO: Test: the docs-audit headline carries the near-miss count split into blocking and report-only, and it equals the section count (TEST-1348)...
2026-10-08T00:44:26.2401237Z PASS: The near-miss count is part of what the headline SAYS, and it agrees with the section
2026-10-08T00:44:26.2412140Z INFO: Test: the Verdict line names the unreadable AC tables when any exist, stays bare CLEAN when none do, and keeps the literal 'Verdict: CLEAN' substring either way (TEST-1349)...
2026-10-08T00:44:26.2413331Z FAIL: Expected 'Verdict: CLEAN' in /tmp/aai-docs-audit-test.uGCF2l/silence-live-1349.log
2026-10-08T00:44:26.2429724Z --- end aai-docs-audit ---
2026-10-08T00:44:38.6912565Z [ 2/27] aai-worktree-seed    [0;32mPASS[0m (21.0s)
2026-10-08T00:45:26.6322158Z [ 3/27] aai-hitl-propagation [0;32mPASS[0m (59.0s)
2026-10-08T00:45:36.4661810Z [ 4/27] aai-close-work-item  [0;32mPASS[0m (78.0s)
2026-10-08T00:46:06.9322111Z [ 5/27] aai-metrics          [0;32mPASS[0m (86.0s)
2026-10-08T00:46:14.3289105Z [ 6/27] aai-layer-profiles   [0;32mPASS[0m (46.0s)
2026-10-08T00:46:25.0864274Z [ 7/27] aai-repo-tripwire    [0;31mFAIL[0m (127.0s) [tripwire NOT ATTESTED — suite exited 1 before completing]
2026-10-08T00:46:25.0881418Z --- Error Details (aai-repo-tripwire) ---
2026-10-08T00:46:25.0890976Z --- failure lines (whole log) ---
2026-10-08T00:46:25.0893787Z 9:FAIL TEST-006 fixed suites leave the real tree untouched
2026-10-08T00:46:25.0895979Z --- tail (last 30 lines) ---
2026-10-08T00:46:25.0907262Z === Test: aai-repo-tripwire (spec-suites-must-not-touch-the-shipping-repo) ===
2026-10-08T00:46:25.0908259Z PASS TEST-001 a dirty suite turns the framework run red, naming the suite and both changed paths; the clean suite in the same run still passes
2026-10-08T00:46:25.0909303Z PASS TEST-002 a suite that commits is caught by the HEAD half of the snapshot and both shas are named
2026-10-08T00:46:25.0910206Z PASS TEST-003 exit-42-is-SKIP still holds, and a skipped or crashed suite is reported NOT ATTESTED rather than counted clean
2026-10-08T00:46:25.0911496Z PASS TEST-004 an untouched tree keeps the run green and every exit code intact, at exactly one git status pair per suite (measured: 6 calls over 3 suites)
2026-10-08T00:46:25.0912514Z PASS TEST-005 tests/skills/results is git-ignored, so the framework's own run artifacts cannot masquerade as a suite's write
2026-10-08T00:46:25.0913891Z   TEST-006: test-aai-doc-numbering exited 1 — it must run to COMPLETION against the real tree, not abort early
2026-10-08T00:46:25.0914764Z   TEST-006: test-aai-deslop exited 1 — it must run to COMPLETION against the real tree, not abort early
2026-10-08T00:46:25.0915406Z FAIL TEST-006 fixed suites leave the real tree untouched
2026-10-08T00:46:25.0916661Z PASS TEST-007 the ad hoc funnel reports the same violation naming the command and the path, leaves every exit code untouched, is silent on a clean run and where the tripwire could never arm, and names both a missing library and a repository made unreadable mid-run
2026-10-08T00:46:25.0918112Z PASS TEST-008 the seeded ratchet warns for a known offender inside its listed paths, still fails it outside them, and still fails an unlisted suite
2026-10-08T00:46:25.0919124Z PASS TEST-009 a suite that leaves the repository unreadable fails closed instead of reading as clean
2026-10-08T00:46:25.0919986Z PASS TEST-010 a run whose tripwire could not arm at all labels every progress line NOT ARMED and stays green
2026-10-08T00:46:25.0921303Z PASS TEST-011 a second and a third write to one ratchet path are seen: the listed writer reads ALLOWED, the unlisted writer fails the run naming the path, and none of the three counts as attested clean
2026-10-08T00:46:25.0922699Z PASS TEST-012 a duplicate ratchet entry is named and stays dead, and a glob-shaped entry path is named and matches nothing instead of silently widening to the working directory
2026-10-08T00:46:25.0924043Z PASS TEST-013 with the known-offender table drained, a suite carrying a formerly exempt name and writing a formerly exempt path fails the run and is named, and nothing reads ALLOWED
2026-10-08T00:46:25.0941832Z PASS TEST-014 the shipped known-offender table holds 0 entr(ies), at or under the declared maximum of 0, measured by a counter proved able to see 2 seeded entries and to refuse an anchorless file
2026-10-08T00:46:25.0961610Z PASS TEST-015 the always-watch floor is declared (3 paths), seeds the watch set, and seeds the dedup set — the D7 fix is asserted, not just present
2026-10-08T00:46:25.0962733Z PASS TEST-016 a suite that fails on its own exit code AND trips the tripwire gets both the tripwire violation block and the failure-lines-plus-tail dump
2026-10-08T00:46:25.0963726Z PASS TEST-017 a suite whose after-snapshot was lost AND that failed on its own exit code gets both the tripwire report and the failure-lines-plus-tail dump
2026-10-08T00:46:25.0965104Z PASS TEST-436 an ALLOWED verdict accounts for a path already dirty before the suite ran, and a hasher degrade that masks a write is named on the masked suite's own line and in its telemetry record (with a real hasher, the same shape genuinely fails instead)
2026-10-08T00:46:25.0966256Z   TEST-437: the nested full run exited 1 (want 0)
2026-10-08T00:46:25.0966985Z PASS TEST-437 a full run of this suite (nested, under its own scoped TMPDIR) leaves no aai-tripwire-fixture.* or aai-tripwire-registry.* directory behind
2026-10-08T00:46:25.0967471Z 
2026-10-08T00:46:25.0967561Z Some tests failed.
2026-10-08T00:46:25.0968045Z --- end aai-repo-tripwire ---
2026-10-08T00:46:27.2075396Z [ 8/27] aai-secrets-preflight [0;32mPASS[0m (49.0s)
2026-10-08T00:46:32.7263814Z [ 9/27] aai-spec-amend       [0;32mPASS[0m (18.0s)
2026-10-08T00:46:34.7973466Z [10/27] aai-spec-lint        [0;32mPASS[0m (27.0s)
2026-10-08T00:46:36.3052670Z [11/27] aai-close-reconcile  [0;32mPASS[0m (8.0s)
2026-10-08T00:46:40.5828506Z [12/27] aai-advisory-skills  [0;32mPASS[0m (5.0s)
2026-10-08T00:46:41.6393823Z [13/27] aai-branch-guard     [0;32mPASS[0m (5.0s)
2026-10-08T00:46:42.5403118Z [14/27] aai-live-serve       [0;32mPASS[0m (17.0s)
2026-10-08T00:46:44.8664601Z [15/27] aai-live-status      [0;32mPASS[0m (11.0s)
2026-10-08T00:46:45.5872126Z [16/27] aai-update           [0;32mPASS[0m (4.0s)
2026-10-08T00:46:45.8913299Z [17/27] aai-lightweight-lane [0;32mPASS[0m (3.0s)
2026-10-08T00:46:47.2277970Z [18/27] aai-unattended       [0;32mPASS[0m (3.0s)
2026-10-08T00:46:48.1674877Z [19/27] aai-feedback-triage  [0;32mPASS[0m (1.0s)
2026-10-08T00:46:48.8917422Z [20/27] aai-overview         [0;32mPASS[0m (3.0s)
2026-10-08T00:46:49.5622717Z [21/27] aai-product-docs     [0;32mPASS[0m (3.0s)
2026-10-08T00:46:49.8312423Z [22/27] aai-feedback-status  [0;32mPASS[0m (2.0s)
2026-10-08T00:46:50.1381804Z [23/27] aai-downstream-autopilot [0;32mPASS[0m (1.0s)
2026-10-08T00:46:50.4368306Z [24/27] aai-planning-probes  [0;32mPASS[0m (1.0s)
2026-10-08T00:46:50.8661100Z [25/27] aai-r-guard          [0;32mPASS[0m (0.0s)
2026-10-08T00:46:51.0727510Z [26/27] aai-tdd              [0;32mPASS[0m (0.0s)
2026-10-08T00:46:51.2743844Z [27/27] aai-worktree         [0;32mPASS[0m (0.0s)
2026-10-08T00:46:51.3022399Z [0;34m[INFO][0m 
2026-10-08T00:46:51.3022726Z [0;34m[INFO][0m 
2026-10-08T00:46:51.3023471Z [0;31m[FAIL][0m Failed:  2 (7%)
2026-10-08T00:46:51.3024261Z [0;34m[INFO][0m =========================================
2026-10-08T00:46:51.3024571Z [0;34m[INFO][0m Test Summary
2026-10-08T00:46:51.3024853Z [0;34m[INFO][0m =========================================
2026-10-08T00:46:51.3025225Z [0;34m[INFO][0m Total:   27
2026-10-08T00:46:51.3025484Z [0;32m[PASS][0m Passed:  25 (92%)
2026-10-08T00:46:51.3026101Z [0;34m[INFO][0m Tripwire: 25/27 suite(s) attested clean; 2 not attested (skipped, failed, allowlisted, or unguarded)
2026-10-08T00:46:51.3026576Z [0;34m[INFO][0m Isolation: 27/27 suite(s) isolated; 0 degraded
2026-10-08T00:46:51.3026876Z [0;34m[INFO][0m Seeding: 27/27 suite(s) fully seeded; 0 partial; 0 skipped
2026-10-08T00:46:51.3027520Z [0;34m[INFO][0m Concurrency: width 4; 0 wave(s) re-run serially (0 suite(s) total) to attribute a shipping-repository change
2026-10-08T00:46:51.3027994Z [0;34m[INFO][0m 
2026-10-08T00:46:51.3028500Z [0;34m[INFO][0m Results saved to: /home/runner/work/aai/aai/tests/skills/results/test-20261008-004416
2026-10-08T00:46:51.3427366Z ##[error]Process completed with exit code 1.
2026-10-08T00:46:51.3515260Z Post job cleanup.
2026-10-08T00:46:51.4056413Z [command]/usr/bin/git version
2026-10-08T00:46:51.4087614Z git version 2.55.0
2026-10-08T00:46:51.4111005Z Temporarily overriding HOME='/home/runner/work/_temp/a521b786-9640-45aa-88ba-f0cb91f6bc0d' before making global git config changes
2026-10-08T00:46:51.4111854Z Adding repository directory to the temporary git global config as a safe directory
2026-10-08T00:46:51.4114322Z [command]/usr/bin/git config --global --add safe.directory /home/runner/work/aai/aai
2026-10-08T00:46:51.4144389Z [command]/usr/bin/git config --local --name-only --get-regexp core\.sshCommand
2026-10-08T00:46:51.4177307Z [command]/usr/bin/git submodule foreach --recursive sh -c "git config --local --name-only --get-regexp 'core\.sshCommand' && git config --local --unset-all 'core.sshCommand' || :"
2026-10-08T00:46:51.4369748Z [command]/usr/bin/git config --local --name-only --get-regexp http\.https\:\/\/github\.com\/\.extraheader
2026-10-08T00:46:51.4390215Z http.https://github.com/.extraheader
2026-10-08T00:46:51.4399119Z [command]/usr/bin/git config --local --unset-all http.https://github.com/.extraheader
2026-10-08T00:46:51.4428212Z [command]/usr/bin/git submodule foreach --recursive sh -c "git config --local --name-only --get-regexp 'http\.https\:\/\/github\.com\/\.extraheader' && git config --local --unset-all 'http.https://github.com/.extraheader' || :"
2026-10-08T00:46:51.4624623Z [command]/usr/bin/git config --local --name-only --get-regexp ^includeIf\.gitdir:
2026-10-08T00:46:51.4655238Z [command]/usr/bin/git submodule foreach --recursive git config --local --show-origin --name-only --get-regexp remote.origin.url
2026-10-08T00:46:51.4960968Z Cleaning up orphan processes
2026-10-08T00:46:51.5146733Z ##[warning]Node.js 20 is deprecated. The following actions target Node.js 20 but are being forced to run on Node.js 24: actions/checkout@v4, actions/setup-node@v4. For more information see: https://github.blog/changelog/2025-09-19-deprecation-of-node-20-on-github-actions-runners/
