AAI-ISOLATION: isolated - this suite run has its own disposable checkout; the shipping repository is not its working tree.
AAI-SEEDING: seeded - every seeding step completed; the disposable checkout carries your working tree.
=== AAI Skill Test: aai-layer-profiles ===
INFO: Checking dependencies...
PASS: Dependencies checked
INFO: TEST-001: PROFILES.yaml exists and classifies 100% of .aai (live tree)...
PASS: TEST-001 manifest conformance: core=196 extended=75 total=271 (100%)
INFO: TEST-009L: lib/iso-time.mjs, watch-ci.mjs and check-dispatch-text.mjs are each classified in exactly one profile list...
PASS: TEST-009L: iso-time.mjs, watch-ci.mjs and check-dispatch-text.mjs each classified exactly once
INFO: TEST-488: mutation-run.mjs, mutation-gate.mjs, lib/mutation-record.mjs and lib/spec-contract-hash.mjs are each classified in exactly one profile list...
PASS: TEST-488: mutation-run.mjs, mutation-gate.mjs, lib/mutation-record.mjs and lib/spec-contract-hash.mjs each classified exactly once, as core
INFO: TEST-745: .aai/scripts/roadmap-propose.mjs is classified in exactly one profile list...
PASS: TEST-745: roadmap-propose.mjs classified exactly once
INFO: TEST-572: no new .aai file this ride adds is unclassified, and the manifest's live-tree union holds...
PASS: TEST-572: this ride adds no new .aai file; the manifest's live-tree union (core+extended == .aai tree) still holds
INFO: TEST-696: canon.mjs and CANON.yaml are each classified exactly once, union check green...
PASS: TEST-696: canon.mjs and CANON.yaml each classified exactly once, live-tree union holds
INFO: Building fixture sources (real distribution tree, no network)...
PASS: Fixture sources built
INFO: TEST-002: flag-less run byte-identical to HEAD engine; --profile extended == default...
PASS: TEST-002 default run byte-identical (engine file + documented pin line only)
INFO: TEST-003: --profile core installs exactly the manifest core set...
PASS: TEST-003 core = exact manifest set (two-way)
INFO: TEST-004: extended->core re-sync prunes; target-only script preserved; core re-run idempotent...
PASS: TEST-004 prune + preserve + real idempotence probe
INFO: TEST-005: --profile bogus fails fast without touching the target...
PASS: TEST-005 invalid profile fails fast, target untouched; bracket-path core sync intact (F1)
INFO: TEST-006: pin records the profile; flag-less re-sync honors the sticky pin...
PASS: TEST-006 pin stamp + sticky resolution + explicit upgrade
INFO: TEST-007: aai-doctor.mjs CAT-13 reads and displays the layer profile...
PASS: TEST-007 doctor CAT-13 profile display
INFO: TEST-008: aai-sync.ps1 parity (structural + end-to-end when pwsh present)...
PASS: TEST-008 ps1 parity (parse + structure + end-to-end set equality)
INFO: TEST-401: fixture build verifies its own copy completeness...
PASS: TEST-401 fixture build fails loudly on incomplete/failed copies (Spec-AC-01)
INFO: TEST-402: sync_output_ok catches a real 'missing in source' WARN...
PASS: TEST-402 core sync WARN captured and failed on before the downstream miss-check (Spec-AC-02)
INFO: TEST-403: assert_list_empty dumps byte-for-byte when a payload renders as zero visible lines...
PASS: TEST-403 invisible-but-nonempty payload triggers byte dump (Spec-AC-02)
INFO: TEST-464: core prune keeps every real core file when PROFILES.yaml's core: list is padded past the pipe buffer...
PASS: TEST-464 core prune keeps every real core file when CORE_FILES exceeds the pipe buffer, both runs
INFO: TEST-465: .gitignore membership for agent-skill patterns survives a >200KB target .gitignore whose first line is already the pattern...
PASS: TEST-465 .gitignore membership stays exact-once across two syncs against a >200KB file
INFO: TEST-466: aai-sync.sh has zero real pipelines into grep -q (any spelling) / head -n1 (any spelling)...
PASS: TEST-466 aai-sync.sh: zero pipe-into-(grep -q|qhead -n1) sites
INFO: Self-check: suite uses no real-network URL schemes...
PASS: Self-check: fixtures only (non-routable placeholders)
=== ALL TESTS PASSED: aai-layer-profiles ===
