EXCERPT ONLY; full raw bytes and hash are bound by ci-transport.json
120: 2026-10-08T00:43:54.7837498Z 
121: 2026-10-08T00:43:54.7838887Z HEAD is now at 549a765 Merge ebbd0eaeaebfa9015f550193df6f0b54afc338c3 into bdeb425c040ada918dd97e5b878b71e420bad83a
122: 2026-10-08T00:43:54.7842387Z ##[endgroup]
123: 2026-10-08T00:43:54.7878012Z [command]/usr/bin/git log -1 --format=%H
124: 2026-10-08T00:43:54.7900031Z 549a7652a23e04f2eb15a75d5db4e5a410512a82
125: 2026-10-08T00:43:54.8151262Z ##[group]Run actions/cache@v4
126: 2026-10-08T00:43:54.8151919Z with:
127: 2026-10-08T00:43:54.8152472Z   path: ~/.local/share/powershell/Modules
128: 2026-10-08T00:43:54.8153252Z   key: ps-modules-Linux-pssa1.25-pester5
129: 2026-10-08T00:43:54.8154002Z   enableCrossOsArchive: false
130: 2026-10-08T00:43:54.8154653Z   fail-on-cache-miss: false
208: 2026-10-08T00:44:35.5740590Z Describing PR readiness process boundary
209: 2026-10-08T00:44:37.8078484Z INFO: TEST008_CAPTURE_RESULT {"ExitCode":7,"Output":"{\"clone_diagnostic\":\"full-boundary\"}\ngenuine-native-failure","Preference":"Stop"}
210: 2026-10-08T00:44:37.8512995Z INFO: TEST008_NATIVE_CAPTURE diagnostic_visible=true nonzero_preserved=true preference_restored=true
211: 2026-10-08T00:44:37.8918766Z   [+] prints captured JSON and preserves nonzero native status under Stop 2.3s (2.28s|22ms)
212: 2026-10-08T00:44:48.5554635Z INFO: TEST-001 direct_symlink_exit_output_equal=true
213: 2026-10-08T00:44:48.5559919Z INFO: TEST-001 {"result":{"schema_version":1,"platform":"azure","repository":{"organization_url":"https://dev.azure.com/Org","project":"Project 雪","repository":"Repo Name"},"remote_name":"origin","source_branch":"change/pr-capability-preflight","target_branch":"main","head_sha":"cdcd162687fa409be5a9a12fc4efef3a3bf3069b","outcome":"read_verified","code":"READ_VERIFIED","operation":"azure.readiness","remedy":"Repository read access verified at invocation time; future PR create permission remains unknown.","create_permission":"unknown"},"calls":[{"name":"az","args":["--version"],"env":{"AZURE_EXTENSION_USE_DYNAMIC_INSTALL":"no","AZURE_CORE_NO_COLOR":"true","GIT_TERMINAL_PROMPT":"0","GH_PROMPT_DISABLED":"1"}},{"name":"az","args":["extension","show","--name","azure-devops","--output","json","--only-show-errors"],"env":{"AZURE_EXTENSION_USE_DYNAMIC_INSTALL":"no","AZURE_CORE_NO_COLOR":"true","GIT_TERMINAL_PROMPT":"0","GH_PROMPT_DISABLED":"1"}},{"name":"az","args":["repos","show","--organization","https://dev.azure.com/Org","--project","Project 雪","--repository","Repo Name","--detect","false","--output","json","--only-show-errors"],"env":{"AZURE_EXTENSION_USE_DYNAMIC_INSTALL":"no","AZURE_CORE_NO_COLOR":"true","GIT_TERMINAL_PROMPT":"0","GH_PROMPT_DISABLED":"1"}}]}
214: 2026-10-08T00:44:48.5564947Z INFO: TEST001_ENDPOINT {"endpoint":"url","supplied_hex":"2068747470733a2f2f6769746875622e636f6d2f4f72672f5265706f2e676974","effective_hex":"2068747470733a2f2f6769746875622e636f6d2f4f72672f5265706f2e6769740a"}
215: 2026-10-08T00:44:48.5566200Z INFO: TEST001_ENDPOINT {"endpoint":"url","supplied_hex":"68747470733a2f2f6769746875622e636f6d2f4f72672f5265706f2e67697420","effective_hex":"68747470733a2f2f6769746875622e636f6d2f4f72672f5265706f2e676974200a"}
216: 2026-10-08T00:44:48.5567489Z INFO: TEST001_ENDPOINT {"endpoint":"url","supplied_hex":"0968747470733a2f2f6769746875622e636f6d2f4f72672f5265706f2e676974","effective_hex":"0968747470733a2f2f6769746875622e636f6d2f4f72672f5265706f2e6769740a"}
217: 2026-10-08T00:44:48.5569155Z INFO: TEST001_ENDPOINT {"endpoint":"url","supplied_hex":"68747470733a2f2f6769746875622e636f6d2f4f72672f5265706f2e67697409","effective_hex":"68747470733a2f2f6769746875622e636f6d2f4f72672f5265706f2e676974090a"}
218: 2026-10-08T00:44:48.5570259Z INFO: TEST001_ENDPOINT {"endpoint":"url","supplied_hex":"0d68747470733a2f2f6769746875622e636f6d2f4f72672f5265706f2e676974","effective_hex":"0d68747470733a2f2f6769746875622e636f6d2f4f72672f5265706f2e6769740a"}
219: 2026-10-08T00:44:48.5571324Z INFO: TEST001_ENDPOINT {"endpoint":"url","supplied_hex":"68747470733a2f2f6769746875622e636f6d2f4f72672f5265706f2e6769740d","effective_hex":"68747470733a2f2f6769746875622e636f6d2f4f72672f5265706f2e6769740d0a"}
243: 2026-10-08T00:44:51.8920419Z PASS: TEST-003 pr-capability-preflight
244: 2026-10-08T00:44:53.3024145Z INFO: TEST-004 elapsed_ms=1199 child_alive=false later_probes=0
245: 2026-10-08T00:44:53.3024439Z PASS: TEST-004 pr-capability-preflight
246: 2026-10-08T00:44:53.9228929Z PASS: TEST-005 pr-capability-preflight
247: 2026-10-08T00:44:55.7629406Z INFO: TEST-006 alternate_read_verified=true null_bypasses_origin=true ceremony_origin_refused=true
248: 2026-10-08T00:44:55.7629858Z PASS: TEST-006 pr-capability-preflight
249: 2026-10-08T00:45:02.4187370Z INFO: CLI_BOUND {"test":"007","sequence":1,"mode":"ok","timeout_ms":105000,"elapsed_ms":5159,"error_code":null,"signal":null,"git_probes":7,"provider_steps":["gh.--version","gh.auth","gh.repo"],"stdout_bytes":467}
250: 2026-10-08T00:45:02.4187889Z INFO: TEST-007 bounded_identity_delay_ms=5160 read_verified=true
251: 2026-10-08T00:45:02.4188146Z PASS: TEST-007 pr-capability-preflight
252: 2026-10-08T00:45:05.0076454Z INFO: TEST008_CLONE {"clone_timeout_ms":30000,"output_cap_bytes":65536,"source_head":{"status":0,"signal":null,"error":null,"stdout":"549a7652a23e04f2eb15a75d5db4e5a410512a82\n","stderr":""},"core_longpaths":{"status":1,"signal":null,"error":null,"stdout":"","stderr":""},"tree_status":0,"longest_relative_path":"docs/ai/tdd/pr-capability-preflight-final-remediation-20261007T224314Z/historical-mutations/mutation-TEST-003.2026-10-07T12-32-21Z.patch","longest_relative_chars":136,"deep":{"destination":"/tmp/aai-pr-preflight-f9626424-2e7a-4ea8-a716-9b4d2e7f908b/fixture-RvGpPx/note-shallow","max_checkout_path_chars":223,"status":0,"signal":null,"error":null,"stdout":"","stderr":"Note: switching to '549a7652a23e04f2eb15a75d5db4e5a410512a82'.\n\nYou are in 'detached HEAD' state. You can look around, make experimental\nchanges and commit them, and you can discard any commits you make in this\nstate without impacting any branches by switching back to a branch.\n\nIf you want to create a new branch to retain commits you create, you may\ndo so (now or later) by using -c with the switch command. Example:\n\n  git switch -c <new-branch-name>\n\nOr undo this operation with:\n\n  git switch -\n\nTurn off this advice by setting config variable advice.detachedHead to false\n\n","head":{"status":0,"signal":null,"error":null,"stdout":"549a7652a23e04f2eb15a75d5db4e5a410512a82\n","stderr":""},"shallow":{"status":0,"signal":null,"error":null,"stdout":"true\n","stderr":""}},"short":{"destination":"/tmp/aai-pr-preflight-f9626424-2e7a-4ea8-a716-9b4d2e7f908b/s-RvGpPx","max_checkout_path_chars":204,"status":0,"signal":null,"error":null,"stdout":"","stderr":"Note: switching to '549a7652a23e04f2eb15a75d5db4e5a410512a82'.\n\nYou are in 'detached HEAD' state. You can look around, make experimental\nchanges and commit them, and you can discard any commits you make in this\nstate without impacting any branches by switching back to a branch.\n\nIf you want to create a new branch to retain commits you create, you may\ndo so (now or later) by using -c with the switch command. Example:\n\n  git switch -c <new-branch-name>\n\nOr undo this operation with:\n\n  git switch -\n\nTurn off this advice by setting config variable advice.detachedHead to false\n\n","head":{"status":0,"signal":null,"error":null,"stdout":"549a7652a23e04f2eb15a75d5db4e5a410512a82\n","stderr":""},"shallow":{"status":0,"signal":null,"error":null,"stdout":"true\n","stderr":""}}}
253: 2026-10-08T00:45:05.0084600Z INFO: TEST-008 benign_note_captured=true genuine_clone_failure_throws=true note_control_shallow=true
254: 2026-10-08T00:45:05.0085123Z INFO: TEST-008 shallow=true baseline_object_absent=true LF_CRLF_bytes_equal=true
255: 2026-10-08T00:45:05.0085514Z PASS: TEST-008 pr-capability-preflight
256: 2026-10-08T00:45:32.8798916Z AAI-ISOLATION: isolated - this suite run has its own disposable checkout; the shipping repository is not its working tree.
257: 2026-10-08T00:45:32.8799633Z AAI-SEEDING: seeded - every seeding step completed; the disposable checkout carries your working tree.
258: 2026-10-08T00:45:32.8800075Z INFO: scratch_override=unset platform=linux uid=1001
259: 2026-10-08T00:45:32.8800379Z INFO: TEST-001 direct_symlink_exit_output_equal=true
260: 2026-10-08T00:45:32.8804861Z INFO: TEST-001 {"result":{"schema_version":1,"platform":"azure","repository":{"organization_url":"https://dev.azure.com/Org","project":"Project 雪","repository":"Repo Name"},"remote_name":"origin","source_branch":"change/pr-capability-preflight","target_branch":"main","head_sha":"8984356f601c275eef5010d6ee5498890fd38cc6","outcome":"read_verified","code":"READ_VERIFIED","operation":"azure.readiness","remedy":"Repository read access verified at invocation time; future PR create permission remains unknown.","create_permission":"unknown"},"calls":[{"name":"az","args":["--version"],"env":{"AZURE_EXTENSION_USE_DYNAMIC_INSTALL":"no","AZURE_CORE_NO_COLOR":"true","GIT_TERMINAL_PROMPT":"0","GH_PROMPT_DISABLED":"1"}},{"name":"az","args":["extension","show","--name","azure-devops","--output","json","--only-show-errors"],"env":{"AZURE_EXTENSION_USE_DYNAMIC_INSTALL":"no","AZURE_CORE_NO_COLOR":"true","GIT_TERMINAL_PROMPT":"0","GH_PROMPT_DISABLED":"1"}},{"name":"az","args":["repos","show","--organization","https://dev.azure.com/Org","--project","Project 雪","--repository","Repo Name","--detect","false","--output","json","--only-show-errors"],"env":{"AZURE_EXTENSION_USE_DYNAMIC_INSTALL":"no","AZURE_CORE_NO_COLOR":"true","GIT_TERMINAL_PROMPT":"0","GH_PROMPT_DISABLED":"1"}}]}
261: 2026-10-08T00:45:32.8810862Z INFO: TEST001_ENDPOINT {"endpoint":"url","supplied_hex":"2068747470733a2f2f6769746875622e636f6d2f4f72672f5265706f2e676974","effective_hex":"2068747470733a2f2f6769746875622e636f6d2f4f72672f5265706f2e6769740a"}
293: 2026-10-08T00:45:32.8839346Z INFO: scratch_override=unset platform=linux uid=1001
294: 2026-10-08T00:45:32.8839557Z INFO: TEST-004 elapsed_ms=1175 child_alive=false later_probes=0
295: 2026-10-08T00:45:32.8839743Z PASS: TEST-004 pr-capability-preflight
296: 2026-10-08T00:45:32.8839906Z INFO: scratch_override=unset platform=linux uid=1001
297: 2026-10-08T00:45:32.8840072Z PASS: TEST-005 pr-capability-preflight
298: 2026-10-08T00:45:32.8840234Z INFO: scratch_override=unset platform=linux uid=1001
299: 2026-10-08T00:45:32.8840490Z INFO: TEST-006 alternate_read_verified=true null_bypasses_origin=true ceremony_origin_refused=true
300: 2026-10-08T00:45:32.8840737Z PASS: TEST-006 pr-capability-preflight
301: 2026-10-08T00:45:32.8840900Z INFO: scratch_override=unset platform=linux uid=1001
302: 2026-10-08T00:45:32.8841322Z INFO: CLI_BOUND {"test":"007","sequence":1,"mode":"ok","timeout_ms":105000,"elapsed_ms":5185,"error_code":null,"signal":null,"git_probes":7,"provider_steps":["gh.--version","gh.auth","gh.repo"],"stdout_bytes":467}
303: 2026-10-08T00:45:32.8841751Z INFO: TEST-007 bounded_identity_delay_ms=5186 read_verified=true
305: 2026-10-08T00:45:32.8842103Z INFO: scratch_override=unset platform=linux uid=1001
306: 2026-10-08T00:45:32.8846071Z INFO: TEST008_CLONE {"clone_timeout_ms":30000,"output_cap_bytes":65536,"source_head":{"status":0,"signal":null,"error":null,"stdout":"549a7652a23e04f2eb15a75d5db4e5a410512a82\n","stderr":""},"core_longpaths":{"status":1,"signal":null,"error":null,"stdout":"","stderr":""},"tree_status":0,"longest_relative_path":"docs/ai/tdd/pr-capability-preflight-final-remediation-20261007T224314Z/historical-mutations/mutation-TEST-003.2026-10-07T12-32-21Z.patch","longest_relative_chars":136,"deep":{"destination":"/tmp/aai-pr-preflight-scratch/fixture-ufrhOx/note-shallow","max_checkout_path_chars":194,"status":0,"signal":null,"error":null,"stdout":"","stderr":"Note: switching to '549a7652a23e04f2eb15a75d5db4e5a410512a82'.\n\nYou are in 'detached HEAD' state. You can look around, make experimental\nchanges and commit them, and you can discard any commits you make in this\nstate without impacting any branches by switching back to a branch.\n\nIf you want to create a new branch to retain commits you create, you may\ndo so (now or later) by using -c with the switch command. Example:\n\n  git switch -c <new-branch-name>\n\nOr undo this operation with:\n\n  git switch -\n\nTurn off this advice by setting config variable advice.detachedHead to false\n\n","head":{"status":0,"signal":null,"error":null,"stdout":"549a7652a23e04f2eb15a75d5db4e5a410512a82\n","stderr":""},"shallow":{"status":0,"signal":null,"error":null,"stdout":"true\n","stderr":""}},"short":{"destination":"/tmp/aai-pr-preflight-scratch/s-ufrhOx","max_checkout_path_chars":175,"status":0,"signal":null,"error":null,"stdout":"","stderr":"Note: switching to '549a7652a23e04f2eb15a75d5db4e5a410512a82'.\n\nYou are in 'detached HEAD' state. You can look around, make experimental\nchanges and commit them, and you can discard any commits you make in this\nstate without impacting any branches by switching back to a branch.\n\nIf you want to create a new branch to retain commits you create, you may\ndo so (now or later) by using -c with the switch command. Example:\n\n  git switch -c <new-branch-name>\n\nOr undo this operation with:\n\n  git switch -\n\nTurn off this advice by setting config variable advice.detachedHead to false\n\n","head":{"status":0,"signal":null,"error":null,"stdout":"549a7652a23e04f2eb15a75d5db4e5a410512a82\n","stderr":""},"shallow":{"status":0,"signal":null,"error":null,"stdout":"true\n","stderr":""}}}
307: 2026-10-08T00:45:32.8850313Z INFO: TEST-008 benign_note_captured=true genuine_clone_failure_throws=true note_control_shallow=true
308: 2026-10-08T00:45:32.8850615Z INFO: TEST-008 shallow=true baseline_object_absent=true LF_CRLF_bytes_equal=true
309: 2026-10-08T00:45:32.8850828Z PASS: TEST-008 pr-capability-preflight
310: 2026-10-08T00:45:32.8872924Z   [+] runs the eight provider/identity/refusal/timeout matrix arms 54.99s (54.99s|1ms)
311: 2026-10-08T00:45:32.9726520Z 
312: 2026-10-08T00:45:32.9727091Z Running tests from '/home/runner/work/aai/aai/tests/skills/aai-release.Tests.ps1'
313: 2026-10-08T00:45:32.9999565Z Describing aai-release.ps1 protected-branch classifier
314: 2026-10-08T00:45:33.0103799Z   [+] parses with no syntax errors 11ms (11ms|1ms)
315: 2026-10-08T00:45:33.0150887Z   [+] dot-sourcing defines Test-ProtectedBranchRejection without cutting a release 4ms (4ms|0ms)
570: 2026-10-08T00:45:45.4519243Z   [+] TEST-011 resolves the source repository root from a subdirectory 20ms (19ms|0ms)
571: 2026-10-08T00:45:45.5845590Z Tests completed in 70.34s
572: 2026-10-08T00:45:45.5902687Z Tests Passed: 157, Failed: 0, Skipped: 0, Inconclusive: 0, NotRun: 0
573: 2026-10-08T00:45:45.6068748Z AAI-POSIX-PESTER: Total=157 Passed=157 Failed=0 Skipped=0
574: 2026-10-08T00:45:45.6642467Z PASS: Pester smoke tests passed (SkippedCount 0 on this POSIX host)
575: 2026-10-08T00:45:45.6642662Z 
576: 2026-10-08T00:45:45.6642728Z PASS: All ps1-quality checks passed
577: 2026-10-08T00:45:45.6714278Z Post job cleanup.
578: 2026-10-08T00:45:45.7395456Z Cache hit occurred on the primary key ps-modules-Linux-pssa1.25-pester5, not saving cache.
579: 2026-10-08T00:45:45.7396633Z (node:16406) [DEP0040] DeprecationWarning: The `punycode` module is deprecated. Please use a userland alternative instead.
580: 2026-10-08T00:45:45.7396994Z (Use `node --trace-deprecation ...` to show where the warning was created)
581: 2026-10-08T00:45:45.7504192Z Post job cleanup.
