[
  {
    "remote": "ssh://git@ssh.github.com:443/Org/Repo.git",
    "config_status": 0,
    "fields": [
      "user git",
      "hostname ssh.github.com",
      "port 443"
    ],
    "stderr": "Pseudo-terminal will not be allocated because stdin is not a terminal.\r\n"
  },
  {
    "remote": "ssh://git%3Asynthetic-password@ssh.github.com:443/Org/Repo.git",
    "config_status": 0,
    "fields": [
      "user git:synthetic-password",
      "hostname ssh.github.com:443",
      "port 22"
    ],
    "stderr": "Pseudo-terminal will not be allocated because stdin is not a terminal.\r\n"
  },
  {
    "remote": "ssh://git%3A@ssh.github.com:443/Org/Repo.git",
    "config_status": 0,
    "fields": [
      "user git:",
      "hostname ssh.github.com:443",
      "port 22"
    ],
    "stderr": "Pseudo-terminal will not be allocated because stdin is not a terminal.\r\n"
  }
]
PASS: real OpenSSH configuration proves different hostname and port; -G never opens a connection.
