RED_CLASS: product_red
{"remote":"ssh://git@ssh.github.com:443/Org/Repo.git","effective_fetch":"ssh://git@ssh.github.com:443/Org/Repo.git","effective_push":"ssh://git@ssh.github.com:443/Org/Repo.git","preflight_status":0,"preflight":{"schema_version":1,"platform":"github","repository":{"host":"github.com","repository":"Org/Repo"},"remote_name":"origin","source_branch":"change/pr-capability-preflight","target_branch":"main","head_sha":"c61caf58768f1f45dbde5a183dfd2e257b8b43c1","outcome":"read_verified","code":"READ_VERIFIED","operation":"github.readiness","remedy":"Repository read access verified at invocation time; future PR create permission remains unknown.","create_permission":"unknown"},"provider_calls":[["--version"],["auth","status","--hostname","github.com"],["repo","view","Org/Repo","--json","nameWithOwner,url"]],"transport_status":0,"transport_stdout":"c61caf58768f1f45dbde5a183dfd2e257b8b43c1\tHEAD\nc61caf58768f1f45dbde5a183dfd2e257b8b43c1\trefs/heads/change/pr-capability-preflight\n","transport_stderr":"","ssh_argv":[["-o","SendEnv=GIT_PROTOCOL","-p","443","git@ssh.github.com","git-upload-pack '/Org/Repo.git'"]]}
{"remote":"ssh://git:synthetic-password@ssh.github.com:443/Org/Repo.git","effective_fetch":"ssh://git:synthetic-password@ssh.github.com:443/Org/Repo.git","effective_push":"ssh://git:synthetic-password@ssh.github.com:443/Org/Repo.git","preflight_status":0,"preflight":{"schema_version":1,"platform":"github","repository":{"host":"github.com","repository":"Org/Repo"},"remote_name":"origin","source_branch":"change/pr-capability-preflight","target_branch":"main","head_sha":"c61caf58768f1f45dbde5a183dfd2e257b8b43c1","outcome":"read_verified","code":"READ_VERIFIED","operation":"github.readiness","remedy":"Repository read access verified at invocation time; future PR create permission remains unknown.","create_permission":"unknown"},"provider_calls":[["--version"],["auth","status","--hostname","github.com"],["repo","view","Org/Repo","--json","nameWithOwner,url"]],"transport_status":0,"transport_stdout":"c61caf58768f1f45dbde5a183dfd2e257b8b43c1\tHEAD\nc61caf58768f1f45dbde5a183dfd2e257b8b43c1\trefs/heads/change/pr-capability-preflight\n","transport_stderr":"","ssh_argv":[["-o","SendEnv=GIT_PROTOCOL","git:synthetic-password@ssh.github.com:443","git-upload-pack '/Org/Repo.git'"]]}
node:internal/assert/utils:146
  throw error;
  ^

AssertionError [ERR_ASSERTION]: Expected values to be strictly equal:

3 !== 0

    at Object.<anonymous> (/private/tmp/aai-pr-capability-preflight/docs/ai/tdd/scp-20261008T020756Z/password.cjs:24:8)
    at Module._compile (node:internal/modules/cjs/loader:1934:14)
    at Object..js (node:internal/modules/cjs/loader:2074:10)
    at Module.load (node:internal/modules/cjs/loader:1656:32)
    at Module._load (node:internal/modules/cjs/loader:1448:12)
    at wrapModuleLoad (node:internal/modules/cjs/loader:261:19)
    at Module.executeUserEntryPoint [as runMain] (node:internal/modules/run_main:154:5)
    at node:internal/main/run_main_module:33:47 {
  generatedMessage: true,
  code: 'ERR_ASSERTION',
  actual: 3,
  expected: 0,
  operator: 'strictEqual',
  diff: 'simple'
}

Node.js v26.8.2
