AAI-ISOLATION: isolated - this suite run has its own disposable checkout; the shipping repository is not its working tree.
AAI-SEEDING: seeded - every seeding step completed; the disposable checkout carries your working tree.
=== test-aai-ride-select ===
INFO: Test: validate accepts the shipped roadmap and refuses three malformed shapes (TEST-001)...
PASS: validate: shipped 0, eight malformed shapes refused by the named reason (TEST-001)
INFO: Test: next prints the right half, and 'wave 1 complete' when all pairs are done (TEST-002)...
PASS: next: capability first, then maintenance, then wave 1 complete; shipped agrees (TEST-002)
INFO: Test: a maintenance ride is refused until its capability is at least implementing (TEST-003)...
PASS: pair first: refused, then allowed; a later pair's capability is refused until pair 1 is done (TEST-003, corrected under Spec-AC-29)
INFO: Test: an off-roadmap fix is refused with the backlog remedy; blocks: admits it only for a real roadmap ref (TEST-004)...
PASS: off-roadmap fix refused with remedy; blocks: works only for a real roadmap ref (TEST-004)
INFO: Test: missing/invalid roadmap and a done ref are refused, never passed (TEST-005)...
PASS: fail closed on missing/invalid roadmap and on a done ref (TEST-005)
INFO: Test: --override passes and appends exactly one event with ref+reason; no reason is a usage error (TEST-006)...
PASS: override passes, is logged once with ref+reason, and needs a reason; intake/ref mismatch is usage (TEST-006)
INFO: Test: SHIP and LOOP invoke the gate, VALIDATION carries the two-round STOP, AGENTS carries the operator contract (TEST-007)...
PASS: canon wiring present: gate in SHIP and LOOP, two-round STOP, operator contract ≤40 lines (TEST-007)
INFO: Test: an absent-roadmap admit with --override and --events writes no roadmap and no events file, one stdout line (TEST-1202)...
PASS: absent admit creates nothing and prints one line (TEST-1202)
INFO: Test: a malformed and an empty roadmap file each refuse (exit 1, REFUSED) (TEST-1203)...
PASS: malformed and empty roadmap files refuse (TEST-1203)
INFO: Test: a directory at the roadmap path refuses as not readable (TEST-1204)...
PASS: directory at the roadmap path refuses (TEST-1204)
INFO: Test: validate on an absent path exits 2 and next on an absent path exits 1 (TEST-1205)...
PASS: validate and next unchanged on an absent roadmap (TEST-1205)
INFO: Test: an unstat-able roadmap path (ELOOP, EACCES) refuses as not readable, never admits as absent (TEST-1217)...
PASS: unstat-able roadmap refuses, never admits as absent (TEST-1217)
INFO: Test: with an absent roadmap, missing/non-slug --ref and an empty --override are usage errors (TEST-1206)...
PASS: usage errors precede the absent-roadmap admit (TEST-1206)
INFO: Test: with no --roadmap flag the shipped roadmap refuses an off-roadmap maintenance ref (TEST-1208)...
PASS: default roadmap path still governs (TEST-1208)
INFO: Test: the ride-select header and AGENTS rule 4 name the roadmap file as the switch (TEST-1209)...
PASS: posture switch stated in header and rule 4; contract ≤40 lines (TEST-1209)
INFO: Test: gate admits only the first unfinished pair; an in-flight ref and blocks: stay unaffected; override still one-shot (TEST-565)...
PASS: gate admits only the first unfinished pair; in-flight and blocks: unaffected; override still one-shot logged (TEST-565)
INFO: Test: validate refuses a STARTED pair's ref with no matching document id, naming the slug and its pair; a still-planned pair is exempt; the live roadmap still passes (TEST-566)...
PASS: validate refuses a started pair's unknown ref, exempts a still-planned one (exercised for real on the live roadmap, not vacuously), live roadmap unaffected (TEST-566)
INFO: TEST-535: roadmap pair 7 (mutation-gate-for-tests / unrecorded-spec-amendment-is-invisible) reads status done, and ride-select.mjs validate passes over the live file...
PASS: TEST-535: roadmap pair 7 reads done, live roadmap validates
INFO: Test: gate refuses a first-unfinished roadmap ref (capability OR maintenance) that matches no document, naming the ref and the missing doc; admits once the document exists (TEST-583)...
PASS: TEST-583: gate refuses an undocumented roadmap ref (capability or maintenance), naming the ref and the missing document, and admits once the document exists; live roadmap unaffected
INFO: Test: gate --intake refuses a readable file that is not a parseable intake document (no frontmatter, no --- fence, no id, or an id with no recognized type); admits a real one (TEST-588)...
PASS: TEST-588: gate --intake refuses a readable-but-unparseable file (no frontmatter, no --- fence, no id, or an unrecognized type), and admits a real intake document
INFO: Test: validate accepts a two-pair fixture whose last pair carries no maintenance line (TEST-715)...
PASS: validate accepts a capability-only pair with no maintenance line (TEST-715)
INFO: Test: validate skips the document-existence check for an unbound maintenance slot on an active pair (TEST-716)...
PASS: validate skips the document check for an unbound maintenance slot on an active pair (TEST-716)
INFO: Test: nothing-left-behind over a capability-only roadmap pair exits 0 and reports no paired maintenance half (TEST-717)...
PASS: nothing-left-behind reports no paired maintenance half for a capability-only roadmap pair (TEST-717)
INFO: Test: validate over the shipped docs/ai/roadmap.yaml still prints the identical summary after the relaxation (TEST-718)...
PASS: the shipped roadmap still validates with the identical summary line (TEST-718)
INFO: Test: next on a started capability with an unbound maintenance slot returns action bind, never a null ref (TEST-719)...
PASS: next proposes a bind for a started capability with an unbound maintenance slot, never a null ref (TEST-719)
INFO: Test: the bind action names the capability slug and the runnable roadmap-propose.mjs bind command (TEST-720)...
PASS: the bind action names the runnable roadmap-propose.mjs bind command (TEST-720)
INFO: Test: next on an exhausted roadmap emits harvest_command alongside the wave-2 list (TEST-721)...
PASS: an exhausted roadmap offers the harvest command alongside the wave-2 list (TEST-721)
INFO: Test: the off-roadmap maintenance refusal exits 1 and names both the backlog and the bind command (TEST-722)...
PASS: the off-roadmap maintenance refusal names both the backlog and the bind command, and stays exit 1 (TEST-722)
INFO: Test: harvest --json emits source, label, direction, direction_tokens, observations, blocks_in and age_days on every candidate (TEST-723)...
PASS: harvest prints all four ranking components plus source and label on every candidate (TEST-723)
INFO: Test: harvest draws intake candidates only from draft docs whose type is in the capability set (TEST-724)...
PASS: harvest draws intake candidates only from draft docs of a capability type (TEST-724)
INFO: Test: harvest draws wave_2 slugs that are not already pairs (TEST-725)...
PASS: harvest draws only wave_2 slugs that are not already a pair (TEST-725)
INFO: Test: MOVEMENT — two directions over one fixture swap the top candidate and change its direction count (TEST-726)...
PASS: changing the direction sentence rises the matching candidate and changes its direction count (TEST-726)
INFO: Test: direction is the PRIMARY sort key — a lower-evidence candidate that matches the sentence outranks a higher-evidence one that does not (TEST-727)...
PASS: direction outranks higher evidence on a non-matching candidate (TEST-727)
INFO: Test: tokens under 4 characters never count toward a direction match, even when not a stopword (TEST-728)...
PASS: tokens under 4 characters never count toward a direction match (TEST-728)
INFO: Test: MOVEMENT — adding one open follow-up naming candidate B raises its observations 0 to 1 and lowers its index (TEST-729)...
PASS: adding one open follow-up naming a candidate raises its observations and its rank (TEST-729)
INFO: Test: a CLOSED follow-up naming candidate B does not raise its observations (TEST-730)...
PASS: a closed follow-up naming a candidate does not raise its observations (TEST-730)
INFO: Test: MOVEMENT — adding a non-terminal document with blocks naming B raises its blocks_in 0 to 1 and lowers its index (TEST-731)...
PASS: adding a non-terminal blocking document raises blocks_in and rank (TEST-731)
INFO: Test: a TERMINAL document blocking B does not raise its blocks_in (TEST-732)...
PASS: a terminal (done) blocking document does not raise blocks_in (TEST-732)
INFO: Test: MOVEMENT — with every earlier key tied the older first-commit date ranks first (TEST-733)...
PASS: with every earlier key tied, the older first-commit date ranks first (TEST-733)
INFO: Test: an untracked candidate reports age_days 0 and the literal note age unknown (TEST-734)...
PASS: an untracked candidate reports age_days 0 and the note age unknown (TEST-734)
INFO: Test: only review_candidate clusters become friction candidates (TEST-735)...
PASS: harvest contributes only review_candidate friction clusters (TEST-735)
INFO: Test: a friction label carries skill_id and failure_class and no v1 fingerprint hash appears in the output (TEST-736)...
PASS: the friction label carries skill_id and failure_class, never the raw fingerprint (TEST-736)
INFO: Test: an empty or absent spool yields zero friction candidates, exit 0 and one NOTE line (TEST-737)...
PASS: an empty or absent friction spool yields zero candidates, exit 0, and one NOTE (TEST-737)
INFO: Test: a candidate id reachable from both an intake draft and an unpaired wave_2 slug contributes exactly one candidate, naming both sources (TEST-747)...
PASS: a duplicate id across intake and wave_2 contributes exactly one candidate, naming both sources (TEST-747)
INFO: Test: write appends planned capability-only pairs, leaves prior bytes identical, and the REAL validator accepts (TEST-738)...
PASS: write appends a planned capability-only pair, prior bytes unchanged, real validator accepts (TEST-738)
INFO: Test: certification spawns ride-select.mjs validate as a real child process, proven by an argv-recording shim (TEST-739)...
PASS: certification runs ride-select.mjs validate as a real child process (TEST-739)
INFO: Test: a refused certification restores the original bytes, exits 1 and prints the validator's own stderr (TEST-740)...
PASS: a refused certification restores the original bytes and reports the validator's refusal (TEST-740)
INFO: Test: bind refuses a ref that is neither an open follow-up nor a resolvable document and writes nothing (TEST-741)...
PASS: bind refuses a ref that is neither an open follow-up nor a resolvable document, and writes nothing (TEST-741)
INFO: Test: bind adds exactly one maintenance line to the named pair, the real validator accepts, and a re-bind is refused (TEST-742)...
PASS: bind adds exactly one maintenance line, the real validator accepts, and a re-bind is refused (TEST-742)
INFO: Test: an absent roadmap and zero harvested candidates leave no file behind (TEST-743)...
PASS: an absent roadmap and zero harvested candidates leave no file behind (TEST-743)
INFO: Test: no .aai prompt or orchestration-dispatch.mjs invokes roadmap-propose automatically (TEST-744)...
PASS: only the user-invoked SKILL_ROADMAP prompt names roadmap-propose; no dispatch branch does (TEST-744)
INFO: Test: harvest prints 1-based row numbers and write --pick N writes exactly the Nth-ranked candidate (TEST-748)...
PASS: harvest prints stable row numbers and write --pick N writes exactly the Nth-ranked candidate (TEST-748)
INFO: Test: write refuses with a usage error when --direction is omitted, and writes nothing (TEST-749)...
PASS: write refuses with a usage error when --direction is omitted, and writes nothing (TEST-749)
INFO: Test: the same --pick 1 writes a different candidate when --direction changes, proving write's ranking is driven by the sentence itself (TEST-750)...
PASS: the same --pick 1 writes a different candidate when --direction changes (TEST-750)
INFO: Test: bind refuses a ref that is already a roadmap capability (any pair, not just the one being bound), and still accepts a type:change ref that is not one (TEST-751)...
PASS: bind refuses a ref that is a roadmap capability on any pair, and accepts a type:change ref that is not one (TEST-751)
INFO: Test: write promoting a wave_2-sourced pick removes the slug from wave_2 and the real validator accepts (TEST-752)...
PASS: write promoting a wave_2-sourced pick removes it from wave_2 and the real validator accepts (TEST-752)
INFO: Test: harvest excludes an intake draft whose id is already a roadmap capability pair (TEST-753)...
PASS: harvest excludes an intake draft whose id is already a roadmap pair (TEST-753)
INFO: Test: the pair-ahead refusal names the unbound maintenance slot as unbound, never the literal word null (TEST-754)...
PASS: the pair-ahead refusal names an unbound maintenance slot as unbound, never null (TEST-754)
INFO: Test: the doc-missing refusal names the unbound maintenance slot as unbound, never the literal word null (TEST-755)...
PASS: the doc-missing refusal names an unbound maintenance slot as unbound, never null (TEST-755)
INFO: Test: write against a project with no roadmap discloses in its success line that the ride gate is now on (TEST-756)...
PASS: write against a project with no roadmap discloses that the ride gate is now on (TEST-756)
INFO: Test: bind admits a spec-typed and a product-typed ref that are not roadmap capabilities — no type denylist survives (TEST-757)...
PASS: bind admits refs of types outside every denylist, on the roadmap-membership reason alone (TEST-757)
INFO: Test: bind refuses a ref already bound as another pair's maintenance half (TEST-758)...
PASS: bind refuses a ref already bound as another pair's maintenance half (TEST-758)
INFO: Test: the bind command the gate's maintenance refusal advertises actually succeeds (TEST-759, NB-3)...
PASS: the gate's advertised bind command actually succeeds (TEST-759, NB-3)
INFO: Test: next never proposes a maintenance ref with no resolvable document — it proposes filing the intake instead (TEST-760, NB-6)...
PASS: next stops proposing a maintenance ref nothing can resolve, and proposes filing its intake instead (TEST-760, NB-6)
INFO: Test: promoting one wave_2 slug leaves every OTHER wave_2 entry in place (TEST-761, N15)...
PASS: promoting one wave_2 slug leaves every other wave_2 entry in place (TEST-761, N15)
INFO: Test: next never proposes a capability ref with no resolvable document — it proposes filing the intake instead (TEST-762, NB-1)...
PASS: next stops proposing a capability ref nothing can resolve, and proposes filing its intake instead (TEST-762, NB-1)
INFO: Test: a malformed decision ledger line's UNDERSTATED warning reaches harvest's own notes (TEST-763, F1)...
PASS: a malformed decision ledger line's UNDERSTATED warning reaches harvest's own notes (TEST-763)
INFO: Test: a malformed friction spool line is surfaced as a NOTE, whether the spool is partially or entirely malformed (TEST-764, F2)...
PASS: a malformed friction spool line is surfaced as a NOTE, whether the spool is partially or entirely malformed (TEST-764)
INFO: Test: a friction candidate's recurrence survives a dedup merge with a colliding wave_2 slug (TEST-765, F3)...
PASS: a friction candidate's recurrence survives a dedup merge with a colliding wave_2 slug (TEST-765)
INFO: Test: a roadmap with no budget block validates exit 0 (TEST-1301)...
PASS: a roadmap without a budget block validates; no pairs still refuses (TEST-1301)
INFO: Test: a PRESENT budget block must still be exactly maintenance_per_capability: 1 (TEST-1302)...
PASS: empty, duplicate and non-1 budget blocks still exit 2; shipped summary unchanged (TEST-1302)
INFO: Test: without a budget gate admits off-roadmap maintenance, off-roadmap capability and an out-of-order ref (TEST-1303)...
PASS: no-budget gate admits the three shapes, ADMIT lines say no maintenance budget, nothing written (TEST-1303)
INFO: Test: without a budget gate refuses a done ref and a ref with no document (TEST-1304)...
PASS: no-budget gate refuses done, documentless and done-pair refs (TEST-1304)
INFO: Test: the same fixtures WITH a budget refuse with today's reasons (TEST-1305)...
PASS: with a budget the three fixtures refuse exactly as before (TEST-1305)
INFO: Test: without a budget next names a started capability-only pair and skips a done pair (TEST-1306)...
PASS: no-budget next names the capability, skips done, never binds; budget control still binds (TEST-1306)
INFO: Test: without a budget next skips a pair whose capability DOCUMENT is done (TEST-1307)...
PASS: no-budget next skips a pair whose capability document is done (TEST-1307)
INFO: Test: next --json carries the resolving document path in both postures (TEST-1308)...
PASS: next --json carries the resolving document path with and without a budget (TEST-1308)
INFO: Test: show prints the posture, the next item, no roadmap when absent, json keys, exit 2 when invalid (TEST-1309)...
PASS: show reports posture, next, no roadmap, json keys and exit 2 (TEST-1309)
INFO: Test: write --pick 1 against an absent roadmap seeds NO budget block (TEST-1310)...
PASS: write seeds a budget-free roadmap that validates and never proposes bind (TEST-1310)
INFO: Test: an advisory budget block validates exit 0 in either line order, threshold 1 and 12 (TEST-1600)...
PASS: advisory block validates in either line order with threshold 1 and 12 (TEST-1600)
INFO: Test: every invalid maintenance_threshold shape exits 2 naming it, file unchanged (TEST-1601)...
PASS: every invalid maintenance_threshold shape exits 2 naming it, file unchanged (TEST-1601)
INFO: Test: every invalid budget.mode shape exits 2 naming it, file unchanged (TEST-1602)...
PASS: every invalid budget.mode shape exits 2 naming it, file unchanged (TEST-1602)
INFO: Test: mode or maintenance_threshold appearing twice exits 2 naming appears twice (TEST-1603)...
PASS: duplicated budget.mode and budget.maintenance_threshold exit 2 naming appears twice (TEST-1603)
INFO: Test: mode/threshold combined with maintenance_per_capability, and an unknown budget key, both exit 2 (TEST-1604)...
PASS: combined forms and an unknown budget key both exit 2 (TEST-1604)
INFO: Test: an empty budget block keeps today's exact message; TEST-1301/TEST-1302 selectors stay green (TEST-1605)...
INFO: Test: a roadmap with no budget block validates exit 0 (TEST-1301)...
PASS: a roadmap without a budget block validates; no pairs still refuses (TEST-1301)
INFO: Test: a PRESENT budget block must still be exactly maintenance_per_capability: 1 (TEST-1302)...
PASS: empty, duplicate and non-1 budget blocks still exit 2; shipped summary unchanged (TEST-1302)
PASS: empty budget block message unchanged; TEST-1301/TEST-1302 still pass (TEST-1605)
INFO: Test: gate on an advisory roadmap equals gate on the same roadmap without a budget, byte for byte, over a 7-case ref matrix (TEST-1606)...
PASS: gate on advisory equals gate on off byte for byte over the ref matrix; on-budget control still refuses out-of-order (TEST-1606)
INFO: Test: waiting maintenance AT the threshold fires reason threshold (TEST-1607)...
PASS: waiting maintenance at the threshold fires reason threshold (TEST-1607)
INFO: Test: waiting maintenance one below the threshold prints exactly the off answer, json and text, no stderr (TEST-1608)...
PASS: waiting maintenance one below the threshold equals the off answer, json and text, no stderr (TEST-1608)
INFO: Test: open P3 follow-ups never count toward waiting maintenance (TEST-1609)...
PASS: open P3 follow-ups never count toward waiting maintenance (TEST-1609)
INFO: Test: closed/dropped P1/P2 follow-ups never count; reopening one makes it fire (TEST-1610)...
PASS: closed/dropped follow-ups never count; reopening one restores the count (TEST-1610)
INFO: Test: terminal-status issue/techdebt intakes never count; an implementing one does (TEST-1611)...
PASS: terminal-status intakes never count; a non-terminal one makes the threshold fire (TEST-1611)
INFO: Test: draft change-type intakes never count toward waiting maintenance (TEST-1612)...
PASS: draft change-type intakes never count toward waiting maintenance (TEST-1612)
INFO: Test: an open P1/P2 follow-up referencing the most recently closed capability fires reason related (TEST-1613)...
PASS: a related open follow-up fires reason related with capability and source (TEST-1613)
INFO: Test: every related negation prints exactly the off answer (threshold not reached) (TEST-1614)...
PASS: every related negation (none, P3-only, closed, older-capability) equals the off answer (TEST-1614)
INFO: Test: when both triggers fire the reason is related (TEST-1615)...
PASS: when both triggers fire the reason is related, with only related candidates (TEST-1615)
INFO: Test: the capability with the LATEST work_item_closed ts wins, not the earliest (TEST-1616)...
PASS: the capability with the latest work_item_closed ts wins (TEST-1616)
INFO: Test: a timestamp tie goes to the pair listed later in the roadmap (TEST-1617)...
PASS: a timestamp tie resolves to the pair listed later in the roadmap (TEST-1617)
INFO: Test: with no matching event, C falls back to the last done pair in roadmap order (TEST-1618)...
PASS: with no matching event C falls back to the last done pair in roadmap order (TEST-1618)
INFO: Test: an EVENTS close record wins over an undone-by-event-but-done pair earlier in the roadmap (TEST-1619)...
PASS: an EVENTS close record wins over a later-in-roadmap done pair with no event (TEST-1619)
INFO: Test: with no done pair and no EVENTS, related cannot fire even when a follow-up references the planned last capability (TEST-1620)...
PASS: with no done pair and no EVENTS, related cannot fire; equals off (TEST-1620)
INFO: Test: the proposal carries D6's exact key order and alternative deep-equals the off next --json for all three alternative kinds (TEST-1621)...
PASS: proposal keys match D6 order and alternative equals off for all three kinds (TEST-1621)
INFO: Test: advisory next never prints action bind, firing or not; the on variant of the same fixture does (positive control) (TEST-1622)...
PASS: advisory never prints action bind, firing or not; the on variant does (TEST-1622)
INFO: Test: candidates rank P1 before P2 (fold order within each), then intakes by id, cap 5 (TEST-1623)...
PASS: candidates rank P1 before P2 and intakes by id, capped at 5 (TEST-1623)
INFO: Test: candidates are capped at 5 even when more items are waiting (TEST-1624)...
PASS: candidates are capped at exactly 5 regardless of how many are waiting (TEST-1624)
INFO: Test: next without --json on a firing fixture prints exactly D6's three lines (TEST-1625)...
PASS: the text form prints exactly D6's three lines, the third ending with the off answer (TEST-1625)
INFO: Test: an unreadable --ledger degrades next to the off answer with a stderr note; an absent ledger still counts intakes (TEST-1626)...
PASS: an unreadable ledger degrades to the off answer; an absent one still counts intakes (TEST-1626)
INFO: Test: on/off next ignores --ledger/--events entirely, even when they point at directories (TEST-1627)...
PASS: on/off next ignores --ledger/--events entirely (TEST-1627)
INFO: Test: waiting --json reports D8's counts and recommended_threshold = max(5, W+5), read-only, with no roadmap present (TEST-1628)...
PASS: waiting reports D8's counts, recommended_threshold, and never writes (TEST-1628)
INFO: Test: waiting exits 2 naming an unreadable ledger; an absent ledger exits 0 counting intakes only (TEST-1629)...
PASS: waiting exits 2 on an unreadable ledger; an absent ledger counts intakes only (TEST-1629)
INFO: Test: show prints the advisory line and json carries the advisory key; on/off show stays unchanged (TEST-1630)...
INFO: Test: show prints the posture, the next item, no roadmap when absent, json keys, exit 2 when invalid (TEST-1309)...
PASS: show reports posture, next, no roadmap, json keys and exit 2 (TEST-1309)
PASS: show prints the advisory posture line and json key; TEST-1309 still passes (TEST-1630)
INFO: Test: an issue doc with no frontmatter id still counts and gets a derived candidate id, never an empty one (TEST-1645)...
PASS: an id-less issue doc counts and gets a derived candidate id (TEST-1645)
INFO: Test: a malformed decision-ledger line degrades waiting with a stderr line and a json degraded entry; the count stays exactly the valid follow-ups (TEST-1646)...
PASS: a malformed ledger line degrades waiting with a stderr line and a json degraded entry (TEST-1646)
INFO: Test: an unreadable intake entry (a directory named *.md, a chmod 000 file) degrades waiting with path+code stderr lines and json entries; only the readable intake counts (TEST-1647)...
PASS: unreadable intake entries degrade waiting with path+code stderr lines and json entries (TEST-1647)
INFO: Test: a malformed JSON line and an invalid work_item_closed record in --events degrade next with stderr lines and a json degraded entry, the roadmap_order fallback staying correct (TEST-1648)...
PASS: malformed/invalid EVENTS close records degrade next with stderr and json entries, fallback stays correct (TEST-1648)
INFO: Test: clean ledger/docs/events report degraded: [] with no stderr, on both waiting and a firing next proposal (TEST-1649)...
PASS: a clean ledger/docs/events report degraded: [] with no stderr (TEST-1649)
INFO: Test: a NON-firing advisory next (threshold held above the visible W by an excluded input) still discloses the exclusion on stderr, while stdout equals the off answer byte-for-byte (TEST-1650, B-1)...
PASS: a non-firing advisory next discloses the excluded input on stderr while stdout stays byte-identical to off (TEST-1650)
INFO: Test: a control character (newline) embedded in a degraded path stays on exactly ONE physical stderr line, with no forged second 'ride-select: degraded:' line; the json degraded array keeps the raw, unescaped reason (TEST-1651, NB-1)...
PASS: a control character in a degraded path stays on one stderr line, forging nothing; the json form is unchanged (TEST-1651)
INFO: Test: an unreadable <docs>/issues DIRECTORY (as opposed to one unreadable entry inside it) degrades waiting with a stderr line and a json degraded entry (TEST-1652, NB-2)...
PASS: an unreadable issues directory degrades waiting with a stderr line and a json degraded entry (TEST-1652)
INFO: Test: an unreadable --events FILE (as opposed to a malformed/invalid record inside it) degrades a firing next with a stderr line and a json degraded entry, the roadmap_order fallback staying correct (TEST-1653, NB-2)...
PASS: an unreadable --events file degrades a firing next with a stderr line and a json degraded entry, fallback stays correct (TEST-1653)
=== test-aai-ride-select: ALL TESTS PASSED ===
