AAI-ISOLATION: isolated - this suite run has its own disposable checkout; the shipping repository is not its working tree.
AAI-SEEDING: seeded - every seeding step completed; the disposable checkout carries your working tree.
=== aai-learned-append ===
INFO: Checking dependencies...
PASS: Dependencies checked
INFO: Test: pure append with no --section lands the exact stamped bullet at EOF (TEST-001)...
PASS: Pure append, no --section: exact stamped bullet at EOF, exit 0 (TEST-001)
INFO: Test: --section naming the file's current LAST heading behaves like no --section (TEST-002)...
PASS: --section matching the last heading == plain append (TEST-002)
INFO: Test: --section naming a brand-new heading creates it + the bullet at EOF (TEST-003)...
PASS: --section naming a brand-new heading: created at EOF, exit 0 (TEST-003)
INFO: Test: --full mode rewrite (existing byte changed) rejected, tree byte-identical (TEST-004)...
PASS: --full rewrite rejected, tree byte-identical (TEST-004)
INFO: Test: --full mode reorder (two existing blocks swapped) rejected, tree byte-identical (TEST-005)...
PASS: --full reorder rejected, tree byte-identical (TEST-005)
INFO: Test: --section naming an existing NON-last heading (mid-insert) rejected, tree byte-identical (TEST-006)...
PASS: Mid-insert via a non-last --section rejected, tree byte-identical (TEST-006)
INFO: Test: --full mode deletion (existing line removed) rejected, tree byte-identical (TEST-007)...
PASS: --full deletion rejected, tree byte-identical (TEST-007)
INFO: Test: --dry-run on an accept-shaped input prints the would-be append and writes nothing (TEST-008)...
PASS: --dry-run accept-shaped: prints the would-be append, writes nothing (TEST-008)
INFO: Test: --dry-run on a reject-shaped input still exits 1 (dry-run never bypasses the gate) (TEST-009)...
PASS: --dry-run does not bypass the structural gate on a reject-shaped input (TEST-009)
INFO: Test: usage errors (missing --source, --text + --file conflict, missing --target) exit 2, nothing written (TEST-010)...
PASS: Usage errors exit 2, nothing written (TEST-010)
INFO: Test: two sequential real appends each succeed; the second builds on the first (TEST-011)...
PASS: Two sequential real appends both persist, in order (TEST-011)
INFO: Test: --full candidate identical to the current file is a zero-byte no-op, exit 0 (TEST-012)...
PASS: Identical --full candidate: zero-byte no-op, exit 0 (TEST-012)
INFO: Test: SKILL_WRAP_UP step 3 routes proposals through critic-then-gate; step 6 cross-references it (TEST-013)...
PASS: SKILL_WRAP_UP step 3 critic-then-gate wired; step 6 cross-references it (TEST-013)
INFO: Test: FRICTION_PROTOCOL.md carries a one-line pointer to the gate (TEST-014)...
PASS: FRICTION_PROTOCOL.md carries the one-line gate pointer, seam heading intact (TEST-014)
INFO: Test: PROFILES.yaml classifies learned-append.mjs under core; real layer-profiles suite green (TEST-015)...
PASS: learned-append.mjs classified under core; layer-profiles suite green (TEST-015)
INFO: Test: real test-aai-prompt-diet.sh stays green (ledger true-up proven against the live corpus) (TEST-016)...
PASS: Prompt-diet ledger trued up: real suite green (TEST-016)
INFO: Test: companion friction-wiring + hygiene-pack suites stay green (TEST-017)...
PASS: Companion suites (friction-wiring, hygiene-pack) stay green (TEST-017)
INFO: Test: an appended rule emits the house bullet -- wrapped at <= 76 chars, a two-space continuation indent, and a capitalised (Source: ... ) (TEST-665)...
PASS: House-style bullet: wrapped <= 76 chars, two-space continuation, capitalised (Source: ..., pure append intact (TEST-665)
=== aai-learned-append: ALL TESTS PASSED ===
