{"observed_at_utc":"2026-10-07T22:44:58.131Z","scenario":"ordinary","configured_push":["https://github.com/Org/Repo.git"],"raw_fetch":"https://github.com/Org/Repo.git\n","raw_push":"https://github.com/Org/Repo.git\n","expected_exit":0,"observed_exit":0,"result":{"schema_version":1,"platform":"github","repository":{"host":"github.com","repository":"Org/Repo"},"remote_name":"origin","source_branch":"change/pr-capability-preflight","target_branch":"main","head_sha":"8df3a9195be396588aa79ebc28515a126da7284f","outcome":"read_verified","code":"READ_VERIFIED","operation":"github.readiness","remedy":"Repository read access verified at invocation time; future PR create permission remains unknown.","create_permission":"unknown"},"provider_calls":"[\"--version\"]\n[\"auth\",\"status\",\"--hostname\",\"github.com\"]\n[\"repo\",\"view\",\"Org/Repo\",\"--json\",\"nameWithOwner,url\"]\n","no_push_executed":true}
{"observed_at_utc":"2026-10-07T22:44:58.347Z","scenario":"divergent","configured_push":["https://github.com/Other/Repo.git"],"raw_fetch":"https://github.com/Org/Repo.git\n","raw_push":"https://github.com/Other/Repo.git\n","expected_exit":2,"observed_exit":0,"result":{"schema_version":1,"platform":"github","repository":{"host":"github.com","repository":"Org/Repo"},"remote_name":"origin","source_branch":"change/pr-capability-preflight","target_branch":"main","head_sha":"8df3a9195be396588aa79ebc28515a126da7284f","outcome":"read_verified","code":"READ_VERIFIED","operation":"github.readiness","remedy":"Repository read access verified at invocation time; future PR create permission remains unknown.","create_permission":"unknown"},"provider_calls":"[\"--version\"]\n[\"auth\",\"status\",\"--hostname\",\"github.com\"]\n[\"repo\",\"view\",\"Org/Repo\",\"--json\",\"nameWithOwner,url\"]\n","no_push_executed":true}
{"observed_at_utc":"2026-10-07T22:44:58.601Z","scenario":"duplicate","configured_push":["https://github.com/Org/Repo.git","https://github.com/Org/Repo.git"],"raw_fetch":"https://github.com/Org/Repo.git\n","raw_push":"https://github.com/Org/Repo.git\nhttps://github.com/Org/Repo.git\n","expected_exit":2,"observed_exit":0,"result":{"schema_version":1,"platform":"github","repository":{"host":"github.com","repository":"Org/Repo"},"remote_name":"origin","source_branch":"change/pr-capability-preflight","target_branch":"main","head_sha":"8df3a9195be396588aa79ebc28515a126da7284f","outcome":"read_verified","code":"READ_VERIFIED","operation":"github.readiness","remedy":"Repository read access verified at invocation time; future PR create permission remains unknown.","create_permission":"unknown"},"provider_calls":"[\"--version\"]\n[\"auth\",\"status\",\"--hostname\",\"github.com\"]\n[\"repo\",\"view\",\"Org/Repo\",\"--json\",\"nameWithOwner,url\"]\n","no_push_executed":true}
{"observed_at_utc":"2026-10-07T22:44:58.813Z","scenario":"leading-space","configured_push":[" https://github.com/Org/Repo.git"],"raw_fetch":"https://github.com/Org/Repo.git\n","raw_push":" https://github.com/Org/Repo.git\n","expected_exit":2,"observed_exit":0,"result":{"schema_version":1,"platform":"github","repository":{"host":"github.com","repository":"Org/Repo"},"remote_name":"origin","source_branch":"change/pr-capability-preflight","target_branch":"main","head_sha":"8df3a9195be396588aa79ebc28515a126da7284f","outcome":"read_verified","code":"READ_VERIFIED","operation":"github.readiness","remedy":"Repository read access verified at invocation time; future PR create permission remains unknown.","create_permission":"unknown"},"provider_calls":"[\"--version\"]\n[\"auth\",\"status\",\"--hostname\",\"github.com\"]\n[\"repo\",\"view\",\"Org/Repo\",\"--json\",\"nameWithOwner,url\"]\n","no_push_executed":true}
{"observed_at_utc":"2026-10-07T22:44:59.052Z","scenario":"trailing-space","configured_push":["https://github.com/Org/Repo.git "],"raw_fetch":"https://github.com/Org/Repo.git\n","raw_push":"https://github.com/Org/Repo.git \n","expected_exit":2,"observed_exit":0,"result":{"schema_version":1,"platform":"github","repository":{"host":"github.com","repository":"Org/Repo"},"remote_name":"origin","source_branch":"change/pr-capability-preflight","target_branch":"main","head_sha":"8df3a9195be396588aa79ebc28515a126da7284f","outcome":"read_verified","code":"READ_VERIFIED","operation":"github.readiness","remedy":"Repository read access verified at invocation time; future PR create permission remains unknown.","create_permission":"unknown"},"provider_calls":"[\"--version\"]\n[\"auth\",\"status\",\"--hostname\",\"github.com\"]\n[\"repo\",\"view\",\"Org/Repo\",\"--json\",\"nameWithOwner,url\"]\n","no_push_executed":true}
{"observed_at_utc":"2026-10-07T22:44:59.258Z","scenario":"empty-last","configured_push":["https://github.com/Org/Repo.git",""],"raw_fetch":"https://github.com/Org/Repo.git\n","raw_push":"https://github.com/Org/Repo.git\n","expected_exit":0,"observed_exit":0,"result":{"schema_version":1,"platform":"github","repository":{"host":"github.com","repository":"Org/Repo"},"remote_name":"origin","source_branch":"change/pr-capability-preflight","target_branch":"main","head_sha":"8df3a9195be396588aa79ebc28515a126da7284f","outcome":"read_verified","code":"READ_VERIFIED","operation":"github.readiness","remedy":"Repository read access verified at invocation time; future PR create permission remains unknown.","create_permission":"unknown"},"provider_calls":"[\"--version\"]\n[\"auth\",\"status\",\"--hostname\",\"github.com\"]\n[\"repo\",\"view\",\"Org/Repo\",\"--json\",\"nameWithOwner,url\"]\n","no_push_executed":true}
{"observed_at_utc":"2026-10-07T22:44:59.504Z","scenario":"empty-first","configured_push":["","https://github.com/Org/Repo.git"],"raw_fetch":"https://github.com/Org/Repo.git\n","raw_push":"https://github.com/Org/Repo.git\n","expected_exit":0,"observed_exit":0,"result":{"schema_version":1,"platform":"github","repository":{"host":"github.com","repository":"Org/Repo"},"remote_name":"origin","source_branch":"change/pr-capability-preflight","target_branch":"main","head_sha":"8df3a9195be396588aa79ebc28515a126da7284f","outcome":"read_verified","code":"READ_VERIFIED","operation":"github.readiness","remedy":"Repository read access verified at invocation time; future PR create permission remains unknown.","create_permission":"unknown"},"provider_calls":"[\"--version\"]\n[\"auth\",\"status\",\"--hostname\",\"github.com\"]\n[\"repo\",\"view\",\"Org/Repo\",\"--json\",\"nameWithOwner,url\"]\n","no_push_executed":true}
DESTINATION_EDGE_ESCAPES=4
node:internal/assert/utils:146
  throw error;
  ^

AssertionError [ERR_ASSERTION]: effective push destination refusal expected before provider calls

4 !== 0

    at Object.<anonymous> (/private/tmp/aai-pr434-remediation-scratch/final-pushurl-609-red.cjs:21:100)
    at Module._compile (node:internal/modules/cjs/loader:1934:14)
    at Object..js (node:internal/modules/cjs/loader:2074:10)
    at Module.load (node:internal/modules/cjs/loader:1656:32)
    at Module._load (node:internal/modules/cjs/loader:1448:12)
    at wrapModuleLoad (node:internal/modules/cjs/loader:261:19)
    at Module.executeUserEntryPoint [as runMain] (node:internal/modules/run_main:154:5)
    at node:internal/main/run_main_module:33:47 {
  generatedMessage: false,
  code: 'ERR_ASSERTION',
  actual: 4,
  expected: 0,
  operator: 'strictEqual',
  diff: 'simple'
}

Node.js v26.8.2
