RED_CLASS: product_red
{"observed_at_utc":"2026-10-07T22:49:42.559Z","scenario":"ordinary","configured_push":["https://github.com/Org/Repo.git"],"raw_fetch":"https://github.com/Org/Repo.git\n","raw_push":"https://github.com/Org/Repo.git\n","expected_exit":0,"observed_exit":0,"result":{"schema_version":1,"platform":"github","repository":{"host":"github.com","repository":"Org/Repo"},"remote_name":"origin","source_branch":"change/pr-capability-preflight","target_branch":"main","head_sha":"aaf778409e6e562f6f50af64410a4f060ef97392","outcome":"read_verified","code":"READ_VERIFIED","operation":"github.readiness","remedy":"Repository read access verified at invocation time; future PR create permission remains unknown.","create_permission":"unknown"},"provider_calls":"[\"--version\"]\n[\"auth\",\"status\",\"--hostname\",\"github.com\"]\n[\"repo\",\"view\",\"Org/Repo\",\"--json\",\"nameWithOwner,url\"]\n","no_push_executed":true}
{"observed_at_utc":"2026-10-07T22:49:42.665Z","scenario":"divergent","configured_push":["https://github.com/Other/Repo.git"],"raw_fetch":"https://github.com/Org/Repo.git\n","raw_push":"https://github.com/Other/Repo.git\n","expected_exit":2,"observed_exit":2,"result":{"schema_version":1,"platform":null,"repository":null,"remote_name":null,"source_branch":null,"target_branch":null,"head_sha":null,"outcome":"refused","code":"IDENTITY_INVALID","operation":"git.push-destination","remedy":"Supply schema v1 with the actual checkout, selected remote, current source branch and a distinct explicit target; bind provider identity to a single matching fetch and push destination. Divergent or multiple destinations require explicit configuration repair.","create_permission":"unknown"},"provider_calls":"","no_push_executed":true}
{"observed_at_utc":"2026-10-07T22:49:42.774Z","scenario":"duplicate","configured_push":["https://github.com/Org/Repo.git","https://github.com/Org/Repo.git"],"raw_fetch":"https://github.com/Org/Repo.git\n","raw_push":"https://github.com/Org/Repo.git\nhttps://github.com/Org/Repo.git\n","expected_exit":2,"observed_exit":2,"result":{"schema_version":1,"platform":null,"repository":null,"remote_name":null,"source_branch":null,"target_branch":null,"head_sha":null,"outcome":"refused","code":"IDENTITY_INVALID","operation":"git.push-destination","remedy":"Supply schema v1 with the actual checkout, selected remote, current source branch and a distinct explicit target; bind provider identity to a single matching fetch and push destination. Divergent or multiple destinations require explicit configuration repair.","create_permission":"unknown"},"provider_calls":"","no_push_executed":true}
{"observed_at_utc":"2026-10-07T22:49:42.901Z","scenario":"leading-space","configured_push":[" https://github.com/Org/Repo.git"],"raw_fetch":"https://github.com/Org/Repo.git\n","raw_push":" https://github.com/Org/Repo.git\n","expected_exit":2,"observed_exit":2,"result":{"schema_version":1,"platform":null,"repository":null,"remote_name":null,"source_branch":null,"target_branch":null,"head_sha":null,"outcome":"refused","code":"IDENTITY_INVALID","operation":"git.push-destination","remedy":"Supply schema v1 with the actual checkout, selected remote, current source branch and a distinct explicit target; bind provider identity to a single matching fetch and push destination. Divergent or multiple destinations require explicit configuration repair.","create_permission":"unknown"},"provider_calls":"","no_push_executed":true}
{"observed_at_utc":"2026-10-07T22:49:43.025Z","scenario":"trailing-space","configured_push":["https://github.com/Org/Repo.git "],"raw_fetch":"https://github.com/Org/Repo.git\n","raw_push":"https://github.com/Org/Repo.git \n","expected_exit":2,"observed_exit":2,"result":{"schema_version":1,"platform":null,"repository":null,"remote_name":null,"source_branch":null,"target_branch":null,"head_sha":null,"outcome":"refused","code":"IDENTITY_INVALID","operation":"git.push-destination","remedy":"Supply schema v1 with the actual checkout, selected remote, current source branch and a distinct explicit target; bind provider identity to a single matching fetch and push destination. Divergent or multiple destinations require explicit configuration repair.","create_permission":"unknown"},"provider_calls":"","no_push_executed":true}
{"observed_at_utc":"2026-10-07T22:49:43.236Z","scenario":"trailing-CR","configured_push":["https://github.com/Org/Repo.git\r"],"raw_fetch":"https://github.com/Org/Repo.git\n","raw_push":"https://github.com/Org/Repo.git\r\n","expected_exit":2,"observed_exit":0,"result":{"schema_version":1,"platform":"github","repository":{"host":"github.com","repository":"Org/Repo"},"remote_name":"origin","source_branch":"change/pr-capability-preflight","target_branch":"main","head_sha":"aaf778409e6e562f6f50af64410a4f060ef97392","outcome":"read_verified","code":"READ_VERIFIED","operation":"github.readiness","remedy":"Repository read access verified at invocation time; future PR create permission remains unknown.","create_permission":"unknown"},"provider_calls":"[\"--version\"]\n[\"auth\",\"status\",\"--hostname\",\"github.com\"]\n[\"repo\",\"view\",\"Org/Repo\",\"--json\",\"nameWithOwner,url\"]\n","no_push_executed":true}
{"observed_at_utc":"2026-10-07T22:49:43.359Z","scenario":"leading-CR","configured_push":["\rhttps://github.com/Org/Repo.git"],"raw_fetch":"https://github.com/Org/Repo.git\n","raw_push":"\rhttps://github.com/Org/Repo.git\n","expected_exit":2,"observed_exit":2,"result":{"schema_version":1,"platform":null,"repository":null,"remote_name":null,"source_branch":null,"target_branch":null,"head_sha":null,"outcome":"refused","code":"IDENTITY_INVALID","operation":"git.push-destination","remedy":"Supply schema v1 with the actual checkout, selected remote, current source branch and a distinct explicit target; bind provider identity to a single matching fetch and push destination. Divergent or multiple destinations require explicit configuration repair.","create_permission":"unknown"},"provider_calls":"","no_push_executed":true}
DESTINATION_EDGE_ESCAPES=1
node:internal/assert/utils:146
  throw error;
  ^

AssertionError [ERR_ASSERTION]: CR URL bytes must be refused without losing a URL carriage return

1 !== 0

    at Object.<anonymous> (/private/tmp/aai-pr434-remediation-scratch/final-CR-probe.cjs:21:100)
    at Module._compile (node:internal/modules/cjs/loader:1934:14)
    at Object..js (node:internal/modules/cjs/loader:2074:10)
    at Module.load (node:internal/modules/cjs/loader:1656:32)
    at Module._load (node:internal/modules/cjs/loader:1448:12)
    at wrapModuleLoad (node:internal/modules/cjs/loader:261:19)
    at Module.executeUserEntryPoint [as runMain] (node:internal/modules/run_main:154:5)
    at node:internal/main/run_main_module:33:47 {
  generatedMessage: false,
  code: 'ERR_ASSERTION',
  actual: 1,
  expected: 0,
  operator: 'strictEqual',
  diff: 'simple'
}

Node.js v26.8.2
