2026-10-08T02:34:39.4941700Z Current runner version: '2.337.0'
2026-10-08T02:34:39.4965972Z ##[group]Runner Image Provisioner
2026-10-08T02:34:39.4966846Z Hosted Compute Agent
2026-10-08T02:34:39.4967550Z Version: 20261002.596
2026-10-08T02:34:39.4968184Z Commit: c3d12f3313a95f25162a1503be624f3b0617f8c0
2026-10-08T02:34:39.4968982Z Build Date: 2026-10-02T22:28:27Z
2026-10-08T02:34:39.4969687Z Worker ID: {a775ae67-76d0-4368-b5ce-edad54549884}
2026-10-08T02:34:39.4970390Z Region: westus2
2026-10-08T02:34:39.4970987Z Cloud: Azure
2026-10-08T02:34:39.4971513Z ##[endgroup]
2026-10-08T02:34:39.4972858Z ##[group]Operating System
2026-10-08T02:34:39.4973648Z Ubuntu
2026-10-08T02:34:39.4974158Z 24.04.5
2026-10-08T02:34:39.4974956Z LTS
2026-10-08T02:34:39.4975490Z ##[endgroup]
2026-10-08T02:34:39.4976056Z ##[group]Runner Image
2026-10-08T02:34:39.4976713Z Image: ubuntu-24.04
2026-10-08T02:34:39.4977269Z Version: 20261004.327.1
2026-10-08T02:34:39.4978557Z Included Software: https://github.com/actions/runner-images/blob/ubuntu24/20261004.327/images/ubuntu/Ubuntu2404-Readme.md
2026-10-08T02:34:39.4980125Z Image Release: https://github.com/actions/runner-images/releases/tag/ubuntu24%2F20261004.327
2026-10-08T02:34:39.4981160Z ##[endgroup]
2026-10-08T02:34:39.4982256Z ##[group]GITHUB_TOKEN Permissions
2026-10-08T02:34:39.4984157Z Contents: read
2026-10-08T02:34:39.4984994Z Metadata: read
2026-10-08T02:34:39.4985700Z ##[endgroup]
2026-10-08T02:34:39.4987715Z Secret source: Actions
2026-10-08T02:34:39.4988730Z Cache mode: write
2026-10-08T02:34:39.4989418Z Prepare workflow directory
2026-10-08T02:34:39.5385665Z Prepare all required actions
2026-10-08T02:34:39.5433685Z Getting action download info
2026-10-08T02:34:39.8596813Z Download action repository 'actions/checkout@v4' (SHA:11d5960a326750d5838078e36cf38b85af677262)
2026-10-08T02:34:39.9638950Z Download action repository 'actions/setup-node@v4' (SHA:49933ea5288caeca8642d1e84afbd3f7d6820020)
2026-10-08T02:34:40.1483337Z Complete job name: skill test suite (full framework, via test-framework.sh) (3)
2026-10-08T02:34:40.2420187Z ##[group]Run actions/checkout@v4
2026-10-08T02:34:40.2421068Z with:
2026-10-08T02:34:40.2421499Z   fetch-depth: 0
2026-10-08T02:34:40.2421961Z   repository: goodwind-cz/aai
2026-10-08T02:34:40.2425915Z   token: ***
2026-10-08T02:34:40.2426363Z   ssh-strict: true
2026-10-08T02:34:40.2426808Z   ssh-user: git
2026-10-08T02:34:40.2427264Z   persist-credentials: true
2026-10-08T02:34:40.2427762Z   clean: true
2026-10-08T02:34:40.2428223Z   sparse-checkout-cone-mode: true
2026-10-08T02:34:40.2428749Z   fetch-tags: false
2026-10-08T02:34:40.2429191Z   show-progress: true
2026-10-08T02:34:40.2429641Z   lfs: false
2026-10-08T02:34:40.2430061Z   submodules: false
2026-10-08T02:34:40.2430531Z   set-safe-directory: true
2026-10-08T02:34:40.2431051Z   allow-unsafe-pr-checkout: false
2026-10-08T02:34:40.2431821Z env:
2026-10-08T02:34:40.2432237Z   AAI_TEST_PARALLEL: 4
2026-10-08T02:34:40.2432691Z ##[endgroup]
2026-10-08T02:34:40.3467039Z Syncing repository: goodwind-cz/aai
2026-10-08T02:34:40.3469694Z ##[group]Getting Git version info
2026-10-08T02:34:40.3470827Z Working directory is '/home/runner/work/aai/aai'
2026-10-08T02:34:40.3472393Z [command]/usr/bin/git version
2026-10-08T02:34:40.3548487Z git version 2.55.0
2026-10-08T02:34:40.3578581Z ##[endgroup]
2026-10-08T02:34:40.3592615Z Temporarily overriding HOME='/home/runner/work/_temp/045c5ddd-586e-4e14-972b-14bf181a5b5c' before making global git config changes
2026-10-08T02:34:40.3600055Z Adding repository directory to the temporary git global config as a safe directory
2026-10-08T02:34:40.3601861Z [command]/usr/bin/git config --global --add safe.directory /home/runner/work/aai/aai
2026-10-08T02:34:40.3645987Z Deleting the contents of '/home/runner/work/aai/aai'
2026-10-08T02:34:40.3651535Z ##[group]Initializing the repository
2026-10-08T02:34:40.3652772Z [command]/usr/bin/git init /home/runner/work/aai/aai
2026-10-08T02:34:40.3760802Z hint: Using 'master' as the name for the initial branch. This default branch name
2026-10-08T02:34:40.3762912Z hint: will change to "main" in Git 3.0. To configure the initial branch name
2026-10-08T02:34:40.3764289Z hint: to use in all of your new repositories, which will suppress this warning,
2026-10-08T02:34:40.3765525Z hint: call:
2026-10-08T02:34:40.3765958Z hint:
2026-10-08T02:34:40.3766500Z hint: 	git config --global init.defaultBranch <name>
2026-10-08T02:34:40.3767154Z hint:
2026-10-08T02:34:40.3767763Z hint: Names commonly chosen instead of 'master' are 'main', 'trunk' and
2026-10-08T02:34:40.3768762Z hint: 'development'. The just-created branch can be renamed via this command:
2026-10-08T02:34:40.3769557Z hint:
2026-10-08T02:34:40.3770019Z hint: 	git branch -m <name>
2026-10-08T02:34:40.3770515Z hint:
2026-10-08T02:34:40.3771181Z hint: Disable this message with "git config set advice.defaultBranchName false"
2026-10-08T02:34:40.3777148Z Initialized empty Git repository in /home/runner/work/aai/aai/.git/
2026-10-08T02:34:40.3788240Z [command]/usr/bin/git remote add origin https://github.com/goodwind-cz/aai
2026-10-08T02:34:40.3835653Z ##[endgroup]
2026-10-08T02:34:40.3836985Z ##[group]Disabling automatic garbage collection
2026-10-08T02:34:40.3840603Z [command]/usr/bin/git config --local gc.auto 0
2026-10-08T02:34:40.3873456Z ##[endgroup]
2026-10-08T02:34:40.3875083Z ##[group]Setting up auth
2026-10-08T02:34:40.3882887Z [command]/usr/bin/git config --local --name-only --get-regexp core\.sshCommand
2026-10-08T02:34:40.3922874Z [command]/usr/bin/git submodule foreach --recursive sh -c "git config --local --name-only --get-regexp 'core\.sshCommand' && git config --local --unset-all 'core.sshCommand' || :"
2026-10-08T02:34:40.4300008Z [command]/usr/bin/git config --local --name-only --get-regexp http\.https\:\/\/github\.com\/\.extraheader
2026-10-08T02:34:40.4358761Z [command]/usr/bin/git submodule foreach --recursive sh -c "git config --local --name-only --get-regexp 'http\.https\:\/\/github\.com\/\.extraheader' && git config --local --unset-all 'http.https://github.com/.extraheader' || :"
2026-10-08T02:34:40.4580631Z [command]/usr/bin/git config --local --name-only --get-regexp ^includeIf\.gitdir:
2026-10-08T02:34:40.4620283Z [command]/usr/bin/git submodule foreach --recursive git config --local --show-origin --name-only --get-regexp remote.origin.url
2026-10-08T02:34:40.4863350Z [command]/usr/bin/git config --local http.https://github.com/.extraheader AUTHORIZATION: basic ***
2026-10-08T02:34:40.4902886Z ##[endgroup]
2026-10-08T02:34:40.4904074Z ##[group]Fetching the repository
2026-10-08T02:34:40.4913932Z [command]/usr/bin/git -c protocol.version=2 fetch --prune --no-recurse-submodules origin +refs/heads/*:refs/remotes/origin/* +refs/tags/*:refs/tags/* +ccd66fcdd0d5cd8689cdaed1b61cfd4365166e5d:refs/remotes/pull/434/merge
2026-10-08T02:34:42.8990325Z From https://github.com/goodwind-cz/aai
2026-10-08T02:34:42.8993570Z  * [new branch]        change/amendment-signature-asks-the-owner-too-often -> origin/change/amendment-signature-asks-the-owner-too-often
2026-10-08T02:34:42.8997773Z  * [new branch]        change/downstream-rides-ask-no-governance-questions -> origin/change/downstream-rides-ask-no-governance-questions
2026-10-08T02:34:42.9000887Z  * [new branch]        change/original-request-outcome-backcheck -> origin/change/original-request-outcome-backcheck
2026-10-08T02:34:42.9004028Z  * [new branch]        change/pr-capability-preflight           -> origin/change/pr-capability-preflight
2026-10-08T02:34:42.9007715Z  * [new branch]        change/roadmap-serves-downstream-projects -> origin/change/roadmap-serves-downstream-projects
2026-10-08T02:34:42.9013138Z  * [new branch]        chore/close-userguide-catalog-item       -> origin/chore/close-userguide-catalog-item
2026-10-08T02:34:42.9018220Z  * [new branch]        chore/intake-routing-tables-owner-and-seam -> origin/chore/intake-routing-tables-owner-and-seam
2026-10-08T02:34:42.9021482Z  * [new branch]        chore/release-v2026.09.25                -> origin/chore/release-v2026.09.25
2026-10-08T02:34:42.9024124Z  * [new branch]        chore/release-v2026.09.28                -> origin/chore/release-v2026.09.28
2026-10-08T02:34:42.9028671Z  * [new branch]        chore/wave-3-intakes                     -> origin/chore/wave-3-intakes
2026-10-08T02:34:42.9032687Z  * [new branch]        cursor/feedback-triage-missing-output-dir-a7ce -> origin/cursor/feedback-triage-missing-output-dir-a7ce
2026-10-08T02:34:42.9036573Z  * [new branch]        cursor/gpt-6-pricing-family-67e6         -> origin/cursor/gpt-6-pricing-family-67e6
2026-10-08T02:34:42.9040258Z  * [new branch]        cursor/mutation-clone-fidelity-windows-eol-a7ce -> origin/cursor/mutation-clone-fidelity-windows-eol-a7ce
2026-10-08T02:34:42.9044361Z  * [new branch]        cursor/mutation-clone-windows-run-chain-5e0a -> origin/cursor/mutation-clone-windows-run-chain-5e0a
2026-10-08T02:34:42.9048290Z  * [new branch]        cursor/polydao-graph-loop-ideas-fa9c     -> origin/cursor/polydao-graph-loop-ideas-fa9c
2026-10-08T02:34:42.9051894Z  * [new branch]        cursor/pricing-missing-models-and-refresh-94d5 -> origin/cursor/pricing-missing-models-and-refresh-94d5
2026-10-08T02:34:42.9056057Z  * [new branch]        cursor/prompts-invoke-wsl-bash-on-windows-a7ce -> origin/cursor/prompts-invoke-wsl-bash-on-windows-a7ce
2026-10-08T02:34:42.9059946Z  * [new branch]        cursor/strategy-unscoped-from-current-focus-a7ce -> origin/cursor/strategy-unscoped-from-current-focus-a7ce
2026-10-08T02:34:42.9062979Z  * [new branch]        exp-0113-phase1                          -> origin/exp-0113-phase1
2026-10-08T02:34:42.9065813Z  * [new branch]        feat/antigravity-cli-skill-paths         -> origin/feat/antigravity-cli-skill-paths
2026-10-08T02:34:42.9069595Z  * [new branch]        feat/canon-is-a-build-artifact           -> origin/feat/canon-is-a-build-artifact
2026-10-08T02:34:42.9073706Z  * [new branch]        feat/cheap-model-in-practice             -> origin/feat/cheap-model-in-practice
2026-10-08T02:34:42.9076909Z  * [new branch]        feat/dev-progress-hub                    -> origin/feat/dev-progress-hub
2026-10-08T02:34:42.9080203Z  * [new branch]        feat/feedback-upsert-review              -> origin/feat/feedback-upsert-review
2026-10-08T02:34:42.9083189Z  * [new branch]        feat/friction-channel-sweep              -> origin/feat/friction-channel-sweep
2026-10-08T02:34:42.9086413Z  * [new branch]        feat/learned-append-gate                 -> origin/feat/learned-append-gate
2026-10-08T02:34:42.9089908Z  * [new branch]        feat/original-request-outcome-backcheck  -> origin/feat/original-request-outcome-backcheck
2026-10-08T02:34:42.9093270Z  * [new branch]        feat/pr-post-open-review-sweep           -> origin/feat/pr-post-open-review-sweep
2026-10-08T02:34:42.9096712Z  * [new branch]        feat/product-docs-enforced               -> origin/feat/product-docs-enforced
2026-10-08T02:34:42.9099834Z  * [new branch]        feat/prompt-hash-telemetry               -> origin/feat/prompt-hash-telemetry
2026-10-08T02:34:42.9103195Z  * [new branch]        feat/roadmap-takes-direction             -> origin/feat/roadmap-takes-direction
2026-10-08T02:34:42.9106871Z  * [new branch]        feat/role-output-contracts               -> origin/feat/role-output-contracts
2026-10-08T02:34:42.9110012Z  * [new branch]        feat/universality-proof                  -> origin/feat/universality-proof
2026-10-08T02:34:42.9112987Z  * [new branch]        feature/remote-orchestration             -> origin/feature/remote-orchestration
2026-10-08T02:34:42.9117011Z  * [new branch]        fix/canonical-provenance-archived-sources -> origin/fix/canonical-provenance-archived-sources
2026-10-08T02:34:42.9120573Z  * [new branch]        fix/closeout-display-id-match            -> origin/fix/closeout-display-id-match
2026-10-08T02:34:42.9123941Z  * [new branch]        fix/feedback-pipeline-discoverability    -> origin/fix/feedback-pipeline-discoverability
2026-10-08T02:34:42.9127727Z  * [new branch]        fix/gate-checks-declared-mutation        -> origin/fix/gate-checks-declared-mutation
2026-10-08T02:34:42.9131226Z  * [new branch]        fix/growth-pins-dont-wall-the-corpus     -> origin/fix/growth-pins-dont-wall-the-corpus
2026-10-08T02:34:42.9135859Z  * [new branch]        fix/worktree-lacks-vendored-aai-layer-downstream-wt -> origin/fix/worktree-lacks-vendored-aai-layer-downstream-wt
2026-10-08T02:34:42.9139218Z  * [new branch]        main                                     -> origin/main
2026-10-08T02:34:42.9141737Z  * [new branch]        research/polydao-verdicts                -> origin/research/polydao-verdicts
2026-10-08T02:34:42.9144230Z  * [new tag]           v2026.07.04                              -> v2026.07.04
2026-10-08T02:34:42.9146344Z  * [new tag]           v2026.07.20                              -> v2026.07.20
2026-10-08T02:34:42.9148311Z  * [new tag]           v2026.07.22                              -> v2026.07.22
2026-10-08T02:34:42.9150267Z  * [new tag]           v2026.07.24                              -> v2026.07.24
2026-10-08T02:34:42.9152241Z  * [new tag]           v2026.07.26                              -> v2026.07.26
2026-10-08T02:34:42.9154246Z  * [new tag]           v2026.07.28                              -> v2026.07.28
2026-10-08T02:34:42.9156336Z  * [new tag]           v2026.07.28.1                            -> v2026.07.28.1
2026-10-08T02:34:42.9158289Z  * [new tag]           v2026.07.29                              -> v2026.07.29
2026-10-08T02:34:42.9160208Z  * [new tag]           v2026.07.30                              -> v2026.07.30
2026-10-08T02:34:42.9162111Z  * [new tag]           v2026.08.01                              -> v2026.08.01
2026-10-08T02:34:42.9164047Z  * [new tag]           v2026.08.02                              -> v2026.08.02
2026-10-08T02:34:42.9166229Z  * [new tag]           v2026.08.03                              -> v2026.08.03
2026-10-08T02:34:42.9168209Z  * [new tag]           v2026.08.03.2                            -> v2026.08.03.2
2026-10-08T02:34:42.9170178Z  * [new tag]           v2026.08.04                              -> v2026.08.04
2026-10-08T02:34:42.9172310Z  * [new tag]           v2026.08.05                              -> v2026.08.05
2026-10-08T02:34:42.9174275Z  * [new tag]           v2026.08.07                              -> v2026.08.07
2026-10-08T02:34:42.9176679Z  * [new tag]           v2026.08.08                              -> v2026.08.08
2026-10-08T02:34:42.9178651Z  * [new tag]           v2026.08.11                              -> v2026.08.11
2026-10-08T02:34:42.9180610Z  * [new tag]           v2026.08.12                              -> v2026.08.12
2026-10-08T02:34:42.9182561Z  * [new tag]           v2026.08.13                              -> v2026.08.13
2026-10-08T02:34:42.9184559Z  * [new tag]           v2026.08.13.2                            -> v2026.08.13.2
2026-10-08T02:34:42.9186913Z  * [new tag]           v2026.08.14                              -> v2026.08.14
2026-10-08T02:34:42.9189491Z  * [new tag]           v2026.08.16                              -> v2026.08.16
2026-10-08T02:34:42.9192104Z  * [new tag]           v2026.08.23                              -> v2026.08.23
2026-10-08T02:34:42.9194257Z  * [new tag]           v2026.08.27                              -> v2026.08.27
2026-10-08T02:34:42.9196367Z  * [new tag]           v2026.08.29                              -> v2026.08.29
2026-10-08T02:34:42.9198294Z  * [new tag]           v2026.09.01                              -> v2026.09.01
2026-10-08T02:34:42.9200246Z  * [new tag]           v2026.09.06                              -> v2026.09.06
2026-10-08T02:34:42.9202195Z  * [new tag]           v2026.09.08                              -> v2026.09.08
2026-10-08T02:34:42.9204129Z  * [new tag]           v2026.09.09                              -> v2026.09.09
2026-10-08T02:34:42.9206188Z  * [new tag]           v2026.09.21                              -> v2026.09.21
2026-10-08T02:34:42.9208112Z  * [new tag]           v2026.09.25                              -> v2026.09.25
2026-10-08T02:34:42.9210023Z  * [new tag]           v2026.09.28                              -> v2026.09.28
2026-10-08T02:34:42.9211966Z  * [new tag]           v2026.09.30                              -> v2026.09.30
2026-10-08T02:34:42.9214092Z  * [new tag]           v2026.10.02                              -> v2026.10.02
2026-10-08T02:34:42.9216328Z  * [new ref]           ccd66fcdd0d5cd8689cdaed1b61cfd4365166e5d -> pull/434/merge
2026-10-08T02:34:42.9218954Z  * [new tag]           test-fixture-pre-f2-close-work-item      -> test-fixture-pre-f2-close-work-item
2026-10-08T02:34:42.9221706Z  * [new tag]           test-fixture-pre-f3-guard                -> test-fixture-pre-f3-guard
2026-10-08T02:34:42.9226452Z ##[endgroup]
2026-10-08T02:34:42.9228153Z ##[group]Determining the checkout info
2026-10-08T02:34:42.9230033Z ##[endgroup]
2026-10-08T02:34:42.9231097Z [command]/usr/bin/git sparse-checkout disable
2026-10-08T02:34:42.9234169Z [command]/usr/bin/git config --local --unset-all extensions.worktreeConfig
2026-10-08T02:34:42.9237915Z ##[group]Checking out the ref
2026-10-08T02:34:42.9239576Z [command]/usr/bin/git checkout --progress --force refs/remotes/pull/434/merge
2026-10-08T02:34:43.1660101Z Note: switching to 'refs/remotes/pull/434/merge'.
2026-10-08T02:34:43.1661491Z 
2026-10-08T02:34:43.1661977Z You are in 'detached HEAD' state. You can look around, make experimental
2026-10-08T02:34:43.1663026Z changes and commit them, and you can discard any commits you make in this
2026-10-08T02:34:43.1663991Z state without impacting any branches by switching back to a branch.
2026-10-08T02:34:43.1664548Z 
2026-10-08T02:34:43.1665174Z If you want to create a new branch to retain commits you create, you may
2026-10-08T02:34:43.1666106Z do so (now or later) by using -c with the switch command. Example:
2026-10-08T02:34:43.1666628Z 
2026-10-08T02:34:43.1666851Z   git switch -c <new-branch-name>
2026-10-08T02:34:43.1667202Z 
2026-10-08T02:34:43.1667423Z Or undo this operation with:
2026-10-08T02:34:43.1667753Z 
2026-10-08T02:34:43.1667938Z   git switch -
2026-10-08T02:34:43.1668202Z 
2026-10-08T02:34:43.1669003Z Turn off this advice by setting config variable advice.detachedHead to false
2026-10-08T02:34:43.1669651Z 
2026-10-08T02:34:43.1670367Z HEAD is now at ccd66fcd Merge 1691558c034e13258a31b8288df5642f6263a8cb into bdeb425c040ada918dd97e5b878b71e420bad83a
2026-10-08T02:34:43.1686255Z ##[endgroup]
2026-10-08T02:34:43.1733245Z [command]/usr/bin/git log -1 --format=%H
2026-10-08T02:34:43.1762088Z ccd66fcdd0d5cd8689cdaed1b61cfd4365166e5d
2026-10-08T02:34:43.2107804Z ##[group]Run actions/setup-node@v4
2026-10-08T02:34:43.2108170Z with:
2026-10-08T02:34:43.2108427Z   node-version: 20
2026-10-08T02:34:43.2108692Z   always-auth: false
2026-10-08T02:34:43.2108963Z   check-latest: false
2026-10-08T02:34:43.2111536Z   token: ***
2026-10-08T02:34:43.2111779Z env:
2026-10-08T02:34:43.2112019Z   AAI_TEST_PARALLEL: 4
2026-10-08T02:34:43.2112289Z ##[endgroup]
2026-10-08T02:34:43.3509832Z Attempting to download 20...
2026-10-08T02:34:43.3614106Z (node:2297) [DEP0040] DeprecationWarning: The `punycode` module is deprecated. Please use a userland alternative instead.
2026-10-08T02:34:43.3615393Z (Use `node --trace-deprecation ...` to show where the warning was created)
2026-10-08T02:34:43.8403338Z Acquiring 20.20.2 - x64 from https://github.com/actions/node-versions/releases/download/20.20.2-23521894959/node-20.20.2-linux-x64.tar.gz
2026-10-08T02:34:44.2432985Z Extracting ...
2026-10-08T02:34:44.2547133Z [command]/usr/bin/tar xz --strip 1 --warning=no-unknown-keyword --overwrite -C /home/runner/work/_temp/d64e2bb3-a50e-418e-903b-3d1664e6a986 -f /home/runner/work/_temp/47917990-f186-4516-8b7a-b4eef008a595
2026-10-08T02:34:45.2532830Z Adding to the cache ...
2026-10-08T02:34:47.1429647Z ##[group]Environment details
2026-10-08T02:34:47.3604233Z node: v20.20.2
2026-10-08T02:34:47.3604973Z npm: 10.8.2
2026-10-08T02:34:47.3605336Z yarn: 1.22.22
2026-10-08T02:34:47.3606140Z ##[endgroup]
2026-10-08T02:34:47.3817805Z ##[group]Run set -euo pipefail
2026-10-08T02:34:47.3818182Z [36;1mset -euo pipefail[0m
2026-10-08T02:34:47.3818489Z [36;1mprintf '%s\n' "$SHARD_PLAN" > shard-plan.txt[0m
2026-10-08T02:34:47.3819269Z [36;1mbash tests/skills/lib/shard-plan-check.sh --check shard-plan.txt tests/skills >/dev/null[0m
2026-10-08T02:34:47.3819751Z [36;1mif [ "3" = "all" ]; then[0m
2026-10-08T02:34:47.3820028Z [36;1m  bash tests/skills/test-framework.sh[0m
2026-10-08T02:34:47.3820309Z [36;1melse[0m
2026-10-08T02:34:47.3820667Z [36;1m  SUITES="$(bash tests/skills/lib/shard-plan-check.sh --extract 3 shard-plan.txt)"[0m
2026-10-08T02:34:47.3821099Z [36;1m  args=()[0m
2026-10-08T02:34:47.3821330Z [36;1m  for s in $SUITES; do[0m
2026-10-08T02:34:47.3821576Z [36;1m    args+=(--skill "$s")[0m
2026-10-08T02:34:47.3821810Z [36;1m  done[0m
2026-10-08T02:34:47.3822072Z [36;1m  bash tests/skills/test-framework.sh "${args[@]}"[0m
2026-10-08T02:34:47.3822380Z [36;1mfi[0m
2026-10-08T02:34:47.4077900Z shell: /usr/bin/bash -e {0}
2026-10-08T02:34:47.4078199Z env:
2026-10-08T02:34:47.4078417Z   AAI_TEST_PARALLEL: 4
2026-10-08T02:34:47.4092035Z   SHARD_PLAN: SHARD 1 aai-learned-append weight=434
SHARD 1 aai-hygiene-pack weight=313
SHARD 1 aai-ceremony-levels weight=120
SHARD 1 aai-feedback-upsert weight=91
SHARD 1 aai-mutation-gate weight=82
SHARD 1 aai-suite-isolation weight=77
SHARD 1 aai-doc-numbering weight=43
SHARD 1 aai-orchestration-dispatch weight=39
SHARD 1 aai-git-ref-guard weight=28
SHARD 1 aai-roadmap weight=22
SHARD 1 aai-hooks-overlay weight=18
SHARD 1 aai-factory-report weight=12
SHARD 1 aai-outcome-backcheck weight=10
SHARD 1 aai-canon weight=7
SHARD 1 aai-spec-tools weight=6
SHARD 1 aai-heartbeat weight=5
SHARD 1 aai-role-output weight=5
SHARD 1 aai-docs-canon weight=4
SHARD 1 aai-check-state weight=3
SHARD 1 aai-issues weight=3
SHARD 1 aai-redact weight=3
SHARD 1 aai-session-lock weight=2
SHARD 1 aai-pricing weight=1
SHARD 1 aai-runtime-file weight=1
SHARD 1 aai-userguide-drift weight=1
SHARD 2 aai-merge-policy weight=434
SHARD 2 aai-delta-stage3 weight=278
SHARD 2 aai-run-tests weight=135
SHARD 2 aai-friction weight=93
SHARD 2 aai-sweep-parallel weight=91
SHARD 2 aai-release weight=81
SHARD 2 aai-delta-stage2 weight=56
SHARD 2 aai-follow-ups weight=37
SHARD 2 aai-pr-waiver weight=27
SHARD 2 aai-friction-capture-points weight=19
SHARD 2 aai-ride-select weight=18
SHARD 2 aai-debug-gate weight=10
SHARD 2 aai-pr-platform weight=10
SHARD 2 aai-docs-lock weight=7
SHARD 2 aai-tdd-evidence weight=6
SHARD 2 aai-learned-routing weight=5
SHARD 2 aai-test-canon weight=5
SHARD 2 aai-orchestration-mode weight=4
SHARD 2 aai-docs-hub weight=3
SHARD 2 aai-layer-drift weight=3
SHARD 2 aai-token-capture weight=3
SHARD 2 aai-antigravity-project-skills weight=1
SHARD 2 aai-implementation-mode weight=1
SHARD 2 aai-prompt-hash weight=1
SHARD 2 aai-share weight=1
SHARD 2 aai-userguide-rollup weight=1
SHARD 3 aai-pr-preflight weight=434
SHARD 3 aai-sync-seed weight=234
SHARD 3 aai-doctor weight=149
SHARD 3 aai-doc-number-reservation weight=97
SHARD 3 aai-friction-wiring weight=91
SHARD 3 aai-golden-flow weight=81
SHARD 3 aai-ledger-merge weight=66
SHARD 3 aai-deslop weight=40
SHARD 3 aai-update-check weight=32
SHARD 3 aai-state weight=27
SHARD 3 aai-intake weight=17
SHARD 3 aai-constitution weight=11
SHARD 3 aai-win-fallback weight=10
SHARD 3 aai-hitl-channel weight=6
SHARD 3 aai-routine weight=6
SHARD 3 aai-bootstrap weight=5
SHARD 3 aai-prompt-diet weight=5
SHARD 3 aai-delta-stage1 weight=4
SHARD 3 aai-verify-gate weight=4
SHARD 3 aai-orphan-sweep weight=3
SHARD 3 aai-dashboard weight=2
SHARD 3 aai-reconcile-telemetry weight=2
SHARD 3 aai-pipe-safe weight=1
SHARD 3 aai-prune-stale-briefs weight=1
SHARD 3 aai-suite-select weight=1
SHARD 3 aai-validator-isolation weight=1
SHARD 4 aai-worktree-seed weight=434
SHARD 4 aai-docs-audit weight=161
SHARD 4 aai-repo-tripwire weight=155
SHARD 4 aai-close-work-item weight=112
SHARD 4 aai-hitl-propagation weight=93
SHARD 4 aai-metrics weight=89
SHARD 4 aai-layer-profiles weight=69
SHARD 4 aai-secrets-preflight weight=52
SHARD 4 aai-spec-lint weight=39
SHARD 4 aai-spec-amend weight=28
SHARD 4 aai-live-serve weight=19
SHARD 4 aai-close-reconcile weight=15
SHARD 4 aai-live-status weight=13
SHARD 4 aai-advisory-skills weight=9
SHARD 4 aai-branch-guard weight=9
SHARD 4 aai-update weight=6
SHARD 4 aai-lightweight-lane weight=5
SHARD 4 aai-unattended weight=5
SHARD 4 aai-overview weight=4
SHARD 4 aai-feedback-triage weight=3
SHARD 4 aai-product-docs weight=3
SHARD 4 aai-feedback-status weight=2
SHARD 4 aai-downstream-autopilot weight=1
SHARD 4 aai-planning-probes weight=1
SHARD 4 aai-r-guard weight=1
SHARD 4 aai-tdd weight=1
SHARD 4 aai-worktree weight=1
SHARDS count=4 suites=104
2026-10-08T02:34:47.4104933Z ##[endgroup]
2026-10-08T02:34:47.5659534Z 
2026-10-08T02:34:47.5665471Z AAI Skills Test Framework
2026-10-08T02:34:47.5687268Z =========================
2026-10-08T02:34:47.5687638Z 
2026-10-08T02:34:47.5688603Z [0;34m[INFO][0m Setting up results directory: /home/runner/work/aai/aai/tests/skills/results/test-20261008-023447
2026-10-08T02:34:47.5701252Z [0;34m[INFO][0m Checking system dependencies...
2026-10-08T02:34:48.1301871Z [0;32m[PASS][0m Dependencies checked
2026-10-08T02:34:48.1972487Z [0;34m[INFO][0m Isolation: every suite runs isolated in a disposable git checkout (its own .git, D1) seeded from the working tree
2026-10-08T02:34:48.1975628Z [0;34m[INFO][0m Concurrency: up to 4 suite(s) run at a time (AAI_TEST_PARALLEL=4). Set AAI_TEST_PARALLEL=1 for the serial execution model.
2026-10-08T02:34:48.1976933Z [0;34m[INFO][0m Discovering skill tests...
2026-10-08T02:34:48.1997160Z [0;34m[INFO][0m Found 26 test(s)
2026-10-08T02:34:48.1997842Z [0;34m[INFO][0m 
2026-10-08T02:34:48.1998416Z [0;34m[INFO][0m Running tests...
2026-10-08T02:34:48.1998977Z [0;34m[INFO][0m 
2026-10-08T02:35:25.1587612Z [ 1/26] aai-doc-number-reservation [0;31mFAIL[0m (35.0s) [tripwire NOT ATTESTED — suite exited 1 before completing]
2026-10-08T02:35:25.1634121Z --- Error Details (aai-doc-number-reservation) ---
2026-10-08T02:35:25.1655604Z --- failure lines (whole log) ---
2026-10-08T02:35:25.1680227Z (no explicit failure marker matched — see tail below)
2026-10-08T02:35:25.1681197Z --- tail (last 30 lines) ---
2026-10-08T02:35:25.1713285Z 
2026-10-08T02:35:25.1726486Z AAI Doc-Number Reservation Test Suite (CHANGE-0035 / SPEC-0047)
2026-10-08T02:35:25.1734059Z =================================================================
2026-10-08T02:35:25.1735290Z 
2026-10-08T02:35:25.1735849Z INFO: Checking dependencies...
2026-10-08T02:35:25.1736618Z PASS: Dependencies checked
2026-10-08T02:35:25.1737851Z INFO: TEST-001: allocation creates refs/aai/docnums/<ID> in bare origin AND renames the file...
2026-10-08T02:35:25.1739397Z PASS: TEST-001 reservation ref created in origin, file renamed, no provisional marker
2026-10-08T02:35:25.1741013Z INFO: TEST-002: pre-existing reservation ref -> create-only push rejected -> retries to next free...
2026-10-08T02:35:25.1742768Z PASS: TEST-002 rejection on pre-existing ref retries and lands next free; both refs exist
2026-10-08T02:35:25.1745912Z INFO: TEST-003: number taken on an unmerged origin branch (never locally fetched before) is skipped...
2026-10-08T02:35:25.1747338Z PASS: TEST-003 origin side-branch number scanned and skipped (union candidate scan)
2026-10-08T02:35:25.1748548Z INFO: TEST-004: a naked reservation ref with no doc anywhere is treated as taken...
2026-10-08T02:35:25.1749518Z PASS: TEST-004 naked reservation ref treated as taken
2026-10-08T02:35:25.1750755Z INFO: TEST-005: unreachable origin -> allocation proceeds, marks number_reserved: false, warns, exit 0...
2026-10-08T02:35:25.1752147Z PASS: TEST-005 offline/no-permission fallback: provisional marker + WARNING + exit 0
2026-10-08T02:35:25.1753460Z INFO: TEST-006: --guard exit 4 when staged TYPE-NNNN exists on base ref under a different id...
2026-10-08T02:35:25.1755160Z PASS: TEST-006 guard cross-branch collision exit 4 naming both ids; matching id is a negative control
2026-10-08T02:35:25.1757128Z INFO: TEST-007: --guard blocks number_reserved: false; --reserve completes or exits 4 on collision...
2026-10-08T02:35:25.1785788Z PASS: TEST-007 guard blocks unreserved marker; --reserve completes clean or exits 4 on collision
2026-10-08T02:35:25.1787734Z INFO: TEST-008: spec-lint --slug-handles flags an artifact filename with no merged doc; clean once merged...
2026-10-08T02:35:25.1789222Z PASS: TEST-008 slug-handles lint warns on unconfirmed handle, clean once the doc exists
2026-10-08T02:35:25.1790680Z INFO: TEST-009: coupled_families union (max 5, max 3 -> 6 for both); one atomic push creates both refs...
2026-10-08T02:35:25.1792004Z PASS: TEST-009 coupled union counter (6 for both); one atomic push created both refs
2026-10-08T02:35:25.1793398Z INFO: TEST-010: one member ref pre-exists -> neither ref created at that number; pair retries together...
2026-10-08T02:35:25.1825242Z PASS: TEST-010 atomic all-or-nothing: neither ref at the colliding number, pair retried together
2026-10-08T02:35:25.1827115Z INFO: TEST-011: existing tests/skills/test-aai-doc-numbering.sh suite stays green (D9 back-compat)...
2026-10-08T02:35:25.1828143Z --- end aai-doc-number-reservation ---
2026-10-08T02:36:06.0782216Z [ 2/26] aai-pr-preflight     [0;32mPASS[0m (76.0s)
2026-10-08T02:36:46.6433849Z [ 3/26] aai-friction-wiring  [0;32mPASS[0m (79.0s)
2026-10-08T02:37:33.6226245Z [ 4/26] aai-golden-flow      [0;32mPASS[0m (85.0s)
2026-10-08T02:37:34.9203591Z [ 5/26] aai-doctor           [0;32mPASS[0m (164.0s)
2026-10-08T02:38:10.5207453Z [ 6/26] aai-update-check     [0;32mPASS[0m (33.0s)
2026-10-08T02:38:15.0774029Z [ 7/26] aai-ledger-merge     [0;32mPASS[0m (87.0s)
2026-10-08T02:38:17.5802852Z [ 8/26] aai-deslop           [0;31mFAIL[0m (42.0s) [tripwire NOT ATTESTED — suite exited 1 before completing]
2026-10-08T02:38:17.5804512Z --- Error Details (aai-deslop) ---
2026-10-08T02:38:17.5805961Z --- failure lines (whole log) ---
2026-10-08T02:38:17.5880700Z 31:FAIL TEST-028 published surfaces state the new rule
2026-10-08T02:38:17.5895315Z 37:Some tests FAILED.
2026-10-08T02:38:17.5908170Z --- tail (last 30 lines) ---
2026-10-08T02:38:17.5924146Z PASS TEST-006 exit 0 (clean / with-candidates / empty-input-set), exit 2 only for usage errors, source-proven
2026-10-08T02:38:17.5929951Z PASS TEST-007 empty diff exits 0 with the literal rerun-with-all note (prompt offers --all, no terminal stop wording); a non-empty diff outside the scanned surface and a deletion-only diff each get their own honest treatment, never 'empty diff'
2026-10-08T02:38:17.5932947Z PASS TEST-008 suppressed == 3 in both forms; both carry all four disclosure sentences (including the residual-class TEXT-NOT-A-FLAG line)
2026-10-08T02:38:17.5935745Z PASS TEST-009 prompt Scope contracts (<=90 lines, ask-and-stop, both tokens, engine lines, scope-bound rule, no false default, no inverted bound)
2026-10-08T02:38:17.5937406Z   TEST-010 baseline (not asserted): real-repo --all candidates=62 suppressed=797
2026-10-08T02:38:17.5939478Z PASS TEST-010 real-repo --all scope exits 0 with well-formed header + LIMITS (candidates=62, not pinned)
2026-10-08T02:38:17.5986234Z PASS TEST-011 tests/skills/test-aai-advisory-skills.sh exits 0 after the deslop prompt rewrite
2026-10-08T02:38:17.5987792Z PASS TEST-012 prompt-diet ledger true-up (suite green, entry names both files)
2026-10-08T02:38:17.5997008Z PASS TEST-013 governance companions (PROFILES extended entry, suite-map row, full test registration)
2026-10-08T02:38:17.5999480Z PASS TEST-014 no description surface claims diff-only; catalog regeneration matches committed content (not stale) and is idempotent (generated in a mirror, PROJECT_ROOT untouched)
2026-10-08T02:38:17.6006148Z PASS TEST-015 cli-flag precision: CSS custom property, git()/direct-execFileSync/cmd-passthrough/local-array-indirection external-tool arguments and comment-only occurrences all excluded (.mjs); node self-invoke and genuine own-flags in real code survive under both scopes; the .sh external-tool exclusion is command-word/position-based so a script's own flag sitting BEFORE, or beside only in a comment/string, an external mention always survives, while a real (possibly $(...)-nested) invocation genuinely AFTER the command word is still excluded
2026-10-08T02:38:17.6011102Z PASS TEST-016 --all scope invoked from the wrong cwd degrades with a NOTE instead of a silent zero-candidate clean bill
2026-10-08T02:38:17.6012890Z PASS TEST-017 --diff in a non-git cwd surfaces the git failure explicitly, distinct from an empty-diff clean scan
2026-10-08T02:38:17.6015441Z PASS TEST-018 a --base range diff that fails outright (no merge base between two unrelated histories) surfaces an explicit git-failure NOTE rather than reading as a clean empty-diff scan
2026-10-08T02:38:17.6017850Z PASS TEST-019 a diff whose only change is a COMPLETE file deletion (+++ /dev/null) is preserved as touched, never misread as an empty diff
2026-10-08T02:38:17.6020799Z PASS TEST-020 a stale/unreadable STATE.yaml focus path is never silently dropped: a fully-stale corpus degrades to the named EMPTY-corpus note, a partially-stale corpus names the skipped path while the readable document still suppresses
2026-10-08T02:38:17.6023567Z PASS TEST-021 a flag-shaped token following --base (--json, --all) is rejected as a usage error rather than silently consumed as the ref
2026-10-08T02:38:17.6026089Z PASS TEST-022 the widened corpus rule the code applies and the rule the header/json state are the same rule, in the populated AND the empty branch
2026-10-08T02:38:17.6086712Z PASS TEST-023 a done change document suppresses the symbol it names, a draft one does not; the three real-tree symbols are gone and each is genuinely named in a corpus document outside docs/specs
2026-10-08T02:38:17.6090002Z PASS TEST-024 a findings document never suppresses the symbols it names; the real adjudication table is relocated out of the corpus with a pointer left behind and the prompt states the convention
2026-10-08T02:38:17.6116432Z PASS TEST-025 an unreadable --all corpus document is named with the --diff path's own sentence; a fully-unreadable corpus degrades to the named EMPTY-corpus note, both at exit 0
2026-10-08T02:38:17.6147786Z PASS TEST-026 document accounting balances on a fixture covering every bucket, on the real repository, under --diff with an unreadable STATE-named document and under --all on a corpus empty by filter that also carries an unreadable member; the header prints every bucket on its own whole line; --diff carries the same excluded key set
2026-10-08T02:38:17.6175791Z   TEST-028: docs-audit exited 0 but is NOT clean — verdict: NEEDS-TRIAGE (1 items)
2026-10-08T02:38:17.6205452Z FAIL TEST-028 published surfaces state the new rule
2026-10-08T02:38:17.6207412Z   Test: the released-CHANGELOG section comparison (TEST-028) reddens on a one-byte edit inside the released section of a SCRATCH copy, and stays clean on an untouched copy (TEST-447)...
2026-10-08T02:38:17.6227262Z PASS TEST-447 the released-CHANGELOG section comparison reddens on a one-byte edit inside the released section, stays clean on an untouched copy, and ignores an edit outside the section
2026-10-08T02:38:17.6229495Z PASS TEST-030 all four deslop-corpus-honesty registry follow-ups are closed
2026-10-08T02:38:17.6232697Z PASS TEST-031 an unreadable corpus directory is named in notes, in requirement_corpus.unreadable_dirs and in the header as outside the accounting; the readable half still suppresses; an empty corpus caused by one says so; an absent directory is not reported; every run exits 0
2026-10-08T02:38:17.6235235Z 
2026-10-08T02:38:17.6235892Z Some tests FAILED.
2026-10-08T02:38:17.6236693Z --- end aai-deslop ---
2026-10-08T02:38:29.7745211Z [ 9/26] aai-constitution     [0;32mPASS[0m (11.0s)
2026-10-08T02:38:34.0506538Z [10/26] aai-intake           [0;32mPASS[0m (17.0s)
2026-10-08T02:38:40.4466369Z [11/26] aai-hitl-channel     [0;32mPASS[0m (5.0s)
2026-10-08T02:38:42.3531328Z [12/26] aai-win-fallback     [0;32mPASS[0m (11.0s)
2026-10-08T02:38:45.8702179Z [13/26] aai-state            [1;33mSKIP[0m (33.0s) [tripwire NOT ATTESTED — suite skipped (exit 42), it never ran]
2026-10-08T02:38:48.8148615Z [14/26] aai-bootstrap        [0;32mPASS[0m (5.0s)
2026-10-08T02:38:49.7414411Z [15/26] aai-routine          [0;32mPASS[0m (8.0s)
2026-10-08T02:38:54.6741593Z [16/26] aai-prompt-diet      [0;32mPASS[0m (8.0s)
2026-10-08T02:38:55.0995503Z [17/26] aai-delta-stage1     [0;32mPASS[0m (5.0s)
2026-10-08T02:38:55.5833400Z [18/26] aai-verify-gate      [0;32mPASS[0m (4.0s)
2026-10-08T02:38:57.9965546Z [19/26] aai-dashboard        [0;32mPASS[0m (1.0s)
2026-10-08T02:38:58.3484433Z [20/26] aai-reconcile-telemetry [0;32mPASS[0m (1.0s)
2026-10-08T02:38:59.0293613Z [21/26] aai-orphan-sweep     [0;32mPASS[0m (3.0s)
2026-10-08T02:39:00.5412968Z [22/26] aai-prune-stale-briefs [0;32mPASS[0m (0.0s)
2026-10-08T02:39:01.2624076Z [23/26] aai-pipe-safe        [0;32mPASS[0m (2.0s)
2026-10-08T02:39:02.3132772Z [24/26] aai-validator-isolation [0;32mPASS[0m (0.0s)
2026-10-08T02:39:04.2355829Z [25/26] aai-suite-select     [0;32mPASS[0m (3.0s)
2026-10-08T02:40:13.2527237Z [26/26] aai-sync-seed        [0;32mPASS[0m (323.0s)
2026-10-08T02:40:13.2920669Z [0;34m[INFO][0m 
2026-10-08T02:40:13.2921573Z [0;31m[FAIL][0m Failed:  2 (7%)
2026-10-08T02:40:13.2922118Z [0;34m[INFO][0m 
2026-10-08T02:40:13.2922753Z [0;34m[INFO][0m =========================================
2026-10-08T02:40:13.2923201Z [0;34m[INFO][0m Test Summary
2026-10-08T02:40:13.2923591Z [0;34m[INFO][0m =========================================
2026-10-08T02:40:13.2924007Z [0;34m[INFO][0m Total:   26
2026-10-08T02:40:13.2924411Z [0;32m[PASS][0m Passed:  23 (88%)
2026-10-08T02:40:13.2925295Z [1;33m[SKIP][0m Skipped: 1 (3%)
2026-10-08T02:40:13.2926432Z [0;34m[INFO][0m Tripwire: 23/26 suite(s) attested clean; 3 not attested (skipped, failed, allowlisted, or unguarded)
2026-10-08T02:40:13.2927205Z [0;34m[INFO][0m Isolation: 26/26 suite(s) isolated; 0 degraded
2026-10-08T02:40:13.2927764Z [0;34m[INFO][0m Seeding: 26/26 suite(s) fully seeded; 0 partial; 0 skipped
2026-10-08T02:40:13.2928605Z [0;34m[INFO][0m Concurrency: width 4; 0 wave(s) re-run serially (0 suite(s) total) to attribute a shipping-repository change
2026-10-08T02:40:13.2929158Z [0;34m[INFO][0m 
2026-10-08T02:40:13.2929914Z [0;34m[INFO][0m Results saved to: /home/runner/work/aai/aai/tests/skills/results/test-20261008-023447
2026-10-08T02:40:13.3448642Z ##[error]Process completed with exit code 1.
2026-10-08T02:40:13.3611853Z Post job cleanup.
2026-10-08T02:40:13.4461227Z [command]/usr/bin/git version
2026-10-08T02:40:13.4508959Z git version 2.55.0
2026-10-08T02:40:13.4554504Z Temporarily overriding HOME='/home/runner/work/_temp/d9ae1ad3-f965-40b9-ace9-28d68fb2e888' before making global git config changes
2026-10-08T02:40:13.4556229Z Adding repository directory to the temporary git global config as a safe directory
2026-10-08T02:40:13.4560176Z [command]/usr/bin/git config --global --add safe.directory /home/runner/work/aai/aai
2026-10-08T02:40:13.4600421Z [command]/usr/bin/git config --local --name-only --get-regexp core\.sshCommand
2026-10-08T02:40:13.4636516Z [command]/usr/bin/git submodule foreach --recursive sh -c "git config --local --name-only --get-regexp 'core\.sshCommand' && git config --local --unset-all 'core.sshCommand' || :"
2026-10-08T02:40:13.4894126Z [command]/usr/bin/git config --local --name-only --get-regexp http\.https\:\/\/github\.com\/\.extraheader
2026-10-08T02:40:13.4928465Z http.https://github.com/.extraheader
2026-10-08T02:40:13.4941035Z [command]/usr/bin/git config --local --unset-all http.https://github.com/.extraheader
2026-10-08T02:40:13.4979936Z [command]/usr/bin/git submodule foreach --recursive sh -c "git config --local --name-only --get-regexp 'http\.https\:\/\/github\.com\/\.extraheader' && git config --local --unset-all 'http.https://github.com/.extraheader' || :"
2026-10-08T02:40:13.5237044Z [command]/usr/bin/git config --local --name-only --get-regexp ^includeIf\.gitdir:
2026-10-08T02:40:13.5287590Z [command]/usr/bin/git submodule foreach --recursive git config --local --show-origin --name-only --get-regexp remote.origin.url
2026-10-08T02:40:13.5751343Z Cleaning up orphan processes
2026-10-08T02:40:13.6083966Z Terminate orphan process: pid (236490) (git)
2026-10-08T02:40:13.6117988Z Terminate orphan process: pid (236491) (git-remote-http)
2026-10-08T02:40:13.6150693Z Terminate orphan process: pid (238946) (git)
2026-10-08T02:40:13.6183529Z Terminate orphan process: pid (238947) (git-remote-http)
2026-10-08T02:40:13.6231839Z ##[warning]Node.js 20 is deprecated. The following actions target Node.js 20 but are being forced to run on Node.js 24: actions/checkout@v4, actions/setup-node@v4. For more information see: https://github.blog/changelog/2025-09-19-deprecation-of-node-20-on-github-actions-runners/
