2026-10-08T02:34:37.0603991Z Current runner version: '2.337.0'
2026-10-08T02:34:37.0626431Z ##[group]Runner Image Provisioner
2026-10-08T02:34:37.0627171Z Hosted Compute Agent
2026-10-08T02:34:37.0627723Z Version: 20261002.596
2026-10-08T02:34:37.0628235Z Commit: c3d12f3313a95f25162a1503be624f3b0617f8c0
2026-10-08T02:34:37.0628865Z Build Date: 2026-10-02T22:28:27Z
2026-10-08T02:34:37.0629518Z Worker ID: {ebf144b0-3866-4c71-b730-8b3defaaa290}
2026-10-08T02:34:37.0630103Z Region: westus3
2026-10-08T02:34:37.0630636Z Cloud: Azure
2026-10-08T02:34:37.0631079Z ##[endgroup]
2026-10-08T02:34:37.0632180Z ##[group]Operating System
2026-10-08T02:34:37.0632762Z Ubuntu
2026-10-08T02:34:37.0633336Z 24.04.5
2026-10-08T02:34:37.0633788Z LTS
2026-10-08T02:34:37.0634224Z ##[endgroup]
2026-10-08T02:34:37.0634719Z ##[group]Runner Image
2026-10-08T02:34:37.0635253Z Image: ubuntu-24.04
2026-10-08T02:34:37.0635722Z Version: 20261004.327.1
2026-10-08T02:34:37.0636806Z Included Software: https://github.com/actions/runner-images/blob/ubuntu24/20261004.327/images/ubuntu/Ubuntu2404-Readme.md
2026-10-08T02:34:37.0638115Z Image Release: https://github.com/actions/runner-images/releases/tag/ubuntu24%2F20261004.327
2026-10-08T02:34:37.0638928Z ##[endgroup]
2026-10-08T02:34:37.0639858Z ##[group]GITHUB_TOKEN Permissions
2026-10-08T02:34:37.0641782Z Contents: read
2026-10-08T02:34:37.0642304Z Metadata: read
2026-10-08T02:34:37.0642975Z ##[endgroup]
2026-10-08T02:34:37.0644816Z Secret source: Actions
2026-10-08T02:34:37.0645562Z Cache mode: write
2026-10-08T02:34:37.0646270Z Prepare workflow directory
2026-10-08T02:34:37.0966910Z Prepare all required actions
2026-10-08T02:34:37.1008809Z Getting action download info
2026-10-08T02:34:37.3733450Z Download action repository 'actions/checkout@v4' (SHA:11d5960a326750d5838078e36cf38b85af677262)
2026-10-08T02:34:37.5075370Z Download action repository 'actions/setup-node@v4' (SHA:49933ea5288caeca8642d1e84afbd3f7d6820020)
2026-10-08T02:34:37.7508215Z Complete job name: skill test suite (full framework, via test-framework.sh) (2)
2026-10-08T02:34:37.8171288Z ##[group]Run actions/checkout@v4
2026-10-08T02:34:37.8171945Z with:
2026-10-08T02:34:37.8172285Z   fetch-depth: 0
2026-10-08T02:34:37.8172651Z   repository: goodwind-cz/aai
2026-10-08T02:34:37.8175894Z   token: ***
2026-10-08T02:34:37.8176255Z   ssh-strict: true
2026-10-08T02:34:37.8176611Z   ssh-user: git
2026-10-08T02:34:37.8176970Z   persist-credentials: true
2026-10-08T02:34:37.8177360Z   clean: true
2026-10-08T02:34:37.8177711Z   sparse-checkout-cone-mode: true
2026-10-08T02:34:37.8178126Z   fetch-tags: false
2026-10-08T02:34:37.8178480Z   show-progress: true
2026-10-08T02:34:37.8178840Z   lfs: false
2026-10-08T02:34:37.8179171Z   submodules: false
2026-10-08T02:34:37.8179526Z   set-safe-directory: true
2026-10-08T02:34:37.8179920Z   allow-unsafe-pr-checkout: false
2026-10-08T02:34:37.8180457Z env:
2026-10-08T02:34:37.8180776Z   AAI_TEST_PARALLEL: 4
2026-10-08T02:34:37.8181132Z ##[endgroup]
2026-10-08T02:34:37.8988583Z Syncing repository: goodwind-cz/aai
2026-10-08T02:34:37.8990865Z ##[group]Getting Git version info
2026-10-08T02:34:37.8991437Z Working directory is '/home/runner/work/aai/aai'
2026-10-08T02:34:37.8992643Z [command]/usr/bin/git version
2026-10-08T02:34:37.9086027Z git version 2.55.0
2026-10-08T02:34:37.9103815Z ##[endgroup]
2026-10-08T02:34:37.9116834Z Temporarily overriding HOME='/home/runner/work/_temp/37bd0246-1fdf-4156-923c-99d83c0e5a31' before making global git config changes
2026-10-08T02:34:37.9118378Z Adding repository directory to the temporary git global config as a safe directory
2026-10-08T02:34:37.9121439Z [command]/usr/bin/git config --global --add safe.directory /home/runner/work/aai/aai
2026-10-08T02:34:37.9163566Z Deleting the contents of '/home/runner/work/aai/aai'
2026-10-08T02:34:37.9168119Z ##[group]Initializing the repository
2026-10-08T02:34:37.9172280Z [command]/usr/bin/git init /home/runner/work/aai/aai
2026-10-08T02:34:37.9244540Z hint: Using 'master' as the name for the initial branch. This default branch name
2026-10-08T02:34:37.9246145Z hint: will change to "main" in Git 3.0. To configure the initial branch name
2026-10-08T02:34:37.9248183Z hint: to use in all of your new repositories, which will suppress this warning,
2026-10-08T02:34:37.9249332Z hint: call:
2026-10-08T02:34:37.9250189Z hint:
2026-10-08T02:34:37.9250939Z hint: 	git config --global init.defaultBranch <name>
2026-10-08T02:34:37.9251777Z hint:
2026-10-08T02:34:37.9252544Z hint: Names commonly chosen instead of 'master' are 'main', 'trunk' and
2026-10-08T02:34:37.9254157Z hint: 'development'. The just-created branch can be renamed via this command:
2026-10-08T02:34:37.9255130Z hint:
2026-10-08T02:34:37.9255714Z hint: 	git branch -m <name>
2026-10-08T02:34:37.9256415Z hint:
2026-10-08T02:34:37.9257235Z hint: Disable this message with "git config set advice.defaultBranchName false"
2026-10-08T02:34:37.9258528Z Initialized empty Git repository in /home/runner/work/aai/aai/.git/
2026-10-08T02:34:37.9260662Z [command]/usr/bin/git remote add origin https://github.com/goodwind-cz/aai
2026-10-08T02:34:37.9298729Z ##[endgroup]
2026-10-08T02:34:37.9302372Z ##[group]Disabling automatic garbage collection
2026-10-08T02:34:37.9303569Z [command]/usr/bin/git config --local gc.auto 0
2026-10-08T02:34:37.9331591Z ##[endgroup]
2026-10-08T02:34:37.9332324Z ##[group]Setting up auth
2026-10-08T02:34:37.9338883Z [command]/usr/bin/git config --local --name-only --get-regexp core\.sshCommand
2026-10-08T02:34:37.9371318Z [command]/usr/bin/git submodule foreach --recursive sh -c "git config --local --name-only --get-regexp 'core\.sshCommand' && git config --local --unset-all 'core.sshCommand' || :"
2026-10-08T02:34:37.9659263Z [command]/usr/bin/git config --local --name-only --get-regexp http\.https\:\/\/github\.com\/\.extraheader
2026-10-08T02:34:37.9695232Z [command]/usr/bin/git submodule foreach --recursive sh -c "git config --local --name-only --get-regexp 'http\.https\:\/\/github\.com\/\.extraheader' && git config --local --unset-all 'http.https://github.com/.extraheader' || :"
2026-10-08T02:34:37.9889939Z [command]/usr/bin/git config --local --name-only --get-regexp ^includeIf\.gitdir:
2026-10-08T02:34:37.9920104Z [command]/usr/bin/git submodule foreach --recursive git config --local --show-origin --name-only --get-regexp remote.origin.url
2026-10-08T02:34:38.0110506Z [command]/usr/bin/git config --local http.https://github.com/.extraheader AUTHORIZATION: basic ***
2026-10-08T02:34:38.0146120Z ##[endgroup]
2026-10-08T02:34:38.0146782Z ##[group]Fetching the repository
2026-10-08T02:34:38.0154601Z [command]/usr/bin/git -c protocol.version=2 fetch --prune --no-recurse-submodules origin +refs/heads/*:refs/remotes/origin/* +refs/tags/*:refs/tags/* +ccd66fcdd0d5cd8689cdaed1b61cfd4365166e5d:refs/remotes/pull/434/merge
2026-10-08T02:34:41.5218488Z From https://github.com/goodwind-cz/aai
2026-10-08T02:34:41.5220913Z  * [new branch]        change/amendment-signature-asks-the-owner-too-often -> origin/change/amendment-signature-asks-the-owner-too-often
2026-10-08T02:34:41.5223627Z  * [new branch]        change/downstream-rides-ask-no-governance-questions -> origin/change/downstream-rides-ask-no-governance-questions
2026-10-08T02:34:41.5226168Z  * [new branch]        change/original-request-outcome-backcheck -> origin/change/original-request-outcome-backcheck
2026-10-08T02:34:41.5228750Z  * [new branch]        change/pr-capability-preflight           -> origin/change/pr-capability-preflight
2026-10-08T02:34:41.5231366Z  * [new branch]        change/roadmap-serves-downstream-projects -> origin/change/roadmap-serves-downstream-projects
2026-10-08T02:34:41.5234280Z  * [new branch]        chore/close-userguide-catalog-item       -> origin/chore/close-userguide-catalog-item
2026-10-08T02:34:41.5237537Z  * [new branch]        chore/intake-routing-tables-owner-and-seam -> origin/chore/intake-routing-tables-owner-and-seam
2026-10-08T02:34:41.5239817Z  * [new branch]        chore/release-v2026.09.25                -> origin/chore/release-v2026.09.25
2026-10-08T02:34:41.5241679Z  * [new branch]        chore/release-v2026.09.28                -> origin/chore/release-v2026.09.28
2026-10-08T02:34:41.5244163Z  * [new branch]        chore/wave-3-intakes                     -> origin/chore/wave-3-intakes
2026-10-08T02:34:41.5246659Z  * [new branch]        cursor/feedback-triage-missing-output-dir-a7ce -> origin/cursor/feedback-triage-missing-output-dir-a7ce
2026-10-08T02:34:41.5249385Z  * [new branch]        cursor/gpt-6-pricing-family-67e6         -> origin/cursor/gpt-6-pricing-family-67e6
2026-10-08T02:34:41.5252344Z  * [new branch]        cursor/mutation-clone-fidelity-windows-eol-a7ce -> origin/cursor/mutation-clone-fidelity-windows-eol-a7ce
2026-10-08T02:34:41.5255620Z  * [new branch]        cursor/mutation-clone-windows-run-chain-5e0a -> origin/cursor/mutation-clone-windows-run-chain-5e0a
2026-10-08T02:34:41.5258353Z  * [new branch]        cursor/polydao-graph-loop-ideas-fa9c     -> origin/cursor/polydao-graph-loop-ideas-fa9c
2026-10-08T02:34:41.5261057Z  * [new branch]        cursor/pricing-missing-models-and-refresh-94d5 -> origin/cursor/pricing-missing-models-and-refresh-94d5
2026-10-08T02:34:41.5264265Z  * [new branch]        cursor/prompts-invoke-wsl-bash-on-windows-a7ce -> origin/cursor/prompts-invoke-wsl-bash-on-windows-a7ce
2026-10-08T02:34:41.5267200Z  * [new branch]        cursor/strategy-unscoped-from-current-focus-a7ce -> origin/cursor/strategy-unscoped-from-current-focus-a7ce
2026-10-08T02:34:41.5269497Z  * [new branch]        exp-0113-phase1                          -> origin/exp-0113-phase1
2026-10-08T02:34:41.5271416Z  * [new branch]        feat/antigravity-cli-skill-paths         -> origin/feat/antigravity-cli-skill-paths
2026-10-08T02:34:41.5273744Z  * [new branch]        feat/canon-is-a-build-artifact           -> origin/feat/canon-is-a-build-artifact
2026-10-08T02:34:41.5276054Z  * [new branch]        feat/cheap-model-in-practice             -> origin/feat/cheap-model-in-practice
2026-10-08T02:34:41.5278237Z  * [new branch]        feat/dev-progress-hub                    -> origin/feat/dev-progress-hub
2026-10-08T02:34:41.5280670Z  * [new branch]        feat/feedback-upsert-review              -> origin/feat/feedback-upsert-review
2026-10-08T02:34:41.5283134Z  * [new branch]        feat/friction-channel-sweep              -> origin/feat/friction-channel-sweep
2026-10-08T02:34:41.5285394Z  * [new branch]        feat/learned-append-gate                 -> origin/feat/learned-append-gate
2026-10-08T02:34:41.5287866Z  * [new branch]        feat/original-request-outcome-backcheck  -> origin/feat/original-request-outcome-backcheck
2026-10-08T02:34:41.5290908Z  * [new branch]        feat/pr-post-open-review-sweep           -> origin/feat/pr-post-open-review-sweep
2026-10-08T02:34:41.5293796Z  * [new branch]        feat/product-docs-enforced               -> origin/feat/product-docs-enforced
2026-10-08T02:34:41.5296269Z  * [new branch]        feat/prompt-hash-telemetry               -> origin/feat/prompt-hash-telemetry
2026-10-08T02:34:41.5298594Z  * [new branch]        feat/roadmap-takes-direction             -> origin/feat/roadmap-takes-direction
2026-10-08T02:34:41.5301024Z  * [new branch]        feat/role-output-contracts               -> origin/feat/role-output-contracts
2026-10-08T02:34:41.5303588Z  * [new branch]        feat/universality-proof                  -> origin/feat/universality-proof
2026-10-08T02:34:41.5305990Z  * [new branch]        feature/remote-orchestration             -> origin/feature/remote-orchestration
2026-10-08T02:34:41.5308650Z  * [new branch]        fix/canonical-provenance-archived-sources -> origin/fix/canonical-provenance-archived-sources
2026-10-08T02:34:41.5311824Z  * [new branch]        fix/closeout-display-id-match            -> origin/fix/closeout-display-id-match
2026-10-08T02:34:41.5314622Z  * [new branch]        fix/feedback-pipeline-discoverability    -> origin/fix/feedback-pipeline-discoverability
2026-10-08T02:34:41.5317324Z  * [new branch]        fix/gate-checks-declared-mutation        -> origin/fix/gate-checks-declared-mutation
2026-10-08T02:34:41.5320215Z  * [new branch]        fix/growth-pins-dont-wall-the-corpus     -> origin/fix/growth-pins-dont-wall-the-corpus
2026-10-08T02:34:41.5323959Z  * [new branch]        fix/worktree-lacks-vendored-aai-layer-downstream-wt -> origin/fix/worktree-lacks-vendored-aai-layer-downstream-wt
2026-10-08T02:34:41.5326812Z  * [new branch]        main                                     -> origin/main
2026-10-08T02:34:41.5328741Z  * [new branch]        research/polydao-verdicts                -> origin/research/polydao-verdicts
2026-10-08T02:34:41.5330635Z  * [new tag]           v2026.07.04                              -> v2026.07.04
2026-10-08T02:34:41.5332266Z  * [new tag]           v2026.07.20                              -> v2026.07.20
2026-10-08T02:34:41.5333904Z  * [new tag]           v2026.07.22                              -> v2026.07.22
2026-10-08T02:34:41.5335400Z  * [new tag]           v2026.07.24                              -> v2026.07.24
2026-10-08T02:34:41.5336901Z  * [new tag]           v2026.07.26                              -> v2026.07.26
2026-10-08T02:34:41.5338456Z  * [new tag]           v2026.07.28                              -> v2026.07.28
2026-10-08T02:34:41.5339939Z  * [new tag]           v2026.07.28.1                            -> v2026.07.28.1
2026-10-08T02:34:41.5341445Z  * [new tag]           v2026.07.29                              -> v2026.07.29
2026-10-08T02:34:41.5343041Z  * [new tag]           v2026.07.30                              -> v2026.07.30
2026-10-08T02:34:41.5344497Z  * [new tag]           v2026.08.01                              -> v2026.08.01
2026-10-08T02:34:41.5345987Z  * [new tag]           v2026.08.02                              -> v2026.08.02
2026-10-08T02:34:41.5347475Z  * [new tag]           v2026.08.03                              -> v2026.08.03
2026-10-08T02:34:41.5348970Z  * [new tag]           v2026.08.03.2                            -> v2026.08.03.2
2026-10-08T02:34:41.5350460Z  * [new tag]           v2026.08.04                              -> v2026.08.04
2026-10-08T02:34:41.5352136Z  * [new tag]           v2026.08.05                              -> v2026.08.05
2026-10-08T02:34:41.5353795Z  * [new tag]           v2026.08.07                              -> v2026.08.07
2026-10-08T02:34:41.5355350Z  * [new tag]           v2026.08.08                              -> v2026.08.08
2026-10-08T02:34:41.5356981Z  * [new tag]           v2026.08.11                              -> v2026.08.11
2026-10-08T02:34:41.5358600Z  * [new tag]           v2026.08.12                              -> v2026.08.12
2026-10-08T02:34:41.5360215Z  * [new tag]           v2026.08.13                              -> v2026.08.13
2026-10-08T02:34:41.5361854Z  * [new tag]           v2026.08.13.2                            -> v2026.08.13.2
2026-10-08T02:34:41.5363590Z  * [new tag]           v2026.08.14                              -> v2026.08.14
2026-10-08T02:34:41.5365276Z  * [new tag]           v2026.08.16                              -> v2026.08.16
2026-10-08T02:34:41.5366943Z  * [new tag]           v2026.08.23                              -> v2026.08.23
2026-10-08T02:34:41.5368594Z  * [new tag]           v2026.08.27                              -> v2026.08.27
2026-10-08T02:34:41.5370220Z  * [new tag]           v2026.08.29                              -> v2026.08.29
2026-10-08T02:34:41.5371845Z  * [new tag]           v2026.09.01                              -> v2026.09.01
2026-10-08T02:34:41.5373687Z  * [new tag]           v2026.09.06                              -> v2026.09.06
2026-10-08T02:34:41.5375342Z  * [new tag]           v2026.09.08                              -> v2026.09.08
2026-10-08T02:34:41.5376984Z  * [new tag]           v2026.09.09                              -> v2026.09.09
2026-10-08T02:34:41.5378760Z  * [new tag]           v2026.09.21                              -> v2026.09.21
2026-10-08T02:34:41.5380497Z  * [new tag]           v2026.09.25                              -> v2026.09.25
2026-10-08T02:34:41.5381974Z  * [new tag]           v2026.09.28                              -> v2026.09.28
2026-10-08T02:34:41.5383579Z  * [new tag]           v2026.09.30                              -> v2026.09.30
2026-10-08T02:34:41.5385232Z  * [new tag]           v2026.10.02                              -> v2026.10.02
2026-10-08T02:34:41.5386820Z  * [new ref]           ccd66fcdd0d5cd8689cdaed1b61cfd4365166e5d -> pull/434/merge
2026-10-08T02:34:41.5388830Z  * [new tag]           test-fixture-pre-f2-close-work-item      -> test-fixture-pre-f2-close-work-item
2026-10-08T02:34:41.5390921Z  * [new tag]           test-fixture-pre-f3-guard                -> test-fixture-pre-f3-guard
2026-10-08T02:34:41.5394412Z ##[endgroup]
2026-10-08T02:34:41.5395721Z ##[group]Determining the checkout info
2026-10-08T02:34:41.5397157Z ##[endgroup]
2026-10-08T02:34:41.5397959Z [command]/usr/bin/git sparse-checkout disable
2026-10-08T02:34:41.5400382Z [command]/usr/bin/git config --local --unset-all extensions.worktreeConfig
2026-10-08T02:34:41.5403211Z ##[group]Checking out the ref
2026-10-08T02:34:41.5404463Z [command]/usr/bin/git checkout --progress --force refs/remotes/pull/434/merge
2026-10-08T02:34:41.7336947Z Note: switching to 'refs/remotes/pull/434/merge'.
2026-10-08T02:34:41.7338393Z 
2026-10-08T02:34:41.7339538Z You are in 'detached HEAD' state. You can look around, make experimental
2026-10-08T02:34:41.7341477Z changes and commit them, and you can discard any commits you make in this
2026-10-08T02:34:41.7343506Z state without impacting any branches by switching back to a branch.
2026-10-08T02:34:41.7344591Z 
2026-10-08T02:34:41.7345305Z If you want to create a new branch to retain commits you create, you may
2026-10-08T02:34:41.7347042Z do so (now or later) by using -c with the switch command. Example:
2026-10-08T02:34:41.7348095Z 
2026-10-08T02:34:41.7348531Z   git switch -c <new-branch-name>
2026-10-08T02:34:41.7349245Z 
2026-10-08T02:34:41.7349664Z Or undo this operation with:
2026-10-08T02:34:41.7350306Z 
2026-10-08T02:34:41.7350680Z   git switch -
2026-10-08T02:34:41.7351169Z 
2026-10-08T02:34:41.7352316Z Turn off this advice by setting config variable advice.detachedHead to false
2026-10-08T02:34:41.7353684Z 
2026-10-08T02:34:41.7354911Z HEAD is now at ccd66fcd Merge 1691558c034e13258a31b8288df5642f6263a8cb into bdeb425c040ada918dd97e5b878b71e420bad83a
2026-10-08T02:34:41.7360419Z ##[endgroup]
2026-10-08T02:34:41.7405317Z [command]/usr/bin/git log -1 --format=%H
2026-10-08T02:34:41.7432067Z ccd66fcdd0d5cd8689cdaed1b61cfd4365166e5d
2026-10-08T02:34:41.7733146Z ##[group]Run actions/setup-node@v4
2026-10-08T02:34:41.7733468Z with:
2026-10-08T02:34:41.7733693Z   node-version: 20
2026-10-08T02:34:41.7733913Z   always-auth: false
2026-10-08T02:34:41.7734138Z   check-latest: false
2026-10-08T02:34:41.7736161Z   token: ***
2026-10-08T02:34:41.7736369Z env:
2026-10-08T02:34:41.7736573Z   AAI_TEST_PARALLEL: 4
2026-10-08T02:34:41.7736800Z ##[endgroup]
2026-10-08T02:34:41.8900774Z Attempting to download 20...
2026-10-08T02:34:41.8986709Z (node:2075) [DEP0040] DeprecationWarning: The `punycode` module is deprecated. Please use a userland alternative instead.
2026-10-08T02:34:41.8987850Z (Use `node --trace-deprecation ...` to show where the warning was created)
2026-10-08T02:34:42.8787805Z Acquiring 20.20.2 - x64 from https://github.com/actions/node-versions/releases/download/20.20.2-23521894959/node-20.20.2-linux-x64.tar.gz
2026-10-08T02:34:43.2949560Z Extracting ...
2026-10-08T02:34:43.3041338Z [command]/usr/bin/tar xz --strip 1 --warning=no-unknown-keyword --overwrite -C /home/runner/work/_temp/c48e8da7-d759-41b7-b236-3966efc3224a -f /home/runner/work/_temp/b493afcc-f9ec-4715-ab90-581abbaafe5d
2026-10-08T02:34:44.1664696Z Adding to the cache ...
2026-10-08T02:34:45.8377447Z ##[group]Environment details
2026-10-08T02:34:46.0097785Z node: v20.20.2
2026-10-08T02:34:46.0098280Z npm: 10.8.2
2026-10-08T02:34:46.0098530Z yarn: 1.22.22
2026-10-08T02:34:46.0099099Z ##[endgroup]
2026-10-08T02:34:46.0282023Z ##[group]Run set -euo pipefail
2026-10-08T02:34:46.0282358Z [36;1mset -euo pipefail[0m
2026-10-08T02:34:46.0282615Z [36;1mprintf '%s\n' "$SHARD_PLAN" > shard-plan.txt[0m
2026-10-08T02:34:46.0283487Z [36;1mbash tests/skills/lib/shard-plan-check.sh --check shard-plan.txt tests/skills >/dev/null[0m
2026-10-08T02:34:46.0283867Z [36;1mif [ "2" = "all" ]; then[0m
2026-10-08T02:34:46.0284108Z [36;1m  bash tests/skills/test-framework.sh[0m
2026-10-08T02:34:46.0284365Z [36;1melse[0m
2026-10-08T02:34:46.0284654Z [36;1m  SUITES="$(bash tests/skills/lib/shard-plan-check.sh --extract 2 shard-plan.txt)"[0m
2026-10-08T02:34:46.0284988Z [36;1m  args=()[0m
2026-10-08T02:34:46.0285183Z [36;1m  for s in $SUITES; do[0m
2026-10-08T02:34:46.0285388Z [36;1m    args+=(--skill "$s")[0m
2026-10-08T02:34:46.0285581Z [36;1m  done[0m
2026-10-08T02:34:46.0285797Z [36;1m  bash tests/skills/test-framework.sh "${args[@]}"[0m
2026-10-08T02:34:46.0286043Z [36;1mfi[0m
2026-10-08T02:34:46.0477434Z shell: /usr/bin/bash -e {0}
2026-10-08T02:34:46.0477685Z env:
2026-10-08T02:34:46.0477862Z   AAI_TEST_PARALLEL: 4
2026-10-08T02:34:46.0487234Z   SHARD_PLAN: SHARD 1 aai-learned-append weight=434
SHARD 1 aai-hygiene-pack weight=313
SHARD 1 aai-ceremony-levels weight=120
SHARD 1 aai-feedback-upsert weight=91
SHARD 1 aai-mutation-gate weight=82
SHARD 1 aai-suite-isolation weight=77
SHARD 1 aai-doc-numbering weight=43
SHARD 1 aai-orchestration-dispatch weight=39
SHARD 1 aai-git-ref-guard weight=28
SHARD 1 aai-roadmap weight=22
SHARD 1 aai-hooks-overlay weight=18
SHARD 1 aai-factory-report weight=12
SHARD 1 aai-outcome-backcheck weight=10
SHARD 1 aai-canon weight=7
SHARD 1 aai-spec-tools weight=6
SHARD 1 aai-heartbeat weight=5
SHARD 1 aai-role-output weight=5
SHARD 1 aai-docs-canon weight=4
SHARD 1 aai-check-state weight=3
SHARD 1 aai-issues weight=3
SHARD 1 aai-redact weight=3
SHARD 1 aai-session-lock weight=2
SHARD 1 aai-pricing weight=1
SHARD 1 aai-runtime-file weight=1
SHARD 1 aai-userguide-drift weight=1
SHARD 2 aai-merge-policy weight=434
SHARD 2 aai-delta-stage3 weight=278
SHARD 2 aai-run-tests weight=135
SHARD 2 aai-friction weight=93
SHARD 2 aai-sweep-parallel weight=91
SHARD 2 aai-release weight=81
SHARD 2 aai-delta-stage2 weight=56
SHARD 2 aai-follow-ups weight=37
SHARD 2 aai-pr-waiver weight=27
SHARD 2 aai-friction-capture-points weight=19
SHARD 2 aai-ride-select weight=18
SHARD 2 aai-debug-gate weight=10
SHARD 2 aai-pr-platform weight=10
SHARD 2 aai-docs-lock weight=7
SHARD 2 aai-tdd-evidence weight=6
SHARD 2 aai-learned-routing weight=5
SHARD 2 aai-test-canon weight=5
SHARD 2 aai-orchestration-mode weight=4
SHARD 2 aai-docs-hub weight=3
SHARD 2 aai-layer-drift weight=3
SHARD 2 aai-token-capture weight=3
SHARD 2 aai-antigravity-project-skills weight=1
SHARD 2 aai-implementation-mode weight=1
SHARD 2 aai-prompt-hash weight=1
SHARD 2 aai-share weight=1
SHARD 2 aai-userguide-rollup weight=1
SHARD 3 aai-pr-preflight weight=434
SHARD 3 aai-sync-seed weight=234
SHARD 3 aai-doctor weight=149
SHARD 3 aai-doc-number-reservation weight=97
SHARD 3 aai-friction-wiring weight=91
SHARD 3 aai-golden-flow weight=81
SHARD 3 aai-ledger-merge weight=66
SHARD 3 aai-deslop weight=40
SHARD 3 aai-update-check weight=32
SHARD 3 aai-state weight=27
SHARD 3 aai-intake weight=17
SHARD 3 aai-constitution weight=11
SHARD 3 aai-win-fallback weight=10
SHARD 3 aai-hitl-channel weight=6
SHARD 3 aai-routine weight=6
SHARD 3 aai-bootstrap weight=5
SHARD 3 aai-prompt-diet weight=5
SHARD 3 aai-delta-stage1 weight=4
SHARD 3 aai-verify-gate weight=4
SHARD 3 aai-orphan-sweep weight=3
SHARD 3 aai-dashboard weight=2
SHARD 3 aai-reconcile-telemetry weight=2
SHARD 3 aai-pipe-safe weight=1
SHARD 3 aai-prune-stale-briefs weight=1
SHARD 3 aai-suite-select weight=1
SHARD 3 aai-validator-isolation weight=1
SHARD 4 aai-worktree-seed weight=434
SHARD 4 aai-docs-audit weight=161
SHARD 4 aai-repo-tripwire weight=155
SHARD 4 aai-close-work-item weight=112
SHARD 4 aai-hitl-propagation weight=93
SHARD 4 aai-metrics weight=89
SHARD 4 aai-layer-profiles weight=69
SHARD 4 aai-secrets-preflight weight=52
SHARD 4 aai-spec-lint weight=39
SHARD 4 aai-spec-amend weight=28
SHARD 4 aai-live-serve weight=19
SHARD 4 aai-close-reconcile weight=15
SHARD 4 aai-live-status weight=13
SHARD 4 aai-advisory-skills weight=9
SHARD 4 aai-branch-guard weight=9
SHARD 4 aai-update weight=6
SHARD 4 aai-lightweight-lane weight=5
SHARD 4 aai-unattended weight=5
SHARD 4 aai-overview weight=4
SHARD 4 aai-feedback-triage weight=3
SHARD 4 aai-product-docs weight=3
SHARD 4 aai-feedback-status weight=2
SHARD 4 aai-downstream-autopilot weight=1
SHARD 4 aai-planning-probes weight=1
SHARD 4 aai-r-guard weight=1
SHARD 4 aai-tdd weight=1
SHARD 4 aai-worktree weight=1
SHARDS count=4 suites=104
2026-10-08T02:34:46.0496451Z ##[endgroup]
2026-10-08T02:34:46.1809355Z 
2026-10-08T02:34:46.1815317Z AAI Skills Test Framework
2026-10-08T02:34:46.1815691Z =========================
2026-10-08T02:34:46.1815866Z 
2026-10-08T02:34:46.1833298Z [0;34m[INFO][0m Setting up results directory: /home/runner/work/aai/aai/tests/skills/results/test-20261008-023446
2026-10-08T02:34:46.1844060Z [0;34m[INFO][0m Checking system dependencies...
2026-10-08T02:34:46.3217165Z [0;32m[PASS][0m Dependencies checked
2026-10-08T02:34:46.3719270Z [0;34m[INFO][0m Isolation: every suite runs isolated in a disposable git checkout (its own .git, D1) seeded from the working tree
2026-10-08T02:34:46.3722668Z [0;34m[INFO][0m Concurrency: up to 4 suite(s) run at a time (AAI_TEST_PARALLEL=4). Set AAI_TEST_PARALLEL=1 for the serial execution model.
2026-10-08T02:34:46.3723735Z [0;34m[INFO][0m Discovering skill tests...
2026-10-08T02:34:46.3743702Z [0;34m[INFO][0m Found 26 test(s)
2026-10-08T02:34:46.3744114Z [0;34m[INFO][0m 
2026-10-08T02:34:46.3744626Z [0;34m[INFO][0m Running tests...
2026-10-08T02:34:46.3745077Z [0;34m[INFO][0m 
2026-10-08T02:35:48.4975258Z [ 1/26] aai-friction         [0;32mPASS[0m (60.0s)
2026-10-08T02:36:00.5089264Z [ 2/26] aai-merge-policy     [0;32mPASS[0m (72.0s)
2026-10-08T02:36:10.2712093Z [ 3/26] aai-delta-stage3     [0;31mFAIL[0m (82.0s) [tripwire NOT ATTESTED — suite exited 1 before completing]
2026-10-08T02:36:10.2713340Z --- Error Details (aai-delta-stage3) ---
2026-10-08T02:36:10.2713821Z --- failure lines (whole log) ---
2026-10-08T02:36:10.2764674Z 29:FAIL: Expected 'Verdict: CLEAN' in /tmp/aai-docs-audit-test.pm3Vt3/silence-live-1349.log
2026-10-08T02:36:10.2765358Z 30:FAIL: TEST-007: sibling suite failed: test-aai-docs-audit.sh
2026-10-08T02:36:10.2781334Z --- tail (last 30 lines) ---
2026-10-08T02:36:10.2793577Z === Test: aai-delta-stage3 (spec-delta-stage-3 / RFC-0011 delta-spec lifecycle) ===
2026-10-08T02:36:10.2794609Z INFO: Checking dependencies...
2026-10-08T02:36:10.2794979Z PASS: Dependencies checked
2026-10-08T02:36:10.2795656Z INFO: TEST-001: delta-merge applies ADDED/MODIFIED/REMOVED; untouched lines byte-identical (int)...
2026-10-08T02:36:10.2796431Z PASS: TEST-001: ADDED->004 (retired 003 not reused), MODIFIED body+title+Provenance, REMOVED tombstone; untouched lines byte-identical
2026-10-08T02:36:10.2797137Z INFO: TEST-002: fail-closed on violation / missing doc / absent id / title collision; ZERO writes (int)...
2026-10-08T02:36:10.2798081Z PASS: TEST-002: all four fail-closed preconditions exit non-zero, name the reason, leave the canonical byte-unchanged
2026-10-08T02:36:10.2799080Z INFO: TEST-003: a second delta-merge for the same spec is byte-identical (int)...
2026-10-08T02:36:10.2800011Z PASS: TEST-003: second run byte-identical; ADDED not re-appended; REMOVED-already-gone a clean no-op
2026-10-08T02:36:10.2801272Z INFO: TEST-008: MODIFIED adjacent to REMOVED — tombstone survives a byte-idempotent re-run (int)...
2026-10-08T02:36:10.2802234Z PASS: TEST-008: tombstone adjacent to a modified block survives; second run byte-identical
2026-10-08T02:36:10.2803253Z INFO: TEST-009: retired NNN not reused by a later ADDED across specs (int)...
2026-10-08T02:36:10.2804004Z PASS: TEST-009: ADDED took REQ-SPROCKETS-003; retired 002 never reused
2026-10-08T02:36:10.2805436Z INFO: TEST-010: cross-spec — modifying the block before a tombstone preserves it (int)...
2026-10-08T02:36:10.2806494Z PASS: TEST-010: SPEC-A's tombstone survives a later SPEC-B modification of the preceding block
2026-10-08T02:36:10.2807801Z INFO: TEST-006: SKILL_PR documents the delta-merge ceremony step; no stage-N token on edited .aai surfaces (unit)...
2026-10-08T02:36:10.2808965Z PASS: TEST-006: SKILL_PR carries the post-allocation, fail-closed, no-op-documented merge step; taxonomy clean
2026-10-08T02:36:10.2810404Z INFO: TEST-007: delta-stage1 + delta-stage2 + spec-lint + docs-audit suites pass; strict repo audit CLEAN (int)...
2026-10-08T02:36:10.2811521Z Testing aai-docs-audit skill (engine + fixtures)
2026-10-08T02:36:10.2811991Z INFO: Checking dependencies...
2026-10-08T02:36:10.2812352Z PASS: Dependencies checked
2026-10-08T02:36:10.2812743Z INFO: Setting up fixture repo...
2026-10-08T02:36:10.2813267Z PASS: Fixture repo ready
2026-10-08T02:36:10.2814179Z INFO: Test: --check --strict over the live tree exits 0 and every near-miss document it names is dispositioned in the spec (TEST-1351)...
2026-10-08T02:36:10.2815336Z PASS: Every near-miss document over the live corpus is dispositioned, and --check --strict still exits 0
2026-10-08T02:36:10.2816663Z INFO: Test: the docs-audit headline carries the near-miss count split into blocking and report-only, and it equals the section count (TEST-1348)...
2026-10-08T02:36:10.2817815Z PASS: The near-miss count is part of what the headline SAYS, and it agrees with the section
2026-10-08T02:36:10.2819212Z INFO: Test: the Verdict line names the unreadable AC tables when any exist, stays bare CLEAN when none do, and keeps the literal 'Verdict: CLEAN' substring either way (TEST-1349)...
2026-10-08T02:36:10.2820478Z FAIL: Expected 'Verdict: CLEAN' in /tmp/aai-docs-audit-test.pm3Vt3/silence-live-1349.log
2026-10-08T02:36:10.2821406Z FAIL: TEST-007: sibling suite failed: test-aai-docs-audit.sh
2026-10-08T02:36:10.2821883Z --- end aai-delta-stage3 ---
2026-10-08T02:36:46.4714306Z [ 4/26] aai-delta-stage2     [0;32mPASS[0m (35.0s)
2026-10-08T02:36:53.2177082Z [ 5/26] aai-release          [0;32mPASS[0m (51.0s)
2026-10-08T02:36:58.6704807Z [ 6/26] aai-run-tests        [0;32mPASS[0m (130.0s)
2026-10-08T02:37:12.2017307Z [ 7/26] aai-follow-ups       [0;32mPASS[0m (24.0s)
2026-10-08T02:37:14.8038958Z [ 8/26] aai-friction-capture-points [0;32mPASS[0m (15.0s)
2026-10-08T02:37:15.1853750Z [ 9/26] aai-pr-waiver        [0;32mPASS[0m (21.0s)
2026-10-08T02:37:18.2744964Z [10/26] aai-sweep-parallel   [0;32mPASS[0m (88.0s)
2026-10-08T02:37:23.5254989Z [11/26] aai-debug-gate       [0;32mPASS[0m (8.0s)
2026-10-08T02:37:25.2636925Z [12/26] aai-pr-platform      [0;32mPASS[0m (8.0s)
2026-10-08T02:37:26.0658713Z [13/26] aai-docs-lock        [0;32mPASS[0m (6.0s)
2026-10-08T02:37:30.3174960Z [14/26] aai-tdd-evidence     [0;32mPASS[0m (5.0s)
2026-10-08T02:37:30.7353414Z [15/26] aai-learned-routing  [0;32mPASS[0m (4.0s)
2026-10-08T02:37:32.1711283Z [16/26] aai-test-canon       [0;32mPASS[0m (5.0s)
2026-10-08T02:37:34.1804914Z [17/26] aai-docs-hub         [0;32mPASS[0m (2.0s)
2026-10-08T02:37:34.6926833Z [18/26] aai-orchestration-mode [0;32mPASS[0m (2.0s)
2026-10-08T02:37:35.9090687Z [19/26] aai-layer-drift      [0;32mPASS[0m (3.0s)
2026-10-08T02:37:36.5073494Z [20/26] aai-antigravity-project-skills [0;32mPASS[0m (0.0s)
2026-10-08T02:37:37.3658688Z [21/26] aai-implementation-mode [0;32mPASS[0m (0.0s)
2026-10-08T02:37:38.4010815Z [22/26] aai-prompt-hash      [0;32mPASS[0m (0.0s)
2026-10-08T02:37:38.7568614Z [23/26] aai-share            [0;32mPASS[0m (0.0s)
2026-10-08T02:37:39.1540255Z [24/26] aai-token-capture    [0;32mPASS[0m (3.0s)
2026-10-08T02:37:39.8541795Z [25/26] aai-userguide-rollup [0;32mPASS[0m (0.0s)
2026-10-08T02:37:40.7268887Z [26/26] aai-ride-select      [0;32mPASS[0m (27.0s)
2026-10-08T02:37:40.7606589Z [0;34m[INFO][0m 
2026-10-08T02:37:40.7606853Z [0;34m[INFO][0m 
2026-10-08T02:37:40.7607624Z [0;34m[INFO][0m =========================================
2026-10-08T02:37:40.7608103Z [0;34m[INFO][0m Test Summary
2026-10-08T02:37:40.7608659Z [0;34m[INFO][0m =========================================
2026-10-08T02:37:40.7609069Z [0;34m[INFO][0m Total:   26
2026-10-08T02:37:40.7609740Z [0;32m[PASS][0m Passed:  25 (96%)
2026-10-08T02:37:40.7610667Z [0;34m[INFO][0m Tripwire: 25/26 suite(s) attested clean; 1 not attested (skipped, failed, allowlisted, or unguarded)
2026-10-08T02:37:40.7611527Z [0;34m[INFO][0m Isolation: 26/26 suite(s) isolated; 0 degraded
2026-10-08T02:37:40.7612229Z [0;34m[INFO][0m Seeding: 26/26 suite(s) fully seeded; 0 partial; 0 skipped
2026-10-08T02:37:40.7613532Z [0;34m[INFO][0m Concurrency: width 4; 0 wave(s) re-run serially (0 suite(s) total) to attribute a shipping-repository change
2026-10-08T02:37:40.7614279Z [0;34m[INFO][0m 
2026-10-08T02:37:40.7615012Z [0;34m[INFO][0m Results saved to: /home/runner/work/aai/aai/tests/skills/results/test-20261008-023446
2026-10-08T02:37:40.7615757Z [0;31m[FAIL][0m Failed:  1 (3%)
2026-10-08T02:37:40.8040197Z ##[error]Process completed with exit code 1.
2026-10-08T02:37:40.8157468Z Post job cleanup.
2026-10-08T02:37:40.8843205Z [command]/usr/bin/git version
2026-10-08T02:37:40.8880524Z git version 2.55.0
2026-10-08T02:37:40.8912688Z Temporarily overriding HOME='/home/runner/work/_temp/16907008-f349-4bae-a2e1-f86a8d2994b5' before making global git config changes
2026-10-08T02:37:40.8913680Z Adding repository directory to the temporary git global config as a safe directory
2026-10-08T02:37:40.8917445Z [command]/usr/bin/git config --global --add safe.directory /home/runner/work/aai/aai
2026-10-08T02:37:40.8950263Z [command]/usr/bin/git config --local --name-only --get-regexp core\.sshCommand
2026-10-08T02:37:40.8979031Z [command]/usr/bin/git submodule foreach --recursive sh -c "git config --local --name-only --get-regexp 'core\.sshCommand' && git config --local --unset-all 'core.sshCommand' || :"
2026-10-08T02:37:40.9191716Z [command]/usr/bin/git config --local --name-only --get-regexp http\.https\:\/\/github\.com\/\.extraheader
2026-10-08T02:37:40.9213174Z http.https://github.com/.extraheader
2026-10-08T02:37:40.9222494Z [command]/usr/bin/git config --local --unset-all http.https://github.com/.extraheader
2026-10-08T02:37:40.9254018Z [command]/usr/bin/git submodule foreach --recursive sh -c "git config --local --name-only --get-regexp 'http\.https\:\/\/github\.com\/\.extraheader' && git config --local --unset-all 'http.https://github.com/.extraheader' || :"
2026-10-08T02:37:40.9463696Z [command]/usr/bin/git config --local --name-only --get-regexp ^includeIf\.gitdir:
2026-10-08T02:37:40.9500771Z [command]/usr/bin/git submodule foreach --recursive git config --local --show-origin --name-only --get-regexp remote.origin.url
2026-10-08T02:37:40.9875794Z Cleaning up orphan processes
2026-10-08T02:37:41.0101549Z ##[warning]Node.js 20 is deprecated. The following actions target Node.js 20 but are being forced to run on Node.js 24: actions/checkout@v4, actions/setup-node@v4. For more information see: https://github.blog/changelog/2025-09-19-deprecation-of-node-20-on-github-actions-runners/
