2026-10-08T02:34:36.5478457Z Current runner version: '2.337.0'
2026-10-08T02:34:36.5497830Z ##[group]Runner Image Provisioner
2026-10-08T02:34:36.5498416Z Hosted Compute Agent
2026-10-08T02:34:36.5498870Z Version: 20261002.596
2026-10-08T02:34:36.5499303Z Commit: c3d12f3313a95f25162a1503be624f3b0617f8c0
2026-10-08T02:34:36.5499739Z Build Date: 2026-10-02T22:28:27Z
2026-10-08T02:34:36.5500210Z Worker ID: {939dc9cb-10d3-46b2-819e-711045e93538}
2026-10-08T02:34:36.5500649Z Region: centralus
2026-10-08T02:34:36.5501025Z Cloud: Azure
2026-10-08T02:34:36.5501417Z ##[endgroup]
2026-10-08T02:34:36.5502272Z ##[group]Operating System
2026-10-08T02:34:36.5502700Z Ubuntu
2026-10-08T02:34:36.5503029Z 24.04.5
2026-10-08T02:34:36.5503377Z LTS
2026-10-08T02:34:36.5503748Z ##[endgroup]
2026-10-08T02:34:36.5504095Z ##[group]Runner Image
2026-10-08T02:34:36.5504503Z Image: ubuntu-24.04
2026-10-08T02:34:36.5504863Z Version: 20261004.327.1
2026-10-08T02:34:36.5505735Z Included Software: https://github.com/actions/runner-images/blob/ubuntu24/20261004.327/images/ubuntu/Ubuntu2404-Readme.md
2026-10-08T02:34:36.5506652Z Image Release: https://github.com/actions/runner-images/releases/tag/ubuntu24%2F20261004.327
2026-10-08T02:34:36.5507273Z ##[endgroup]
2026-10-08T02:34:36.5508075Z ##[group]GITHUB_TOKEN Permissions
2026-10-08T02:34:36.5509551Z Contents: read
2026-10-08T02:34:36.5509918Z Metadata: read
2026-10-08T02:34:36.5510355Z ##[endgroup]
2026-10-08T02:34:36.5511774Z Secret source: Actions
2026-10-08T02:34:36.5512323Z Cache mode: write
2026-10-08T02:34:36.5512866Z Prepare workflow directory
2026-10-08T02:34:36.5794074Z Prepare all required actions
2026-10-08T02:34:36.5826157Z Getting action download info
2026-10-08T02:34:36.8103809Z Download action repository 'actions/checkout@v4' (SHA:11d5960a326750d5838078e36cf38b85af677262)
2026-10-08T02:34:36.9024305Z Download action repository 'actions/setup-node@v4' (SHA:49933ea5288caeca8642d1e84afbd3f7d6820020)
2026-10-08T02:34:37.0669268Z Complete job name: skill test suite (full framework, via test-framework.sh) (4)
2026-10-08T02:34:37.1263491Z ##[group]Run actions/checkout@v4
2026-10-08T02:34:37.1263927Z with:
2026-10-08T02:34:37.1264167Z   fetch-depth: 0
2026-10-08T02:34:37.1264428Z   repository: goodwind-cz/aai
2026-10-08T02:34:37.1266471Z   token: ***
2026-10-08T02:34:37.1266708Z   ssh-strict: true
2026-10-08T02:34:37.1266958Z   ssh-user: git
2026-10-08T02:34:37.1267215Z   persist-credentials: true
2026-10-08T02:34:37.1267732Z   clean: true
2026-10-08T02:34:37.1267988Z   sparse-checkout-cone-mode: true
2026-10-08T02:34:37.1268283Z   fetch-tags: false
2026-10-08T02:34:37.1268542Z   show-progress: true
2026-10-08T02:34:37.1268799Z   lfs: false
2026-10-08T02:34:37.1269035Z   submodules: false
2026-10-08T02:34:37.1269294Z   set-safe-directory: true
2026-10-08T02:34:37.1269585Z   allow-unsafe-pr-checkout: false
2026-10-08T02:34:37.1269963Z env:
2026-10-08T02:34:37.1270188Z   AAI_TEST_PARALLEL: 4
2026-10-08T02:34:37.1270444Z ##[endgroup]
2026-10-08T02:34:37.1999290Z Syncing repository: goodwind-cz/aai
2026-10-08T02:34:37.2000754Z ##[group]Getting Git version info
2026-10-08T02:34:37.2001123Z Working directory is '/home/runner/work/aai/aai'
2026-10-08T02:34:37.2001656Z [command]/usr/bin/git version
2026-10-08T02:34:37.2088388Z git version 2.55.0
2026-10-08T02:34:37.2103837Z ##[endgroup]
2026-10-08T02:34:37.2115896Z Temporarily overriding HOME='/home/runner/work/_temp/584ea8ea-caa5-4210-a973-05d91dffcb04' before making global git config changes
2026-10-08T02:34:37.2117142Z Adding repository directory to the temporary git global config as a safe directory
2026-10-08T02:34:37.2120292Z [command]/usr/bin/git config --global --add safe.directory /home/runner/work/aai/aai
2026-10-08T02:34:37.2169228Z Deleting the contents of '/home/runner/work/aai/aai'
2026-10-08T02:34:37.2174498Z ##[group]Initializing the repository
2026-10-08T02:34:37.2177078Z [command]/usr/bin/git init /home/runner/work/aai/aai
2026-10-08T02:34:37.2284859Z hint: Using 'master' as the name for the initial branch. This default branch name
2026-10-08T02:34:37.2288549Z hint: will change to "main" in Git 3.0. To configure the initial branch name
2026-10-08T02:34:37.2289812Z hint: to use in all of your new repositories, which will suppress this warning,
2026-10-08T02:34:37.2290442Z hint: call:
2026-10-08T02:34:37.2290779Z hint:
2026-10-08T02:34:37.2291228Z hint: 	git config --global init.defaultBranch <name>
2026-10-08T02:34:37.2291744Z hint:
2026-10-08T02:34:37.2292229Z hint: Names commonly chosen instead of 'master' are 'main', 'trunk' and
2026-10-08T02:34:37.2292995Z hint: 'development'. The just-created branch can be renamed via this command:
2026-10-08T02:34:37.2293644Z hint:
2026-10-08T02:34:37.2293994Z hint: 	git branch -m <name>
2026-10-08T02:34:37.2294401Z hint:
2026-10-08T02:34:37.2294939Z hint: Disable this message with "git config set advice.defaultBranchName false"
2026-10-08T02:34:37.2296040Z Initialized empty Git repository in /home/runner/work/aai/aai/.git/
2026-10-08T02:34:37.2298719Z [command]/usr/bin/git remote add origin https://github.com/goodwind-cz/aai
2026-10-08T02:34:37.2348197Z ##[endgroup]
2026-10-08T02:34:37.2348959Z ##[group]Disabling automatic garbage collection
2026-10-08T02:34:37.2351325Z [command]/usr/bin/git config --local gc.auto 0
2026-10-08T02:34:37.2381871Z ##[endgroup]
2026-10-08T02:34:37.2382532Z ##[group]Setting up auth
2026-10-08T02:34:37.2388560Z [command]/usr/bin/git config --local --name-only --get-regexp core\.sshCommand
2026-10-08T02:34:37.2425340Z [command]/usr/bin/git submodule foreach --recursive sh -c "git config --local --name-only --get-regexp 'core\.sshCommand' && git config --local --unset-all 'core.sshCommand' || :"
2026-10-08T02:34:37.2761364Z [command]/usr/bin/git config --local --name-only --get-regexp http\.https\:\/\/github\.com\/\.extraheader
2026-10-08T02:34:37.2791513Z [command]/usr/bin/git submodule foreach --recursive sh -c "git config --local --name-only --get-regexp 'http\.https\:\/\/github\.com\/\.extraheader' && git config --local --unset-all 'http.https://github.com/.extraheader' || :"
2026-10-08T02:34:37.2988482Z [command]/usr/bin/git config --local --name-only --get-regexp ^includeIf\.gitdir:
2026-10-08T02:34:37.3019413Z [command]/usr/bin/git submodule foreach --recursive git config --local --show-origin --name-only --get-regexp remote.origin.url
2026-10-08T02:34:37.3203635Z [command]/usr/bin/git config --local http.https://github.com/.extraheader AUTHORIZATION: basic ***
2026-10-08T02:34:37.3241016Z ##[endgroup]
2026-10-08T02:34:37.3241675Z ##[group]Fetching the repository
2026-10-08T02:34:37.3248738Z [command]/usr/bin/git -c protocol.version=2 fetch --prune --no-recurse-submodules origin +refs/heads/*:refs/remotes/origin/* +refs/tags/*:refs/tags/* +ccd66fcdd0d5cd8689cdaed1b61cfd4365166e5d:refs/remotes/pull/434/merge
2026-10-08T02:34:40.1429506Z From https://github.com/goodwind-cz/aai
2026-10-08T02:34:40.1432093Z  * [new branch]        change/amendment-signature-asks-the-owner-too-often -> origin/change/amendment-signature-asks-the-owner-too-often
2026-10-08T02:34:40.1435306Z  * [new branch]        change/downstream-rides-ask-no-governance-questions -> origin/change/downstream-rides-ask-no-governance-questions
2026-10-08T02:34:40.1438556Z  * [new branch]        change/original-request-outcome-backcheck -> origin/change/original-request-outcome-backcheck
2026-10-08T02:34:40.1441218Z  * [new branch]        change/pr-capability-preflight           -> origin/change/pr-capability-preflight
2026-10-08T02:34:40.1443770Z  * [new branch]        change/roadmap-serves-downstream-projects -> origin/change/roadmap-serves-downstream-projects
2026-10-08T02:34:40.1446258Z  * [new branch]        chore/close-userguide-catalog-item       -> origin/chore/close-userguide-catalog-item
2026-10-08T02:34:40.1450263Z  * [new branch]        chore/intake-routing-tables-owner-and-seam -> origin/chore/intake-routing-tables-owner-and-seam
2026-10-08T02:34:40.1452820Z  * [new branch]        chore/release-v2026.09.25                -> origin/chore/release-v2026.09.25
2026-10-08T02:34:40.1454940Z  * [new branch]        chore/release-v2026.09.28                -> origin/chore/release-v2026.09.28
2026-10-08T02:34:40.1457375Z  * [new branch]        chore/wave-3-intakes                     -> origin/chore/wave-3-intakes
2026-10-08T02:34:40.1460296Z  * [new branch]        cursor/feedback-triage-missing-output-dir-a7ce -> origin/cursor/feedback-triage-missing-output-dir-a7ce
2026-10-08T02:34:40.1462601Z  * [new branch]        cursor/gpt-6-pricing-family-67e6         -> origin/cursor/gpt-6-pricing-family-67e6
2026-10-08T02:34:40.1464965Z  * [new branch]        cursor/mutation-clone-fidelity-windows-eol-a7ce -> origin/cursor/mutation-clone-fidelity-windows-eol-a7ce
2026-10-08T02:34:40.1468591Z  * [new branch]        cursor/mutation-clone-windows-run-chain-5e0a -> origin/cursor/mutation-clone-windows-run-chain-5e0a
2026-10-08T02:34:40.1471385Z  * [new branch]        cursor/polydao-graph-loop-ideas-fa9c     -> origin/cursor/polydao-graph-loop-ideas-fa9c
2026-10-08T02:34:40.1473645Z  * [new branch]        cursor/pricing-missing-models-and-refresh-94d5 -> origin/cursor/pricing-missing-models-and-refresh-94d5
2026-10-08T02:34:40.1476052Z  * [new branch]        cursor/prompts-invoke-wsl-bash-on-windows-a7ce -> origin/cursor/prompts-invoke-wsl-bash-on-windows-a7ce
2026-10-08T02:34:40.1479259Z  * [new branch]        cursor/strategy-unscoped-from-current-focus-a7ce -> origin/cursor/strategy-unscoped-from-current-focus-a7ce
2026-10-08T02:34:40.1481176Z  * [new branch]        exp-0113-phase1                          -> origin/exp-0113-phase1
2026-10-08T02:34:40.1482764Z  * [new branch]        feat/antigravity-cli-skill-paths         -> origin/feat/antigravity-cli-skill-paths
2026-10-08T02:34:40.1484588Z  * [new branch]        feat/canon-is-a-build-artifact           -> origin/feat/canon-is-a-build-artifact
2026-10-08T02:34:40.1486482Z  * [new branch]        feat/cheap-model-in-practice             -> origin/feat/cheap-model-in-practice
2026-10-08T02:34:40.1488419Z  * [new branch]        feat/dev-progress-hub                    -> origin/feat/dev-progress-hub
2026-10-08T02:34:40.1490394Z  * [new branch]        feat/feedback-upsert-review              -> origin/feat/feedback-upsert-review
2026-10-08T02:34:40.1492261Z  * [new branch]        feat/friction-channel-sweep              -> origin/feat/friction-channel-sweep
2026-10-08T02:34:40.1494102Z  * [new branch]        feat/learned-append-gate                 -> origin/feat/learned-append-gate
2026-10-08T02:34:40.1496129Z  * [new branch]        feat/original-request-outcome-backcheck  -> origin/feat/original-request-outcome-backcheck
2026-10-08T02:34:40.1498411Z  * [new branch]        feat/pr-post-open-review-sweep           -> origin/feat/pr-post-open-review-sweep
2026-10-08T02:34:40.1500426Z  * [new branch]        feat/product-docs-enforced               -> origin/feat/product-docs-enforced
2026-10-08T02:34:40.1502387Z  * [new branch]        feat/prompt-hash-telemetry               -> origin/feat/prompt-hash-telemetry
2026-10-08T02:34:40.1504303Z  * [new branch]        feat/roadmap-takes-direction             -> origin/feat/roadmap-takes-direction
2026-10-08T02:34:40.1506188Z  * [new branch]        feat/role-output-contracts               -> origin/feat/role-output-contracts
2026-10-08T02:34:40.1508125Z  * [new branch]        feat/universality-proof                  -> origin/feat/universality-proof
2026-10-08T02:34:40.1510006Z  * [new branch]        feature/remote-orchestration             -> origin/feature/remote-orchestration
2026-10-08T02:34:40.1512193Z  * [new branch]        fix/canonical-provenance-archived-sources -> origin/fix/canonical-provenance-archived-sources
2026-10-08T02:34:40.1514392Z  * [new branch]        fix/closeout-display-id-match            -> origin/fix/closeout-display-id-match
2026-10-08T02:34:40.1516601Z  * [new branch]        fix/feedback-pipeline-discoverability    -> origin/fix/feedback-pipeline-discoverability
2026-10-08T02:34:40.1518934Z  * [new branch]        fix/gate-checks-declared-mutation        -> origin/fix/gate-checks-declared-mutation
2026-10-08T02:34:40.1521142Z  * [new branch]        fix/growth-pins-dont-wall-the-corpus     -> origin/fix/growth-pins-dont-wall-the-corpus
2026-10-08T02:34:40.1523814Z  * [new branch]        fix/worktree-lacks-vendored-aai-layer-downstream-wt -> origin/fix/worktree-lacks-vendored-aai-layer-downstream-wt
2026-10-08T02:34:40.1525920Z  * [new branch]        main                                     -> origin/main
2026-10-08T02:34:40.1527687Z  * [new branch]        research/polydao-verdicts                -> origin/research/polydao-verdicts
2026-10-08T02:34:40.1529264Z  * [new tag]           v2026.07.04                              -> v2026.07.04
2026-10-08T02:34:40.1530524Z  * [new tag]           v2026.07.20                              -> v2026.07.20
2026-10-08T02:34:40.1531782Z  * [new tag]           v2026.07.22                              -> v2026.07.22
2026-10-08T02:34:40.1533035Z  * [new tag]           v2026.07.24                              -> v2026.07.24
2026-10-08T02:34:40.1534289Z  * [new tag]           v2026.07.26                              -> v2026.07.26
2026-10-08T02:34:40.1535548Z  * [new tag]           v2026.07.28                              -> v2026.07.28
2026-10-08T02:34:40.1536789Z  * [new tag]           v2026.07.28.1                            -> v2026.07.28.1
2026-10-08T02:34:40.1538137Z  * [new tag]           v2026.07.29                              -> v2026.07.29
2026-10-08T02:34:40.1539363Z  * [new tag]           v2026.07.30                              -> v2026.07.30
2026-10-08T02:34:40.1540585Z  * [new tag]           v2026.08.01                              -> v2026.08.01
2026-10-08T02:34:40.1541826Z  * [new tag]           v2026.08.02                              -> v2026.08.02
2026-10-08T02:34:40.1543057Z  * [new tag]           v2026.08.03                              -> v2026.08.03
2026-10-08T02:34:40.1544310Z  * [new tag]           v2026.08.03.2                            -> v2026.08.03.2
2026-10-08T02:34:40.1545564Z  * [new tag]           v2026.08.04                              -> v2026.08.04
2026-10-08T02:34:40.1546935Z  * [new tag]           v2026.08.05                              -> v2026.08.05
2026-10-08T02:34:40.1548290Z  * [new tag]           v2026.08.07                              -> v2026.08.07
2026-10-08T02:34:40.1549525Z  * [new tag]           v2026.08.08                              -> v2026.08.08
2026-10-08T02:34:40.1550749Z  * [new tag]           v2026.08.11                              -> v2026.08.11
2026-10-08T02:34:40.1551973Z  * [new tag]           v2026.08.12                              -> v2026.08.12
2026-10-08T02:34:40.1553199Z  * [new tag]           v2026.08.13                              -> v2026.08.13
2026-10-08T02:34:40.1554428Z  * [new tag]           v2026.08.13.2                            -> v2026.08.13.2
2026-10-08T02:34:40.1555666Z  * [new tag]           v2026.08.14                              -> v2026.08.14
2026-10-08T02:34:40.1556904Z  * [new tag]           v2026.08.16                              -> v2026.08.16
2026-10-08T02:34:40.1558240Z  * [new tag]           v2026.08.23                              -> v2026.08.23
2026-10-08T02:34:40.1559467Z  * [new tag]           v2026.08.27                              -> v2026.08.27
2026-10-08T02:34:40.1560686Z  * [new tag]           v2026.08.29                              -> v2026.08.29
2026-10-08T02:34:40.1561903Z  * [new tag]           v2026.09.01                              -> v2026.09.01
2026-10-08T02:34:40.1563123Z  * [new tag]           v2026.09.06                              -> v2026.09.06
2026-10-08T02:34:40.1564358Z  * [new tag]           v2026.09.08                              -> v2026.09.08
2026-10-08T02:34:40.1565611Z  * [new tag]           v2026.09.09                              -> v2026.09.09
2026-10-08T02:34:40.1566841Z  * [new tag]           v2026.09.21                              -> v2026.09.21
2026-10-08T02:34:40.1568199Z  * [new tag]           v2026.09.25                              -> v2026.09.25
2026-10-08T02:34:40.1569436Z  * [new tag]           v2026.09.28                              -> v2026.09.28
2026-10-08T02:34:40.1570674Z  * [new tag]           v2026.09.30                              -> v2026.09.30
2026-10-08T02:34:40.1571987Z  * [new tag]           v2026.10.02                              -> v2026.10.02
2026-10-08T02:34:40.1573312Z  * [new ref]           ccd66fcdd0d5cd8689cdaed1b61cfd4365166e5d -> pull/434/merge
2026-10-08T02:34:40.1574946Z  * [new tag]           test-fixture-pre-f2-close-work-item      -> test-fixture-pre-f2-close-work-item
2026-10-08T02:34:40.1576669Z  * [new tag]           test-fixture-pre-f3-guard                -> test-fixture-pre-f3-guard
2026-10-08T02:34:40.1579864Z ##[endgroup]
2026-10-08T02:34:40.1580996Z ##[group]Determining the checkout info
2026-10-08T02:34:40.1582197Z ##[endgroup]
2026-10-08T02:34:40.1582863Z [command]/usr/bin/git sparse-checkout disable
2026-10-08T02:34:40.1630801Z [command]/usr/bin/git config --local --unset-all extensions.worktreeConfig
2026-10-08T02:34:40.1663542Z ##[group]Checking out the ref
2026-10-08T02:34:40.1665901Z [command]/usr/bin/git checkout --progress --force refs/remotes/pull/434/merge
2026-10-08T02:34:40.3549079Z Note: switching to 'refs/remotes/pull/434/merge'.
2026-10-08T02:34:40.3549803Z 
2026-10-08T02:34:40.3550271Z You are in 'detached HEAD' state. You can look around, make experimental
2026-10-08T02:34:40.3551275Z changes and commit them, and you can discard any commits you make in this
2026-10-08T02:34:40.3552295Z state without impacting any branches by switching back to a branch.
2026-10-08T02:34:40.3552817Z 
2026-10-08T02:34:40.3553213Z If you want to create a new branch to retain commits you create, you may
2026-10-08T02:34:40.3554096Z do so (now or later) by using -c with the switch command. Example:
2026-10-08T02:34:40.3554587Z 
2026-10-08T02:34:40.3554902Z   git switch -c <new-branch-name>
2026-10-08T02:34:40.3555298Z 
2026-10-08T02:34:40.3555599Z Or undo this operation with:
2026-10-08T02:34:40.3555982Z 
2026-10-08T02:34:40.3556255Z   git switch -
2026-10-08T02:34:40.3556600Z 
2026-10-08T02:34:40.3557613Z Turn off this advice by setting config variable advice.detachedHead to false
2026-10-08T02:34:40.3558202Z 
2026-10-08T02:34:40.3558789Z HEAD is now at ccd66fcd Merge 1691558c034e13258a31b8288df5642f6263a8cb into bdeb425c040ada918dd97e5b878b71e420bad83a
2026-10-08T02:34:40.3568857Z ##[endgroup]
2026-10-08T02:34:40.3614522Z [command]/usr/bin/git log -1 --format=%H
2026-10-08T02:34:40.3642377Z ccd66fcdd0d5cd8689cdaed1b61cfd4365166e5d
2026-10-08T02:34:40.3917294Z ##[group]Run actions/setup-node@v4
2026-10-08T02:34:40.3917899Z with:
2026-10-08T02:34:40.3918051Z   node-version: 20
2026-10-08T02:34:40.3918203Z   always-auth: false
2026-10-08T02:34:40.3918360Z   check-latest: false
2026-10-08T02:34:40.3919690Z   token: ***
2026-10-08T02:34:40.3919837Z env:
2026-10-08T02:34:40.3919982Z   AAI_TEST_PARALLEL: 4
2026-10-08T02:34:40.3920138Z ##[endgroup]
2026-10-08T02:34:40.4867496Z Attempting to download 20...
2026-10-08T02:34:40.4938930Z (node:2083) [DEP0040] DeprecationWarning: The `punycode` module is deprecated. Please use a userland alternative instead.
2026-10-08T02:34:40.4939533Z (Use `node --trace-deprecation ...` to show where the warning was created)
2026-10-08T02:34:41.1879259Z Acquiring 20.20.2 - x64 from https://github.com/actions/node-versions/releases/download/20.20.2-23521894959/node-20.20.2-linux-x64.tar.gz
2026-10-08T02:34:41.7147876Z Extracting ...
2026-10-08T02:34:41.7230497Z [command]/usr/bin/tar xz --strip 1 --warning=no-unknown-keyword --overwrite -C /home/runner/work/_temp/1b940090-b08c-4925-812b-d85690c6fc0a -f /home/runner/work/_temp/570cff2e-cadf-4523-b77a-13179d5c07fd
2026-10-08T02:34:42.4800303Z Adding to the cache ...
2026-10-08T02:34:44.0114380Z ##[group]Environment details
2026-10-08T02:34:44.1624323Z node: v20.20.2
2026-10-08T02:34:44.1624712Z npm: 10.8.2
2026-10-08T02:34:44.1624885Z yarn: 1.22.22
2026-10-08T02:34:44.1625326Z ##[endgroup]
2026-10-08T02:34:44.1800766Z ##[group]Run set -euo pipefail
2026-10-08T02:34:44.1801028Z [36;1mset -euo pipefail[0m
2026-10-08T02:34:44.1801211Z [36;1mprintf '%s\n' "$SHARD_PLAN" > shard-plan.txt[0m
2026-10-08T02:34:44.1801719Z [36;1mbash tests/skills/lib/shard-plan-check.sh --check shard-plan.txt tests/skills >/dev/null[0m
2026-10-08T02:34:44.1801982Z [36;1mif [ "4" = "all" ]; then[0m
2026-10-08T02:34:44.1802158Z [36;1m  bash tests/skills/test-framework.sh[0m
2026-10-08T02:34:44.1802337Z [36;1melse[0m
2026-10-08T02:34:44.1802544Z [36;1m  SUITES="$(bash tests/skills/lib/shard-plan-check.sh --extract 4 shard-plan.txt)"[0m
2026-10-08T02:34:44.1802780Z [36;1m  args=()[0m
2026-10-08T02:34:44.1802911Z [36;1m  for s in $SUITES; do[0m
2026-10-08T02:34:44.1803062Z [36;1m    args+=(--skill "$s")[0m
2026-10-08T02:34:44.1803199Z [36;1m  done[0m
2026-10-08T02:34:44.1803350Z [36;1m  bash tests/skills/test-framework.sh "${args[@]}"[0m
2026-10-08T02:34:44.1803526Z [36;1mfi[0m
2026-10-08T02:34:44.2033852Z shell: /usr/bin/bash -e {0}
2026-10-08T02:34:44.2034035Z env:
2026-10-08T02:34:44.2034154Z   AAI_TEST_PARALLEL: 4
2026-10-08T02:34:44.2040907Z   SHARD_PLAN: SHARD 1 aai-learned-append weight=434
SHARD 1 aai-hygiene-pack weight=313
SHARD 1 aai-ceremony-levels weight=120
SHARD 1 aai-feedback-upsert weight=91
SHARD 1 aai-mutation-gate weight=82
SHARD 1 aai-suite-isolation weight=77
SHARD 1 aai-doc-numbering weight=43
SHARD 1 aai-orchestration-dispatch weight=39
SHARD 1 aai-git-ref-guard weight=28
SHARD 1 aai-roadmap weight=22
SHARD 1 aai-hooks-overlay weight=18
SHARD 1 aai-factory-report weight=12
SHARD 1 aai-outcome-backcheck weight=10
SHARD 1 aai-canon weight=7
SHARD 1 aai-spec-tools weight=6
SHARD 1 aai-heartbeat weight=5
SHARD 1 aai-role-output weight=5
SHARD 1 aai-docs-canon weight=4
SHARD 1 aai-check-state weight=3
SHARD 1 aai-issues weight=3
SHARD 1 aai-redact weight=3
SHARD 1 aai-session-lock weight=2
SHARD 1 aai-pricing weight=1
SHARD 1 aai-runtime-file weight=1
SHARD 1 aai-userguide-drift weight=1
SHARD 2 aai-merge-policy weight=434
SHARD 2 aai-delta-stage3 weight=278
SHARD 2 aai-run-tests weight=135
SHARD 2 aai-friction weight=93
SHARD 2 aai-sweep-parallel weight=91
SHARD 2 aai-release weight=81
SHARD 2 aai-delta-stage2 weight=56
SHARD 2 aai-follow-ups weight=37
SHARD 2 aai-pr-waiver weight=27
SHARD 2 aai-friction-capture-points weight=19
SHARD 2 aai-ride-select weight=18
SHARD 2 aai-debug-gate weight=10
SHARD 2 aai-pr-platform weight=10
SHARD 2 aai-docs-lock weight=7
SHARD 2 aai-tdd-evidence weight=6
SHARD 2 aai-learned-routing weight=5
SHARD 2 aai-test-canon weight=5
SHARD 2 aai-orchestration-mode weight=4
SHARD 2 aai-docs-hub weight=3
SHARD 2 aai-layer-drift weight=3
SHARD 2 aai-token-capture weight=3
SHARD 2 aai-antigravity-project-skills weight=1
SHARD 2 aai-implementation-mode weight=1
SHARD 2 aai-prompt-hash weight=1
SHARD 2 aai-share weight=1
SHARD 2 aai-userguide-rollup weight=1
SHARD 3 aai-pr-preflight weight=434
SHARD 3 aai-sync-seed weight=234
SHARD 3 aai-doctor weight=149
SHARD 3 aai-doc-number-reservation weight=97
SHARD 3 aai-friction-wiring weight=91
SHARD 3 aai-golden-flow weight=81
SHARD 3 aai-ledger-merge weight=66
SHARD 3 aai-deslop weight=40
SHARD 3 aai-update-check weight=32
SHARD 3 aai-state weight=27
SHARD 3 aai-intake weight=17
SHARD 3 aai-constitution weight=11
SHARD 3 aai-win-fallback weight=10
SHARD 3 aai-hitl-channel weight=6
SHARD 3 aai-routine weight=6
SHARD 3 aai-bootstrap weight=5
SHARD 3 aai-prompt-diet weight=5
SHARD 3 aai-delta-stage1 weight=4
SHARD 3 aai-verify-gate weight=4
SHARD 3 aai-orphan-sweep weight=3
SHARD 3 aai-dashboard weight=2
SHARD 3 aai-reconcile-telemetry weight=2
SHARD 3 aai-pipe-safe weight=1
SHARD 3 aai-prune-stale-briefs weight=1
SHARD 3 aai-suite-select weight=1
SHARD 3 aai-validator-isolation weight=1
SHARD 4 aai-worktree-seed weight=434
SHARD 4 aai-docs-audit weight=161
SHARD 4 aai-repo-tripwire weight=155
SHARD 4 aai-close-work-item weight=112
SHARD 4 aai-hitl-propagation weight=93
SHARD 4 aai-metrics weight=89
SHARD 4 aai-layer-profiles weight=69
SHARD 4 aai-secrets-preflight weight=52
SHARD 4 aai-spec-lint weight=39
SHARD 4 aai-spec-amend weight=28
SHARD 4 aai-live-serve weight=19
SHARD 4 aai-close-reconcile weight=15
SHARD 4 aai-live-status weight=13
SHARD 4 aai-advisory-skills weight=9
SHARD 4 aai-branch-guard weight=9
SHARD 4 aai-update weight=6
SHARD 4 aai-lightweight-lane weight=5
SHARD 4 aai-unattended weight=5
SHARD 4 aai-overview weight=4
SHARD 4 aai-feedback-triage weight=3
SHARD 4 aai-product-docs weight=3
SHARD 4 aai-feedback-status weight=2
SHARD 4 aai-downstream-autopilot weight=1
SHARD 4 aai-planning-probes weight=1
SHARD 4 aai-r-guard weight=1
SHARD 4 aai-tdd weight=1
SHARD 4 aai-worktree weight=1
SHARDS count=4 suites=104
2026-10-08T02:34:44.2047605Z ##[endgroup]
2026-10-08T02:34:44.3265216Z 
2026-10-08T02:34:44.3271194Z AAI Skills Test Framework
2026-10-08T02:34:44.3271494Z =========================
2026-10-08T02:34:44.3271627Z 
2026-10-08T02:34:44.3288382Z [0;34m[INFO][0m Setting up results directory: /home/runner/work/aai/aai/tests/skills/results/test-20261008-023444
2026-10-08T02:34:44.3298082Z [0;34m[INFO][0m Checking system dependencies...
2026-10-08T02:34:44.4790923Z [0;32m[PASS][0m Dependencies checked
2026-10-08T02:34:44.5221388Z [0;34m[INFO][0m Isolation: every suite runs isolated in a disposable git checkout (its own .git, D1) seeded from the working tree
2026-10-08T02:34:44.5223182Z [0;34m[INFO][0m Concurrency: up to 4 suite(s) run at a time (AAI_TEST_PARALLEL=4). Set AAI_TEST_PARALLEL=1 for the serial execution model.
2026-10-08T02:34:44.5224135Z [0;34m[INFO][0m Discovering skill tests...
2026-10-08T02:34:44.5234874Z [0;34m[INFO][0m Found 27 test(s)
2026-10-08T02:34:44.5235198Z [0;34m[INFO][0m 
2026-10-08T02:34:44.5235490Z [0;34m[INFO][0m Running tests...
2026-10-08T02:34:44.5235782Z [0;34m[INFO][0m 
2026-10-08T02:34:53.2513510Z [ 1/27] aai-docs-audit       [0;31mFAIL[0m (7.0s) [tripwire NOT ATTESTED — suite exited 1 before completing]
2026-10-08T02:34:53.2573925Z --- Error Details (aai-docs-audit) ---
2026-10-08T02:34:53.2596959Z --- failure lines (whole log) ---
2026-10-08T02:34:53.2607812Z 11:FAIL: Expected 'Verdict: CLEAN' in /tmp/aai-docs-audit-test.L8hLmZ/silence-live-1349.log
2026-10-08T02:34:53.2612241Z --- tail (last 30 lines) ---
2026-10-08T02:34:53.2639123Z Testing aai-docs-audit skill (engine + fixtures)
2026-10-08T02:34:53.2658624Z INFO: Checking dependencies...
2026-10-08T02:34:53.2672519Z PASS: Dependencies checked
2026-10-08T02:34:53.2674163Z INFO: Setting up fixture repo...
2026-10-08T02:34:53.2674820Z PASS: Fixture repo ready
2026-10-08T02:34:53.2675601Z INFO: Test: --check --strict over the live tree exits 0 and every near-miss document it names is dispositioned in the spec (TEST-1351)...
2026-10-08T02:34:53.2676596Z PASS: Every near-miss document over the live corpus is dispositioned, and --check --strict still exits 0
2026-10-08T02:34:53.2678376Z INFO: Test: the docs-audit headline carries the near-miss count split into blocking and report-only, and it equals the section count (TEST-1348)...
2026-10-08T02:34:53.2679360Z PASS: The near-miss count is part of what the headline SAYS, and it agrees with the section
2026-10-08T02:34:53.2680499Z INFO: Test: the Verdict line names the unreadable AC tables when any exist, stays bare CLEAN when none do, and keeps the literal 'Verdict: CLEAN' substring either way (TEST-1349)...
2026-10-08T02:34:53.2681551Z FAIL: Expected 'Verdict: CLEAN' in /tmp/aai-docs-audit-test.L8hLmZ/silence-live-1349.log
2026-10-08T02:34:53.2682149Z --- end aai-docs-audit ---
2026-10-08T02:35:04.1365917Z [ 2/27] aai-worktree-seed    [0;32mPASS[0m (18.0s)
2026-10-08T02:35:51.2954480Z [ 3/27] aai-hitl-propagation [0;32mPASS[0m (57.0s)
2026-10-08T02:36:02.3964140Z [ 4/27] aai-close-work-item  [0;32mPASS[0m (76.0s)
2026-10-08T02:36:29.5909266Z [ 5/27] aai-metrics          [0;32mPASS[0m (84.0s)
2026-10-08T02:36:37.5933724Z [ 6/27] aai-layer-profiles   [0;32mPASS[0m (45.0s)
2026-10-08T02:36:44.3347993Z [ 7/27] aai-repo-tripwire    [0;31mFAIL[0m (118.0s) [tripwire NOT ATTESTED — suite exited 1 before completing]
2026-10-08T02:36:44.3349407Z --- Error Details (aai-repo-tripwire) ---
2026-10-08T02:36:44.3354501Z --- failure lines (whole log) ---
2026-10-08T02:36:44.3398519Z 9:FAIL TEST-006 fixed suites leave the real tree untouched
2026-10-08T02:36:44.3415216Z --- tail (last 30 lines) ---
2026-10-08T02:36:44.3424853Z === Test: aai-repo-tripwire (spec-suites-must-not-touch-the-shipping-repo) ===
2026-10-08T02:36:44.3425618Z PASS TEST-001 a dirty suite turns the framework run red, naming the suite and both changed paths; the clean suite in the same run still passes
2026-10-08T02:36:44.3426408Z PASS TEST-002 a suite that commits is caught by the HEAD half of the snapshot and both shas are named
2026-10-08T02:36:44.3427089Z PASS TEST-003 exit-42-is-SKIP still holds, and a skipped or crashed suite is reported NOT ATTESTED rather than counted clean
2026-10-08T02:36:44.3428164Z PASS TEST-004 an untouched tree keeps the run green and every exit code intact, at exactly one git status pair per suite (measured: 6 calls over 3 suites)
2026-10-08T02:36:44.3429059Z PASS TEST-005 tests/skills/results is git-ignored, so the framework's own run artifacts cannot masquerade as a suite's write
2026-10-08T02:36:44.3430044Z   TEST-006: test-aai-doc-numbering exited 1 — it must run to COMPLETION against the real tree, not abort early
2026-10-08T02:36:44.3430705Z   TEST-006: test-aai-deslop exited 1 — it must run to COMPLETION against the real tree, not abort early
2026-10-08T02:36:44.3431173Z FAIL TEST-006 fixed suites leave the real tree untouched
2026-10-08T02:36:44.3432256Z PASS TEST-007 the ad hoc funnel reports the same violation naming the command and the path, leaves every exit code untouched, is silent on a clean run and where the tripwire could never arm, and names both a missing library and a repository made unreadable mid-run
2026-10-08T02:36:44.3433528Z PASS TEST-008 the seeded ratchet warns for a known offender inside its listed paths, still fails it outside them, and still fails an unlisted suite
2026-10-08T02:36:44.3434282Z PASS TEST-009 a suite that leaves the repository unreadable fails closed instead of reading as clean
2026-10-08T02:36:44.3434920Z PASS TEST-010 a run whose tripwire could not arm at all labels every progress line NOT ARMED and stays green
2026-10-08T02:36:44.3435946Z PASS TEST-011 a second and a third write to one ratchet path are seen: the listed writer reads ALLOWED, the unlisted writer fails the run naming the path, and none of the three counts as attested clean
2026-10-08T02:36:44.3437106Z PASS TEST-012 a duplicate ratchet entry is named and stays dead, and a glob-shaped entry path is named and matches nothing instead of silently widening to the working directory
2026-10-08T02:36:44.3438401Z PASS TEST-013 with the known-offender table drained, a suite carrying a formerly exempt name and writing a formerly exempt path fails the run and is named, and nothing reads ALLOWED
2026-10-08T02:36:44.3439559Z PASS TEST-014 the shipped known-offender table holds 0 entr(ies), at or under the declared maximum of 0, measured by a counter proved able to see 2 seeded entries and to refuse an anchorless file
2026-10-08T02:36:44.3440445Z PASS TEST-015 the always-watch floor is declared (3 paths), seeds the watch set, and seeds the dedup set — the D7 fix is asserted, not just present
2026-10-08T02:36:44.3441010Z PASS TEST-016 a suite that fails on its own exit code AND trips the tripwire gets both the tripwire violation block and the failure-lines-plus-tail dump
2026-10-08T02:36:44.3441864Z PASS TEST-017 a suite whose after-snapshot was lost AND that failed on its own exit code gets both the tripwire report and the failure-lines-plus-tail dump
2026-10-08T02:36:44.3443507Z PASS TEST-436 an ALLOWED verdict accounts for a path already dirty before the suite ran, and a hasher degrade that masks a write is named on the masked suite's own line and in its telemetry record (with a real hasher, the same shape genuinely fails instead)
2026-10-08T02:36:44.3444776Z   TEST-437: the nested full run exited 1 (want 0)
2026-10-08T02:36:44.3445522Z PASS TEST-437 a full run of this suite (nested, under its own scoped TMPDIR) leaves no aai-tripwire-fixture.* or aai-tripwire-registry.* directory behind
2026-10-08T02:36:44.3446110Z 
2026-10-08T02:36:44.3446210Z Some tests failed.
2026-10-08T02:36:44.3446516Z --- end aai-repo-tripwire ---
2026-10-08T02:36:51.2764358Z [ 8/27] aai-secrets-preflight [0;32mPASS[0m (47.0s)
2026-10-08T02:36:56.2504273Z [ 9/27] aai-spec-amend       [0;32mPASS[0m (17.0s)
2026-10-08T02:36:56.8039024Z [10/27] aai-spec-lint        [0;32mPASS[0m (26.0s)
2026-10-08T02:37:00.5109304Z [11/27] aai-close-reconcile  [0;32mPASS[0m (9.0s)
2026-10-08T02:37:02.0026331Z [12/27] aai-live-serve       [0;32mPASS[0m (17.0s)
2026-10-08T02:37:03.0834531Z [13/27] aai-advisory-skills  [0;32mPASS[0m (5.0s)
2026-10-08T02:37:06.0191548Z [14/27] aai-branch-guard     [0;32mPASS[0m (4.0s)
2026-10-08T02:37:06.9003454Z [15/27] aai-update           [0;32mPASS[0m (4.0s)
2026-10-08T02:37:07.2286576Z [16/27] aai-lightweight-lane [0;32mPASS[0m (3.0s)
2026-10-08T02:37:08.3713025Z [17/27] aai-live-status      [0;32mPASS[0m (11.0s)
2026-10-08T02:37:09.9176896Z [18/27] aai-feedback-triage  [0;32mPASS[0m (2.0s)
2026-10-08T02:37:10.8137513Z [19/27] aai-unattended       [0;32mPASS[0m (4.0s)
2026-10-08T02:37:11.1461025Z [20/27] aai-overview         [0;32mPASS[0m (3.0s)
2026-10-08T02:37:12.0806478Z [21/27] aai-product-docs     [0;32mPASS[0m (2.0s)
2026-10-08T02:37:12.3764231Z [22/27] aai-feedback-status  [0;32mPASS[0m (1.0s)
2026-10-08T02:37:12.6445754Z [23/27] aai-downstream-autopilot [0;32mPASS[0m (1.0s)
2026-10-08T02:37:12.9731803Z [24/27] aai-planning-probes  [0;32mPASS[0m (1.0s)
2026-10-08T02:37:13.4170702Z [25/27] aai-r-guard          [0;32mPASS[0m (1.0s)
2026-10-08T02:37:13.6377091Z [26/27] aai-tdd              [0;32mPASS[0m (0.0s)
2026-10-08T02:37:13.8567329Z [27/27] aai-worktree         [0;32mPASS[0m (0.0s)
2026-10-08T02:37:13.8843425Z [0;34m[INFO][0m 
2026-10-08T02:37:13.8843735Z [0;34m[INFO][0m 
2026-10-08T02:37:13.8844278Z [0;34m[INFO][0m =========================================
2026-10-08T02:37:13.8845087Z [0;34m[INFO][0m Test Summary
2026-10-08T02:37:13.8846708Z [0;34m[INFO][0m =========================================
2026-10-08T02:37:13.8847177Z [0;34m[INFO][0m Total:   27
2026-10-08T02:37:13.8847633Z [0;32m[PASS][0m Passed:  25 (92%)
2026-10-08T02:37:13.8848332Z [0;34m[INFO][0m Tripwire: 25/27 suite(s) attested clean; 2 not attested (skipped, failed, allowlisted, or unguarded)
2026-10-08T02:37:13.8848917Z [0;34m[INFO][0m Isolation: 27/27 suite(s) isolated; 0 degraded
2026-10-08T02:37:13.8849394Z [0;34m[INFO][0m Seeding: 27/27 suite(s) fully seeded; 0 partial; 0 skipped
2026-10-08T02:37:13.8850109Z [0;34m[INFO][0m Concurrency: width 4; 0 wave(s) re-run serially (0 suite(s) total) to attribute a shipping-repository change
2026-10-08T02:37:13.8850574Z [0;34m[INFO][0m 
2026-10-08T02:37:13.8851092Z [0;34m[INFO][0m Results saved to: /home/runner/work/aai/aai/tests/skills/results/test-20261008-023444
2026-10-08T02:37:13.8851642Z [0;31m[FAIL][0m Failed:  2 (7%)
2026-10-08T02:37:13.9257719Z ##[error]Process completed with exit code 1.
2026-10-08T02:37:13.9346837Z Post job cleanup.
2026-10-08T02:37:13.9896024Z [command]/usr/bin/git version
2026-10-08T02:37:13.9930062Z git version 2.55.0
2026-10-08T02:37:13.9952895Z Temporarily overriding HOME='/home/runner/work/_temp/54ed11fe-8882-481b-bfdb-74d7f7275188' before making global git config changes
2026-10-08T02:37:13.9953894Z Adding repository directory to the temporary git global config as a safe directory
2026-10-08T02:37:13.9957088Z [command]/usr/bin/git config --global --add safe.directory /home/runner/work/aai/aai
2026-10-08T02:37:13.9988350Z [command]/usr/bin/git config --local --name-only --get-regexp core\.sshCommand
2026-10-08T02:37:14.0034995Z [command]/usr/bin/git submodule foreach --recursive sh -c "git config --local --name-only --get-regexp 'core\.sshCommand' && git config --local --unset-all 'core.sshCommand' || :"
2026-10-08T02:37:14.0220586Z [command]/usr/bin/git config --local --name-only --get-regexp http\.https\:\/\/github\.com\/\.extraheader
2026-10-08T02:37:14.0241507Z http.https://github.com/.extraheader
2026-10-08T02:37:14.0257369Z [command]/usr/bin/git config --local --unset-all http.https://github.com/.extraheader
2026-10-08T02:37:14.0294256Z [command]/usr/bin/git submodule foreach --recursive sh -c "git config --local --name-only --get-regexp 'http\.https\:\/\/github\.com\/\.extraheader' && git config --local --unset-all 'http.https://github.com/.extraheader' || :"
2026-10-08T02:37:14.0484966Z [command]/usr/bin/git config --local --name-only --get-regexp ^includeIf\.gitdir:
2026-10-08T02:37:14.0518630Z [command]/usr/bin/git submodule foreach --recursive git config --local --show-origin --name-only --get-regexp remote.origin.url
2026-10-08T02:37:14.0811535Z Cleaning up orphan processes
2026-10-08T02:37:14.1017154Z ##[warning]Node.js 20 is deprecated. The following actions target Node.js 20 but are being forced to run on Node.js 24: actions/checkout@v4, actions/setup-node@v4. For more information see: https://github.blog/changelog/2025-09-19-deprecation-of-node-20-on-github-actions-runners/
