2026-10-08T02:34:37.5573783Z Current runner version: '2.337.0'
2026-10-08T02:34:37.5601367Z ##[group]Runner Image Provisioner
2026-10-08T02:34:37.5602600Z Hosted Compute Agent
2026-10-08T02:34:37.5603417Z Version: 20261002.596
2026-10-08T02:34:37.5604104Z Commit: c3d12f3313a95f25162a1503be624f3b0617f8c0
2026-10-08T02:34:37.5604984Z Build Date: 2026-10-02T22:28:27Z
2026-10-08T02:34:37.5605751Z Worker ID: {e0163e74-38e8-4fe3-8116-7c2d86a13784}
2026-10-08T02:34:37.5606539Z Region: westus2
2026-10-08T02:34:37.5607181Z Cloud: Azure
2026-10-08T02:34:37.5607765Z ##[endgroup]
2026-10-08T02:34:37.5609329Z ##[group]Operating System
2026-10-08T02:34:37.5610166Z Ubuntu
2026-10-08T02:34:37.5610738Z 24.04.5
2026-10-08T02:34:37.5611322Z LTS
2026-10-08T02:34:37.5611929Z ##[endgroup]
2026-10-08T02:34:37.5612721Z ##[group]Runner Image
2026-10-08T02:34:37.5613402Z Image: ubuntu-24.04
2026-10-08T02:34:37.5613983Z Version: 20261004.327.1
2026-10-08T02:34:37.5615337Z Included Software: https://github.com/actions/runner-images/blob/ubuntu24/20261004.327/images/ubuntu/Ubuntu2404-Readme.md
2026-10-08T02:34:37.5617007Z Image Release: https://github.com/actions/runner-images/releases/tag/ubuntu24%2F20261004.327
2026-10-08T02:34:37.5618098Z ##[endgroup]
2026-10-08T02:34:37.5619214Z ##[group]GITHUB_TOKEN Permissions
2026-10-08T02:34:37.5621506Z Contents: read
2026-10-08T02:34:37.5622126Z Metadata: read
2026-10-08T02:34:37.5623095Z ##[endgroup]
2026-10-08T02:34:37.5625359Z Secret source: Actions
2026-10-08T02:34:37.5626400Z Cache mode: write
2026-10-08T02:34:37.5627162Z Prepare workflow directory
2026-10-08T02:34:37.6083854Z Prepare all required actions
2026-10-08T02:34:37.6133128Z Getting action download info
2026-10-08T02:34:37.9537193Z Download action repository 'actions/checkout@v4' (SHA:11d5960a326750d5838078e36cf38b85af677262)
2026-10-08T02:34:38.0661293Z Download action repository 'actions/setup-node@v4' (SHA:49933ea5288caeca8642d1e84afbd3f7d6820020)
2026-10-08T02:34:38.2623966Z Complete job name: skill test suite (full framework, via test-framework.sh) (1)
2026-10-08T02:34:38.3498258Z ##[group]Run actions/checkout@v4
2026-10-08T02:34:38.3499198Z with:
2026-10-08T02:34:38.3499657Z   fetch-depth: 0
2026-10-08T02:34:38.3500141Z   repository: goodwind-cz/aai
2026-10-08T02:34:38.3504854Z   token: ***
2026-10-08T02:34:38.3505309Z   ssh-strict: true
2026-10-08T02:34:38.3505761Z   ssh-user: git
2026-10-08T02:34:38.3506238Z   persist-credentials: true
2026-10-08T02:34:38.3506757Z   clean: true
2026-10-08T02:34:38.3507245Z   sparse-checkout-cone-mode: true
2026-10-08T02:34:38.3507814Z   fetch-tags: false
2026-10-08T02:34:38.3508293Z   show-progress: true
2026-10-08T02:34:38.3508779Z   lfs: false
2026-10-08T02:34:38.3509222Z   submodules: false
2026-10-08T02:34:38.3509707Z   set-safe-directory: true
2026-10-08T02:34:38.3510258Z   allow-unsafe-pr-checkout: false
2026-10-08T02:34:38.3511073Z env:
2026-10-08T02:34:38.3511525Z   AAI_TEST_PARALLEL: 4
2026-10-08T02:34:38.3512046Z ##[endgroup]
2026-10-08T02:34:38.4603798Z Syncing repository: goodwind-cz/aai
2026-10-08T02:34:38.4606802Z ##[group]Getting Git version info
2026-10-08T02:34:38.4607874Z Working directory is '/home/runner/work/aai/aai'
2026-10-08T02:34:38.4609522Z [command]/usr/bin/git version
2026-10-08T02:34:38.4682892Z git version 2.55.0
2026-10-08T02:34:38.4706766Z ##[endgroup]
2026-10-08T02:34:38.4724607Z Temporarily overriding HOME='/home/runner/work/_temp/bd63db45-3e4e-49f7-83a1-50003e8693fc' before making global git config changes
2026-10-08T02:34:38.4727176Z Adding repository directory to the temporary git global config as a safe directory
2026-10-08T02:34:38.4731854Z [command]/usr/bin/git config --global --add safe.directory /home/runner/work/aai/aai
2026-10-08T02:34:38.4798733Z Deleting the contents of '/home/runner/work/aai/aai'
2026-10-08T02:34:38.4803388Z ##[group]Initializing the repository
2026-10-08T02:34:38.4807644Z [command]/usr/bin/git init /home/runner/work/aai/aai
2026-10-08T02:34:38.4961847Z hint: Using 'master' as the name for the initial branch. This default branch name
2026-10-08T02:34:38.4964014Z hint: will change to "main" in Git 3.0. To configure the initial branch name
2026-10-08T02:34:38.4965998Z hint: to use in all of your new repositories, which will suppress this warning,
2026-10-08T02:34:38.4967203Z hint: call:
2026-10-08T02:34:38.4967866Z hint:
2026-10-08T02:34:38.4968840Z hint: 	git config --global init.defaultBranch <name>
2026-10-08T02:34:38.4969866Z hint:
2026-10-08T02:34:38.4970831Z hint: Names commonly chosen instead of 'master' are 'main', 'trunk' and
2026-10-08T02:34:38.4972672Z hint: 'development'. The just-created branch can be renamed via this command:
2026-10-08T02:34:38.4974028Z hint:
2026-10-08T02:34:38.4974713Z hint: 	git branch -m <name>
2026-10-08T02:34:38.4975498Z hint:
2026-10-08T02:34:38.4976537Z hint: Disable this message with "git config set advice.defaultBranchName false"
2026-10-08T02:34:38.4978206Z Initialized empty Git repository in /home/runner/work/aai/aai/.git/
2026-10-08T02:34:38.4981006Z [command]/usr/bin/git remote add origin https://github.com/goodwind-cz/aai
2026-10-08T02:34:38.5043440Z ##[endgroup]
2026-10-08T02:34:38.5044319Z ##[group]Disabling automatic garbage collection
2026-10-08T02:34:38.5048795Z [command]/usr/bin/git config --local gc.auto 0
2026-10-08T02:34:38.5135181Z ##[endgroup]
2026-10-08T02:34:38.5136092Z ##[group]Setting up auth
2026-10-08T02:34:38.5144333Z [command]/usr/bin/git config --local --name-only --get-regexp core\.sshCommand
2026-10-08T02:34:38.5195604Z [command]/usr/bin/git submodule foreach --recursive sh -c "git config --local --name-only --get-regexp 'core\.sshCommand' && git config --local --unset-all 'core.sshCommand' || :"
2026-10-08T02:34:38.5655661Z [command]/usr/bin/git config --local --name-only --get-regexp http\.https\:\/\/github\.com\/\.extraheader
2026-10-08T02:34:38.5701793Z [command]/usr/bin/git submodule foreach --recursive sh -c "git config --local --name-only --get-regexp 'http\.https\:\/\/github\.com\/\.extraheader' && git config --local --unset-all 'http.https://github.com/.extraheader' || :"
2026-10-08T02:34:38.5939529Z [command]/usr/bin/git config --local --name-only --get-regexp ^includeIf\.gitdir:
2026-10-08T02:34:38.5982122Z [command]/usr/bin/git submodule foreach --recursive git config --local --show-origin --name-only --get-regexp remote.origin.url
2026-10-08T02:34:38.6235978Z [command]/usr/bin/git config --local http.https://github.com/.extraheader AUTHORIZATION: basic ***
2026-10-08T02:34:38.6289627Z ##[endgroup]
2026-10-08T02:34:38.6290833Z ##[group]Fetching the repository
2026-10-08T02:34:38.6306562Z [command]/usr/bin/git -c protocol.version=2 fetch --prune --no-recurse-submodules origin +refs/heads/*:refs/remotes/origin/* +refs/tags/*:refs/tags/* +ccd66fcdd0d5cd8689cdaed1b61cfd4365166e5d:refs/remotes/pull/434/merge
2026-10-08T02:34:40.9669979Z From https://github.com/goodwind-cz/aai
2026-10-08T02:34:40.9676248Z  * [new branch]        change/amendment-signature-asks-the-owner-too-often -> origin/change/amendment-signature-asks-the-owner-too-often
2026-10-08T02:34:40.9683706Z  * [new branch]        change/downstream-rides-ask-no-governance-questions -> origin/change/downstream-rides-ask-no-governance-questions
2026-10-08T02:34:40.9689156Z  * [new branch]        change/original-request-outcome-backcheck -> origin/change/original-request-outcome-backcheck
2026-10-08T02:34:40.9692115Z  * [new branch]        change/pr-capability-preflight           -> origin/change/pr-capability-preflight
2026-10-08T02:34:40.9695196Z  * [new branch]        change/roadmap-serves-downstream-projects -> origin/change/roadmap-serves-downstream-projects
2026-10-08T02:34:40.9698123Z  * [new branch]        chore/close-userguide-catalog-item       -> origin/chore/close-userguide-catalog-item
2026-10-08T02:34:40.9701140Z  * [new branch]        chore/intake-routing-tables-owner-and-seam -> origin/chore/intake-routing-tables-owner-and-seam
2026-10-08T02:34:40.9704320Z  * [new branch]        chore/release-v2026.09.25                -> origin/chore/release-v2026.09.25
2026-10-08T02:34:40.9706718Z  * [new branch]        chore/release-v2026.09.28                -> origin/chore/release-v2026.09.28
2026-10-08T02:34:40.9709449Z  * [new branch]        chore/wave-3-intakes                     -> origin/chore/wave-3-intakes
2026-10-08T02:34:40.9713237Z  * [new branch]        cursor/feedback-triage-missing-output-dir-a7ce -> origin/cursor/feedback-triage-missing-output-dir-a7ce
2026-10-08T02:34:40.9718454Z  * [new branch]        cursor/gpt-6-pricing-family-67e6         -> origin/cursor/gpt-6-pricing-family-67e6
2026-10-08T02:34:40.9723895Z  * [new branch]        cursor/mutation-clone-fidelity-windows-eol-a7ce -> origin/cursor/mutation-clone-fidelity-windows-eol-a7ce
2026-10-08T02:34:40.9728318Z  * [new branch]        cursor/mutation-clone-windows-run-chain-5e0a -> origin/cursor/mutation-clone-windows-run-chain-5e0a
2026-10-08T02:34:40.9732020Z  * [new branch]        cursor/polydao-graph-loop-ideas-fa9c     -> origin/cursor/polydao-graph-loop-ideas-fa9c
2026-10-08T02:34:40.9736224Z  * [new branch]        cursor/pricing-missing-models-and-refresh-94d5 -> origin/cursor/pricing-missing-models-and-refresh-94d5
2026-10-08T02:34:40.9740157Z  * [new branch]        cursor/prompts-invoke-wsl-bash-on-windows-a7ce -> origin/cursor/prompts-invoke-wsl-bash-on-windows-a7ce
2026-10-08T02:34:40.9744432Z  * [new branch]        cursor/strategy-unscoped-from-current-focus-a7ce -> origin/cursor/strategy-unscoped-from-current-focus-a7ce
2026-10-08T02:34:40.9747866Z  * [new branch]        exp-0113-phase1                          -> origin/exp-0113-phase1
2026-10-08T02:34:40.9751619Z  * [new branch]        feat/antigravity-cli-skill-paths         -> origin/feat/antigravity-cli-skill-paths
2026-10-08T02:34:40.9755327Z  * [new branch]        feat/canon-is-a-build-artifact           -> origin/feat/canon-is-a-build-artifact
2026-10-08T02:34:40.9758371Z  * [new branch]        feat/cheap-model-in-practice             -> origin/feat/cheap-model-in-practice
2026-10-08T02:34:40.9761413Z  * [new branch]        feat/dev-progress-hub                    -> origin/feat/dev-progress-hub
2026-10-08T02:34:40.9764808Z  * [new branch]        feat/feedback-upsert-review              -> origin/feat/feedback-upsert-review
2026-10-08T02:34:40.9767780Z  * [new branch]        feat/friction-channel-sweep              -> origin/feat/friction-channel-sweep
2026-10-08T02:34:40.9770817Z  * [new branch]        feat/learned-append-gate                 -> origin/feat/learned-append-gate
2026-10-08T02:34:40.9774945Z  * [new branch]        feat/original-request-outcome-backcheck  -> origin/feat/original-request-outcome-backcheck
2026-10-08T02:34:40.9778303Z  * [new branch]        feat/pr-post-open-review-sweep           -> origin/feat/pr-post-open-review-sweep
2026-10-08T02:34:40.9781710Z  * [new branch]        feat/product-docs-enforced               -> origin/feat/product-docs-enforced
2026-10-08T02:34:40.9785328Z  * [new branch]        feat/prompt-hash-telemetry               -> origin/feat/prompt-hash-telemetry
2026-10-08T02:34:40.9788971Z  * [new branch]        feat/roadmap-takes-direction             -> origin/feat/roadmap-takes-direction
2026-10-08T02:34:40.9792490Z  * [new branch]        feat/role-output-contracts               -> origin/feat/role-output-contracts
2026-10-08T02:34:40.9795545Z  * [new branch]        feat/universality-proof                  -> origin/feat/universality-proof
2026-10-08T02:34:40.9798495Z  * [new branch]        feature/remote-orchestration             -> origin/feature/remote-orchestration
2026-10-08T02:34:40.9802053Z  * [new branch]        fix/canonical-provenance-archived-sources -> origin/fix/canonical-provenance-archived-sources
2026-10-08T02:34:40.9805838Z  * [new branch]        fix/closeout-display-id-match            -> origin/fix/closeout-display-id-match
2026-10-08T02:34:40.9809207Z  * [new branch]        fix/feedback-pipeline-discoverability    -> origin/fix/feedback-pipeline-discoverability
2026-10-08T02:34:40.9812761Z  * [new branch]        fix/gate-checks-declared-mutation        -> origin/fix/gate-checks-declared-mutation
2026-10-08T02:34:40.9816191Z  * [new branch]        fix/growth-pins-dont-wall-the-corpus     -> origin/fix/growth-pins-dont-wall-the-corpus
2026-10-08T02:34:40.9820448Z  * [new branch]        fix/worktree-lacks-vendored-aai-layer-downstream-wt -> origin/fix/worktree-lacks-vendored-aai-layer-downstream-wt
2026-10-08T02:34:40.9824013Z  * [new branch]        main                                     -> origin/main
2026-10-08T02:34:40.9826644Z  * [new branch]        research/polydao-verdicts                -> origin/research/polydao-verdicts
2026-10-08T02:34:40.9829064Z  * [new tag]           v2026.07.04                              -> v2026.07.04
2026-10-08T02:34:40.9831011Z  * [new tag]           v2026.07.20                              -> v2026.07.20
2026-10-08T02:34:40.9833115Z  * [new tag]           v2026.07.22                              -> v2026.07.22
2026-10-08T02:34:40.9835054Z  * [new tag]           v2026.07.24                              -> v2026.07.24
2026-10-08T02:34:40.9836987Z  * [new tag]           v2026.07.26                              -> v2026.07.26
2026-10-08T02:34:40.9838987Z  * [new tag]           v2026.07.28                              -> v2026.07.28
2026-10-08T02:34:40.9840918Z  * [new tag]           v2026.07.28.1                            -> v2026.07.28.1
2026-10-08T02:34:40.9842981Z  * [new tag]           v2026.07.29                              -> v2026.07.29
2026-10-08T02:34:40.9844884Z  * [new tag]           v2026.07.30                              -> v2026.07.30
2026-10-08T02:34:40.9846806Z  * [new tag]           v2026.08.01                              -> v2026.08.01
2026-10-08T02:34:40.9848855Z  * [new tag]           v2026.08.02                              -> v2026.08.02
2026-10-08T02:34:40.9850758Z  * [new tag]           v2026.08.03                              -> v2026.08.03
2026-10-08T02:34:40.9852857Z  * [new tag]           v2026.08.03.2                            -> v2026.08.03.2
2026-10-08T02:34:40.9854813Z  * [new tag]           v2026.08.04                              -> v2026.08.04
2026-10-08T02:34:40.9856922Z  * [new tag]           v2026.08.05                              -> v2026.08.05
2026-10-08T02:34:40.9858881Z  * [new tag]           v2026.08.07                              -> v2026.08.07
2026-10-08T02:34:40.9860802Z  * [new tag]           v2026.08.08                              -> v2026.08.08
2026-10-08T02:34:40.9862986Z  * [new tag]           v2026.08.11                              -> v2026.08.11
2026-10-08T02:34:40.9864932Z  * [new tag]           v2026.08.12                              -> v2026.08.12
2026-10-08T02:34:40.9866847Z  * [new tag]           v2026.08.13                              -> v2026.08.13
2026-10-08T02:34:40.9868774Z  * [new tag]           v2026.08.13.2                            -> v2026.08.13.2
2026-10-08T02:34:40.9870672Z  * [new tag]           v2026.08.14                              -> v2026.08.14
2026-10-08T02:34:40.9872741Z  * [new tag]           v2026.08.16                              -> v2026.08.16
2026-10-08T02:34:40.9874665Z  * [new tag]           v2026.08.23                              -> v2026.08.23
2026-10-08T02:34:40.9876557Z  * [new tag]           v2026.08.27                              -> v2026.08.27
2026-10-08T02:34:40.9878456Z  * [new tag]           v2026.08.29                              -> v2026.08.29
2026-10-08T02:34:40.9880368Z  * [new tag]           v2026.09.01                              -> v2026.09.01
2026-10-08T02:34:40.9882509Z  * [new tag]           v2026.09.06                              -> v2026.09.06
2026-10-08T02:34:40.9884478Z  * [new tag]           v2026.09.08                              -> v2026.09.08
2026-10-08T02:34:40.9886378Z  * [new tag]           v2026.09.09                              -> v2026.09.09
2026-10-08T02:34:40.9888270Z  * [new tag]           v2026.09.21                              -> v2026.09.21
2026-10-08T02:34:40.9890170Z  * [new tag]           v2026.09.25                              -> v2026.09.25
2026-10-08T02:34:40.9892069Z  * [new tag]           v2026.09.28                              -> v2026.09.28
2026-10-08T02:34:40.9894136Z  * [new tag]           v2026.09.30                              -> v2026.09.30
2026-10-08T02:34:40.9896220Z  * [new tag]           v2026.10.02                              -> v2026.10.02
2026-10-08T02:34:40.9898268Z  * [new ref]           ccd66fcdd0d5cd8689cdaed1b61cfd4365166e5d -> pull/434/merge
2026-10-08T02:34:40.9900844Z  * [new tag]           test-fixture-pre-f2-close-work-item      -> test-fixture-pre-f2-close-work-item
2026-10-08T02:34:40.9903820Z  * [new tag]           test-fixture-pre-f3-guard                -> test-fixture-pre-f3-guard
2026-10-08T02:34:40.9908027Z ##[endgroup]
2026-10-08T02:34:40.9909692Z ##[group]Determining the checkout info
2026-10-08T02:34:40.9911551Z ##[endgroup]
2026-10-08T02:34:40.9912756Z [command]/usr/bin/git sparse-checkout disable
2026-10-08T02:34:40.9915886Z [command]/usr/bin/git config --local --unset-all extensions.worktreeConfig
2026-10-08T02:34:40.9919459Z ##[group]Checking out the ref
2026-10-08T02:34:40.9921114Z [command]/usr/bin/git checkout --progress --force refs/remotes/pull/434/merge
2026-10-08T02:34:41.2350883Z Note: switching to 'refs/remotes/pull/434/merge'.
2026-10-08T02:34:41.2351986Z 
2026-10-08T02:34:41.2353754Z You are in 'detached HEAD' state. You can look around, make experimental
2026-10-08T02:34:41.2354399Z changes and commit them, and you can discard any commits you make in this
2026-10-08T02:34:41.2354991Z state without impacting any branches by switching back to a branch.
2026-10-08T02:34:41.2355320Z 
2026-10-08T02:34:41.2355561Z If you want to create a new branch to retain commits you create, you may
2026-10-08T02:34:41.2356106Z do so (now or later) by using -c with the switch command. Example:
2026-10-08T02:34:41.2356399Z 
2026-10-08T02:34:41.2356547Z   git switch -c <new-branch-name>
2026-10-08T02:34:41.2356757Z 
2026-10-08T02:34:41.2356930Z Or undo this operation with:
2026-10-08T02:34:41.2357134Z 
2026-10-08T02:34:41.2357257Z   git switch -
2026-10-08T02:34:41.2357434Z 
2026-10-08T02:34:41.2358083Z Turn off this advice by setting config variable advice.detachedHead to false
2026-10-08T02:34:41.2358481Z 
2026-10-08T02:34:41.2358888Z HEAD is now at ccd66fcd Merge 1691558c034e13258a31b8288df5642f6263a8cb into bdeb425c040ada918dd97e5b878b71e420bad83a
2026-10-08T02:34:41.2372519Z ##[endgroup]
2026-10-08T02:34:41.2422661Z [command]/usr/bin/git log -1 --format=%H
2026-10-08T02:34:41.2451127Z ccd66fcdd0d5cd8689cdaed1b61cfd4365166e5d
2026-10-08T02:34:41.2811740Z ##[group]Run actions/setup-node@v4
2026-10-08T02:34:41.2812118Z with:
2026-10-08T02:34:41.2812714Z   node-version: 20
2026-10-08T02:34:41.2813005Z   always-auth: false
2026-10-08T02:34:41.2813289Z   check-latest: false
2026-10-08T02:34:41.2816151Z   token: ***
2026-10-08T02:34:41.2816412Z env:
2026-10-08T02:34:41.2816665Z   AAI_TEST_PARALLEL: 4
2026-10-08T02:34:41.2816988Z ##[endgroup]
2026-10-08T02:34:41.4309346Z Attempting to download 20...
2026-10-08T02:34:41.4429578Z (node:2295) [DEP0040] DeprecationWarning: The `punycode` module is deprecated. Please use a userland alternative instead.
2026-10-08T02:34:41.4431162Z (Use `node --trace-deprecation ...` to show where the warning was created)
2026-10-08T02:34:41.8969101Z Acquiring 20.20.2 - x64 from https://github.com/actions/node-versions/releases/download/20.20.2-23521894959/node-20.20.2-linux-x64.tar.gz
2026-10-08T02:34:42.5157150Z Extracting ...
2026-10-08T02:34:42.5307125Z [command]/usr/bin/tar xz --strip 1 --warning=no-unknown-keyword --overwrite -C /home/runner/work/_temp/c627d376-4b0f-4f99-ac17-ba99c717cfe4 -f /home/runner/work/_temp/14150df0-97c3-46d2-a51e-f81df14e6160
2026-10-08T02:34:43.5789302Z Adding to the cache ...
2026-10-08T02:34:45.5582068Z ##[group]Environment details
2026-10-08T02:34:45.7944917Z node: v20.20.2
2026-10-08T02:34:45.7945460Z npm: 10.8.2
2026-10-08T02:34:45.7945790Z yarn: 1.22.22
2026-10-08T02:34:45.7946662Z ##[endgroup]
2026-10-08T02:34:45.8176955Z ##[group]Run set -euo pipefail
2026-10-08T02:34:45.8177367Z [36;1mset -euo pipefail[0m
2026-10-08T02:34:45.8177709Z [36;1mprintf '%s\n' "$SHARD_PLAN" > shard-plan.txt[0m
2026-10-08T02:34:45.8178574Z [36;1mbash tests/skills/lib/shard-plan-check.sh --check shard-plan.txt tests/skills >/dev/null[0m
2026-10-08T02:34:45.8179136Z [36;1mif [ "1" = "all" ]; then[0m
2026-10-08T02:34:45.8179463Z [36;1m  bash tests/skills/test-framework.sh[0m
2026-10-08T02:34:45.8179790Z [36;1melse[0m
2026-10-08T02:34:45.8180206Z [36;1m  SUITES="$(bash tests/skills/lib/shard-plan-check.sh --extract 1 shard-plan.txt)"[0m
2026-10-08T02:34:45.8180712Z [36;1m  args=()[0m
2026-10-08T02:34:45.8180959Z [36;1m  for s in $SUITES; do[0m
2026-10-08T02:34:45.8181236Z [36;1m    args+=(--skill "$s")[0m
2026-10-08T02:34:45.8181508Z [36;1m  done[0m
2026-10-08T02:34:45.8181795Z [36;1m  bash tests/skills/test-framework.sh "${args[@]}"[0m
2026-10-08T02:34:45.8182169Z [36;1mfi[0m
2026-10-08T02:34:45.8479558Z shell: /usr/bin/bash -e {0}
2026-10-08T02:34:45.8480042Z env:
2026-10-08T02:34:45.8480404Z   AAI_TEST_PARALLEL: 4
2026-10-08T02:34:45.8501689Z   SHARD_PLAN: SHARD 1 aai-learned-append weight=434
SHARD 1 aai-hygiene-pack weight=313
SHARD 1 aai-ceremony-levels weight=120
SHARD 1 aai-feedback-upsert weight=91
SHARD 1 aai-mutation-gate weight=82
SHARD 1 aai-suite-isolation weight=77
SHARD 1 aai-doc-numbering weight=43
SHARD 1 aai-orchestration-dispatch weight=39
SHARD 1 aai-git-ref-guard weight=28
SHARD 1 aai-roadmap weight=22
SHARD 1 aai-hooks-overlay weight=18
SHARD 1 aai-factory-report weight=12
SHARD 1 aai-outcome-backcheck weight=10
SHARD 1 aai-canon weight=7
SHARD 1 aai-spec-tools weight=6
SHARD 1 aai-heartbeat weight=5
SHARD 1 aai-role-output weight=5
SHARD 1 aai-docs-canon weight=4
SHARD 1 aai-check-state weight=3
SHARD 1 aai-issues weight=3
SHARD 1 aai-redact weight=3
SHARD 1 aai-session-lock weight=2
SHARD 1 aai-pricing weight=1
SHARD 1 aai-runtime-file weight=1
SHARD 1 aai-userguide-drift weight=1
SHARD 2 aai-merge-policy weight=434
SHARD 2 aai-delta-stage3 weight=278
SHARD 2 aai-run-tests weight=135
SHARD 2 aai-friction weight=93
SHARD 2 aai-sweep-parallel weight=91
SHARD 2 aai-release weight=81
SHARD 2 aai-delta-stage2 weight=56
SHARD 2 aai-follow-ups weight=37
SHARD 2 aai-pr-waiver weight=27
SHARD 2 aai-friction-capture-points weight=19
SHARD 2 aai-ride-select weight=18
SHARD 2 aai-debug-gate weight=10
SHARD 2 aai-pr-platform weight=10
SHARD 2 aai-docs-lock weight=7
SHARD 2 aai-tdd-evidence weight=6
SHARD 2 aai-learned-routing weight=5
SHARD 2 aai-test-canon weight=5
SHARD 2 aai-orchestration-mode weight=4
SHARD 2 aai-docs-hub weight=3
SHARD 2 aai-layer-drift weight=3
SHARD 2 aai-token-capture weight=3
SHARD 2 aai-antigravity-project-skills weight=1
SHARD 2 aai-implementation-mode weight=1
SHARD 2 aai-prompt-hash weight=1
SHARD 2 aai-share weight=1
SHARD 2 aai-userguide-rollup weight=1
SHARD 3 aai-pr-preflight weight=434
SHARD 3 aai-sync-seed weight=234
SHARD 3 aai-doctor weight=149
SHARD 3 aai-doc-number-reservation weight=97
SHARD 3 aai-friction-wiring weight=91
SHARD 3 aai-golden-flow weight=81
SHARD 3 aai-ledger-merge weight=66
SHARD 3 aai-deslop weight=40
SHARD 3 aai-update-check weight=32
SHARD 3 aai-state weight=27
SHARD 3 aai-intake weight=17
SHARD 3 aai-constitution weight=11
SHARD 3 aai-win-fallback weight=10
SHARD 3 aai-hitl-channel weight=6
SHARD 3 aai-routine weight=6
SHARD 3 aai-bootstrap weight=5
SHARD 3 aai-prompt-diet weight=5
SHARD 3 aai-delta-stage1 weight=4
SHARD 3 aai-verify-gate weight=4
SHARD 3 aai-orphan-sweep weight=3
SHARD 3 aai-dashboard weight=2
SHARD 3 aai-reconcile-telemetry weight=2
SHARD 3 aai-pipe-safe weight=1
SHARD 3 aai-prune-stale-briefs weight=1
SHARD 3 aai-suite-select weight=1
SHARD 3 aai-validator-isolation weight=1
SHARD 4 aai-worktree-seed weight=434
SHARD 4 aai-docs-audit weight=161
SHARD 4 aai-repo-tripwire weight=155
SHARD 4 aai-close-work-item weight=112
SHARD 4 aai-hitl-propagation weight=93
SHARD 4 aai-metrics weight=89
SHARD 4 aai-layer-profiles weight=69
SHARD 4 aai-secrets-preflight weight=52
SHARD 4 aai-spec-lint weight=39
SHARD 4 aai-spec-amend weight=28
SHARD 4 aai-live-serve weight=19
SHARD 4 aai-close-reconcile weight=15
SHARD 4 aai-live-status weight=13
SHARD 4 aai-advisory-skills weight=9
SHARD 4 aai-branch-guard weight=9
SHARD 4 aai-update weight=6
SHARD 4 aai-lightweight-lane weight=5
SHARD 4 aai-unattended weight=5
SHARD 4 aai-overview weight=4
SHARD 4 aai-feedback-triage weight=3
SHARD 4 aai-product-docs weight=3
SHARD 4 aai-feedback-status weight=2
SHARD 4 aai-downstream-autopilot weight=1
SHARD 4 aai-planning-probes weight=1
SHARD 4 aai-r-guard weight=1
SHARD 4 aai-tdd weight=1
SHARD 4 aai-worktree weight=1
SHARDS count=4 suites=104
2026-10-08T02:34:45.8518671Z ##[endgroup]
2026-10-08T02:34:46.0145126Z 
2026-10-08T02:34:46.0151976Z AAI Skills Test Framework
2026-10-08T02:34:46.0152830Z =========================
2026-10-08T02:34:46.0153097Z 
2026-10-08T02:34:46.0175658Z [0;34m[INFO][0m Setting up results directory: /home/runner/work/aai/aai/tests/skills/results/test-20261008-023446
2026-10-08T02:34:46.0188762Z [0;34m[INFO][0m Checking system dependencies...
2026-10-08T02:34:47.2906927Z [0;32m[PASS][0m Dependencies checked
2026-10-08T02:34:47.4459452Z [0;34m[INFO][0m Isolation: every suite runs isolated in a disposable git checkout (its own .git, D1) seeded from the working tree
2026-10-08T02:34:47.4463184Z [0;34m[INFO][0m Concurrency: up to 4 suite(s) run at a time (AAI_TEST_PARALLEL=4). Set AAI_TEST_PARALLEL=1 for the serial execution model.
2026-10-08T02:34:47.4471259Z [0;34m[INFO][0m Discovering skill tests...
2026-10-08T02:34:47.4495161Z [0;34m[INFO][0m Found 25 test(s)
2026-10-08T02:34:47.4496195Z [0;34m[INFO][0m 
2026-10-08T02:34:47.4498601Z [0;34m[INFO][0m Running tests...
2026-10-08T02:34:47.4499425Z [0;34m[INFO][0m 
2026-10-08T02:36:26.9445303Z [ 1/25] aai-feedback-upsert  [0;32mPASS[0m (96.0s)
2026-10-08T02:37:00.8869064Z [ 2/25] aai-ceremony-levels  [0;32mPASS[0m (131.0s)
2026-10-08T02:37:52.8734445Z [ 3/25] aai-mutation-gate    [0;32mPASS[0m (83.0s)
2026-10-08T02:38:19.9265029Z [ 4/25] aai-doc-numbering    [0;31mFAIL[0m (26.0s) [tripwire NOT ATTESTED — suite exited 1 before completing]
2026-10-08T02:38:19.9266569Z --- Error Details (aai-doc-numbering) ---
2026-10-08T02:38:19.9285650Z --- failure lines (whole log) ---
2026-10-08T02:38:19.9333943Z 32:FAIL: Expected 'CLEAN' in /tmp/aai-doc-numbering-test.iZKWmH/repo-audit.log
2026-10-08T02:38:19.9335082Z 33:FAIL: test_013_regression (arm failed; the suite continues)
2026-10-08T02:38:19.9335803Z 83:  FAILED ARM: test_013_regression
2026-10-08T02:38:19.9393259Z --- tail (last 30 lines) ---
2026-10-08T02:38:19.9423333Z INFO: TEST-024: PR #255 replay flags 3 pages, PR #256 replay flags 2 (static fixture)...
2026-10-08T02:38:19.9453260Z PASS: TEST-024 static replay: PR #255 -> 3 violations, PR #256 -> 2, both named
2026-10-08T02:38:19.9454643Z INFO: TEST-025: same two shapes read from git history at 00bdd03 / ff8208e...
2026-10-08T02:38:19.9456895Z INFO: TEST-025: history object 00bdd03 unreachable (shallow clone) — arm skipped, the static fixture in TEST-024 always runs
2026-10-08T02:38:19.9486582Z INFO: TEST-025: history object ff8208e unreachable (shallow clone) — arm skipped, the static fixture in TEST-024 always runs
2026-10-08T02:38:19.9512485Z PASS: TEST-025 history replay ran for 0/2 incident commit(s) (absent objects degrade named)
2026-10-08T02:38:19.9520180Z INFO: TEST-026: in-flight drafts pass, prefix collisions pass, absent members skip named, live tree passes...
2026-10-08T02:38:19.9522878Z PASS: TEST-026 precision: in-flight passes (planted counterpart fires), exact slug match, STATE/corpus never read, live tree clean
2026-10-08T02:38:19.9525020Z INFO: TEST-027: absent generator silent, failing generator one named INFO line, exit 0 either way...
2026-10-08T02:38:19.9526741Z PASS: TEST-027 degradation: absent silent, failing named once, exit code never changes
2026-10-08T02:38:19.9529241Z INFO: TEST-028: no-args 2, unreachable base ref 3, guard violation 4 — unchanged by the regen hook...
2026-10-08T02:38:19.9530762Z PASS: TEST-028 exit contract unchanged (2 / 3 / 4)
2026-10-08T02:38:19.9532017Z INFO: TEST-029: close-work-item.mjs content hash is on the shared allowlist...
2026-10-08T02:38:19.9534646Z PASS: TEST-029 close-work-item.mjs content hash d4a5b955d927f9c3e280607122a279fa2bab7386e957a0ed5b2c94fa2481a262 is on the shared allowlist
2026-10-08T02:38:19.9536361Z INFO: TEST-030: SKILL_PR step 1b + allocator stdout + allocator header name the pages...
2026-10-08T02:38:19.9537785Z PASS: TEST-030 ordering documented in SKILL_PR 1b (both lines) + allocator header + completion line
2026-10-08T02:38:19.9539146Z INFO: TEST-031: the aai-doc-numbering suite-map row carries the closed-list pages...
2026-10-08T02:38:19.9540844Z PASS: TEST-031 suite-map aai-doc-numbering row carries every closed-list page + the replay fixtures
2026-10-08T02:38:19.9543075Z INFO: TEST-552: SKILL_PR step 1b names the restamp invocation immediately after the allocator call, keyed on the allocator's own completion output...
2026-10-08T02:38:19.9545227Z PASS: TEST-552 SKILL_PR step 1b names the restamp invocation right after the allocator call, keyed on the allocator's own completion output
2026-10-08T02:38:19.9547767Z INFO: TEST-589: allocate-doc-number.mjs's SPEC_PAGE_GENERATORS pages are all members of lib/docs-model.mjs's SHARED_GENERATED_PAGES, and match the pinned expected set exactly...
2026-10-08T02:38:19.9550823Z PASS: TEST-589: every SPEC_PAGE_GENERATORS page agrees with SHARED_GENERATED_PAGES and matches the pinned expected set exactly (PAGES:docs/ai/overview.html,docs/ai/overview-data.json,docs/USER_GUIDE.md
2026-10-08T02:38:19.9553046Z BAD:)
2026-10-08T02:38:19.9554341Z INFO: TEST-808: doc_number_guard: enforce blocks on the default branch only; a feature branch reports with the one NOTE line...
2026-10-08T02:38:19.9557009Z PASS: TEST-808 CHECK 8 enforce is merge-point-aware: feature branch reports with one downgrade line (exit 0), default branch blocks (exit 1), report-only exits 0 on both
2026-10-08T02:38:19.9559463Z INFO: TEST-809: the .ps1 CHECK 8 block reads refs/remotes/origin/HEAD and compares with the current branch (static; behavioural under pwsh)...
2026-10-08T02:38:19.9561941Z PASS: TEST-809 .ps1 CHECK 8 reads origin/HEAD and compares with the current branch (static), and under pwsh reports on a feature branch, blocks on main, passes report-only
2026-10-08T02:38:19.9563366Z 
2026-10-08T02:38:19.9563904Z doc-numbering results: 34/35 arms passed, 1 failed.
2026-10-08T02:38:19.9564741Z   FAILED ARM: test_013_regression
2026-10-08T02:38:19.9565558Z --- end aai-doc-numbering ---
2026-10-08T02:38:23.3268683Z [ 5/25] aai-suite-isolation  [0;32mPASS[0m (81.0s)
2026-10-08T02:38:53.0873766Z [ 6/25] aai-git-ref-guard    [0;32mPASS[0m (28.0s)
2026-10-08T02:39:08.1404365Z [ 7/25] aai-orchestration-dispatch [0;32mPASS[0m (47.0s)
2026-10-08T02:39:25.3229802Z [ 8/25] aai-roadmap          [0;32mPASS[0m (30.0s)
2026-10-08T02:39:38.1639990Z [ 9/25] aai-factory-report   [0;32mPASS[0m (11.0s)
2026-10-08T02:39:43.1830736Z [10/25] aai-hooks-overlay    [0;32mPASS[0m (33.0s)
2026-10-08T02:39:50.8208789Z [11/25] aai-outcome-backcheck [0;32mPASS[0m (11.0s)
2026-10-08T02:39:51.3388153Z [12/25] aai-canon            [0;32mPASS[0m (6.0s)
2026-10-08T02:39:57.3573453Z [13/25] aai-heartbeat        [0;32mPASS[0m (4.0s)
2026-10-08T02:39:59.3030451Z [14/25] aai-spec-tools       [0;32mPASS[0m (7.0s)
2026-10-08T02:40:04.3397978Z [15/25] aai-docs-canon       [0;32mPASS[0m (3.0s)
2026-10-08T02:40:04.8723740Z [16/25] aai-role-output      [0;32mPASS[0m (5.0s)
2026-10-08T02:40:08.1735145Z [17/25] aai-check-state      [0;32mPASS[0m (2.0s)
2026-10-08T02:40:08.7050078Z [18/25] aai-issues           [0;32mPASS[0m (3.0s)
2026-10-08T02:40:11.9952878Z [19/25] aai-session-lock     [0;32mPASS[0m (2.0s)
2026-10-08T02:40:12.5105414Z [20/25] aai-redact           [0;32mPASS[0m (2.0s)
2026-10-08T02:40:13.8158484Z [21/25] aai-pricing          [0;32mPASS[0m (0.0s)
2026-10-08T02:40:15.9054896Z [22/25] aai-runtime-file     [0;32mPASS[0m (2.0s)
2026-10-08T02:40:16.4827185Z [23/25] aai-userguide-drift  [0;32mPASS[0m (1.0s)
2026-10-08T02:41:13.5348302Z [24/25] aai-hygiene-pack     [0;32mPASS[0m (383.0s)
2026-10-08T02:43:08.5168904Z [25/25] aai-learned-append   [0;32mPASS[0m (498.0s)
2026-10-08T02:43:08.5583784Z [0;34m[INFO][0m 
2026-10-08T02:43:08.5585128Z [0;31m[FAIL][0m Failed:  1 (4%)
2026-10-08T02:43:08.5586009Z [0;34m[INFO][0m 
2026-10-08T02:43:08.5586943Z [0;34m[INFO][0m =========================================
2026-10-08T02:43:08.5587854Z [0;34m[INFO][0m Test Summary
2026-10-08T02:43:08.5588870Z [0;34m[INFO][0m =========================================
2026-10-08T02:43:08.5589917Z [0;34m[INFO][0m Total:   25
2026-10-08T02:43:08.5590667Z [0;32m[PASS][0m Passed:  24 (96%)
2026-10-08T02:43:08.5593068Z [0;34m[INFO][0m Tripwire: 24/25 suite(s) attested clean; 1 not attested (skipped, failed, allowlisted, or unguarded)
2026-10-08T02:43:08.5594559Z [0;34m[INFO][0m Isolation: 25/25 suite(s) isolated; 0 degraded
2026-10-08T02:43:08.5595727Z [0;34m[INFO][0m Seeding: 25/25 suite(s) fully seeded; 0 partial; 0 skipped
2026-10-08T02:43:08.5597386Z [0;34m[INFO][0m Concurrency: width 4; 0 wave(s) re-run serially (0 suite(s) total) to attribute a shipping-repository change
2026-10-08T02:43:08.5598025Z [0;34m[INFO][0m 
2026-10-08T02:43:08.5598658Z [0;34m[INFO][0m Results saved to: /home/runner/work/aai/aai/tests/skills/results/test-20261008-023446
2026-10-08T02:43:08.6108243Z ##[error]Process completed with exit code 1.
2026-10-08T02:43:08.6282125Z Post job cleanup.
2026-10-08T02:43:08.7140187Z [command]/usr/bin/git version
2026-10-08T02:43:08.7184955Z git version 2.55.0
2026-10-08T02:43:08.7228826Z Temporarily overriding HOME='/home/runner/work/_temp/5f41a1cb-42b3-4d86-a110-948eefe2dcfe' before making global git config changes
2026-10-08T02:43:08.7230493Z Adding repository directory to the temporary git global config as a safe directory
2026-10-08T02:43:08.7235541Z [command]/usr/bin/git config --global --add safe.directory /home/runner/work/aai/aai
2026-10-08T02:43:08.7276671Z [command]/usr/bin/git config --local --name-only --get-regexp core\.sshCommand
2026-10-08T02:43:08.7313185Z [command]/usr/bin/git submodule foreach --recursive sh -c "git config --local --name-only --get-regexp 'core\.sshCommand' && git config --local --unset-all 'core.sshCommand' || :"
2026-10-08T02:43:08.7568704Z [command]/usr/bin/git config --local --name-only --get-regexp http\.https\:\/\/github\.com\/\.extraheader
2026-10-08T02:43:08.7600982Z http.https://github.com/.extraheader
2026-10-08T02:43:08.7612957Z [command]/usr/bin/git config --local --unset-all http.https://github.com/.extraheader
2026-10-08T02:43:08.7650900Z [command]/usr/bin/git submodule foreach --recursive sh -c "git config --local --name-only --get-regexp 'http\.https\:\/\/github\.com\/\.extraheader' && git config --local --unset-all 'http.https://github.com/.extraheader' || :"
2026-10-08T02:43:08.7911354Z [command]/usr/bin/git config --local --name-only --get-regexp ^includeIf\.gitdir:
2026-10-08T02:43:08.7971742Z [command]/usr/bin/git submodule foreach --recursive git config --local --show-origin --name-only --get-regexp remote.origin.url
2026-10-08T02:43:08.8466635Z Cleaning up orphan processes
2026-10-08T02:43:08.8778931Z ##[warning]Node.js 20 is deprecated. The following actions target Node.js 20 but are being forced to run on Node.js 24: actions/checkout@v4, actions/setup-node@v4. For more information see: https://github.blog/changelog/2025-09-19-deprecation-of-node-20-on-github-actions-runners/
