2026-10-08T02:43:15.7375525Z Current runner version: '2.337.0'
2026-10-08T02:43:15.7402931Z ##[group]Runner Image Provisioner
2026-10-08T02:43:15.7403990Z Hosted Compute Agent
2026-10-08T02:43:15.7404605Z Version: 20260901.588
2026-10-08T02:43:15.7405707Z Commit: f88ec8081b781fac6c440065ac7ff9e710ce3d0b
2026-10-08T02:43:15.7406510Z Build Date: 2026-09-01T19:56:44Z
2026-10-08T02:43:15.7407218Z Worker ID: {8cbf849b-78ca-4557-bab0-87e22e695cdf}
2026-10-08T02:43:15.7408087Z Azure Region: northcentralus
2026-10-08T02:43:15.7408739Z ##[endgroup]
2026-10-08T02:43:15.7410293Z ##[group]Operating System
2026-10-08T02:43:15.7410970Z Ubuntu
2026-10-08T02:43:15.7411516Z 24.04.5
2026-10-08T02:43:15.7412145Z LTS
2026-10-08T02:43:15.7412690Z ##[endgroup]
2026-10-08T02:43:15.7413247Z ##[group]Runner Image
2026-10-08T02:43:15.7413955Z Image: ubuntu-24.04
2026-10-08T02:43:15.7414614Z Version: 20260927.320.1
2026-10-08T02:43:15.7416266Z Included Software: https://github.com/actions/runner-images/blob/ubuntu24/20260927.320/images/ubuntu/Ubuntu2404-Readme.md
2026-10-08T02:43:15.7417916Z Image Release: https://github.com/actions/runner-images/releases/tag/ubuntu24%2F20260927.320
2026-10-08T02:43:15.7419073Z ##[endgroup]
2026-10-08T02:43:15.7420256Z ##[group]GITHUB_TOKEN Permissions
2026-10-08T02:43:15.7422606Z Contents: read
2026-10-08T02:43:15.7423363Z Metadata: read
2026-10-08T02:43:15.7423969Z ##[endgroup]
2026-10-08T02:43:15.7426930Z Secret source: Actions
2026-10-08T02:43:15.7428032Z Cache mode: write
2026-10-08T02:43:15.7428769Z Prepare workflow directory
2026-10-08T02:43:15.7763129Z Prepare all required actions
2026-10-08T02:43:15.7872974Z Complete job name: skill test suite (tests/skills/, via test-framework.sh)
2026-10-08T02:43:15.8723232Z ##[group]Run set -e
2026-10-08T02:43:15.8724050Z [36;1mset -e[0m
2026-10-08T02:43:15.8724820Z [36;1mecho "select=success mode=full selected=skipped full=failure"[0m
2026-10-08T02:43:15.8725982Z [36;1mif [ "success" != "success" ]; then[0m
2026-10-08T02:43:15.8726943Z [36;1m  echo "select job did not succeed"; exit 1[0m
2026-10-08T02:43:15.8727904Z [36;1mfi[0m
2026-10-08T02:43:15.8728583Z [36;1mif [ "success" != "success" ]; then[0m
2026-10-08T02:43:15.8729513Z [36;1m  echo "native Windows worktree seed job did not succeed"; exit 1[0m
2026-10-08T02:43:15.8730474Z [36;1mfi[0m
2026-10-08T02:43:15.8731074Z [36;1mif [ "full" = "selected" ]; then[0m
2026-10-08T02:43:15.8731948Z [36;1m  [ "skipped" = "success" ] || { echo "selected-mode run failed"; exit 1; }[0m
2026-10-08T02:43:15.8732971Z [36;1melse[0m
2026-10-08T02:43:15.8733712Z [36;1m  [ "failure" = "success" ] || { echo "full-mode run failed"; exit 1; }[0m
2026-10-08T02:43:15.8734625Z [36;1mfi[0m
2026-10-08T02:43:15.9668329Z shell: /usr/bin/bash -e {0}
2026-10-08T02:43:15.9669588Z ##[endgroup]
2026-10-08T02:43:15.9937846Z select=success mode=full selected=skipped full=failure
2026-10-08T02:43:15.9938962Z full-mode run failed
2026-10-08T02:43:15.9969896Z ##[error]Process completed with exit code 1.
2026-10-08T02:43:16.0197631Z Cleaning up orphan processes
