{"name":"ordinary","remote":"https://github.com/Org/Repo.git","fetch":"https://github.com/Org/Repo.git","push":"https://github.com/Org/Repo.git","status":3,"stdout":"{\"schema_version\":1,\"platform\":\"github\",\"repository\":{\"host\":\"github.com\",\"repository\":\"Org/Repo\"},\"remote_name\":\"origin\",\"source_branch\":\"change/probe\",\"target_branch\":\"main\",\"head_sha\":\"9a90dddf92dc1a58d41704e7d22cb3899405a0b1\",\"outcome\":\"refused\",\"code\":\"ACCESS_UNKNOWN\",\"operation\":\"gh.version\",\"remedy\":\"Ask the operator to verify repository read access; an ambiguous denial cannot prove readiness.\",\"create_permission\":\"unknown\"}\n","stderr":"pr-preflight: ACCESS_UNKNOWN (gh.version): Ask the operator to verify repository read access; an ambiguous denial cannot prove readiness.\n","calls":"","transport":null}
{"name":"case","remote":"https://github.com/Org/Repo.git","fetch":"https://github.com/Org/Repo.git","push":"https://github.com/Org/Repo.git","status":3,"stdout":"{\"schema_version\":1,\"platform\":\"github\",\"repository\":{\"host\":\"github.com\",\"repository\":\"Org/Repo\"},\"remote_name\":\"origin\",\"source_branch\":\"change/probe\",\"target_branch\":\"main\",\"head_sha\":\"9a90dddf92dc1a58d41704e7d22cb3899405a0b1\",\"outcome\":\"refused\",\"code\":\"ACCESS_UNKNOWN\",\"operation\":\"gh.version\",\"remedy\":\"Ask the operator to verify repository read access; an ambiguous denial cannot prove readiness.\",\"create_permission\":\"unknown\"}\n","stderr":"pr-preflight: ACCESS_UNKNOWN (gh.version): Ask the operator to verify repository read access; an ambiguous denial cannot prove readiness.\n","calls":"","transport":null}
{"name":"malformed","remote":"https://github.com:bad/Org/Repo.git","fetch":"https://github.com:bad/Org/Repo.git","push":"https://github.com:bad/Org/Repo.git","status":0,"stdout":"{\"schema_version\":1,\"platform\":\"unknown\",\"repository\":{\"remote\":\"https://github.com:bad/Org/Repo.git\"},\"remote_name\":\"origin\",\"source_branch\":\"change/probe\",\"target_branch\":\"main\",\"head_sha\":\"9a90dddf92dc1a58d41704e7d22cb3899405a0b1\",\"outcome\":\"capability_not_applicable\",\"code\":\"CAPABILITY_NOT_APPLICABLE\",\"operation\":\"generic\",\"remedy\":\"GENERIC MODE: automated provider PR and reviewer checks are unavailable; use the existing local/manual ceremony route.\",\"create_permission\":\"unknown\"}\n","stderr":"","calls":"","transport":{"status":128,"stdout":"","stderr":"fatal: unable to access 'https://github.com:bad/Org/Repo.git/': URL rejected: Port number was not a decimal number between 0 and 65535\n"}}
{"name":"generic","remote":"https://gitlab.com/Org/Repo.git","fetch":"https://gitlab.com/Org/Repo.git","push":"https://gitlab.com/Org/Repo.git","status":0,"stdout":"{\"schema_version\":1,\"platform\":\"unknown\",\"repository\":{\"remote\":\"https://gitlab.com/Org/Repo.git\"},\"remote_name\":\"origin\",\"source_branch\":\"change/probe\",\"target_branch\":\"main\",\"head_sha\":\"9a90dddf92dc1a58d41704e7d22cb3899405a0b1\",\"outcome\":\"capability_not_applicable\",\"code\":\"CAPABILITY_NOT_APPLICABLE\",\"operation\":\"generic\",\"remedy\":\"GENERIC MODE: automated provider PR and reviewer checks are unavailable; use the existing local/manual ceremony route.\",\"create_permission\":\"unknown\"}\n","stderr":"","calls":"","transport":null}
node:internal/assert/utils:146
  throw error;
  ^

AssertionError [ERR_ASSERTION]: exact identity positive

3 !== 0

    at Object.<anonymous> (/private/tmp/aai-pr434-scp-review-scratch/probe.cjs:18:8)
    at Module._compile (node:internal/modules/cjs/loader:1934:14)
    at Object..js (node:internal/modules/cjs/loader:2074:10)
    at Module.load (node:internal/modules/cjs/loader:1656:32)
    at Module._load (node:internal/modules/cjs/loader:1448:12)
    at wrapModuleLoad (node:internal/modules/cjs/loader:261:19)
    at Module.executeUserEntryPoint [as runMain] (node:internal/modules/run_main:154:5)
    at node:internal/main/run_main_module:33:47 {
  generatedMessage: false,
  code: 'ERR_ASSERTION',
  actual: 3,
  expected: 0,
  operator: 'strictEqual',
  diff: 'simple'
}

Node.js v26.8.2
