{"name":"ordinary","remote":"https://github.com/Org/Repo.git","fetch":"https://github.com/Org/Repo.git","push":"https://github.com/Org/Repo.git","status":0,"stdout":"{\"schema_version\":1,\"platform\":\"github\",\"repository\":{\"host\":\"github.com\",\"repository\":\"Org/Repo\"},\"remote_name\":\"origin\",\"source_branch\":\"change/probe\",\"target_branch\":\"main\",\"head_sha\":\"b70b5f2901331b6e542fda82c18f9e1fa5ca7f8d\",\"outcome\":\"read_verified\",\"code\":\"READ_VERIFIED\",\"operation\":\"github.readiness\",\"remedy\":\"Repository read access verified at invocation time; future PR create permission remains unknown.\",\"create_permission\":\"unknown\"}\n","stderr":"","calls":"[\"--version\"]\n[\"auth\",\"status\",\"--hostname\",\"github.com\"]\n[\"repo\",\"view\",\"Org/Repo\",\"--json\",\"nameWithOwner,url\"]\n","transport":null}
{"name":"case","remote":"https://github.com/Org/Repo.git","fetch":"https://github.com/Org/Repo.git","push":"https://github.com/Org/Repo.git","status":3,"stdout":"{\"schema_version\":1,\"platform\":\"github\",\"repository\":{\"host\":\"github.com\",\"repository\":\"Org/Repo\"},\"remote_name\":\"origin\",\"source_branch\":\"change/probe\",\"target_branch\":\"main\",\"head_sha\":\"b70b5f2901331b6e542fda82c18f9e1fa5ca7f8d\",\"outcome\":\"refused\",\"code\":\"PROVIDER_RESULT_INVALID\",\"operation\":\"gh.repository\",\"remedy\":\"Check the named client output and repository identity locally, then rerun readiness.\",\"create_permission\":\"unknown\"}\n","stderr":"pr-preflight: PROVIDER_RESULT_INVALID (gh.repository): Check the named client output and repository identity locally, then rerun readiness.\n","calls":"[\"--version\"]\n[\"auth\",\"status\",\"--hostname\",\"github.com\"]\n[\"repo\",\"view\",\"Org/Repo\",\"--json\",\"nameWithOwner,url\"]\n","transport":null}
{"name":"malformed","remote":"https://github.com:bad/Org/Repo.git","fetch":"https://github.com:bad/Org/Repo.git","push":"https://github.com:bad/Org/Repo.git","status":0,"stdout":"{\"schema_version\":1,\"platform\":\"unknown\",\"repository\":{\"remote\":\"https://github.com:bad/Org/Repo.git\"},\"remote_name\":\"origin\",\"source_branch\":\"change/probe\",\"target_branch\":\"main\",\"head_sha\":\"b70b5f2901331b6e542fda82c18f9e1fa5ca7f8d\",\"outcome\":\"capability_not_applicable\",\"code\":\"CAPABILITY_NOT_APPLICABLE\",\"operation\":\"generic\",\"remedy\":\"GENERIC MODE: automated provider PR and reviewer checks are unavailable; use the existing local/manual ceremony route.\",\"create_permission\":\"unknown\"}\n","stderr":"","calls":"","transport":{"status":128,"stdout":"","stderr":"fatal: unable to access 'https://github.com:bad/Org/Repo.git/': URL rejected: Port number was not a decimal number between 0 and 65535\n"}}
{"name":"generic","remote":"https://gitlab.com/Org/Repo.git","fetch":"https://gitlab.com/Org/Repo.git","push":"https://gitlab.com/Org/Repo.git","status":0,"stdout":"{\"schema_version\":1,\"platform\":\"unknown\",\"repository\":{\"remote\":\"https://gitlab.com/Org/Repo.git\"},\"remote_name\":\"origin\",\"source_branch\":\"change/probe\",\"target_branch\":\"main\",\"head_sha\":\"b70b5f2901331b6e542fda82c18f9e1fa5ca7f8d\",\"outcome\":\"capability_not_applicable\",\"code\":\"CAPABILITY_NOT_APPLICABLE\",\"operation\":\"generic\",\"remedy\":\"GENERIC MODE: automated provider PR and reviewer checks are unavailable; use the existing local/manual ceremony route.\",\"create_permission\":\"unknown\"}\n","stderr":"","calls":"","transport":null}
ASSERTION: malformed scheme must refuse

0 !== 2

ASSERTION: case-equivalent GitHub repository must succeed

3 !== 0

node:internal/assert/utils:146
  throw error;
  ^

AssertionError [ERR_ASSERTION]: independent regressions

2 !== 0

    at Object.<anonymous> (/private/tmp/aai-pr434-scp-review-scratch/probe.cjs:19:291)
    at Module._compile (node:internal/modules/cjs/loader:1934:14)
    at Object..js (node:internal/modules/cjs/loader:2074:10)
    at Module.load (node:internal/modules/cjs/loader:1656:32)
    at Module._load (node:internal/modules/cjs/loader:1448:12)
    at wrapModuleLoad (node:internal/modules/cjs/loader:261:19)
    at Module.executeUserEntryPoint [as runMain] (node:internal/modules/run_main:154:5)
    at node:internal/main/run_main_module:33:47 {
  generatedMessage: false,
  code: 'ERR_ASSERTION',
  actual: 2,
  expected: 0,
  operator: 'strictEqual',
  diff: 'simple'
}

Node.js v26.8.2
