2026-10-08T12:22:39.0661854Z Current runner version: '2.337.0'
2026-10-08T12:22:39.0696760Z ##[group]Runner Image Provisioner
2026-10-08T12:22:39.0697652Z Hosted Compute Agent
2026-10-08T12:22:39.0698264Z Version: 20260901.588
2026-10-08T12:22:39.0698874Z Commit: f88ec8081b781fac6c440065ac7ff9e710ce3d0b
2026-10-08T12:22:39.0699611Z Build Date: 2026-09-01T19:56:44Z
2026-10-08T12:22:39.0700237Z Worker ID: {0f607c11-f634-4d94-aa2f-be1310a2f275}
2026-10-08T12:22:39.0700950Z Azure Region: westus
2026-10-08T12:22:39.0701497Z ##[endgroup]
2026-10-08T12:22:39.0702928Z ##[group]Operating System
2026-10-08T12:22:39.0703583Z Microsoft Windows Server 2025
2026-10-08T12:22:39.0704140Z 10.0.26100
2026-10-08T12:22:39.0704623Z Datacenter
2026-10-08T12:22:39.0705111Z ##[endgroup]
2026-10-08T12:22:39.0705588Z ##[group]Runner Image
2026-10-08T12:22:39.0706184Z Image: windows-2025-vs2026
2026-10-08T12:22:39.0706731Z Version: 20260925.250.1
2026-10-08T12:22:39.0708178Z Included Software: https://github.com/actions/runner-images/blob/win25-vs2026/20260925.250/images/windows/Windows2025-VS2026-Readme.md
2026-10-08T12:22:39.0709755Z Image Release: https://github.com/actions/runner-images/releases/tag/win25-vs2026%2F20260925.250
2026-10-08T12:22:39.0710682Z ##[endgroup]
2026-10-08T12:22:39.0711651Z ##[group]GITHUB_TOKEN Permissions
2026-10-08T12:22:39.0714299Z Contents: read
2026-10-08T12:22:39.0714909Z Metadata: read
2026-10-08T12:22:39.0715460Z ##[endgroup]
2026-10-08T12:22:39.0717638Z Secret source: Actions
2026-10-08T12:22:39.0718526Z Cache mode: write
2026-10-08T12:22:39.0719165Z Prepare workflow directory
2026-10-08T12:22:39.1183101Z Prepare all required actions
2026-10-08T12:22:39.1242774Z Getting action download info
2026-10-08T12:22:39.5236334Z Download action repository 'actions/checkout@v4' (SHA:11d5960a326750d5838078e36cf38b85af677262)
2026-10-08T12:22:39.6539971Z Download action repository 'Vampire/setup-wsl@v7' (SHA:d1da7f2c0322a5ee4f24975344f67fc0f5baf364)
2026-10-08T12:22:40.0661272Z Download action repository 'actions/cache@v4' (SHA:0057852bfaa89a56745cba8c7296529d2fc39830)
2026-10-08T12:22:40.3583357Z Complete job name: functional WSL1 leg (wrapper WSL routing + selftest arms + full 5.1 Pester)
2026-10-08T12:22:40.5183921Z ##[group]Run actions/checkout@v4
2026-10-08T12:22:40.5185455Z with:
2026-10-08T12:22:40.5186259Z   repository: goodwind-cz/aai
2026-10-08T12:22:40.5195415Z   token: ***
2026-10-08T12:22:40.5196238Z   ssh-strict: true
2026-10-08T12:22:40.5197039Z   ssh-user: git
2026-10-08T12:22:40.5198032Z   persist-credentials: true
2026-10-08T12:22:40.5198980Z   clean: true
2026-10-08T12:22:40.5199871Z   sparse-checkout-cone-mode: true
2026-10-08T12:22:40.5200909Z   fetch-depth: 1
2026-10-08T12:22:40.5201803Z   fetch-tags: false
2026-10-08T12:22:40.5202714Z   show-progress: true
2026-10-08T12:22:40.5203587Z   lfs: false
2026-10-08T12:22:40.5204393Z   submodules: false
2026-10-08T12:22:40.5205298Z   set-safe-directory: true
2026-10-08T12:22:40.5206353Z   allow-unsafe-pr-checkout: false
2026-10-08T12:22:40.5207762Z env:
2026-10-08T12:22:40.5208592Z   AAI_EXPECTED_WIN_SKIP_COUNT: 4
2026-10-08T12:22:40.5209563Z ##[endgroup]
2026-10-08T12:22:40.6679137Z Syncing repository: goodwind-cz/aai
2026-10-08T12:22:40.6682455Z ##[group]Getting Git version info
2026-10-08T12:22:40.6683700Z Working directory is 'D:\a\aai\aai'
2026-10-08T12:22:40.7732927Z [command]"C:\Program Files\Git\bin\git.exe" version
2026-10-08T12:22:41.1403816Z git version 2.55.0.windows.5
2026-10-08T12:22:41.1457154Z ##[endgroup]
2026-10-08T12:22:41.1478214Z Temporarily overriding HOME='D:\a\_temp\46c4b40b-3b01-4d08-9052-ce1b1e6501b9' before making global git config changes
2026-10-08T12:22:41.1483008Z Adding repository directory to the temporary git global config as a safe directory
2026-10-08T12:22:41.1492563Z [command]"C:\Program Files\Git\bin\git.exe" config --global --add safe.directory D:\a\aai\aai
2026-10-08T12:22:41.2122029Z Deleting the contents of 'D:\a\aai\aai'
2026-10-08T12:22:41.2128500Z ##[group]Initializing the repository
2026-10-08T12:22:41.2137107Z [command]"C:\Program Files\Git\bin\git.exe" init D:\a\aai\aai
2026-10-08T12:22:41.2977314Z Initialized empty Git repository in D:/a/aai/aai/.git/
2026-10-08T12:22:41.3020889Z [command]"C:\Program Files\Git\bin\git.exe" remote add origin https://github.com/goodwind-cz/aai
2026-10-08T12:22:41.3629727Z ##[endgroup]
2026-10-08T12:22:41.3631356Z ##[group]Disabling automatic garbage collection
2026-10-08T12:22:41.3638812Z [command]"C:\Program Files\Git\bin\git.exe" config --local gc.auto 0
2026-10-08T12:22:41.3952634Z ##[endgroup]
2026-10-08T12:22:41.3955665Z ##[group]Setting up auth
2026-10-08T12:22:41.3966879Z [command]"C:\Program Files\Git\bin\git.exe" config --local --name-only --get-regexp core\.sshCommand
2026-10-08T12:22:41.4275499Z [command]"C:\Program Files\Git\bin\git.exe" submodule foreach --recursive "sh -c \"git config --local --name-only --get-regexp 'core\.sshCommand' && git config --local --unset-all 'core.sshCommand' || :\""
2026-10-08T12:22:42.8748895Z [command]"C:\Program Files\Git\bin\git.exe" config --local --name-only --get-regexp http\.https\:\/\/github\.com\/\.extraheader
2026-10-08T12:22:42.9055666Z [command]"C:\Program Files\Git\bin\git.exe" submodule foreach --recursive "sh -c \"git config --local --name-only --get-regexp 'http\.https\:\/\/github\.com\/\.extraheader' && git config --local --unset-all 'http.https://github.com/.extraheader' || :\""
2026-10-08T12:22:43.4319894Z [command]"C:\Program Files\Git\bin\git.exe" config --local --name-only --get-regexp ^includeIf\.gitdir:
2026-10-08T12:22:43.4630467Z [command]"C:\Program Files\Git\bin\git.exe" submodule foreach --recursive "git config --local --show-origin --name-only --get-regexp remote.origin.url"
2026-10-08T12:22:43.9903722Z [command]"C:\Program Files\Git\bin\git.exe" config --local http.https://github.com/.extraheader "AUTHORIZATION: basic ***"
2026-10-08T12:22:44.0215286Z ##[endgroup]
2026-10-08T12:22:44.0216197Z ##[group]Fetching the repository
2026-10-08T12:22:44.0232327Z [command]"C:\Program Files\Git\bin\git.exe" -c protocol.version=2 fetch --no-tags --prune --no-recurse-submodules --depth=1 origin +cadbea42bda0eccc4a7479a0927af3e4d901d52c:refs/remotes/pull/434/merge
2026-10-08T12:22:46.2179857Z From https://github.com/goodwind-cz/aai
2026-10-08T12:22:46.2181695Z  * [new ref]         cadbea42bda0eccc4a7479a0927af3e4d901d52c -> pull/434/merge
2026-10-08T12:22:46.2218047Z ##[endgroup]
2026-10-08T12:22:46.2218654Z ##[group]Determining the checkout info
2026-10-08T12:22:46.2220949Z ##[endgroup]
2026-10-08T12:22:46.2236391Z [command]"C:\Program Files\Git\bin\git.exe" sparse-checkout disable
2026-10-08T12:22:46.2657863Z [command]"C:\Program Files\Git\bin\git.exe" config --local --unset-all extensions.worktreeConfig
2026-10-08T12:22:46.2977659Z ##[group]Checking out the ref
2026-10-08T12:22:46.2988210Z [command]"C:\Program Files\Git\bin\git.exe" checkout --progress --force refs/remotes/pull/434/merge
2026-10-08T12:22:46.3428583Z ##[error]error: invalid path 'docs/ai/tdd/spec-pr-capability-preflight/mutation-TEST-007.2026-10-07T12:49:40Z.patch'
2026-10-08T12:22:46.3560805Z ##[error]The process 'C:\Program Files\Git\bin\git.exe' failed with exit code 128
2026-10-08T12:22:46.3977071Z Post job cleanup.
2026-10-08T12:22:46.6028972Z [command]"C:\Program Files\Git\bin\git.exe" version
2026-10-08T12:22:46.6342163Z git version 2.55.0.windows.5
2026-10-08T12:22:46.6417986Z Temporarily overriding HOME='D:\a\_temp\72087db3-5eeb-4de7-b6cc-ae5d6d82d6b3' before making global git config changes
2026-10-08T12:22:46.6419710Z Adding repository directory to the temporary git global config as a safe directory
2026-10-08T12:22:46.6429596Z [command]"C:\Program Files\Git\bin\git.exe" config --global --add safe.directory D:\a\aai\aai
2026-10-08T12:22:46.6728323Z [command]"C:\Program Files\Git\bin\git.exe" config --local --name-only --get-regexp core\.sshCommand
2026-10-08T12:22:46.7033084Z [command]"C:\Program Files\Git\bin\git.exe" submodule foreach --recursive "sh -c \"git config --local --name-only --get-regexp 'core\.sshCommand' && git config --local --unset-all 'core.sshCommand' || :\""
2026-10-08T12:22:47.2741309Z [command]"C:\Program Files\Git\bin\git.exe" config --local --name-only --get-regexp http\.https\:\/\/github\.com\/\.extraheader
2026-10-08T12:22:47.3007296Z http.https://github.com/.extraheader
2026-10-08T12:22:47.3050383Z [command]"C:\Program Files\Git\bin\git.exe" config --local --unset-all http.https://github.com/.extraheader
2026-10-08T12:22:47.3367665Z [command]"C:\Program Files\Git\bin\git.exe" submodule foreach --recursive "sh -c \"git config --local --name-only --get-regexp 'http\.https\:\/\/github\.com\/\.extraheader' && git config --local --unset-all 'http.https://github.com/.extraheader' || :\""
2026-10-08T12:22:47.8643146Z [command]"C:\Program Files\Git\bin\git.exe" config --local --name-only --get-regexp ^includeIf\.gitdir:
2026-10-08T12:22:47.8925282Z [command]"C:\Program Files\Git\bin\git.exe" submodule foreach --recursive "git config --local --show-origin --name-only --get-regexp remote.origin.url"
2026-10-08T12:22:48.4457209Z Cleaning up orphan processes
2026-10-08T12:22:48.4489275Z ##[warning]Node.js 20 is deprecated. The following actions target Node.js 20 but are being forced to run on Node.js 24: actions/checkout@v4. For more information see: https://github.blog/changelog/2025-09-19-deprecation-of-node-20-on-github-actions-runners/
