[
  {
    "endpoint": "https://gitlab.com:bad/a/b",
    "status": 2,
    "calls": 0
  },
  {
    "endpoint": "https://gitlab.com:65536/a/b",
    "status": 2,
    "calls": 0
  },
  {
    "endpoint": "ssh://git@github.com/Org/%2E%2E/Repo.git",
    "status": 2,
    "calls": 0
  },
  {
    "endpoint": "ssh://git%3Apass@github.com/Org/Repo.git",
    "status": 2,
    "calls": 0
  },
  {
    "host": "github.com",
    "combined_ascii": true,
    "calls": 3
  },
  {
    "host": "enterprise.github.com",
    "combined_ascii": true,
    "calls": 3
  },
  {
    "unicode_distinct": true
  },
  {
    "literal_endpoint_refusal": true
  },
  {
    "generic_numeric_port_redacted": true
  },
  {
    "explicit_null": true
  },
  {
    "azure_unchanged": true,
    "calls": 3
  }
]
reaped: 0
reaped pids:
reaped ages:
reaped raw:
