mutation-run: skipping untracked path that could not be reproduced in the clone: aai-mutation-THqlQl/clone/ (EISDIR: illegal operation on a directory, copyfile '/private/tmp/aai-pr434-final-recheck-scratch/aai-mutation-THqlQl/clone/' -> '/private/tmp/aai-pr434-final-recheck-scratch/aai-mutation-THqlQl/clone/aai-mutation-THqlQl/clone/')
NOTE: copied 3 root-level untracked path(s) into the clone: tmp.7L5BvxOLRt, tmp.JQtXFhjlfZ, xcrun_db
RED TEST-001: still reddens (tests/skills/test-aai-pr-preflight.sh test_001)
mutation-run: skipping untracked path that could not be reproduced in the clone: aai-mutation-vo7RM7/clone/ (EISDIR: illegal operation on a directory, copyfile '/private/tmp/aai-pr434-final-recheck-scratch/aai-mutation-vo7RM7/clone/' -> '/private/tmp/aai-pr434-final-recheck-scratch/aai-mutation-vo7RM7/clone/aai-mutation-vo7RM7/clone/')
NOTE: copied 3 root-level untracked path(s) into the clone: tmp.7L5BvxOLRt, tmp.JQtXFhjlfZ, xcrun_db
RED TEST-002: still reddens (tests/skills/test-aai-pr-preflight.sh test_002)
mutation-run: skipping untracked path that could not be reproduced in the clone: aai-mutation-eMQyT9/clone/ (EISDIR: illegal operation on a directory, copyfile '/private/tmp/aai-pr434-final-recheck-scratch/aai-mutation-eMQyT9/clone/' -> '/private/tmp/aai-pr434-final-recheck-scratch/aai-mutation-eMQyT9/clone/aai-mutation-eMQyT9/clone/')
NOTE: copied 3 root-level untracked path(s) into the clone: tmp.7L5BvxOLRt, tmp.JQtXFhjlfZ, xcrun_db
RED TEST-003: still reddens (tests/skills/test-aai-pr-preflight.sh test_003)
mutation-run: skipping untracked path that could not be reproduced in the clone: aai-mutation-kXJi7L/clone/ (EISDIR: illegal operation on a directory, copyfile '/private/tmp/aai-pr434-final-recheck-scratch/aai-mutation-kXJi7L/clone/' -> '/private/tmp/aai-pr434-final-recheck-scratch/aai-mutation-kXJi7L/clone/aai-mutation-kXJi7L/clone/')
NOTE: copied 3 root-level untracked path(s) into the clone: tmp.7L5BvxOLRt, tmp.JQtXFhjlfZ, xcrun_db
RED TEST-004: still reddens (tests/skills/test-aai-pr-preflight.sh test_004)
mutation-run: skipping untracked path that could not be reproduced in the clone: aai-mutation-D9WUz0/clone/ (EISDIR: illegal operation on a directory, copyfile '/private/tmp/aai-pr434-final-recheck-scratch/aai-mutation-D9WUz0/clone/' -> '/private/tmp/aai-pr434-final-recheck-scratch/aai-mutation-D9WUz0/clone/aai-mutation-D9WUz0/clone/')
NOTE: copied 3 root-level untracked path(s) into the clone: tmp.7L5BvxOLRt, tmp.JQtXFhjlfZ, xcrun_db
RED TEST-005: still reddens (tests/skills/test-aai-pr-preflight.sh test_005)
mutation-run: skipping untracked path that could not be reproduced in the clone: aai-mutation-EB1sX9/clone/ (EISDIR: illegal operation on a directory, copyfile '/private/tmp/aai-pr434-final-recheck-scratch/aai-mutation-EB1sX9/clone/' -> '/private/tmp/aai-pr434-final-recheck-scratch/aai-mutation-EB1sX9/clone/aai-mutation-EB1sX9/clone/')
NOTE: copied 3 root-level untracked path(s) into the clone: tmp.7L5BvxOLRt, tmp.JQtXFhjlfZ, xcrun_db
RED TEST-006: still reddens (tests/skills/test-aai-pr-preflight.sh test_006)
mutation-run: skipping untracked path that could not be reproduced in the clone: aai-mutation-4GGE6i/clone/ (EISDIR: illegal operation on a directory, copyfile '/private/tmp/aai-pr434-final-recheck-scratch/aai-mutation-4GGE6i/clone/' -> '/private/tmp/aai-pr434-final-recheck-scratch/aai-mutation-4GGE6i/clone/aai-mutation-4GGE6i/clone/')
NOTE: copied 3 root-level untracked path(s) into the clone: tmp.7L5BvxOLRt, tmp.JQtXFhjlfZ, xcrun_db
RED TEST-007: still reddens (tests/skills/test-aai-pr-preflight.sh test_007)
mutation-run: skipping untracked path that could not be reproduced in the clone: aai-mutation-vD40ps/clone/ (EISDIR: illegal operation on a directory, copyfile '/private/tmp/aai-pr434-final-recheck-scratch/aai-mutation-vD40ps/clone/' -> '/private/tmp/aai-pr434-final-recheck-scratch/aai-mutation-vD40ps/clone/aai-mutation-vD40ps/clone/')
NOTE: copied 3 root-level untracked path(s) into the clone: tmp.7L5BvxOLRt, tmp.JQtXFhjlfZ, xcrun_db
RED TEST-008: still reddens (tests/skills/test-aai-pr-preflight.sh test_008)
mutation-run --replay: 8/8 attempted records still redden (0 inconclusive of 8 total, 0 re-stamped)
reaped: 0
reaped pids:
reaped ages:
reaped raw:
