2026-10-08T01:20:03.3244825Z Current runner version: '2.337.0'
2026-10-08T01:20:03.3280835Z ##[group]Runner Image Provisioner
2026-10-08T01:20:03.3282110Z Hosted Compute Agent
2026-10-08T01:20:03.3283183Z Version: 20261002.596
2026-10-08T01:20:03.3284243Z Commit: c3d12f3313a95f25162a1503be624f3b0617f8c0
2026-10-08T01:20:03.3285545Z Build Date: 2026-10-02T22:28:27Z
2026-10-08T01:20:03.3286646Z Worker ID: {70f2442b-a2ac-44d2-92dc-698b6160d73a}
2026-10-08T01:20:03.3287982Z Region: eastus
2026-10-08T01:20:03.3289308Z Cloud: Azure
2026-10-08T01:20:03.3290146Z ##[endgroup]
2026-10-08T01:20:03.3292800Z ##[group]Operating System
2026-10-08T01:20:03.3293801Z Ubuntu
2026-10-08T01:20:03.3294624Z 24.04.5
2026-10-08T01:20:03.3295694Z LTS
2026-10-08T01:20:03.3296522Z ##[endgroup]
2026-10-08T01:20:03.3297511Z ##[group]Runner Image
2026-10-08T01:20:03.3298765Z Image: ubuntu-24.04
2026-10-08T01:20:03.3299815Z Version: 20261004.327.1
2026-10-08T01:20:03.3301996Z Included Software: https://github.com/actions/runner-images/blob/ubuntu24/20261004.327/images/ubuntu/Ubuntu2404-Readme.md
2026-10-08T01:20:03.3304745Z Image Release: https://github.com/actions/runner-images/releases/tag/ubuntu24%2F20261004.327
2026-10-08T01:20:03.3306405Z ##[endgroup]
2026-10-08T01:20:03.3308593Z ##[group]GITHUB_TOKEN Permissions
2026-10-08T01:20:03.3311540Z Contents: read
2026-10-08T01:20:03.3312608Z Metadata: read
2026-10-08T01:20:03.3313520Z ##[endgroup]
2026-10-08T01:20:03.3316693Z Secret source: Actions
2026-10-08T01:20:03.3318567Z Cache mode: write
2026-10-08T01:20:03.3319795Z Prepare workflow directory
2026-10-08T01:20:03.3908475Z Prepare all required actions
2026-10-08T01:20:03.3981820Z Getting action download info
2026-10-08T01:20:03.5941179Z Download action repository 'actions/checkout@v4' (SHA:11d5960a326750d5838078e36cf38b85af677262)
2026-10-08T01:20:03.6826699Z Download action repository 'actions/setup-node@v4' (SHA:49933ea5288caeca8642d1e84afbd3f7d6820020)
2026-10-08T01:20:03.8803471Z Complete job name: skill test suite (full framework, via test-framework.sh) (2)
2026-10-08T01:20:03.9669255Z ##[group]Run actions/checkout@v4
2026-10-08T01:20:03.9670273Z with:
2026-10-08T01:20:03.9670727Z   fetch-depth: 0
2026-10-08T01:20:03.9671219Z   repository: goodwind-cz/aai
2026-10-08T01:20:03.9675280Z   token: ***
2026-10-08T01:20:03.9675749Z   ssh-strict: true
2026-10-08T01:20:03.9676215Z   ssh-user: git
2026-10-08T01:20:03.9676697Z   persist-credentials: true
2026-10-08T01:20:03.9677204Z   clean: true
2026-10-08T01:20:03.9677677Z   sparse-checkout-cone-mode: true
2026-10-08T01:20:03.9678434Z   fetch-tags: false
2026-10-08T01:20:03.9678928Z   show-progress: true
2026-10-08T01:20:03.9679412Z   lfs: false
2026-10-08T01:20:03.9679849Z   submodules: false
2026-10-08T01:20:03.9680324Z   set-safe-directory: true
2026-10-08T01:20:03.9680873Z   allow-unsafe-pr-checkout: false
2026-10-08T01:20:03.9681702Z env:
2026-10-08T01:20:03.9682155Z   AAI_TEST_PARALLEL: 4
2026-10-08T01:20:03.9682642Z ##[endgroup]
2026-10-08T01:20:04.0710769Z Syncing repository: goodwind-cz/aai
2026-10-08T01:20:04.0713931Z ##[group]Getting Git version info
2026-10-08T01:20:04.0715104Z Working directory is '/home/runner/work/aai/aai'
2026-10-08T01:20:04.0716694Z [command]/usr/bin/git version
2026-10-08T01:20:04.0796924Z git version 2.55.0
2026-10-08T01:20:04.0836924Z ##[endgroup]
2026-10-08T01:20:04.0859805Z Temporarily overriding HOME='/home/runner/work/_temp/7386da43-a327-4438-ab1e-76da7ce23220' before making global git config changes
2026-10-08T01:20:04.0863511Z Adding repository directory to the temporary git global config as a safe directory
2026-10-08T01:20:04.0865506Z [command]/usr/bin/git config --global --add safe.directory /home/runner/work/aai/aai
2026-10-08T01:20:04.0907932Z Deleting the contents of '/home/runner/work/aai/aai'
2026-10-08T01:20:04.0913526Z ##[group]Initializing the repository
2026-10-08T01:20:04.0917202Z [command]/usr/bin/git init /home/runner/work/aai/aai
2026-10-08T01:20:04.1016726Z hint: Using 'master' as the name for the initial branch. This default branch name
2026-10-08T01:20:04.1021635Z hint: will change to "main" in Git 3.0. To configure the initial branch name
2026-10-08T01:20:04.1023073Z hint: to use in all of your new repositories, which will suppress this warning,
2026-10-08T01:20:04.1023951Z hint: call:
2026-10-08T01:20:04.1024410Z hint:
2026-10-08T01:20:04.1025008Z hint: 	git config --global init.defaultBranch <name>
2026-10-08T01:20:04.1025717Z hint:
2026-10-08T01:20:04.1026388Z hint: Names commonly chosen instead of 'master' are 'main', 'trunk' and
2026-10-08T01:20:04.1027417Z hint: 'development'. The just-created branch can be renamed via this command:
2026-10-08T01:20:04.1028480Z hint:
2026-10-08T01:20:04.1030309Z hint: 	git branch -m <name>
2026-10-08T01:20:04.1031289Z hint:
2026-10-08T01:20:04.1032460Z hint: Disable this message with "git config set advice.defaultBranchName false"
2026-10-08T01:20:04.1034215Z Initialized empty Git repository in /home/runner/work/aai/aai/.git/
2026-10-08T01:20:04.1042167Z [command]/usr/bin/git remote add origin https://github.com/goodwind-cz/aai
2026-10-08T01:20:04.1092531Z ##[endgroup]
2026-10-08T01:20:04.1093852Z ##[group]Disabling automatic garbage collection
2026-10-08T01:20:04.1097209Z [command]/usr/bin/git config --local gc.auto 0
2026-10-08T01:20:04.1132727Z ##[endgroup]
2026-10-08T01:20:04.1134118Z ##[group]Setting up auth
2026-10-08T01:20:04.1143493Z [command]/usr/bin/git config --local --name-only --get-regexp core\.sshCommand
2026-10-08T01:20:04.1184154Z [command]/usr/bin/git submodule foreach --recursive sh -c "git config --local --name-only --get-regexp 'core\.sshCommand' && git config --local --unset-all 'core.sshCommand' || :"
2026-10-08T01:20:04.1556606Z [command]/usr/bin/git config --local --name-only --get-regexp http\.https\:\/\/github\.com\/\.extraheader
2026-10-08T01:20:04.1602171Z [command]/usr/bin/git submodule foreach --recursive sh -c "git config --local --name-only --get-regexp 'http\.https\:\/\/github\.com\/\.extraheader' && git config --local --unset-all 'http.https://github.com/.extraheader' || :"
2026-10-08T01:20:04.1845944Z [command]/usr/bin/git config --local --name-only --get-regexp ^includeIf\.gitdir:
2026-10-08T01:20:04.1883729Z [command]/usr/bin/git submodule foreach --recursive git config --local --show-origin --name-only --get-regexp remote.origin.url
2026-10-08T01:20:04.2115113Z [command]/usr/bin/git config --local http.https://github.com/.extraheader AUTHORIZATION: basic ***
2026-10-08T01:20:04.2157153Z ##[endgroup]
2026-10-08T01:20:04.2157987Z ##[group]Fetching the repository
2026-10-08T01:20:04.2168479Z [command]/usr/bin/git -c protocol.version=2 fetch --prune --no-recurse-submodules origin +refs/heads/*:refs/remotes/origin/* +refs/tags/*:refs/tags/* +e71965cb0de09b04066e20b7663e8dbde1179540:refs/remotes/pull/434/merge
2026-10-08T01:20:07.0743371Z From https://github.com/goodwind-cz/aai
2026-10-08T01:20:07.0749413Z  * [new branch]        change/amendment-signature-asks-the-owner-too-often -> origin/change/amendment-signature-asks-the-owner-too-often
2026-10-08T01:20:07.0754825Z  * [new branch]        change/downstream-rides-ask-no-governance-questions -> origin/change/downstream-rides-ask-no-governance-questions
2026-10-08T01:20:07.0759699Z  * [new branch]        change/original-request-outcome-backcheck -> origin/change/original-request-outcome-backcheck
2026-10-08T01:20:07.0763933Z  * [new branch]        change/pr-capability-preflight           -> origin/change/pr-capability-preflight
2026-10-08T01:20:07.0767866Z  * [new branch]        change/roadmap-serves-downstream-projects -> origin/change/roadmap-serves-downstream-projects
2026-10-08T01:20:07.0773902Z  * [new branch]        chore/close-userguide-catalog-item       -> origin/chore/close-userguide-catalog-item
2026-10-08T01:20:07.0778709Z  * [new branch]        chore/intake-routing-tables-owner-and-seam -> origin/chore/intake-routing-tables-owner-and-seam
2026-10-08T01:20:07.0783211Z  * [new branch]        chore/release-v2026.09.25                -> origin/chore/release-v2026.09.25
2026-10-08T01:20:07.0785722Z  * [new branch]        chore/release-v2026.09.28                -> origin/chore/release-v2026.09.28
2026-10-08T01:20:07.0789076Z  * [new branch]        chore/wave-3-intakes                     -> origin/chore/wave-3-intakes
2026-10-08T01:20:07.0793478Z  * [new branch]        cursor/feedback-triage-missing-output-dir-a7ce -> origin/cursor/feedback-triage-missing-output-dir-a7ce
2026-10-08T01:20:07.0797176Z  * [new branch]        cursor/gpt-6-pricing-family-67e6         -> origin/cursor/gpt-6-pricing-family-67e6
2026-10-08T01:20:07.0801243Z  * [new branch]        cursor/mutation-clone-fidelity-windows-eol-a7ce -> origin/cursor/mutation-clone-fidelity-windows-eol-a7ce
2026-10-08T01:20:07.0805325Z  * [new branch]        cursor/mutation-clone-windows-run-chain-5e0a -> origin/cursor/mutation-clone-windows-run-chain-5e0a
2026-10-08T01:20:07.0809156Z  * [new branch]        cursor/polydao-graph-loop-ideas-fa9c     -> origin/cursor/polydao-graph-loop-ideas-fa9c
2026-10-08T01:20:07.0812760Z  * [new branch]        cursor/pricing-missing-models-and-refresh-94d5 -> origin/cursor/pricing-missing-models-and-refresh-94d5
2026-10-08T01:20:07.0816595Z  * [new branch]        cursor/prompts-invoke-wsl-bash-on-windows-a7ce -> origin/cursor/prompts-invoke-wsl-bash-on-windows-a7ce
2026-10-08T01:20:07.0821304Z  * [new branch]        cursor/strategy-unscoped-from-current-focus-a7ce -> origin/cursor/strategy-unscoped-from-current-focus-a7ce
2026-10-08T01:20:07.0826172Z  * [new branch]        exp-0113-phase1                          -> origin/exp-0113-phase1
2026-10-08T01:20:07.0830445Z  * [new branch]        feat/antigravity-cli-skill-paths         -> origin/feat/antigravity-cli-skill-paths
2026-10-08T01:20:07.0833460Z  * [new branch]        feat/canon-is-a-build-artifact           -> origin/feat/canon-is-a-build-artifact
2026-10-08T01:20:07.0836497Z  * [new branch]        feat/cheap-model-in-practice             -> origin/feat/cheap-model-in-practice
2026-10-08T01:20:07.0840680Z  * [new branch]        feat/dev-progress-hub                    -> origin/feat/dev-progress-hub
2026-10-08T01:20:07.0845294Z  * [new branch]        feat/feedback-upsert-review              -> origin/feat/feedback-upsert-review
2026-10-08T01:20:07.0849759Z  * [new branch]        feat/friction-channel-sweep              -> origin/feat/friction-channel-sweep
2026-10-08T01:20:07.0852690Z  * [new branch]        feat/learned-append-gate                 -> origin/feat/learned-append-gate
2026-10-08T01:20:07.0855899Z  * [new branch]        feat/original-request-outcome-backcheck  -> origin/feat/original-request-outcome-backcheck
2026-10-08T01:20:07.0860599Z  * [new branch]        feat/pr-post-open-review-sweep           -> origin/feat/pr-post-open-review-sweep
2026-10-08T01:20:07.0863791Z  * [new branch]        feat/product-docs-enforced               -> origin/feat/product-docs-enforced
2026-10-08T01:20:07.0866868Z  * [new branch]        feat/prompt-hash-telemetry               -> origin/feat/prompt-hash-telemetry
2026-10-08T01:20:07.0870576Z  * [new branch]        feat/roadmap-takes-direction             -> origin/feat/roadmap-takes-direction
2026-10-08T01:20:07.0875556Z  * [new branch]        feat/role-output-contracts               -> origin/feat/role-output-contracts
2026-10-08T01:20:07.0880495Z  * [new branch]        feat/universality-proof                  -> origin/feat/universality-proof
2026-10-08T01:20:07.0885138Z  * [new branch]        feature/remote-orchestration             -> origin/feature/remote-orchestration
2026-10-08T01:20:07.0890333Z  * [new branch]        fix/canonical-provenance-archived-sources -> origin/fix/canonical-provenance-archived-sources
2026-10-08T01:20:07.0893890Z  * [new branch]        fix/closeout-display-id-match            -> origin/fix/closeout-display-id-match
2026-10-08T01:20:07.0897657Z  * [new branch]        fix/feedback-pipeline-discoverability    -> origin/fix/feedback-pipeline-discoverability
2026-10-08T01:20:07.0902001Z  * [new branch]        fix/gate-checks-declared-mutation        -> origin/fix/gate-checks-declared-mutation
2026-10-08T01:20:07.0905462Z  * [new branch]        fix/growth-pins-dont-wall-the-corpus     -> origin/fix/growth-pins-dont-wall-the-corpus
2026-10-08T01:20:07.0910004Z  * [new branch]        fix/worktree-lacks-vendored-aai-layer-downstream-wt -> origin/fix/worktree-lacks-vendored-aai-layer-downstream-wt
2026-10-08T01:20:07.0913290Z  * [new branch]        main                                     -> origin/main
2026-10-08T01:20:07.0915812Z  * [new branch]        research/polydao-verdicts                -> origin/research/polydao-verdicts
2026-10-08T01:20:07.0918460Z  * [new tag]           v2026.07.04                              -> v2026.07.04
2026-10-08T01:20:07.0920445Z  * [new tag]           v2026.07.20                              -> v2026.07.20
2026-10-08T01:20:07.0922379Z  * [new tag]           v2026.07.22                              -> v2026.07.22
2026-10-08T01:20:07.0924308Z  * [new tag]           v2026.07.24                              -> v2026.07.24
2026-10-08T01:20:07.0926230Z  * [new tag]           v2026.07.26                              -> v2026.07.26
2026-10-08T01:20:07.0928371Z  * [new tag]           v2026.07.28                              -> v2026.07.28
2026-10-08T01:20:07.0930315Z  * [new tag]           v2026.07.28.1                            -> v2026.07.28.1
2026-10-08T01:20:07.0932226Z  * [new tag]           v2026.07.29                              -> v2026.07.29
2026-10-08T01:20:07.0934101Z  * [new tag]           v2026.07.30                              -> v2026.07.30
2026-10-08T01:20:07.0935976Z  * [new tag]           v2026.08.01                              -> v2026.08.01
2026-10-08T01:20:07.0937894Z  * [new tag]           v2026.08.02                              -> v2026.08.02
2026-10-08T01:20:07.0940040Z  * [new tag]           v2026.08.03                              -> v2026.08.03
2026-10-08T01:20:07.0941995Z  * [new tag]           v2026.08.03.2                            -> v2026.08.03.2
2026-10-08T01:20:07.0943927Z  * [new tag]           v2026.08.04                              -> v2026.08.04
2026-10-08T01:20:07.0946036Z  * [new tag]           v2026.08.05                              -> v2026.08.05
2026-10-08T01:20:07.0947976Z  * [new tag]           v2026.08.07                              -> v2026.08.07
2026-10-08T01:20:07.0950177Z  * [new tag]           v2026.08.08                              -> v2026.08.08
2026-10-08T01:20:07.0952105Z  * [new tag]           v2026.08.11                              -> v2026.08.11
2026-10-08T01:20:07.0954035Z  * [new tag]           v2026.08.12                              -> v2026.08.12
2026-10-08T01:20:07.0955935Z  * [new tag]           v2026.08.13                              -> v2026.08.13
2026-10-08T01:20:07.0957845Z  * [new tag]           v2026.08.13.2                            -> v2026.08.13.2
2026-10-08T01:20:07.0960034Z  * [new tag]           v2026.08.14                              -> v2026.08.14
2026-10-08T01:20:07.0961962Z  * [new tag]           v2026.08.16                              -> v2026.08.16
2026-10-08T01:20:07.0963882Z  * [new tag]           v2026.08.23                              -> v2026.08.23
2026-10-08T01:20:07.0965786Z  * [new tag]           v2026.08.27                              -> v2026.08.27
2026-10-08T01:20:07.0967663Z  * [new tag]           v2026.08.29                              -> v2026.08.29
2026-10-08T01:20:07.0969794Z  * [new tag]           v2026.09.01                              -> v2026.09.01
2026-10-08T01:20:07.0971726Z  * [new tag]           v2026.09.06                              -> v2026.09.06
2026-10-08T01:20:07.0973682Z  * [new tag]           v2026.09.08                              -> v2026.09.08
2026-10-08T01:20:07.0975574Z  * [new tag]           v2026.09.09                              -> v2026.09.09
2026-10-08T01:20:07.0977447Z  * [new tag]           v2026.09.21                              -> v2026.09.21
2026-10-08T01:20:07.0979612Z  * [new tag]           v2026.09.25                              -> v2026.09.25
2026-10-08T01:20:07.0981530Z  * [new tag]           v2026.09.28                              -> v2026.09.28
2026-10-08T01:20:07.0983431Z  * [new tag]           v2026.09.30                              -> v2026.09.30
2026-10-08T01:20:07.0985581Z  * [new tag]           v2026.10.02                              -> v2026.10.02
2026-10-08T01:20:07.0987616Z  * [new ref]           e71965cb0de09b04066e20b7663e8dbde1179540 -> pull/434/merge
2026-10-08T01:20:07.0990444Z  * [new tag]           test-fixture-pre-f2-close-work-item      -> test-fixture-pre-f2-close-work-item
2026-10-08T01:20:07.0993150Z  * [new tag]           test-fixture-pre-f3-guard                -> test-fixture-pre-f3-guard
2026-10-08T01:20:07.0997610Z ##[endgroup]
2026-10-08T01:20:07.0999560Z ##[group]Determining the checkout info
2026-10-08T01:20:07.1001414Z ##[endgroup]
2026-10-08T01:20:07.1002448Z [command]/usr/bin/git sparse-checkout disable
2026-10-08T01:20:07.1005498Z [command]/usr/bin/git config --local --unset-all extensions.worktreeConfig
2026-10-08T01:20:07.1009319Z ##[group]Checking out the ref
2026-10-08T01:20:07.1010971Z [command]/usr/bin/git checkout --progress --force refs/remotes/pull/434/merge
2026-10-08T01:20:07.3315265Z Note: switching to 'refs/remotes/pull/434/merge'.
2026-10-08T01:20:07.3316627Z 
2026-10-08T01:20:07.3316892Z You are in 'detached HEAD' state. You can look around, make experimental
2026-10-08T01:20:07.3317494Z changes and commit them, and you can discard any commits you make in this
2026-10-08T01:20:07.3318050Z state without impacting any branches by switching back to a branch.
2026-10-08T01:20:07.3318594Z 
2026-10-08T01:20:07.3318827Z If you want to create a new branch to retain commits you create, you may
2026-10-08T01:20:07.3319356Z do so (now or later) by using -c with the switch command. Example:
2026-10-08T01:20:07.3319663Z 
2026-10-08T01:20:07.3319793Z   git switch -c <new-branch-name>
2026-10-08T01:20:07.3320004Z 
2026-10-08T01:20:07.3320128Z Or undo this operation with:
2026-10-08T01:20:07.3320325Z 
2026-10-08T01:20:07.3320455Z   git switch -
2026-10-08T01:20:07.3320611Z 
2026-10-08T01:20:07.3321173Z Turn off this advice by setting config variable advice.detachedHead to false
2026-10-08T01:20:07.3321557Z 
2026-10-08T01:20:07.3321967Z HEAD is now at e71965cb Merge 5685e3625bc94f00ade55d9cf491158dde058177 into bdeb425c040ada918dd97e5b878b71e420bad83a
2026-10-08T01:20:07.3340624Z ##[endgroup]
2026-10-08T01:20:07.3388001Z [command]/usr/bin/git log -1 --format=%H
2026-10-08T01:20:07.3416573Z e71965cb0de09b04066e20b7663e8dbde1179540
2026-10-08T01:20:07.3767900Z ##[group]Run actions/setup-node@v4
2026-10-08T01:20:07.3768670Z with:
2026-10-08T01:20:07.3768990Z   node-version: 20
2026-10-08T01:20:07.3769259Z   always-auth: false
2026-10-08T01:20:07.3769530Z   check-latest: false
2026-10-08T01:20:07.3772371Z   token: ***
2026-10-08T01:20:07.3772620Z env:
2026-10-08T01:20:07.3772872Z   AAI_TEST_PARALLEL: 4
2026-10-08T01:20:07.3773148Z ##[endgroup]
2026-10-08T01:20:07.5236449Z Attempting to download 20...
2026-10-08T01:20:07.5348584Z (node:2340) [DEP0040] DeprecationWarning: The `punycode` module is deprecated. Please use a userland alternative instead.
2026-10-08T01:20:07.5350199Z (Use `node --trace-deprecation ...` to show where the warning was created)
2026-10-08T01:20:08.1415779Z Acquiring 20.20.2 - x64 from https://github.com/actions/node-versions/releases/download/20.20.2-23521894959/node-20.20.2-linux-x64.tar.gz
2026-10-08T01:20:08.4669433Z Extracting ...
2026-10-08T01:20:08.4781042Z [command]/usr/bin/tar xz --strip 1 --warning=no-unknown-keyword --overwrite -C /home/runner/work/_temp/eb0d96f8-05b4-490d-bae3-8bf47e994804 -f /home/runner/work/_temp/f816aa4f-3f92-405a-928a-a81ba92026b8
2026-10-08T01:20:09.4759581Z Adding to the cache ...
2026-10-08T01:20:11.3298533Z ##[group]Environment details
2026-10-08T01:20:11.5547700Z node: v20.20.2
2026-10-08T01:20:11.5548410Z npm: 10.8.2
2026-10-08T01:20:11.5559284Z yarn: 1.22.22
2026-10-08T01:20:11.5559960Z ##[endgroup]
2026-10-08T01:20:11.5768799Z ##[group]Run set -euo pipefail
2026-10-08T01:20:11.5769208Z [36;1mset -euo pipefail[0m
2026-10-08T01:20:11.5769529Z [36;1mprintf '%s\n' "$SHARD_PLAN" > shard-plan.txt[0m
2026-10-08T01:20:11.5770334Z [36;1mbash tests/skills/lib/shard-plan-check.sh --check shard-plan.txt tests/skills >/dev/null[0m
2026-10-08T01:20:11.5770829Z [36;1mif [ "2" = "all" ]; then[0m
2026-10-08T01:20:11.5771124Z [36;1m  bash tests/skills/test-framework.sh[0m
2026-10-08T01:20:11.5771432Z [36;1melse[0m
2026-10-08T01:20:11.5771805Z [36;1m  SUITES="$(bash tests/skills/lib/shard-plan-check.sh --extract 2 shard-plan.txt)"[0m
2026-10-08T01:20:11.5772275Z [36;1m  args=()[0m
2026-10-08T01:20:11.5772502Z [36;1m  for s in $SUITES; do[0m
2026-10-08T01:20:11.5772751Z [36;1m    args+=(--skill "$s")[0m
2026-10-08T01:20:11.5772988Z [36;1m  done[0m
2026-10-08T01:20:11.5773251Z [36;1m  bash tests/skills/test-framework.sh "${args[@]}"[0m
2026-10-08T01:20:11.5773566Z [36;1mfi[0m
2026-10-08T01:20:11.6011722Z shell: /usr/bin/bash -e {0}
2026-10-08T01:20:11.6012070Z env:
2026-10-08T01:20:11.6012325Z   AAI_TEST_PARALLEL: 4
2026-10-08T01:20:11.6027406Z   SHARD_PLAN: SHARD 1 aai-learned-append weight=434
SHARD 1 aai-hygiene-pack weight=313
SHARD 1 aai-ceremony-levels weight=120
SHARD 1 aai-feedback-upsert weight=91
SHARD 1 aai-mutation-gate weight=82
SHARD 1 aai-suite-isolation weight=77
SHARD 1 aai-doc-numbering weight=43
SHARD 1 aai-orchestration-dispatch weight=39
SHARD 1 aai-git-ref-guard weight=28
SHARD 1 aai-roadmap weight=22
SHARD 1 aai-hooks-overlay weight=18
SHARD 1 aai-factory-report weight=12
SHARD 1 aai-outcome-backcheck weight=10
SHARD 1 aai-canon weight=7
SHARD 1 aai-spec-tools weight=6
SHARD 1 aai-heartbeat weight=5
SHARD 1 aai-role-output weight=5
SHARD 1 aai-docs-canon weight=4
SHARD 1 aai-check-state weight=3
SHARD 1 aai-issues weight=3
SHARD 1 aai-redact weight=3
SHARD 1 aai-session-lock weight=2
SHARD 1 aai-pricing weight=1
SHARD 1 aai-runtime-file weight=1
SHARD 1 aai-userguide-drift weight=1
SHARD 2 aai-merge-policy weight=434
SHARD 2 aai-delta-stage3 weight=278
SHARD 2 aai-run-tests weight=135
SHARD 2 aai-friction weight=93
SHARD 2 aai-sweep-parallel weight=91
SHARD 2 aai-release weight=81
SHARD 2 aai-delta-stage2 weight=56
SHARD 2 aai-follow-ups weight=37
SHARD 2 aai-pr-waiver weight=27
SHARD 2 aai-friction-capture-points weight=19
SHARD 2 aai-ride-select weight=18
SHARD 2 aai-debug-gate weight=10
SHARD 2 aai-pr-platform weight=10
SHARD 2 aai-docs-lock weight=7
SHARD 2 aai-tdd-evidence weight=6
SHARD 2 aai-learned-routing weight=5
SHARD 2 aai-test-canon weight=5
SHARD 2 aai-orchestration-mode weight=4
SHARD 2 aai-docs-hub weight=3
SHARD 2 aai-layer-drift weight=3
SHARD 2 aai-token-capture weight=3
SHARD 2 aai-antigravity-project-skills weight=1
SHARD 2 aai-implementation-mode weight=1
SHARD 2 aai-prompt-hash weight=1
SHARD 2 aai-share weight=1
SHARD 2 aai-userguide-rollup weight=1
SHARD 3 aai-pr-preflight weight=434
SHARD 3 aai-sync-seed weight=234
SHARD 3 aai-doctor weight=149
SHARD 3 aai-doc-number-reservation weight=97
SHARD 3 aai-friction-wiring weight=91
SHARD 3 aai-golden-flow weight=81
SHARD 3 aai-ledger-merge weight=66
SHARD 3 aai-deslop weight=40
SHARD 3 aai-update-check weight=32
SHARD 3 aai-state weight=27
SHARD 3 aai-intake weight=17
SHARD 3 aai-constitution weight=11
SHARD 3 aai-win-fallback weight=10
SHARD 3 aai-hitl-channel weight=6
SHARD 3 aai-routine weight=6
SHARD 3 aai-bootstrap weight=5
SHARD 3 aai-prompt-diet weight=5
SHARD 3 aai-delta-stage1 weight=4
SHARD 3 aai-verify-gate weight=4
SHARD 3 aai-orphan-sweep weight=3
SHARD 3 aai-dashboard weight=2
SHARD 3 aai-reconcile-telemetry weight=2
SHARD 3 aai-pipe-safe weight=1
SHARD 3 aai-prune-stale-briefs weight=1
SHARD 3 aai-suite-select weight=1
SHARD 3 aai-validator-isolation weight=1
SHARD 4 aai-worktree-seed weight=434
SHARD 4 aai-docs-audit weight=161
SHARD 4 aai-repo-tripwire weight=155
SHARD 4 aai-close-work-item weight=112
SHARD 4 aai-hitl-propagation weight=93
SHARD 4 aai-metrics weight=89
SHARD 4 aai-layer-profiles weight=69
SHARD 4 aai-secrets-preflight weight=52
SHARD 4 aai-spec-lint weight=39
SHARD 4 aai-spec-amend weight=28
SHARD 4 aai-live-serve weight=19
SHARD 4 aai-close-reconcile weight=15
SHARD 4 aai-live-status weight=13
SHARD 4 aai-advisory-skills weight=9
SHARD 4 aai-branch-guard weight=9
SHARD 4 aai-update weight=6
SHARD 4 aai-lightweight-lane weight=5
SHARD 4 aai-unattended weight=5
SHARD 4 aai-overview weight=4
SHARD 4 aai-feedback-triage weight=3
SHARD 4 aai-product-docs weight=3
SHARD 4 aai-feedback-status weight=2
SHARD 4 aai-downstream-autopilot weight=1
SHARD 4 aai-planning-probes weight=1
SHARD 4 aai-r-guard weight=1
SHARD 4 aai-tdd weight=1
SHARD 4 aai-worktree weight=1
SHARDS count=4 suites=104
2026-10-08T01:20:11.6041063Z ##[endgroup]
2026-10-08T01:20:11.7607896Z 
2026-10-08T01:20:11.7614054Z AAI Skills Test Framework
2026-10-08T01:20:11.7614442Z =========================
2026-10-08T01:20:11.7614662Z 
2026-10-08T01:20:11.7635765Z [0;34m[INFO][0m Setting up results directory: /home/runner/work/aai/aai/tests/skills/results/test-20261008-012011
2026-10-08T01:20:11.7648490Z [0;34m[INFO][0m Checking system dependencies...
2026-10-08T01:20:11.9476342Z [0;32m[PASS][0m Dependencies checked
2026-10-08T01:20:12.0115997Z [0;34m[INFO][0m Isolation: every suite runs isolated in a disposable git checkout (its own .git, D1) seeded from the working tree
2026-10-08T01:20:12.0118880Z [0;34m[INFO][0m Concurrency: up to 4 suite(s) run at a time (AAI_TEST_PARALLEL=4). Set AAI_TEST_PARALLEL=1 for the serial execution model.
2026-10-08T01:20:12.0120517Z [0;34m[INFO][0m Discovering skill tests...
2026-10-08T01:20:12.0142660Z [0;34m[INFO][0m Found 26 test(s)
2026-10-08T01:20:12.0143229Z [0;34m[INFO][0m 
2026-10-08T01:20:12.0143939Z [0;34m[INFO][0m Running tests...
2026-10-08T01:20:12.0144609Z [0;34m[INFO][0m 
2026-10-08T01:21:26.6152180Z [ 1/26] aai-friction         [0;32mPASS[0m (72.0s)
2026-10-08T01:21:43.7759715Z [ 2/26] aai-merge-policy     [0;32mPASS[0m (90.0s)
2026-10-08T01:21:57.5056233Z [ 3/26] aai-delta-stage3     [0;31mFAIL[0m (103.0s) [tripwire NOT ATTESTED — suite exited 1 before completing]
2026-10-08T01:21:57.5059681Z --- Error Details (aai-delta-stage3) ---
2026-10-08T01:21:57.5060881Z --- failure lines (whole log) ---
2026-10-08T01:21:57.5112668Z 29:FAIL: Expected 'Verdict: CLEAN' in /tmp/aai-docs-audit-test.WdFPWE/silence-live-1349.log
2026-10-08T01:21:57.5113883Z 30:FAIL: TEST-007: sibling suite failed: test-aai-docs-audit.sh
2026-10-08T01:21:57.5147466Z --- tail (last 30 lines) ---
2026-10-08T01:21:57.5148927Z === Test: aai-delta-stage3 (spec-delta-stage-3 / RFC-0011 delta-spec lifecycle) ===
2026-10-08T01:21:57.5150020Z INFO: Checking dependencies...
2026-10-08T01:21:57.5150627Z PASS: Dependencies checked
2026-10-08T01:21:57.5154173Z INFO: TEST-001: delta-merge applies ADDED/MODIFIED/REMOVED; untouched lines byte-identical (int)...
2026-10-08T01:21:57.5156576Z PASS: TEST-001: ADDED->004 (retired 003 not reused), MODIFIED body+title+Provenance, REMOVED tombstone; untouched lines byte-identical
2026-10-08T01:21:57.5159376Z INFO: TEST-002: fail-closed on violation / missing doc / absent id / title collision; ZERO writes (int)...
2026-10-08T01:21:57.5161377Z PASS: TEST-002: all four fail-closed preconditions exit non-zero, name the reason, leave the canonical byte-unchanged
2026-10-08T01:21:57.5163085Z INFO: TEST-003: a second delta-merge for the same spec is byte-identical (int)...
2026-10-08T01:21:57.5164724Z PASS: TEST-003: second run byte-identical; ADDED not re-appended; REMOVED-already-gone a clean no-op
2026-10-08T01:21:57.5167009Z INFO: TEST-008: MODIFIED adjacent to REMOVED — tombstone survives a byte-idempotent re-run (int)...
2026-10-08T01:21:57.5169390Z PASS: TEST-008: tombstone adjacent to a modified block survives; second run byte-identical
2026-10-08T01:21:57.5170785Z INFO: TEST-009: retired NNN not reused by a later ADDED across specs (int)...
2026-10-08T01:21:57.5172024Z PASS: TEST-009: ADDED took REQ-SPROCKETS-003; retired 002 never reused
2026-10-08T01:21:57.5174528Z INFO: TEST-010: cross-spec — modifying the block before a tombstone preserves it (int)...
2026-10-08T01:21:57.5176304Z PASS: TEST-010: SPEC-A's tombstone survives a later SPEC-B modification of the preceding block
2026-10-08T01:21:57.5178779Z INFO: TEST-006: SKILL_PR documents the delta-merge ceremony step; no stage-N token on edited .aai surfaces (unit)...
2026-10-08T01:21:57.5180671Z PASS: TEST-006: SKILL_PR carries the post-allocation, fail-closed, no-op-documented merge step; taxonomy clean
2026-10-08T01:21:57.5182407Z INFO: TEST-007: delta-stage1 + delta-stage2 + spec-lint + docs-audit suites pass; strict repo audit CLEAN (int)...
2026-10-08T01:21:57.5183803Z Testing aai-docs-audit skill (engine + fixtures)
2026-10-08T01:21:57.5184608Z INFO: Checking dependencies...
2026-10-08T01:21:57.5185258Z PASS: Dependencies checked
2026-10-08T01:21:57.5185939Z INFO: Setting up fixture repo...
2026-10-08T01:21:57.5186594Z PASS: Fixture repo ready
2026-10-08T01:21:57.5188057Z INFO: Test: --check --strict over the live tree exits 0 and every near-miss document it names is dispositioned in the spec (TEST-1351)...
2026-10-08T01:21:57.5190189Z PASS: Every near-miss document over the live corpus is dispositioned, and --check --strict still exits 0
2026-10-08T01:21:57.5192915Z INFO: Test: the docs-audit headline carries the near-miss count split into blocking and report-only, and it equals the section count (TEST-1348)...
2026-10-08T01:21:57.5194786Z PASS: The near-miss count is part of what the headline SAYS, and it agrees with the section
2026-10-08T01:21:57.5196982Z INFO: Test: the Verdict line names the unreadable AC tables when any exist, stays bare CLEAN when none do, and keeps the literal 'Verdict: CLEAN' substring either way (TEST-1349)...
2026-10-08T01:21:57.5199360Z FAIL: Expected 'Verdict: CLEAN' in /tmp/aai-docs-audit-test.WdFPWE/silence-live-1349.log
2026-10-08T01:21:57.5200494Z FAIL: TEST-007: sibling suite failed: test-aai-docs-audit.sh
2026-10-08T01:21:57.5201168Z --- end aai-delta-stage3 ---
2026-10-08T01:22:32.1614016Z [ 4/26] aai-run-tests        [0;32mPASS[0m (138.0s)
2026-10-08T01:22:46.1173460Z [ 5/26] aai-delta-stage2     [0;32mPASS[0m (47.0s)
2026-10-08T01:22:52.9110566Z [ 6/26] aai-release          [0;32mPASS[0m (68.0s)
2026-10-08T01:22:58.4580074Z [ 7/26] aai-sweep-parallel   [0;32mPASS[0m (90.0s)
2026-10-08T01:23:07.4527742Z [ 8/26] aai-follow-ups       [0;32mPASS[0m (33.0s)
2026-10-08T01:23:14.1060658Z [ 9/26] aai-friction-capture-points [0;32mPASS[0m (20.0s)
2026-10-08T01:23:16.5017227Z [10/26] aai-pr-waiver        [0;32mPASS[0m (29.0s)
2026-10-08T01:23:19.4957875Z [11/26] aai-debug-gate       [0;32mPASS[0m (11.0s)
2026-10-08T01:23:25.1123853Z [12/26] aai-docs-lock        [0;32mPASS[0m (7.0s)
2026-10-08T01:23:26.9250029Z [13/26] aai-pr-platform      [0;32mPASS[0m (11.0s)
2026-10-08T01:23:27.8860035Z [14/26] aai-tdd-evidence     [0;32mPASS[0m (7.0s)
2026-10-08T01:23:31.2920684Z [15/26] aai-learned-routing  [0;32mPASS[0m (4.0s)
2026-10-08T01:23:33.3907570Z [16/26] aai-orchestration-mode [0;32mPASS[0m (3.0s)
2026-10-08T01:23:33.9933327Z [17/26] aai-test-canon       [0;32mPASS[0m (5.0s)
2026-10-08T01:23:34.4897173Z [18/26] aai-ride-select      [0;32mPASS[0m (34.0s)
2026-10-08T01:23:35.6500179Z [19/26] aai-docs-hub         [0;32mPASS[0m (2.0s)
2026-10-08T01:23:36.4368769Z [20/26] aai-antigravity-project-skills [0;32mPASS[0m (0.0s)
2026-10-08T01:23:37.4122215Z [21/26] aai-implementation-mode [0;32mPASS[0m (0.0s)
2026-10-08T01:23:38.1853795Z [22/26] aai-layer-drift      [0;32mPASS[0m (3.0s)
2026-10-08T01:23:38.7116270Z [23/26] aai-prompt-hash      [0;32mPASS[0m (1.0s)
2026-10-08T01:23:39.1596102Z [24/26] aai-share            [0;32mPASS[0m (0.0s)
2026-10-08T01:23:39.7085391Z [25/26] aai-token-capture    [0;32mPASS[0m (4.0s)
2026-10-08T01:23:40.0219127Z [26/26] aai-userguide-rollup [0;32mPASS[0m (0.0s)
2026-10-08T01:23:40.0641841Z [0;34m[INFO][0m 
2026-10-08T01:23:40.0642708Z [0;31m[FAIL][0m Failed:  1 (3%)
2026-10-08T01:23:40.0643435Z [0;34m[INFO][0m 
2026-10-08T01:23:40.0644661Z [0;34m[INFO][0m =========================================
2026-10-08T01:23:40.0645398Z [0;34m[INFO][0m Test Summary
2026-10-08T01:23:40.0646136Z [0;34m[INFO][0m =========================================
2026-10-08T01:23:40.0647797Z [0;34m[INFO][0m Total:   26
2026-10-08T01:23:40.0648622Z [0;32m[PASS][0m Passed:  25 (96%)
2026-10-08T01:23:40.0649486Z [0;34m[INFO][0m Tripwire: 25/26 suite(s) attested clean; 1 not attested (skipped, failed, allowlisted, or unguarded)
2026-10-08T01:23:40.0650427Z [0;34m[INFO][0m Isolation: 26/26 suite(s) isolated; 0 degraded
2026-10-08T01:23:40.0651091Z [0;34m[INFO][0m Seeding: 26/26 suite(s) fully seeded; 0 partial; 0 skipped
2026-10-08T01:23:40.0652277Z [0;34m[INFO][0m Concurrency: width 4; 0 wave(s) re-run serially (0 suite(s) total) to attribute a shipping-repository change
2026-10-08T01:23:40.0653355Z [0;34m[INFO][0m 
2026-10-08T01:23:40.0654446Z [0;34m[INFO][0m Results saved to: /home/runner/work/aai/aai/tests/skills/results/test-20261008-012011
2026-10-08T01:23:40.1153911Z ##[error]Process completed with exit code 1.
2026-10-08T01:23:40.1301633Z Post job cleanup.
2026-10-08T01:23:40.2167949Z [command]/usr/bin/git version
2026-10-08T01:23:40.2213562Z git version 2.55.0
2026-10-08T01:23:40.2257668Z Temporarily overriding HOME='/home/runner/work/_temp/24778837-bf44-4930-aef0-1508ab167362' before making global git config changes
2026-10-08T01:23:40.2259467Z Adding repository directory to the temporary git global config as a safe directory
2026-10-08T01:23:40.2264442Z [command]/usr/bin/git config --global --add safe.directory /home/runner/work/aai/aai
2026-10-08T01:23:40.2303987Z [command]/usr/bin/git config --local --name-only --get-regexp core\.sshCommand
2026-10-08T01:23:40.2340181Z [command]/usr/bin/git submodule foreach --recursive sh -c "git config --local --name-only --get-regexp 'core\.sshCommand' && git config --local --unset-all 'core.sshCommand' || :"
2026-10-08T01:23:40.2607496Z [command]/usr/bin/git config --local --name-only --get-regexp http\.https\:\/\/github\.com\/\.extraheader
2026-10-08T01:23:40.2632741Z http.https://github.com/.extraheader
2026-10-08T01:23:40.2645372Z [command]/usr/bin/git config --local --unset-all http.https://github.com/.extraheader
2026-10-08T01:23:40.2681526Z [command]/usr/bin/git submodule foreach --recursive sh -c "git config --local --name-only --get-regexp 'http\.https\:\/\/github\.com\/\.extraheader' && git config --local --unset-all 'http.https://github.com/.extraheader' || :"
2026-10-08T01:23:40.2951882Z [command]/usr/bin/git config --local --name-only --get-regexp ^includeIf\.gitdir:
2026-10-08T01:23:40.2994754Z [command]/usr/bin/git submodule foreach --recursive git config --local --show-origin --name-only --get-regexp remote.origin.url
2026-10-08T01:23:40.3425499Z Cleaning up orphan processes
2026-10-08T01:23:40.3759928Z ##[warning]Node.js 20 is deprecated. The following actions target Node.js 20 but are being forced to run on Node.js 24: actions/checkout@v4, actions/setup-node@v4. For more information see: https://github.blog/changelog/2025-09-19-deprecation-of-node-20-on-github-actions-runners/
