2026-10-08T01:20:03.4476628Z Current runner version: '2.337.0'
2026-10-08T01:20:03.4511227Z ##[group]Runner Image Provisioner
2026-10-08T01:20:03.4512562Z Hosted Compute Agent
2026-10-08T01:20:03.4513614Z Version: 20260901.588
2026-10-08T01:20:03.4514728Z Commit: f88ec8081b781fac6c440065ac7ff9e710ce3d0b
2026-10-08T01:20:03.4515889Z Build Date: 2026-09-01T19:56:44Z
2026-10-08T01:20:03.4517146Z Worker ID: {9ea9304c-63e7-44b5-a806-461f7c5c701e}
2026-10-08T01:20:03.4518317Z Azure Region: eastus
2026-10-08T01:20:03.4519296Z ##[endgroup]
2026-10-08T01:20:03.4522152Z ##[group]Operating System
2026-10-08T01:20:03.4523187Z Ubuntu
2026-10-08T01:20:03.4524177Z 24.04.5
2026-10-08T01:20:03.4525059Z LTS
2026-10-08T01:20:03.4525897Z ##[endgroup]
2026-10-08T01:20:03.4526872Z ##[group]Runner Image
2026-10-08T01:20:03.4527861Z Image: ubuntu-24.04
2026-10-08T01:20:03.4528845Z Version: 20260927.320.1
2026-10-08T01:20:03.4531250Z Included Software: https://github.com/actions/runner-images/blob/ubuntu24/20260927.320/images/ubuntu/Ubuntu2404-Readme.md
2026-10-08T01:20:03.4534288Z Image Release: https://github.com/actions/runner-images/releases/tag/ubuntu24%2F20260927.320
2026-10-08T01:20:03.4535976Z ##[endgroup]
2026-10-08T01:20:03.4537912Z ##[group]GITHUB_TOKEN Permissions
2026-10-08T01:20:03.4540856Z Contents: read
2026-10-08T01:20:03.4541924Z Metadata: read
2026-10-08T01:20:03.4542829Z ##[endgroup]
2026-10-08T01:20:03.4545907Z Secret source: Actions
2026-10-08T01:20:03.4547437Z Cache mode: write
2026-10-08T01:20:03.4548649Z Prepare workflow directory
2026-10-08T01:20:03.5116646Z Prepare all required actions
2026-10-08T01:20:03.5190089Z Getting action download info
2026-10-08T01:20:03.7034962Z Download action repository 'actions/checkout@v4' (SHA:11d5960a326750d5838078e36cf38b85af677262)
2026-10-08T01:20:03.8195204Z Download action repository 'actions/setup-node@v4' (SHA:49933ea5288caeca8642d1e84afbd3f7d6820020)
2026-10-08T01:20:04.0130518Z Complete job name: skill test suite (full framework, via test-framework.sh) (3)
2026-10-08T01:20:04.0954640Z ##[group]Run actions/checkout@v4
2026-10-08T01:20:04.0955550Z with:
2026-10-08T01:20:04.0955991Z   fetch-depth: 0
2026-10-08T01:20:04.0956455Z   repository: goodwind-cz/aai
2026-10-08T01:20:04.0960492Z   token: ***
2026-10-08T01:20:04.0960935Z   ssh-strict: true
2026-10-08T01:20:04.0961381Z   ssh-user: git
2026-10-08T01:20:04.0961831Z   persist-credentials: true
2026-10-08T01:20:04.0962325Z   clean: true
2026-10-08T01:20:04.0962775Z   sparse-checkout-cone-mode: true
2026-10-08T01:20:04.0963315Z   fetch-tags: false
2026-10-08T01:20:04.0963766Z   show-progress: true
2026-10-08T01:20:04.0964227Z   lfs: false
2026-10-08T01:20:04.0964653Z   submodules: false
2026-10-08T01:20:04.0965111Z   set-safe-directory: true
2026-10-08T01:20:04.0965626Z   allow-unsafe-pr-checkout: false
2026-10-08T01:20:04.0966419Z env:
2026-10-08T01:20:04.0966853Z   AAI_TEST_PARALLEL: 4
2026-10-08T01:20:04.0967319Z ##[endgroup]
2026-10-08T01:20:04.2007544Z Syncing repository: goodwind-cz/aai
2026-10-08T01:20:04.2010577Z ##[group]Getting Git version info
2026-10-08T01:20:04.2011664Z Working directory is '/home/runner/work/aai/aai'
2026-10-08T01:20:04.2013190Z [command]/usr/bin/git version
2026-10-08T01:20:04.2096380Z git version 2.55.0
2026-10-08T01:20:04.2119337Z ##[endgroup]
2026-10-08T01:20:04.2135806Z Temporarily overriding HOME='/home/runner/work/_temp/ae977306-5d03-482f-b557-9fde8ff376f4' before making global git config changes
2026-10-08T01:20:04.2138543Z Adding repository directory to the temporary git global config as a safe directory
2026-10-08T01:20:04.2142962Z [command]/usr/bin/git config --global --add safe.directory /home/runner/work/aai/aai
2026-10-08T01:20:04.2201291Z Deleting the contents of '/home/runner/work/aai/aai'
2026-10-08T01:20:04.2205786Z ##[group]Initializing the repository
2026-10-08T01:20:04.2209820Z [command]/usr/bin/git init /home/runner/work/aai/aai
2026-10-08T01:20:04.2349394Z hint: Using 'master' as the name for the initial branch. This default branch name
2026-10-08T01:20:04.2351494Z hint: will change to "main" in Git 3.0. To configure the initial branch name
2026-10-08T01:20:04.2353379Z hint: to use in all of your new repositories, which will suppress this warning,
2026-10-08T01:20:04.2354564Z hint: call:
2026-10-08T01:20:04.2355187Z hint:
2026-10-08T01:20:04.2355973Z hint: 	git config --global init.defaultBranch <name>
2026-10-08T01:20:04.2356949Z hint:
2026-10-08T01:20:04.2357870Z hint: Names commonly chosen instead of 'master' are 'main', 'trunk' and
2026-10-08T01:20:04.2359403Z hint: 'development'. The just-created branch can be renamed via this command:
2026-10-08T01:20:04.2360863Z hint:
2026-10-08T01:20:04.2361577Z hint: 	git branch -m <name>
2026-10-08T01:20:04.2362319Z hint:
2026-10-08T01:20:04.2363310Z hint: Disable this message with "git config set advice.defaultBranchName false"
2026-10-08T01:20:04.2365052Z Initialized empty Git repository in /home/runner/work/aai/aai/.git/
2026-10-08T01:20:04.2367964Z [command]/usr/bin/git remote add origin https://github.com/goodwind-cz/aai
2026-10-08T01:20:04.2428100Z ##[endgroup]
2026-10-08T01:20:04.2429438Z ##[group]Disabling automatic garbage collection
2026-10-08T01:20:04.2433414Z [command]/usr/bin/git config --local gc.auto 0
2026-10-08T01:20:04.2468485Z ##[endgroup]
2026-10-08T01:20:04.2470134Z ##[group]Setting up auth
2026-10-08T01:20:04.2477737Z [command]/usr/bin/git config --local --name-only --get-regexp core\.sshCommand
2026-10-08T01:20:04.2515621Z [command]/usr/bin/git submodule foreach --recursive sh -c "git config --local --name-only --get-regexp 'core\.sshCommand' && git config --local --unset-all 'core.sshCommand' || :"
2026-10-08T01:20:04.2936941Z [command]/usr/bin/git config --local --name-only --get-regexp http\.https\:\/\/github\.com\/\.extraheader
2026-10-08T01:20:04.2975702Z [command]/usr/bin/git submodule foreach --recursive sh -c "git config --local --name-only --get-regexp 'http\.https\:\/\/github\.com\/\.extraheader' && git config --local --unset-all 'http.https://github.com/.extraheader' || :"
2026-10-08T01:20:04.3205709Z [command]/usr/bin/git config --local --name-only --get-regexp ^includeIf\.gitdir:
2026-10-08T01:20:04.3242425Z [command]/usr/bin/git submodule foreach --recursive git config --local --show-origin --name-only --get-regexp remote.origin.url
2026-10-08T01:20:04.3470773Z [command]/usr/bin/git config --local http.https://github.com/.extraheader AUTHORIZATION: basic ***
2026-10-08T01:20:04.3512216Z ##[endgroup]
2026-10-08T01:20:04.3522368Z ##[group]Fetching the repository
2026-10-08T01:20:04.3524304Z [command]/usr/bin/git -c protocol.version=2 fetch --prune --no-recurse-submodules origin +refs/heads/*:refs/remotes/origin/* +refs/tags/*:refs/tags/* +e71965cb0de09b04066e20b7663e8dbde1179540:refs/remotes/pull/434/merge
2026-10-08T01:20:07.0065681Z From https://github.com/goodwind-cz/aai
2026-10-08T01:20:07.0093012Z  * [new branch]        change/amendment-signature-asks-the-owner-too-often -> origin/change/amendment-signature-asks-the-owner-too-often
2026-10-08T01:20:07.0096360Z  * [new branch]        change/downstream-rides-ask-no-governance-questions -> origin/change/downstream-rides-ask-no-governance-questions
2026-10-08T01:20:07.0098617Z  * [new branch]        change/original-request-outcome-backcheck -> origin/change/original-request-outcome-backcheck
2026-10-08T01:20:07.0101232Z  * [new branch]        change/pr-capability-preflight           -> origin/change/pr-capability-preflight
2026-10-08T01:20:07.0103987Z  * [new branch]        change/roadmap-serves-downstream-projects -> origin/change/roadmap-serves-downstream-projects
2026-10-08T01:20:07.0107104Z  * [new branch]        chore/close-userguide-catalog-item       -> origin/chore/close-userguide-catalog-item
2026-10-08T01:20:07.0110709Z  * [new branch]        chore/intake-routing-tables-owner-and-seam -> origin/chore/intake-routing-tables-owner-and-seam
2026-10-08T01:20:07.0113305Z  * [new branch]        chore/release-v2026.09.25                -> origin/chore/release-v2026.09.25
2026-10-08T01:20:07.0115825Z  * [new branch]        chore/release-v2026.09.28                -> origin/chore/release-v2026.09.28
2026-10-08T01:20:07.0118470Z  * [new branch]        chore/wave-3-intakes                     -> origin/chore/wave-3-intakes
2026-10-08T01:20:07.0121589Z  * [new branch]        cursor/feedback-triage-missing-output-dir-a7ce -> origin/cursor/feedback-triage-missing-output-dir-a7ce
2026-10-08T01:20:07.0125060Z  * [new branch]        cursor/gpt-6-pricing-family-67e6         -> origin/cursor/gpt-6-pricing-family-67e6
2026-10-08T01:20:07.0128457Z  * [new branch]        cursor/mutation-clone-fidelity-windows-eol-a7ce -> origin/cursor/mutation-clone-fidelity-windows-eol-a7ce
2026-10-08T01:20:07.0132016Z  * [new branch]        cursor/mutation-clone-windows-run-chain-5e0a -> origin/cursor/mutation-clone-windows-run-chain-5e0a
2026-10-08T01:20:07.0135180Z  * [new branch]        cursor/polydao-graph-loop-ideas-fa9c     -> origin/cursor/polydao-graph-loop-ideas-fa9c
2026-10-08T01:20:07.0138954Z  * [new branch]        cursor/pricing-missing-models-and-refresh-94d5 -> origin/cursor/pricing-missing-models-and-refresh-94d5
2026-10-08T01:20:07.0144397Z  * [new branch]        cursor/prompts-invoke-wsl-bash-on-windows-a7ce -> origin/cursor/prompts-invoke-wsl-bash-on-windows-a7ce
2026-10-08T01:20:07.0147800Z  * [new branch]        cursor/strategy-unscoped-from-current-focus-a7ce -> origin/cursor/strategy-unscoped-from-current-focus-a7ce
2026-10-08T01:20:07.0150293Z  * [new branch]        exp-0113-phase1                          -> origin/exp-0113-phase1
2026-10-08T01:20:07.0152507Z  * [new branch]        feat/antigravity-cli-skill-paths         -> origin/feat/antigravity-cli-skill-paths
2026-10-08T01:20:07.0155000Z  * [new branch]        feat/canon-is-a-build-artifact           -> origin/feat/canon-is-a-build-artifact
2026-10-08T01:20:07.0157559Z  * [new branch]        feat/cheap-model-in-practice             -> origin/feat/cheap-model-in-practice
2026-10-08T01:20:07.0159930Z  * [new branch]        feat/dev-progress-hub                    -> origin/feat/dev-progress-hub
2026-10-08T01:20:07.0162391Z  * [new branch]        feat/feedback-upsert-review              -> origin/feat/feedback-upsert-review
2026-10-08T01:20:07.0164623Z  * [new branch]        feat/friction-channel-sweep              -> origin/feat/friction-channel-sweep
2026-10-08T01:20:07.0166879Z  * [new branch]        feat/learned-append-gate                 -> origin/feat/learned-append-gate
2026-10-08T01:20:07.0169328Z  * [new branch]        feat/original-request-outcome-backcheck  -> origin/feat/original-request-outcome-backcheck
2026-10-08T01:20:07.0171950Z  * [new branch]        feat/pr-post-open-review-sweep           -> origin/feat/pr-post-open-review-sweep
2026-10-08T01:20:07.0176324Z  * [new branch]        feat/product-docs-enforced               -> origin/feat/product-docs-enforced
2026-10-08T01:20:07.0178952Z  * [new branch]        feat/prompt-hash-telemetry               -> origin/feat/prompt-hash-telemetry
2026-10-08T01:20:07.0181867Z  * [new branch]        feat/roadmap-takes-direction             -> origin/feat/roadmap-takes-direction
2026-10-08T01:20:07.0184554Z  * [new branch]        feat/role-output-contracts               -> origin/feat/role-output-contracts
2026-10-08T01:20:07.0186796Z  * [new branch]        feat/universality-proof                  -> origin/feat/universality-proof
2026-10-08T01:20:07.0189089Z  * [new branch]        feature/remote-orchestration             -> origin/feature/remote-orchestration
2026-10-08T01:20:07.0192075Z  * [new branch]        fix/canonical-provenance-archived-sources -> origin/fix/canonical-provenance-archived-sources
2026-10-08T01:20:07.0194827Z  * [new branch]        fix/closeout-display-id-match            -> origin/fix/closeout-display-id-match
2026-10-08T01:20:07.0197432Z  * [new branch]        fix/feedback-pipeline-discoverability    -> origin/fix/feedback-pipeline-discoverability
2026-10-08T01:20:07.0201000Z  * [new branch]        fix/gate-checks-declared-mutation        -> origin/fix/gate-checks-declared-mutation
2026-10-08T01:20:07.0210524Z  * [new branch]        fix/growth-pins-dont-wall-the-corpus     -> origin/fix/growth-pins-dont-wall-the-corpus
2026-10-08T01:20:07.0212821Z  * [new branch]        fix/worktree-lacks-vendored-aai-layer-downstream-wt -> origin/fix/worktree-lacks-vendored-aai-layer-downstream-wt
2026-10-08T01:20:07.0214474Z  * [new branch]        main                                     -> origin/main
2026-10-08T01:20:07.0216666Z  * [new branch]        research/polydao-verdicts                -> origin/research/polydao-verdicts
2026-10-08T01:20:07.0218469Z  * [new tag]           v2026.07.04                              -> v2026.07.04
2026-10-08T01:20:07.0220227Z  * [new tag]           v2026.07.20                              -> v2026.07.20
2026-10-08T01:20:07.0221746Z  * [new tag]           v2026.07.22                              -> v2026.07.22
2026-10-08T01:20:07.0223250Z  * [new tag]           v2026.07.24                              -> v2026.07.24
2026-10-08T01:20:07.0224786Z  * [new tag]           v2026.07.26                              -> v2026.07.26
2026-10-08T01:20:07.0226471Z  * [new tag]           v2026.07.28                              -> v2026.07.28
2026-10-08T01:20:07.0228153Z  * [new tag]           v2026.07.28.1                            -> v2026.07.28.1
2026-10-08T01:20:07.0230066Z  * [new tag]           v2026.07.29                              -> v2026.07.29
2026-10-08T01:20:07.0231702Z  * [new tag]           v2026.07.30                              -> v2026.07.30
2026-10-08T01:20:07.0233396Z  * [new tag]           v2026.08.01                              -> v2026.08.01
2026-10-08T01:20:07.0235109Z  * [new tag]           v2026.08.02                              -> v2026.08.02
2026-10-08T01:20:07.0236804Z  * [new tag]           v2026.08.03                              -> v2026.08.03
2026-10-08T01:20:07.0238507Z  * [new tag]           v2026.08.03.2                            -> v2026.08.03.2
2026-10-08T01:20:07.0240554Z  * [new tag]           v2026.08.04                              -> v2026.08.04
2026-10-08T01:20:07.0242695Z  * [new tag]           v2026.08.05                              -> v2026.08.05
2026-10-08T01:20:07.0244200Z  * [new tag]           v2026.08.07                              -> v2026.08.07
2026-10-08T01:20:07.0245241Z  * [new tag]           v2026.08.08                              -> v2026.08.08
2026-10-08T01:20:07.0246270Z  * [new tag]           v2026.08.11                              -> v2026.08.11
2026-10-08T01:20:07.0247595Z  * [new tag]           v2026.08.12                              -> v2026.08.12
2026-10-08T01:20:07.0249333Z  * [new tag]           v2026.08.13                              -> v2026.08.13
2026-10-08T01:20:07.0251439Z  * [new tag]           v2026.08.13.2                            -> v2026.08.13.2
2026-10-08T01:20:07.0253238Z  * [new tag]           v2026.08.14                              -> v2026.08.14
2026-10-08T01:20:07.0255058Z  * [new tag]           v2026.08.16                              -> v2026.08.16
2026-10-08T01:20:07.0256760Z  * [new tag]           v2026.08.23                              -> v2026.08.23
2026-10-08T01:20:07.0258470Z  * [new tag]           v2026.08.27                              -> v2026.08.27
2026-10-08T01:20:07.0260483Z  * [new tag]           v2026.08.29                              -> v2026.08.29
2026-10-08T01:20:07.0262220Z  * [new tag]           v2026.09.01                              -> v2026.09.01
2026-10-08T01:20:07.0263937Z  * [new tag]           v2026.09.06                              -> v2026.09.06
2026-10-08T01:20:07.0265648Z  * [new tag]           v2026.09.08                              -> v2026.09.08
2026-10-08T01:20:07.0267347Z  * [new tag]           v2026.09.09                              -> v2026.09.09
2026-10-08T01:20:07.0269103Z  * [new tag]           v2026.09.21                              -> v2026.09.21
2026-10-08T01:20:07.0271070Z  * [new tag]           v2026.09.25                              -> v2026.09.25
2026-10-08T01:20:07.0272820Z  * [new tag]           v2026.09.28                              -> v2026.09.28
2026-10-08T01:20:07.0274561Z  * [new tag]           v2026.09.30                              -> v2026.09.30
2026-10-08T01:20:07.0276549Z  * [new tag]           v2026.10.02                              -> v2026.10.02
2026-10-08T01:20:07.0278011Z  * [new ref]           e71965cb0de09b04066e20b7663e8dbde1179540 -> pull/434/merge
2026-10-08T01:20:07.0279451Z  * [new tag]           test-fixture-pre-f2-close-work-item      -> test-fixture-pre-f2-close-work-item
2026-10-08T01:20:07.0282100Z  * [new tag]           test-fixture-pre-f3-guard                -> test-fixture-pre-f3-guard
2026-10-08T01:20:07.0285692Z ##[endgroup]
2026-10-08T01:20:07.0287111Z ##[group]Determining the checkout info
2026-10-08T01:20:07.0288761Z ##[endgroup]
2026-10-08T01:20:07.0289910Z [command]/usr/bin/git sparse-checkout disable
2026-10-08T01:20:07.0292716Z [command]/usr/bin/git config --local --unset-all extensions.worktreeConfig
2026-10-08T01:20:07.0296386Z ##[group]Checking out the ref
2026-10-08T01:20:07.0298062Z [command]/usr/bin/git checkout --progress --force refs/remotes/pull/434/merge
2026-10-08T01:20:07.2588785Z Note: switching to 'refs/remotes/pull/434/merge'.
2026-10-08T01:20:07.2590563Z 
2026-10-08T01:20:07.2591227Z You are in 'detached HEAD' state. You can look around, make experimental
2026-10-08T01:20:07.2592757Z changes and commit them, and you can discard any commits you make in this
2026-10-08T01:20:07.2594378Z state without impacting any branches by switching back to a branch.
2026-10-08T01:20:07.2595332Z 
2026-10-08T01:20:07.2595992Z If you want to create a new branch to retain commits you create, you may
2026-10-08T01:20:07.2597684Z do so (now or later) by using -c with the switch command. Example:
2026-10-08T01:20:07.2598668Z 
2026-10-08T01:20:07.2599044Z   git switch -c <new-branch-name>
2026-10-08T01:20:07.2600003Z 
2026-10-08T01:20:07.2600389Z Or undo this operation with:
2026-10-08T01:20:07.2600984Z 
2026-10-08T01:20:07.2601301Z   git switch -
2026-10-08T01:20:07.2601742Z 
2026-10-08T01:20:07.2602790Z Turn off this advice by setting config variable advice.detachedHead to false
2026-10-08T01:20:07.2603964Z 
2026-10-08T01:20:07.2605297Z HEAD is now at e71965cb Merge 5685e3625bc94f00ade55d9cf491158dde058177 into bdeb425c040ada918dd97e5b878b71e420bad83a
2026-10-08T01:20:07.2631112Z ##[endgroup]
2026-10-08T01:20:07.2678452Z [command]/usr/bin/git log -1 --format=%H
2026-10-08T01:20:07.2708152Z e71965cb0de09b04066e20b7663e8dbde1179540
2026-10-08T01:20:07.3192596Z ##[group]Run actions/setup-node@v4
2026-10-08T01:20:07.3194051Z with:
2026-10-08T01:20:07.3194963Z   node-version: 20
2026-10-08T01:20:07.3195948Z   always-auth: false
2026-10-08T01:20:07.3196965Z   check-latest: false
2026-10-08T01:20:07.3207298Z   token: ***
2026-10-08T01:20:07.3208280Z env:
2026-10-08T01:20:07.3209176Z   AAI_TEST_PARALLEL: 4
2026-10-08T01:20:07.3210485Z ##[endgroup]
2026-10-08T01:20:07.4717381Z Attempting to download 20...
2026-10-08T01:20:07.4828750Z (node:2279) [DEP0040] DeprecationWarning: The `punycode` module is deprecated. Please use a userland alternative instead.
2026-10-08T01:20:07.4832108Z (Use `node --trace-deprecation ...` to show where the warning was created)
2026-10-08T01:20:07.9989468Z Acquiring 20.20.2 - x64 from https://github.com/actions/node-versions/releases/download/20.20.2-23521894959/node-20.20.2-linux-x64.tar.gz
2026-10-08T01:20:08.3482883Z Extracting ...
2026-10-08T01:20:08.3614739Z [command]/usr/bin/tar xz --strip 1 --warning=no-unknown-keyword --overwrite -C /home/runner/work/_temp/a9631990-8630-4111-a78e-855dee77bae1 -f /home/runner/work/_temp/9786674f-0dce-459d-93f2-c7047c8fb3b8
2026-10-08T01:20:09.3947835Z Adding to the cache ...
2026-10-08T01:20:11.2898093Z ##[group]Environment details
2026-10-08T01:20:11.5174198Z node: v20.20.2
2026-10-08T01:20:11.5174723Z npm: 10.8.2
2026-10-08T01:20:11.5175073Z yarn: 1.22.22
2026-10-08T01:20:11.5176143Z ##[endgroup]
2026-10-08T01:20:11.5399791Z ##[group]Run set -euo pipefail
2026-10-08T01:20:11.5400264Z [36;1mset -euo pipefail[0m
2026-10-08T01:20:11.5400584Z [36;1mprintf '%s\n' "$SHARD_PLAN" > shard-plan.txt[0m
2026-10-08T01:20:11.5401130Z [36;1mbash tests/skills/lib/shard-plan-check.sh --check shard-plan.txt tests/skills >/dev/null[0m
2026-10-08T01:20:11.5401908Z [36;1mif [ "3" = "all" ]; then[0m
2026-10-08T01:20:11.5402217Z [36;1m  bash tests/skills/test-framework.sh[0m
2026-10-08T01:20:11.5402535Z [36;1melse[0m
2026-10-08T01:20:11.5402908Z [36;1m  SUITES="$(bash tests/skills/lib/shard-plan-check.sh --extract 3 shard-plan.txt)"[0m
2026-10-08T01:20:11.5403340Z [36;1m  args=()[0m
2026-10-08T01:20:11.5403601Z [36;1m  for s in $SUITES; do[0m
2026-10-08T01:20:11.5403846Z [36;1m    args+=(--skill "$s")[0m
2026-10-08T01:20:11.5404081Z [36;1m  done[0m
2026-10-08T01:20:11.5404343Z [36;1m  bash tests/skills/test-framework.sh "${args[@]}"[0m
2026-10-08T01:20:11.5404653Z [36;1mfi[0m
2026-10-08T01:20:11.5684336Z shell: /usr/bin/bash -e {0}
2026-10-08T01:20:11.5684688Z env:
2026-10-08T01:20:11.5684935Z   AAI_TEST_PARALLEL: 4
2026-10-08T01:20:11.5698271Z   SHARD_PLAN: SHARD 1 aai-learned-append weight=434
SHARD 1 aai-hygiene-pack weight=313
SHARD 1 aai-ceremony-levels weight=120
SHARD 1 aai-feedback-upsert weight=91
SHARD 1 aai-mutation-gate weight=82
SHARD 1 aai-suite-isolation weight=77
SHARD 1 aai-doc-numbering weight=43
SHARD 1 aai-orchestration-dispatch weight=39
SHARD 1 aai-git-ref-guard weight=28
SHARD 1 aai-roadmap weight=22
SHARD 1 aai-hooks-overlay weight=18
SHARD 1 aai-factory-report weight=12
SHARD 1 aai-outcome-backcheck weight=10
SHARD 1 aai-canon weight=7
SHARD 1 aai-spec-tools weight=6
SHARD 1 aai-heartbeat weight=5
SHARD 1 aai-role-output weight=5
SHARD 1 aai-docs-canon weight=4
SHARD 1 aai-check-state weight=3
SHARD 1 aai-issues weight=3
SHARD 1 aai-redact weight=3
SHARD 1 aai-session-lock weight=2
SHARD 1 aai-pricing weight=1
SHARD 1 aai-runtime-file weight=1
SHARD 1 aai-userguide-drift weight=1
SHARD 2 aai-merge-policy weight=434
SHARD 2 aai-delta-stage3 weight=278
SHARD 2 aai-run-tests weight=135
SHARD 2 aai-friction weight=93
SHARD 2 aai-sweep-parallel weight=91
SHARD 2 aai-release weight=81
SHARD 2 aai-delta-stage2 weight=56
SHARD 2 aai-follow-ups weight=37
SHARD 2 aai-pr-waiver weight=27
SHARD 2 aai-friction-capture-points weight=19
SHARD 2 aai-ride-select weight=18
SHARD 2 aai-debug-gate weight=10
SHARD 2 aai-pr-platform weight=10
SHARD 2 aai-docs-lock weight=7
SHARD 2 aai-tdd-evidence weight=6
SHARD 2 aai-learned-routing weight=5
SHARD 2 aai-test-canon weight=5
SHARD 2 aai-orchestration-mode weight=4
SHARD 2 aai-docs-hub weight=3
SHARD 2 aai-layer-drift weight=3
SHARD 2 aai-token-capture weight=3
SHARD 2 aai-antigravity-project-skills weight=1
SHARD 2 aai-implementation-mode weight=1
SHARD 2 aai-prompt-hash weight=1
SHARD 2 aai-share weight=1
SHARD 2 aai-userguide-rollup weight=1
SHARD 3 aai-pr-preflight weight=434
SHARD 3 aai-sync-seed weight=234
SHARD 3 aai-doctor weight=149
SHARD 3 aai-doc-number-reservation weight=97
SHARD 3 aai-friction-wiring weight=91
SHARD 3 aai-golden-flow weight=81
SHARD 3 aai-ledger-merge weight=66
SHARD 3 aai-deslop weight=40
SHARD 3 aai-update-check weight=32
SHARD 3 aai-state weight=27
SHARD 3 aai-intake weight=17
SHARD 3 aai-constitution weight=11
SHARD 3 aai-win-fallback weight=10
SHARD 3 aai-hitl-channel weight=6
SHARD 3 aai-routine weight=6
SHARD 3 aai-bootstrap weight=5
SHARD 3 aai-prompt-diet weight=5
SHARD 3 aai-delta-stage1 weight=4
SHARD 3 aai-verify-gate weight=4
SHARD 3 aai-orphan-sweep weight=3
SHARD 3 aai-dashboard weight=2
SHARD 3 aai-reconcile-telemetry weight=2
SHARD 3 aai-pipe-safe weight=1
SHARD 3 aai-prune-stale-briefs weight=1
SHARD 3 aai-suite-select weight=1
SHARD 3 aai-validator-isolation weight=1
SHARD 4 aai-worktree-seed weight=434
SHARD 4 aai-docs-audit weight=161
SHARD 4 aai-repo-tripwire weight=155
SHARD 4 aai-close-work-item weight=112
SHARD 4 aai-hitl-propagation weight=93
SHARD 4 aai-metrics weight=89
SHARD 4 aai-layer-profiles weight=69
SHARD 4 aai-secrets-preflight weight=52
SHARD 4 aai-spec-lint weight=39
SHARD 4 aai-spec-amend weight=28
SHARD 4 aai-live-serve weight=19
SHARD 4 aai-close-reconcile weight=15
SHARD 4 aai-live-status weight=13
SHARD 4 aai-advisory-skills weight=9
SHARD 4 aai-branch-guard weight=9
SHARD 4 aai-update weight=6
SHARD 4 aai-lightweight-lane weight=5
SHARD 4 aai-unattended weight=5
SHARD 4 aai-overview weight=4
SHARD 4 aai-feedback-triage weight=3
SHARD 4 aai-product-docs weight=3
SHARD 4 aai-feedback-status weight=2
SHARD 4 aai-downstream-autopilot weight=1
SHARD 4 aai-planning-probes weight=1
SHARD 4 aai-r-guard weight=1
SHARD 4 aai-tdd weight=1
SHARD 4 aai-worktree weight=1
SHARDS count=4 suites=104
2026-10-08T01:20:11.5711351Z ##[endgroup]
2026-10-08T01:20:11.7326328Z 
2026-10-08T01:20:11.7333392Z AAI Skills Test Framework
2026-10-08T01:20:11.7333859Z =========================
2026-10-08T01:20:11.7334070Z 
2026-10-08T01:20:11.7356023Z [0;34m[INFO][0m Setting up results directory: /home/runner/work/aai/aai/tests/skills/results/test-20261008-012011
2026-10-08T01:20:11.7370159Z [0;34m[INFO][0m Checking system dependencies...
2026-10-08T01:20:14.5176079Z [0;32m[PASS][0m Dependencies checked
2026-10-08T01:20:14.7684480Z [0;34m[INFO][0m Isolation: every suite runs isolated in a disposable git checkout (its own .git, D1) seeded from the working tree
2026-10-08T01:20:14.7686040Z [0;34m[INFO][0m Concurrency: up to 4 suite(s) run at a time (AAI_TEST_PARALLEL=4). Set AAI_TEST_PARALLEL=1 for the serial execution model.
2026-10-08T01:20:14.7687638Z [0;34m[INFO][0m Discovering skill tests...
2026-10-08T01:20:14.7705981Z [0;34m[INFO][0m Found 26 test(s)
2026-10-08T01:20:14.7706814Z [0;34m[INFO][0m 
2026-10-08T01:20:14.7707539Z [0;34m[INFO][0m Running tests...
2026-10-08T01:20:14.7708166Z [0;34m[INFO][0m 
2026-10-08T01:20:54.4500158Z [ 1/26] aai-doc-number-reservation [0;31mFAIL[0m (37.0s) [tripwire NOT ATTESTED — suite exited 1 before completing]
2026-10-08T01:20:54.4501736Z --- Error Details (aai-doc-number-reservation) ---
2026-10-08T01:20:54.4502725Z --- failure lines (whole log) ---
2026-10-08T01:20:54.4589101Z (no explicit failure marker matched — see tail below)
2026-10-08T01:20:54.4591107Z --- tail (last 30 lines) ---
2026-10-08T01:20:54.4604176Z 
2026-10-08T01:20:54.4604960Z AAI Doc-Number Reservation Test Suite (CHANGE-0035 / SPEC-0047)
2026-10-08T01:20:54.4630707Z =================================================================
2026-10-08T01:20:54.4632398Z 
2026-10-08T01:20:54.4632891Z INFO: Checking dependencies...
2026-10-08T01:20:54.4633607Z PASS: Dependencies checked
2026-10-08T01:20:54.4634770Z INFO: TEST-001: allocation creates refs/aai/docnums/<ID> in bare origin AND renames the file...
2026-10-08T01:20:54.4636476Z PASS: TEST-001 reservation ref created in origin, file renamed, no provisional marker
2026-10-08T01:20:54.4647151Z INFO: TEST-002: pre-existing reservation ref -> create-only push rejected -> retries to next free...
2026-10-08T01:20:54.4648735Z PASS: TEST-002 rejection on pre-existing ref retries and lands next free; both refs exist
2026-10-08T01:20:54.4650695Z INFO: TEST-003: number taken on an unmerged origin branch (never locally fetched before) is skipped...
2026-10-08T01:20:54.4652619Z PASS: TEST-003 origin side-branch number scanned and skipped (union candidate scan)
2026-10-08T01:20:54.4676596Z INFO: TEST-004: a naked reservation ref with no doc anywhere is treated as taken...
2026-10-08T01:20:54.4677738Z PASS: TEST-004 naked reservation ref treated as taken
2026-10-08T01:20:54.4679134Z INFO: TEST-005: unreachable origin -> allocation proceeds, marks number_reserved: false, warns, exit 0...
2026-10-08T01:20:54.4681096Z PASS: TEST-005 offline/no-permission fallback: provisional marker + WARNING + exit 0
2026-10-08T01:20:54.4682516Z INFO: TEST-006: --guard exit 4 when staged TYPE-NNNN exists on base ref under a different id...
2026-10-08T01:20:54.4684335Z PASS: TEST-006 guard cross-branch collision exit 4 naming both ids; matching id is a negative control
2026-10-08T01:20:54.4686810Z INFO: TEST-007: --guard blocks number_reserved: false; --reserve completes or exits 4 on collision...
2026-10-08T01:20:54.4688532Z PASS: TEST-007 guard blocks unreserved marker; --reserve completes clean or exits 4 on collision
2026-10-08T01:20:54.4700023Z INFO: TEST-008: spec-lint --slug-handles flags an artifact filename with no merged doc; clean once merged...
2026-10-08T01:20:54.4702037Z PASS: TEST-008 slug-handles lint warns on unconfirmed handle, clean once the doc exists
2026-10-08T01:20:54.4708706Z INFO: TEST-009: coupled_families union (max 5, max 3 -> 6 for both); one atomic push creates both refs...
2026-10-08T01:20:54.4710741Z PASS: TEST-009 coupled union counter (6 for both); one atomic push created both refs
2026-10-08T01:20:54.4712397Z INFO: TEST-010: one member ref pre-exists -> neither ref created at that number; pair retries together...
2026-10-08T01:20:54.4714063Z PASS: TEST-010 atomic all-or-nothing: neither ref at the colliding number, pair retried together
2026-10-08T01:20:54.4715770Z INFO: TEST-011: existing tests/skills/test-aai-doc-numbering.sh suite stays green (D9 back-compat)...
2026-10-08T01:20:54.4723972Z --- end aai-doc-number-reservation ---
2026-10-08T01:21:26.6731765Z [ 2/26] aai-pr-preflight     [0;32mPASS[0m (69.0s)
2026-10-08T01:22:18.1121947Z [ 3/26] aai-friction-wiring  [0;32mPASS[0m (82.0s)
2026-10-08T01:22:57.3792821Z [ 4/26] aai-golden-flow      [0;32mPASS[0m (89.0s)
2026-10-08T01:23:09.5091460Z [ 5/26] aai-doctor           [0;32mPASS[0m (172.0s)
2026-10-08T01:23:42.5671993Z [ 6/26] aai-deslop           [0;31mFAIL[0m (43.0s) [tripwire NOT ATTESTED — suite exited 1 before completing]
2026-10-08T01:23:42.5710839Z --- Error Details (aai-deslop) ---
2026-10-08T01:23:42.5711788Z --- failure lines (whole log) ---
2026-10-08T01:23:42.5762514Z 31:FAIL TEST-028 published surfaces state the new rule
2026-10-08T01:23:42.5769804Z 37:Some tests FAILED.
2026-10-08T01:23:42.5800265Z --- tail (last 30 lines) ---
2026-10-08T01:23:42.5830991Z PASS TEST-006 exit 0 (clean / with-candidates / empty-input-set), exit 2 only for usage errors, source-proven
2026-10-08T01:23:42.5861919Z PASS TEST-007 empty diff exits 0 with the literal rerun-with-all note (prompt offers --all, no terminal stop wording); a non-empty diff outside the scanned surface and a deletion-only diff each get their own honest treatment, never 'empty diff'
2026-10-08T01:23:42.5865018Z PASS TEST-008 suppressed == 3 in both forms; both carry all four disclosure sentences (including the residual-class TEXT-NOT-A-FLAG line)
2026-10-08T01:23:42.5893127Z PASS TEST-009 prompt Scope contracts (<=90 lines, ask-and-stop, both tokens, engine lines, scope-bound rule, no false default, no inverted bound)
2026-10-08T01:23:42.5920764Z   TEST-010 baseline (not asserted): real-repo --all candidates=62 suppressed=797
2026-10-08T01:23:42.5950928Z PASS TEST-010 real-repo --all scope exits 0 with well-formed header + LIMITS (candidates=62, not pinned)
2026-10-08T01:23:42.5971263Z PASS TEST-011 tests/skills/test-aai-advisory-skills.sh exits 0 after the deslop prompt rewrite
2026-10-08T01:23:42.5980484Z PASS TEST-012 prompt-diet ledger true-up (suite green, entry names both files)
2026-10-08T01:23:42.6010948Z PASS TEST-013 governance companions (PROFILES extended entry, suite-map row, full test registration)
2026-10-08T01:23:42.6031609Z PASS TEST-014 no description surface claims diff-only; catalog regeneration matches committed content (not stale) and is idempotent (generated in a mirror, PROJECT_ROOT untouched)
2026-10-08T01:23:42.6045601Z PASS TEST-015 cli-flag precision: CSS custom property, git()/direct-execFileSync/cmd-passthrough/local-array-indirection external-tool arguments and comment-only occurrences all excluded (.mjs); node self-invoke and genuine own-flags in real code survive under both scopes; the .sh external-tool exclusion is command-word/position-based so a script's own flag sitting BEFORE, or beside only in a comment/string, an external mention always survives, while a real (possibly $(...)-nested) invocation genuinely AFTER the command word is still excluded
2026-10-08T01:23:42.6050612Z PASS TEST-016 --all scope invoked from the wrong cwd degrades with a NOTE instead of a silent zero-candidate clean bill
2026-10-08T01:23:42.6052315Z PASS TEST-017 --diff in a non-git cwd surfaces the git failure explicitly, distinct from an empty-diff clean scan
2026-10-08T01:23:42.6054822Z PASS TEST-018 a --base range diff that fails outright (no merge base between two unrelated histories) surfaces an explicit git-failure NOTE rather than reading as a clean empty-diff scan
2026-10-08T01:23:42.6057152Z PASS TEST-019 a diff whose only change is a COMPLETE file deletion (+++ /dev/null) is preserved as touched, never misread as an empty diff
2026-10-08T01:23:42.6060944Z PASS TEST-020 a stale/unreadable STATE.yaml focus path is never silently dropped: a fully-stale corpus degrades to the named EMPTY-corpus note, a partially-stale corpus names the skipped path while the readable document still suppresses
2026-10-08T01:23:42.6063651Z PASS TEST-021 a flag-shaped token following --base (--json, --all) is rejected as a usage error rather than silently consumed as the ref
2026-10-08T01:23:42.6065811Z PASS TEST-022 the widened corpus rule the code applies and the rule the header/json state are the same rule, in the populated AND the empty branch
2026-10-08T01:23:42.6068334Z PASS TEST-023 a done change document suppresses the symbol it names, a draft one does not; the three real-tree symbols are gone and each is genuinely named in a corpus document outside docs/specs
2026-10-08T01:23:42.6071533Z PASS TEST-024 a findings document never suppresses the symbols it names; the real adjudication table is relocated out of the corpus with a pointer left behind and the prompt states the convention
2026-10-08T01:23:42.6074822Z PASS TEST-025 an unreadable --all corpus document is named with the --diff path's own sentence; a fully-unreadable corpus degrades to the named EMPTY-corpus note, both at exit 0
2026-10-08T01:23:42.6078821Z PASS TEST-026 document accounting balances on a fixture covering every bucket, on the real repository, under --diff with an unreadable STATE-named document and under --all on a corpus empty by filter that also carries an unreadable member; the header prints every bucket on its own whole line; --diff carries the same excluded key set
2026-10-08T01:23:42.6082122Z   TEST-028: docs-audit exited 0 but is NOT clean — verdict: NEEDS-TRIAGE (1 items)
2026-10-08T01:23:42.6083088Z FAIL TEST-028 published surfaces state the new rule
2026-10-08T01:23:42.6084810Z   Test: the released-CHANGELOG section comparison (TEST-028) reddens on a one-byte edit inside the released section of a SCRATCH copy, and stays clean on an untouched copy (TEST-447)...
2026-10-08T01:23:42.6087531Z PASS TEST-447 the released-CHANGELOG section comparison reddens on a one-byte edit inside the released section, stays clean on an untouched copy, and ignores an edit outside the section
2026-10-08T01:23:42.6089375Z PASS TEST-030 all four deslop-corpus-honesty registry follow-ups are closed
2026-10-08T01:23:42.6093026Z PASS TEST-031 an unreadable corpus directory is named in notes, in requirement_corpus.unreadable_dirs and in the header as outside the accounting; the readable half still suppresses; an empty corpus caused by one says so; an absent directory is not reported; every run exits 0
2026-10-08T01:23:42.6094829Z 
2026-10-08T01:23:42.6095031Z Some tests FAILED.
2026-10-08T01:23:42.6095447Z --- end aai-deslop ---
2026-10-08T01:23:45.5533650Z [ 7/26] aai-update-check     [0;32mPASS[0m (34.0s)
2026-10-08T01:23:47.9501500Z [ 8/26] aai-ledger-merge     [0;32mPASS[0m (87.0s)
2026-10-08T01:24:00.4644828Z [ 9/26] aai-constitution     [0;32mPASS[0m (10.0s)
2026-10-08T01:24:04.1617246Z [10/26] aai-intake           [0;32mPASS[0m (17.0s)
2026-10-08T01:24:10.5311765Z [11/26] aai-hitl-channel     [0;32mPASS[0m (4.0s)
2026-10-08T01:24:11.1049988Z [12/26] aai-win-fallback     [0;32mPASS[0m (9.0s)
2026-10-08T01:24:17.4891989Z [13/26] aai-bootstrap        [0;32mPASS[0m (4.0s)
2026-10-08T01:24:18.0592568Z [14/26] aai-state            [1;33mSKIP[0m (34.0s) [tripwire NOT ATTESTED — suite skipped (exit 42), it never ran]
2026-10-08T01:24:20.1000552Z [15/26] aai-routine          [0;32mPASS[0m (8.0s)
2026-10-08T01:24:24.7053478Z [16/26] aai-delta-stage1     [0;32mPASS[0m (4.0s)
2026-10-08T01:24:25.8528300Z [17/26] aai-verify-gate      [0;32mPASS[0m (4.0s)
2026-10-08T01:24:26.3819267Z [18/26] aai-prompt-diet      [0;32mPASS[0m (7.0s)
2026-10-08T01:24:28.8409404Z [19/26] aai-dashboard        [0;32mPASS[0m (2.0s)
2026-10-08T01:24:29.2972418Z [20/26] aai-orphan-sweep     [0;32mPASS[0m (3.0s)
2026-10-08T01:24:29.8815904Z [21/26] aai-reconcile-telemetry [0;32mPASS[0m (1.0s)
2026-10-08T01:24:31.5305039Z [22/26] aai-prune-stale-briefs [0;32mPASS[0m (0.0s)
2026-10-08T01:24:32.0934507Z [23/26] aai-pipe-safe        [0;32mPASS[0m (2.0s)
2026-10-08T01:24:33.1604214Z [24/26] aai-validator-isolation [0;32mPASS[0m (0.0s)
2026-10-08T01:24:35.1534725Z [25/26] aai-suite-select     [0;32mPASS[0m (3.0s)
2026-10-08T01:25:45.4420688Z [26/26] aai-sync-seed        [0;32mPASS[0m (328.0s)
2026-10-08T01:25:45.4834464Z [0;34m[INFO][0m 
2026-10-08T01:25:45.4834978Z [0;34m[INFO][0m 
2026-10-08T01:25:45.4835643Z [0;34m[INFO][0m =========================================
2026-10-08T01:25:45.4836507Z [0;31m[FAIL][0m Failed:  2 (7%)
2026-10-08T01:25:45.4837126Z [0;34m[INFO][0m Test Summary
2026-10-08T01:25:45.4837869Z [0;34m[INFO][0m =========================================
2026-10-08T01:25:45.4838499Z [0;34m[INFO][0m Total:   26
2026-10-08T01:25:45.4838986Z [0;32m[PASS][0m Passed:  23 (88%)
2026-10-08T01:25:45.4839439Z [1;33m[SKIP][0m Skipped: 1 (3%)
2026-10-08T01:25:45.4840702Z [0;34m[INFO][0m Tripwire: 23/26 suite(s) attested clean; 3 not attested (skipped, failed, allowlisted, or unguarded)
2026-10-08T01:25:45.4841393Z [0;34m[INFO][0m Isolation: 26/26 suite(s) isolated; 0 degraded
2026-10-08T01:25:45.4841967Z [0;34m[INFO][0m Seeding: 26/26 suite(s) fully seeded; 0 partial; 0 skipped
2026-10-08T01:25:45.4842834Z [0;34m[INFO][0m Concurrency: width 4; 0 wave(s) re-run serially (0 suite(s) total) to attribute a shipping-repository change
2026-10-08T01:25:45.4843404Z [0;34m[INFO][0m 
2026-10-08T01:25:45.4844001Z [0;34m[INFO][0m Results saved to: /home/runner/work/aai/aai/tests/skills/results/test-20261008-012011
2026-10-08T01:25:45.5377765Z ##[error]Process completed with exit code 1.
2026-10-08T01:25:45.5548803Z Post job cleanup.
2026-10-08T01:25:45.6422698Z [command]/usr/bin/git version
2026-10-08T01:25:45.6471054Z git version 2.55.0
2026-10-08T01:25:45.6510230Z Temporarily overriding HOME='/home/runner/work/_temp/d05918b5-5b6e-4ce3-9950-918fc8a3f6af' before making global git config changes
2026-10-08T01:25:45.6511743Z Adding repository directory to the temporary git global config as a safe directory
2026-10-08T01:25:45.6516667Z [command]/usr/bin/git config --global --add safe.directory /home/runner/work/aai/aai
2026-10-08T01:25:45.6560496Z [command]/usr/bin/git config --local --name-only --get-regexp core\.sshCommand
2026-10-08T01:25:45.6597629Z [command]/usr/bin/git submodule foreach --recursive sh -c "git config --local --name-only --get-regexp 'core\.sshCommand' && git config --local --unset-all 'core.sshCommand' || :"
2026-10-08T01:25:45.6866010Z [command]/usr/bin/git config --local --name-only --get-regexp http\.https\:\/\/github\.com\/\.extraheader
2026-10-08T01:25:45.6894372Z http.https://github.com/.extraheader
2026-10-08T01:25:45.6905781Z [command]/usr/bin/git config --local --unset-all http.https://github.com/.extraheader
2026-10-08T01:25:45.6943346Z [command]/usr/bin/git submodule foreach --recursive sh -c "git config --local --name-only --get-regexp 'http\.https\:\/\/github\.com\/\.extraheader' && git config --local --unset-all 'http.https://github.com/.extraheader' || :"
2026-10-08T01:25:45.7226508Z [command]/usr/bin/git config --local --name-only --get-regexp ^includeIf\.gitdir:
2026-10-08T01:25:45.7269448Z [command]/usr/bin/git submodule foreach --recursive git config --local --show-origin --name-only --get-regexp remote.origin.url
2026-10-08T01:25:45.7728747Z Cleaning up orphan processes
2026-10-08T01:25:45.8173610Z Terminate orphan process: pid (236750) (git)
2026-10-08T01:25:45.8209908Z Terminate orphan process: pid (236752) (git-remote-http)
2026-10-08T01:25:45.8244250Z Terminate orphan process: pid (237602) (git)
2026-10-08T01:25:45.8277336Z Terminate orphan process: pid (237603) (git-remote-http)
2026-10-08T01:25:45.8286727Z ##[warning]Node.js 20 is deprecated. The following actions target Node.js 20 but are being forced to run on Node.js 24: actions/checkout@v4, actions/setup-node@v4. For more information see: https://github.blog/changelog/2025-09-19-deprecation-of-node-20-on-github-actions-runners/
