2026-10-08T01:20:03.4322419Z Current runner version: '2.337.0'
2026-10-08T01:20:03.4348760Z ##[group]Runner Image Provisioner
2026-10-08T01:20:03.4349891Z Hosted Compute Agent
2026-10-08T01:20:03.4350625Z Version: 20260901.588
2026-10-08T01:20:03.4351276Z Commit: f88ec8081b781fac6c440065ac7ff9e710ce3d0b
2026-10-08T01:20:03.4352315Z Build Date: 2026-09-01T19:56:44Z
2026-10-08T01:20:03.4353063Z Worker ID: {b5af1018-2537-462a-8898-1c81fa91cfeb}
2026-10-08T01:20:03.4353826Z Azure Region: eastus
2026-10-08T01:20:03.4354448Z ##[endgroup]
2026-10-08T01:20:03.4355998Z ##[group]Operating System
2026-10-08T01:20:03.4356736Z Ubuntu
2026-10-08T01:20:03.4357270Z 24.04.5
2026-10-08T01:20:03.4357763Z LTS
2026-10-08T01:20:03.4358376Z ##[endgroup]
2026-10-08T01:20:03.4358928Z ##[group]Runner Image
2026-10-08T01:20:03.4359617Z Image: ubuntu-24.04
2026-10-08T01:20:03.4360191Z Version: 20260927.320.1
2026-10-08T01:20:03.4361942Z Included Software: https://github.com/actions/runner-images/blob/ubuntu24/20260927.320/images/ubuntu/Ubuntu2404-Readme.md
2026-10-08T01:20:03.4363766Z Image Release: https://github.com/actions/runner-images/releases/tag/ubuntu24%2F20260927.320
2026-10-08T01:20:03.4364851Z ##[endgroup]
2026-10-08T01:20:03.4365959Z ##[group]GITHUB_TOKEN Permissions
2026-10-08T01:20:03.4368254Z Contents: read
2026-10-08T01:20:03.4368883Z Metadata: read
2026-10-08T01:20:03.4369694Z ##[endgroup]
2026-10-08T01:20:03.4372067Z Secret source: Actions
2026-10-08T01:20:03.4373428Z Cache mode: write
2026-10-08T01:20:03.4374155Z Prepare workflow directory
2026-10-08T01:20:03.4786847Z Prepare all required actions
2026-10-08T01:20:03.4838104Z Getting action download info
2026-10-08T01:20:03.7143269Z Download action repository 'actions/checkout@v4' (SHA:11d5960a326750d5838078e36cf38b85af677262)
2026-10-08T01:20:03.8215598Z Download action repository 'actions/setup-node@v4' (SHA:49933ea5288caeca8642d1e84afbd3f7d6820020)
2026-10-08T01:20:04.0193634Z Complete job name: skill test suite (full framework, via test-framework.sh) (4)
2026-10-08T01:20:04.1078978Z ##[group]Run actions/checkout@v4
2026-10-08T01:20:04.1079930Z with:
2026-10-08T01:20:04.1080374Z   fetch-depth: 0
2026-10-08T01:20:04.1080863Z   repository: goodwind-cz/aai
2026-10-08T01:20:04.1085022Z   token: ***
2026-10-08T01:20:04.1085482Z   ssh-strict: true
2026-10-08T01:20:04.1085942Z   ssh-user: git
2026-10-08T01:20:04.1086404Z   persist-credentials: true
2026-10-08T01:20:04.1086905Z   clean: true
2026-10-08T01:20:04.1087387Z   sparse-checkout-cone-mode: true
2026-10-08T01:20:04.1087927Z   fetch-tags: false
2026-10-08T01:20:04.1088382Z   show-progress: true
2026-10-08T01:20:04.1088833Z   lfs: false
2026-10-08T01:20:04.1089259Z   submodules: false
2026-10-08T01:20:04.1089725Z   set-safe-directory: true
2026-10-08T01:20:04.1090245Z   allow-unsafe-pr-checkout: false
2026-10-08T01:20:04.1091063Z env:
2026-10-08T01:20:04.1091494Z   AAI_TEST_PARALLEL: 4
2026-10-08T01:20:04.1091962Z ##[endgroup]
2026-10-08T01:20:04.2168493Z Syncing repository: goodwind-cz/aai
2026-10-08T01:20:04.2171603Z ##[group]Getting Git version info
2026-10-08T01:20:04.2173218Z Working directory is '/home/runner/work/aai/aai'
2026-10-08T01:20:04.2174779Z [command]/usr/bin/git version
2026-10-08T01:20:04.2285462Z git version 2.55.0
2026-10-08T01:20:04.2303956Z ##[endgroup]
2026-10-08T01:20:04.2319284Z Temporarily overriding HOME='/home/runner/work/_temp/b8702ffa-264f-49de-bc36-179555072a9b' before making global git config changes
2026-10-08T01:20:04.2323183Z Adding repository directory to the temporary git global config as a safe directory
2026-10-08T01:20:04.2325575Z [command]/usr/bin/git config --global --add safe.directory /home/runner/work/aai/aai
2026-10-08T01:20:04.2386612Z Deleting the contents of '/home/runner/work/aai/aai'
2026-10-08T01:20:04.2390554Z ##[group]Initializing the repository
2026-10-08T01:20:04.2394930Z [command]/usr/bin/git init /home/runner/work/aai/aai
2026-10-08T01:20:04.2532551Z hint: Using 'master' as the name for the initial branch. This default branch name
2026-10-08T01:20:04.2533964Z hint: will change to "main" in Git 3.0. To configure the initial branch name
2026-10-08T01:20:04.2535422Z hint: to use in all of your new repositories, which will suppress this warning,
2026-10-08T01:20:04.2536216Z hint: call:
2026-10-08T01:20:04.2536684Z hint:
2026-10-08T01:20:04.2537325Z hint: 	git config --global init.defaultBranch <name>
2026-10-08T01:20:04.2537974Z hint:
2026-10-08T01:20:04.2538590Z hint: Names commonly chosen instead of 'master' are 'main', 'trunk' and
2026-10-08T01:20:04.2539570Z hint: 'development'. The just-created branch can be renamed via this command:
2026-10-08T01:20:04.2540342Z hint:
2026-10-08T01:20:04.2540784Z hint: 	git branch -m <name>
2026-10-08T01:20:04.2541275Z hint:
2026-10-08T01:20:04.2541926Z hint: Disable this message with "git config set advice.defaultBranchName false"
2026-10-08T01:20:04.2548851Z Initialized empty Git repository in /home/runner/work/aai/aai/.git/
2026-10-08T01:20:04.2564647Z [command]/usr/bin/git remote add origin https://github.com/goodwind-cz/aai
2026-10-08T01:20:04.2626332Z ##[endgroup]
2026-10-08T01:20:04.2627790Z ##[group]Disabling automatic garbage collection
2026-10-08T01:20:04.2630456Z [command]/usr/bin/git config --local gc.auto 0
2026-10-08T01:20:04.2695775Z ##[endgroup]
2026-10-08T01:20:04.2697310Z ##[group]Setting up auth
2026-10-08T01:20:04.2698800Z [command]/usr/bin/git config --local --name-only --get-regexp core\.sshCommand
2026-10-08T01:20:04.2745092Z [command]/usr/bin/git submodule foreach --recursive sh -c "git config --local --name-only --get-regexp 'core\.sshCommand' && git config --local --unset-all 'core.sshCommand' || :"
2026-10-08T01:20:04.3215182Z [command]/usr/bin/git config --local --name-only --get-regexp http\.https\:\/\/github\.com\/\.extraheader
2026-10-08T01:20:04.3255561Z [command]/usr/bin/git submodule foreach --recursive sh -c "git config --local --name-only --get-regexp 'http\.https\:\/\/github\.com\/\.extraheader' && git config --local --unset-all 'http.https://github.com/.extraheader' || :"
2026-10-08T01:20:04.3497055Z [command]/usr/bin/git config --local --name-only --get-regexp ^includeIf\.gitdir:
2026-10-08T01:20:04.3537568Z [command]/usr/bin/git submodule foreach --recursive git config --local --show-origin --name-only --get-regexp remote.origin.url
2026-10-08T01:20:04.3779921Z [command]/usr/bin/git config --local http.https://github.com/.extraheader AUTHORIZATION: basic ***
2026-10-08T01:20:04.3828201Z ##[endgroup]
2026-10-08T01:20:04.3829287Z ##[group]Fetching the repository
2026-10-08T01:20:04.3840362Z [command]/usr/bin/git -c protocol.version=2 fetch --prune --no-recurse-submodules origin +refs/heads/*:refs/remotes/origin/* +refs/tags/*:refs/tags/* +e71965cb0de09b04066e20b7663e8dbde1179540:refs/remotes/pull/434/merge
2026-10-08T01:20:07.3163561Z From https://github.com/goodwind-cz/aai
2026-10-08T01:20:07.3175395Z  * [new branch]        change/amendment-signature-asks-the-owner-too-often -> origin/change/amendment-signature-asks-the-owner-too-often
2026-10-08T01:20:07.3179408Z  * [new branch]        change/downstream-rides-ask-no-governance-questions -> origin/change/downstream-rides-ask-no-governance-questions
2026-10-08T01:20:07.3183270Z  * [new branch]        change/original-request-outcome-backcheck -> origin/change/original-request-outcome-backcheck
2026-10-08T01:20:07.3186815Z  * [new branch]        change/pr-capability-preflight           -> origin/change/pr-capability-preflight
2026-10-08T01:20:07.3190048Z  * [new branch]        change/roadmap-serves-downstream-projects -> origin/change/roadmap-serves-downstream-projects
2026-10-08T01:20:07.3193572Z  * [new branch]        chore/close-userguide-catalog-item       -> origin/chore/close-userguide-catalog-item
2026-10-08T01:20:07.3197209Z  * [new branch]        chore/intake-routing-tables-owner-and-seam -> origin/chore/intake-routing-tables-owner-and-seam
2026-10-08T01:20:07.3199256Z  * [new branch]        chore/release-v2026.09.25                -> origin/chore/release-v2026.09.25
2026-10-08T01:20:07.3201367Z  * [new branch]        chore/release-v2026.09.28                -> origin/chore/release-v2026.09.28
2026-10-08T01:20:07.3204678Z  * [new branch]        chore/wave-3-intakes                     -> origin/chore/wave-3-intakes
2026-10-08T01:20:07.3207166Z  * [new branch]        cursor/feedback-triage-missing-output-dir-a7ce -> origin/cursor/feedback-triage-missing-output-dir-a7ce
2026-10-08T01:20:07.3210515Z  * [new branch]        cursor/gpt-6-pricing-family-67e6         -> origin/cursor/gpt-6-pricing-family-67e6
2026-10-08T01:20:07.3214271Z  * [new branch]        cursor/mutation-clone-fidelity-windows-eol-a7ce -> origin/cursor/mutation-clone-fidelity-windows-eol-a7ce
2026-10-08T01:20:07.3217733Z  * [new branch]        cursor/mutation-clone-windows-run-chain-5e0a -> origin/cursor/mutation-clone-windows-run-chain-5e0a
2026-10-08T01:20:07.3220849Z  * [new branch]        cursor/polydao-graph-loop-ideas-fa9c     -> origin/cursor/polydao-graph-loop-ideas-fa9c
2026-10-08T01:20:07.3224298Z  * [new branch]        cursor/pricing-missing-models-and-refresh-94d5 -> origin/cursor/pricing-missing-models-and-refresh-94d5
2026-10-08T01:20:07.3227688Z  * [new branch]        cursor/prompts-invoke-wsl-bash-on-windows-a7ce -> origin/cursor/prompts-invoke-wsl-bash-on-windows-a7ce
2026-10-08T01:20:07.3231585Z  * [new branch]        cursor/strategy-unscoped-from-current-focus-a7ce -> origin/cursor/strategy-unscoped-from-current-focus-a7ce
2026-10-08T01:20:07.3234371Z  * [new branch]        exp-0113-phase1                          -> origin/exp-0113-phase1
2026-10-08T01:20:07.3235976Z  * [new branch]        feat/antigravity-cli-skill-paths         -> origin/feat/antigravity-cli-skill-paths
2026-10-08T01:20:07.3237571Z  * [new branch]        feat/canon-is-a-build-artifact           -> origin/feat/canon-is-a-build-artifact
2026-10-08T01:20:07.3239456Z  * [new branch]        feat/cheap-model-in-practice             -> origin/feat/cheap-model-in-practice
2026-10-08T01:20:07.3241122Z  * [new branch]        feat/dev-progress-hub                    -> origin/feat/dev-progress-hub
2026-10-08T01:20:07.3242986Z  * [new branch]        feat/feedback-upsert-review              -> origin/feat/feedback-upsert-review
2026-10-08T01:20:07.3244527Z  * [new branch]        feat/friction-channel-sweep              -> origin/feat/friction-channel-sweep
2026-10-08T01:20:07.3246633Z  * [new branch]        feat/learned-append-gate                 -> origin/feat/learned-append-gate
2026-10-08T01:20:07.3248417Z  * [new branch]        feat/original-request-outcome-backcheck  -> origin/feat/original-request-outcome-backcheck
2026-10-08T01:20:07.3250664Z  * [new branch]        feat/pr-post-open-review-sweep           -> origin/feat/pr-post-open-review-sweep
2026-10-08T01:20:07.3253659Z  * [new branch]        feat/product-docs-enforced               -> origin/feat/product-docs-enforced
2026-10-08T01:20:07.3256254Z  * [new branch]        feat/prompt-hash-telemetry               -> origin/feat/prompt-hash-telemetry
2026-10-08T01:20:07.3258714Z  * [new branch]        feat/roadmap-takes-direction             -> origin/feat/roadmap-takes-direction
2026-10-08T01:20:07.3261174Z  * [new branch]        feat/role-output-contracts               -> origin/feat/role-output-contracts
2026-10-08T01:20:07.3263857Z  * [new branch]        feat/universality-proof                  -> origin/feat/universality-proof
2026-10-08T01:20:07.3266217Z  * [new branch]        feature/remote-orchestration             -> origin/feature/remote-orchestration
2026-10-08T01:20:07.3268810Z  * [new branch]        fix/canonical-provenance-archived-sources -> origin/fix/canonical-provenance-archived-sources
2026-10-08T01:20:07.3271405Z  * [new branch]        fix/closeout-display-id-match            -> origin/fix/closeout-display-id-match
2026-10-08T01:20:07.3274706Z  * [new branch]        fix/feedback-pipeline-discoverability    -> origin/fix/feedback-pipeline-discoverability
2026-10-08T01:20:07.3276796Z  * [new branch]        fix/gate-checks-declared-mutation        -> origin/fix/gate-checks-declared-mutation
2026-10-08T01:20:07.3278425Z  * [new branch]        fix/growth-pins-dont-wall-the-corpus     -> origin/fix/growth-pins-dont-wall-the-corpus
2026-10-08T01:20:07.3280562Z  * [new branch]        fix/worktree-lacks-vendored-aai-layer-downstream-wt -> origin/fix/worktree-lacks-vendored-aai-layer-downstream-wt
2026-10-08T01:20:07.3282080Z  * [new branch]        main                                     -> origin/main
2026-10-08T01:20:07.3283767Z  * [new branch]        research/polydao-verdicts                -> origin/research/polydao-verdicts
2026-10-08T01:20:07.3284952Z  * [new tag]           v2026.07.04                              -> v2026.07.04
2026-10-08T01:20:07.3286002Z  * [new tag]           v2026.07.20                              -> v2026.07.20
2026-10-08T01:20:07.3289639Z  * [new tag]           v2026.07.22                              -> v2026.07.22
2026-10-08T01:20:07.3290882Z  * [new tag]           v2026.07.24                              -> v2026.07.24
2026-10-08T01:20:07.3291901Z  * [new tag]           v2026.07.26                              -> v2026.07.26
2026-10-08T01:20:07.3293290Z  * [new tag]           v2026.07.28                              -> v2026.07.28
2026-10-08T01:20:07.3294307Z  * [new tag]           v2026.07.28.1                            -> v2026.07.28.1
2026-10-08T01:20:07.3302590Z  * [new tag]           v2026.07.29                              -> v2026.07.29
2026-10-08T01:20:07.3303705Z  * [new tag]           v2026.07.30                              -> v2026.07.30
2026-10-08T01:20:07.3305161Z  * [new tag]           v2026.08.01                              -> v2026.08.01
2026-10-08T01:20:07.3306146Z  * [new tag]           v2026.08.02                              -> v2026.08.02
2026-10-08T01:20:07.3307434Z  * [new tag]           v2026.08.03                              -> v2026.08.03
2026-10-08T01:20:07.3309122Z  * [new tag]           v2026.08.03.2                            -> v2026.08.03.2
2026-10-08T01:20:07.3310774Z  * [new tag]           v2026.08.04                              -> v2026.08.04
2026-10-08T01:20:07.3312998Z  * [new tag]           v2026.08.05                              -> v2026.08.05
2026-10-08T01:20:07.3314701Z  * [new tag]           v2026.08.07                              -> v2026.08.07
2026-10-08T01:20:07.3316267Z  * [new tag]           v2026.08.08                              -> v2026.08.08
2026-10-08T01:20:07.3317858Z  * [new tag]           v2026.08.11                              -> v2026.08.11
2026-10-08T01:20:07.3319560Z  * [new tag]           v2026.08.12                              -> v2026.08.12
2026-10-08T01:20:07.3321252Z  * [new tag]           v2026.08.13                              -> v2026.08.13
2026-10-08T01:20:07.3323145Z  * [new tag]           v2026.08.13.2                            -> v2026.08.13.2
2026-10-08T01:20:07.3324716Z  * [new tag]           v2026.08.14                              -> v2026.08.14
2026-10-08T01:20:07.3326269Z  * [new tag]           v2026.08.16                              -> v2026.08.16
2026-10-08T01:20:07.3327863Z  * [new tag]           v2026.08.23                              -> v2026.08.23
2026-10-08T01:20:07.3329695Z  * [new tag]           v2026.08.27                              -> v2026.08.27
2026-10-08T01:20:07.3331136Z  * [new tag]           v2026.08.29                              -> v2026.08.29
2026-10-08T01:20:07.3332460Z  * [new tag]           v2026.09.01                              -> v2026.09.01
2026-10-08T01:20:07.3333541Z  * [new tag]           v2026.09.06                              -> v2026.09.06
2026-10-08T01:20:07.3334603Z  * [new tag]           v2026.09.08                              -> v2026.09.08
2026-10-08T01:20:07.3335678Z  * [new tag]           v2026.09.09                              -> v2026.09.09
2026-10-08T01:20:07.3336760Z  * [new tag]           v2026.09.21                              -> v2026.09.21
2026-10-08T01:20:07.3337845Z  * [new tag]           v2026.09.25                              -> v2026.09.25
2026-10-08T01:20:07.3338923Z  * [new tag]           v2026.09.28                              -> v2026.09.28
2026-10-08T01:20:07.3339997Z  * [new tag]           v2026.09.30                              -> v2026.09.30
2026-10-08T01:20:07.3341361Z  * [new tag]           v2026.10.02                              -> v2026.10.02
2026-10-08T01:20:07.3343493Z  * [new ref]           e71965cb0de09b04066e20b7663e8dbde1179540 -> pull/434/merge
2026-10-08T01:20:07.3345533Z  * [new tag]           test-fixture-pre-f2-close-work-item      -> test-fixture-pre-f2-close-work-item
2026-10-08T01:20:07.3347222Z  * [new tag]           test-fixture-pre-f3-guard                -> test-fixture-pre-f3-guard
2026-10-08T01:20:07.3349864Z ##[endgroup]
2026-10-08T01:20:07.3350806Z ##[group]Determining the checkout info
2026-10-08T01:20:07.3351877Z ##[endgroup]
2026-10-08T01:20:07.3352804Z [command]/usr/bin/git sparse-checkout disable
2026-10-08T01:20:07.3354735Z [command]/usr/bin/git config --local --unset-all extensions.worktreeConfig
2026-10-08T01:20:07.3356968Z ##[group]Checking out the ref
2026-10-08T01:20:07.3357933Z [command]/usr/bin/git checkout --progress --force refs/remotes/pull/434/merge
2026-10-08T01:20:07.5755577Z Note: switching to 'refs/remotes/pull/434/merge'.
2026-10-08T01:20:07.5756990Z 
2026-10-08T01:20:07.5757977Z You are in 'detached HEAD' state. You can look around, make experimental
2026-10-08T01:20:07.5760402Z changes and commit them, and you can discard any commits you make in this
2026-10-08T01:20:07.5762988Z state without impacting any branches by switching back to a branch.
2026-10-08T01:20:07.5764360Z 
2026-10-08T01:20:07.5765290Z If you want to create a new branch to retain commits you create, you may
2026-10-08T01:20:07.5767585Z do so (now or later) by using -c with the switch command. Example:
2026-10-08T01:20:07.5768933Z 
2026-10-08T01:20:07.5769532Z   git switch -c <new-branch-name>
2026-10-08T01:20:07.5770494Z 
2026-10-08T01:20:07.5771054Z Or undo this operation with:
2026-10-08T01:20:07.5771921Z 
2026-10-08T01:20:07.5772641Z   git switch -
2026-10-08T01:20:07.5773338Z 
2026-10-08T01:20:07.5774852Z Turn off this advice by setting config variable advice.detachedHead to false
2026-10-08T01:20:07.5776638Z 
2026-10-08T01:20:07.5778240Z HEAD is now at e71965cb Merge 5685e3625bc94f00ade55d9cf491158dde058177 into bdeb425c040ada918dd97e5b878b71e420bad83a
2026-10-08T01:20:07.5783411Z ##[endgroup]
2026-10-08T01:20:07.5833115Z [command]/usr/bin/git log -1 --format=%H
2026-10-08T01:20:07.5863011Z e71965cb0de09b04066e20b7663e8dbde1179540
2026-10-08T01:20:07.6360232Z ##[group]Run actions/setup-node@v4
2026-10-08T01:20:07.6361544Z with:
2026-10-08T01:20:07.6362666Z   node-version: 20
2026-10-08T01:20:07.6363686Z   always-auth: false
2026-10-08T01:20:07.6364730Z   check-latest: false
2026-10-08T01:20:07.6374798Z   token: ***
2026-10-08T01:20:07.6375744Z env:
2026-10-08T01:20:07.6376686Z   AAI_TEST_PARALLEL: 4
2026-10-08T01:20:07.6377744Z ##[endgroup]
2026-10-08T01:20:07.7996797Z Attempting to download 20...
2026-10-08T01:20:07.8151197Z (node:2329) [DEP0040] DeprecationWarning: The `punycode` module is deprecated. Please use a userland alternative instead.
2026-10-08T01:20:07.8154822Z (Use `node --trace-deprecation ...` to show where the warning was created)
2026-10-08T01:20:08.3043951Z Acquiring 20.20.2 - x64 from https://github.com/actions/node-versions/releases/download/20.20.2-23521894959/node-20.20.2-linux-x64.tar.gz
2026-10-08T01:20:08.6370558Z Extracting ...
2026-10-08T01:20:08.6506496Z [command]/usr/bin/tar xz --strip 1 --warning=no-unknown-keyword --overwrite -C /home/runner/work/_temp/7c955948-3c1a-484f-8bab-a897738554da -f /home/runner/work/_temp/f2996228-23fb-43a4-a1b4-b5ece0955538
2026-10-08T01:20:09.6621124Z Adding to the cache ...
2026-10-08T01:20:11.4951346Z ##[group]Environment details
2026-10-08T01:20:11.7320235Z node: v20.20.2
2026-10-08T01:20:11.7320933Z npm: 10.8.2
2026-10-08T01:20:11.7321408Z yarn: 1.22.22
2026-10-08T01:20:11.7322546Z ##[endgroup]
2026-10-08T01:20:11.7567322Z ##[group]Run set -euo pipefail
2026-10-08T01:20:11.7567785Z [36;1mset -euo pipefail[0m
2026-10-08T01:20:11.7568091Z [36;1mprintf '%s\n' "$SHARD_PLAN" > shard-plan.txt[0m
2026-10-08T01:20:11.7568634Z [36;1mbash tests/skills/lib/shard-plan-check.sh --check shard-plan.txt tests/skills >/dev/null[0m
2026-10-08T01:20:11.7569399Z [36;1mif [ "4" = "all" ]; then[0m
2026-10-08T01:20:11.7569681Z [36;1m  bash tests/skills/test-framework.sh[0m
2026-10-08T01:20:11.7569968Z [36;1melse[0m
2026-10-08T01:20:11.7570333Z [36;1m  SUITES="$(bash tests/skills/lib/shard-plan-check.sh --extract 4 shard-plan.txt)"[0m
2026-10-08T01:20:11.7570772Z [36;1m  args=()[0m
2026-10-08T01:20:11.7571004Z [36;1m  for s in $SUITES; do[0m
2026-10-08T01:20:11.7571252Z [36;1m    args+=(--skill "$s")[0m
2026-10-08T01:20:11.7571488Z [36;1m  done[0m
2026-10-08T01:20:11.7571750Z [36;1m  bash tests/skills/test-framework.sh "${args[@]}"[0m
2026-10-08T01:20:11.7572061Z [36;1mfi[0m
2026-10-08T01:20:11.7856968Z shell: /usr/bin/bash -e {0}
2026-10-08T01:20:11.7857302Z env:
2026-10-08T01:20:11.7857538Z   AAI_TEST_PARALLEL: 4
2026-10-08T01:20:11.7873063Z   SHARD_PLAN: SHARD 1 aai-learned-append weight=434
SHARD 1 aai-hygiene-pack weight=313
SHARD 1 aai-ceremony-levels weight=120
SHARD 1 aai-feedback-upsert weight=91
SHARD 1 aai-mutation-gate weight=82
SHARD 1 aai-suite-isolation weight=77
SHARD 1 aai-doc-numbering weight=43
SHARD 1 aai-orchestration-dispatch weight=39
SHARD 1 aai-git-ref-guard weight=28
SHARD 1 aai-roadmap weight=22
SHARD 1 aai-hooks-overlay weight=18
SHARD 1 aai-factory-report weight=12
SHARD 1 aai-outcome-backcheck weight=10
SHARD 1 aai-canon weight=7
SHARD 1 aai-spec-tools weight=6
SHARD 1 aai-heartbeat weight=5
SHARD 1 aai-role-output weight=5
SHARD 1 aai-docs-canon weight=4
SHARD 1 aai-check-state weight=3
SHARD 1 aai-issues weight=3
SHARD 1 aai-redact weight=3
SHARD 1 aai-session-lock weight=2
SHARD 1 aai-pricing weight=1
SHARD 1 aai-runtime-file weight=1
SHARD 1 aai-userguide-drift weight=1
SHARD 2 aai-merge-policy weight=434
SHARD 2 aai-delta-stage3 weight=278
SHARD 2 aai-run-tests weight=135
SHARD 2 aai-friction weight=93
SHARD 2 aai-sweep-parallel weight=91
SHARD 2 aai-release weight=81
SHARD 2 aai-delta-stage2 weight=56
SHARD 2 aai-follow-ups weight=37
SHARD 2 aai-pr-waiver weight=27
SHARD 2 aai-friction-capture-points weight=19
SHARD 2 aai-ride-select weight=18
SHARD 2 aai-debug-gate weight=10
SHARD 2 aai-pr-platform weight=10
SHARD 2 aai-docs-lock weight=7
SHARD 2 aai-tdd-evidence weight=6
SHARD 2 aai-learned-routing weight=5
SHARD 2 aai-test-canon weight=5
SHARD 2 aai-orchestration-mode weight=4
SHARD 2 aai-docs-hub weight=3
SHARD 2 aai-layer-drift weight=3
SHARD 2 aai-token-capture weight=3
SHARD 2 aai-antigravity-project-skills weight=1
SHARD 2 aai-implementation-mode weight=1
SHARD 2 aai-prompt-hash weight=1
SHARD 2 aai-share weight=1
SHARD 2 aai-userguide-rollup weight=1
SHARD 3 aai-pr-preflight weight=434
SHARD 3 aai-sync-seed weight=234
SHARD 3 aai-doctor weight=149
SHARD 3 aai-doc-number-reservation weight=97
SHARD 3 aai-friction-wiring weight=91
SHARD 3 aai-golden-flow weight=81
SHARD 3 aai-ledger-merge weight=66
SHARD 3 aai-deslop weight=40
SHARD 3 aai-update-check weight=32
SHARD 3 aai-state weight=27
SHARD 3 aai-intake weight=17
SHARD 3 aai-constitution weight=11
SHARD 3 aai-win-fallback weight=10
SHARD 3 aai-hitl-channel weight=6
SHARD 3 aai-routine weight=6
SHARD 3 aai-bootstrap weight=5
SHARD 3 aai-prompt-diet weight=5
SHARD 3 aai-delta-stage1 weight=4
SHARD 3 aai-verify-gate weight=4
SHARD 3 aai-orphan-sweep weight=3
SHARD 3 aai-dashboard weight=2
SHARD 3 aai-reconcile-telemetry weight=2
SHARD 3 aai-pipe-safe weight=1
SHARD 3 aai-prune-stale-briefs weight=1
SHARD 3 aai-suite-select weight=1
SHARD 3 aai-validator-isolation weight=1
SHARD 4 aai-worktree-seed weight=434
SHARD 4 aai-docs-audit weight=161
SHARD 4 aai-repo-tripwire weight=155
SHARD 4 aai-close-work-item weight=112
SHARD 4 aai-hitl-propagation weight=93
SHARD 4 aai-metrics weight=89
SHARD 4 aai-layer-profiles weight=69
SHARD 4 aai-secrets-preflight weight=52
SHARD 4 aai-spec-lint weight=39
SHARD 4 aai-spec-amend weight=28
SHARD 4 aai-live-serve weight=19
SHARD 4 aai-close-reconcile weight=15
SHARD 4 aai-live-status weight=13
SHARD 4 aai-advisory-skills weight=9
SHARD 4 aai-branch-guard weight=9
SHARD 4 aai-update weight=6
SHARD 4 aai-lightweight-lane weight=5
SHARD 4 aai-unattended weight=5
SHARD 4 aai-overview weight=4
SHARD 4 aai-feedback-triage weight=3
SHARD 4 aai-product-docs weight=3
SHARD 4 aai-feedback-status weight=2
SHARD 4 aai-downstream-autopilot weight=1
SHARD 4 aai-planning-probes weight=1
SHARD 4 aai-r-guard weight=1
SHARD 4 aai-tdd weight=1
SHARD 4 aai-worktree weight=1
SHARDS count=4 suites=104
2026-10-08T01:20:11.7885596Z ##[endgroup]
2026-10-08T01:20:11.9505493Z 
2026-10-08T01:20:11.9513206Z AAI Skills Test Framework
2026-10-08T01:20:11.9513640Z =========================
2026-10-08T01:20:11.9513818Z 
2026-10-08T01:20:11.9533964Z [0;34m[INFO][0m Setting up results directory: /home/runner/work/aai/aai/tests/skills/results/test-20261008-012011
2026-10-08T01:20:11.9547625Z [0;34m[INFO][0m Checking system dependencies...
2026-10-08T01:20:14.3645875Z [0;32m[PASS][0m Dependencies checked
2026-10-08T01:20:14.4333831Z [0;34m[INFO][0m Isolation: every suite runs isolated in a disposable git checkout (its own .git, D1) seeded from the working tree
2026-10-08T01:20:14.4336325Z [0;34m[INFO][0m Concurrency: up to 4 suite(s) run at a time (AAI_TEST_PARALLEL=4). Set AAI_TEST_PARALLEL=1 for the serial execution model.
2026-10-08T01:20:14.4337093Z [0;34m[INFO][0m Discovering skill tests...
2026-10-08T01:20:14.4352657Z [0;34m[INFO][0m Found 27 test(s)
2026-10-08T01:20:14.4353204Z [0;34m[INFO][0m 
2026-10-08T01:20:14.4353719Z [0;34m[INFO][0m Running tests...
2026-10-08T01:20:14.4354239Z [0;34m[INFO][0m 
2026-10-08T01:20:29.1098506Z [ 1/27] aai-docs-audit       [0;31mFAIL[0m (13.0s) [tripwire NOT ATTESTED — suite exited 1 before completing]
2026-10-08T01:20:29.1110300Z --- Error Details (aai-docs-audit) ---
2026-10-08T01:20:29.1111529Z --- failure lines (whole log) ---
2026-10-08T01:20:29.1209266Z 11:FAIL: Expected 'Verdict: CLEAN' in /tmp/aai-docs-audit-test.NSeDNY/silence-live-1349.log
2026-10-08T01:20:29.1267020Z --- tail (last 30 lines) ---
2026-10-08T01:20:29.1288916Z Testing aai-docs-audit skill (engine + fixtures)
2026-10-08T01:20:29.1323352Z INFO: Checking dependencies...
2026-10-08T01:20:29.1348722Z PASS: Dependencies checked
2026-10-08T01:20:29.1373472Z INFO: Setting up fixture repo...
2026-10-08T01:20:29.1374135Z PASS: Fixture repo ready
2026-10-08T01:20:29.1375557Z INFO: Test: --check --strict over the live tree exits 0 and every near-miss document it names is dispositioned in the spec (TEST-1351)...
2026-10-08T01:20:29.1377333Z PASS: Every near-miss document over the live corpus is dispositioned, and --check --strict still exits 0
2026-10-08T01:20:29.1379272Z INFO: Test: the docs-audit headline carries the near-miss count split into blocking and report-only, and it equals the section count (TEST-1348)...
2026-10-08T01:20:29.1380941Z PASS: The near-miss count is part of what the headline SAYS, and it agrees with the section
2026-10-08T01:20:29.1413472Z INFO: Test: the Verdict line names the unreadable AC tables when any exist, stays bare CLEAN when none do, and keeps the literal 'Verdict: CLEAN' substring either way (TEST-1349)...
2026-10-08T01:20:29.1415454Z FAIL: Expected 'Verdict: CLEAN' in /tmp/aai-docs-audit-test.NSeDNY/silence-live-1349.log
2026-10-08T01:20:29.1416310Z --- end aai-docs-audit ---
2026-10-08T01:20:46.9900301Z [ 2/27] aai-worktree-seed    [0;32mPASS[0m (31.0s)
2026-10-08T01:22:03.1927318Z [ 3/27] aai-hitl-propagation [0;32mPASS[0m (92.0s)
2026-10-08T01:22:14.7479842Z [ 4/27] aai-close-work-item  [0;32mPASS[0m (118.0s)
2026-10-08T01:23:08.9205034Z [ 5/27] aai-metrics          [0;32mPASS[0m (140.0s)
2026-10-08T01:23:17.4028850Z [ 6/27] aai-layer-profiles   [0;32mPASS[0m (72.0s)
2026-10-08T01:23:21.9341299Z [ 7/27] aai-repo-tripwire    [0;31mFAIL[0m (186.0s) [tripwire NOT ATTESTED — suite exited 1 before completing]
2026-10-08T01:23:21.9350984Z --- Error Details (aai-repo-tripwire) ---
2026-10-08T01:23:21.9352053Z --- failure lines (whole log) ---
2026-10-08T01:23:21.9439114Z 9:FAIL TEST-006 fixed suites leave the real tree untouched
2026-10-08T01:23:21.9493504Z --- tail (last 30 lines) ---
2026-10-08T01:23:21.9563500Z === Test: aai-repo-tripwire (spec-suites-must-not-touch-the-shipping-repo) ===
2026-10-08T01:23:21.9624028Z PASS TEST-001 a dirty suite turns the framework run red, naming the suite and both changed paths; the clean suite in the same run still passes
2026-10-08T01:23:21.9643590Z PASS TEST-002 a suite that commits is caught by the HEAD half of the snapshot and both shas are named
2026-10-08T01:23:21.9653545Z PASS TEST-003 exit-42-is-SKIP still holds, and a skipped or crashed suite is reported NOT ATTESTED rather than counted clean
2026-10-08T01:23:21.9708815Z PASS TEST-004 an untouched tree keeps the run green and every exit code intact, at exactly one git status pair per suite (measured: 6 calls over 3 suites)
2026-10-08T01:23:21.9733664Z PASS TEST-005 tests/skills/results is git-ignored, so the framework's own run artifacts cannot masquerade as a suite's write
2026-10-08T01:23:21.9773726Z   TEST-006: test-aai-doc-numbering exited 1 — it must run to COMPLETION against the real tree, not abort early
2026-10-08T01:23:21.9808682Z   TEST-006: test-aai-deslop exited 1 — it must run to COMPLETION against the real tree, not abort early
2026-10-08T01:23:21.9844009Z FAIL TEST-006 fixed suites leave the real tree untouched
2026-10-08T01:23:21.9875227Z PASS TEST-007 the ad hoc funnel reports the same violation naming the command and the path, leaves every exit code untouched, is silent on a clean run and where the tripwire could never arm, and names both a missing library and a repository made unreadable mid-run
2026-10-08T01:23:21.9903991Z PASS TEST-008 the seeded ratchet warns for a known offender inside its listed paths, still fails it outside them, and still fails an unlisted suite
2026-10-08T01:23:21.9963343Z PASS TEST-009 a suite that leaves the repository unreadable fails closed instead of reading as clean
2026-10-08T01:23:21.9993434Z PASS TEST-010 a run whose tripwire could not arm at all labels every progress line NOT ARMED and stays green
2026-10-08T01:23:21.9996194Z PASS TEST-011 a second and a third write to one ratchet path are seen: the listed writer reads ALLOWED, the unlisted writer fails the run naming the path, and none of the three counts as attested clean
2026-10-08T01:23:22.0024532Z PASS TEST-012 a duplicate ratchet entry is named and stays dead, and a glob-shaped entry path is named and matches nothing instead of silently widening to the working directory
2026-10-08T01:23:22.0053924Z PASS TEST-013 with the known-offender table drained, a suite carrying a formerly exempt name and writing a formerly exempt path fails the run and is named, and nothing reads ALLOWED
2026-10-08T01:23:22.0060507Z PASS TEST-014 the shipped known-offender table holds 0 entr(ies), at or under the declared maximum of 0, measured by a counter proved able to see 2 seeded entries and to refuse an anchorless file
2026-10-08T01:23:22.0063823Z PASS TEST-015 the always-watch floor is declared (3 paths), seeds the watch set, and seeds the dedup set — the D7 fix is asserted, not just present
2026-10-08T01:23:22.0066166Z PASS TEST-016 a suite that fails on its own exit code AND trips the tripwire gets both the tripwire violation block and the failure-lines-plus-tail dump
2026-10-08T01:23:22.0069194Z PASS TEST-017 a suite whose after-snapshot was lost AND that failed on its own exit code gets both the tripwire report and the failure-lines-plus-tail dump
2026-10-08T01:23:22.0094842Z PASS TEST-436 an ALLOWED verdict accounts for a path already dirty before the suite ran, and a hasher degrade that masks a write is named on the masked suite's own line and in its telemetry record (with a real hasher, the same shape genuinely fails instead)
2026-10-08T01:23:22.0129630Z   TEST-437: the nested full run exited 1 (want 0)
2026-10-08T01:23:22.0131498Z PASS TEST-437 a full run of this suite (nested, under its own scoped TMPDIR) leaves no aai-tripwire-fixture.* or aai-tripwire-registry.* directory behind
2026-10-08T01:23:22.0133069Z 
2026-10-08T01:23:22.0133466Z Some tests failed.
2026-10-08T01:23:22.0134604Z --- end aai-repo-tripwire ---
2026-10-08T01:23:23.3289948Z [ 8/27] aai-secrets-preflight [0;32mPASS[0m (67.0s)
2026-10-08T01:23:38.9096648Z [ 9/27] aai-close-reconcile  [0;32mPASS[0m (14.0s)
2026-10-08T01:23:43.7558497Z [10/27] aai-live-serve       [0;32mPASS[0m (20.0s)
2026-10-08T01:23:50.9605046Z [11/27] aai-spec-amend       [0;32mPASS[0m (32.0s)
2026-10-08T01:23:54.3735497Z [12/27] aai-live-status      [0;32mPASS[0m (13.0s)
2026-10-08T01:23:55.5483865Z [13/27] aai-advisory-skills  [0;32mPASS[0m (10.0s)
2026-10-08T01:23:59.7356954Z [14/27] aai-spec-lint        [0;32mPASS[0m (49.0s)
2026-10-08T01:24:01.9373936Z [15/27] aai-branch-guard     [0;32mPASS[0m (10.0s)
2026-10-08T01:24:02.6606263Z [16/27] aai-update           [0;32mPASS[0m (7.0s)
2026-10-08T01:24:03.2169587Z [17/27] aai-lightweight-lane [0;32mPASS[0m (6.0s)
2026-10-08T01:24:06.8173019Z [18/27] aai-feedback-triage  [0;32mPASS[0m (3.0s)
2026-10-08T01:24:07.7844466Z [19/27] aai-unattended       [0;32mPASS[0m (7.0s)
2026-10-08T01:24:08.3454105Z [20/27] aai-overview         [0;32mPASS[0m (4.0s)
2026-10-08T01:24:09.3214007Z [21/27] aai-product-docs     [0;32mPASS[0m (4.0s)
2026-10-08T01:24:10.7355918Z [22/27] aai-downstream-autopilot [0;32mPASS[0m (2.0s)
2026-10-08T01:24:11.0784626Z [23/27] aai-feedback-status  [0;32mPASS[0m (3.0s)
2026-10-08T01:24:11.4734333Z [24/27] aai-planning-probes  [0;32mPASS[0m (1.0s)
2026-10-08T01:24:11.8587095Z [25/27] aai-r-guard          [0;32mPASS[0m (0.0s)
2026-10-08T01:24:12.2085188Z [26/27] aai-tdd              [0;32mPASS[0m (0.0s)
2026-10-08T01:24:12.5346421Z [27/27] aai-worktree         [0;32mPASS[0m (1.0s)
2026-10-08T01:24:12.5760687Z [0;34m[INFO][0m 
2026-10-08T01:24:12.5761181Z [0;34m[INFO][0m 
2026-10-08T01:24:12.5761783Z [0;34m[INFO][0m =========================================
2026-10-08T01:24:12.5763203Z [0;34m[INFO][0m Test Summary
2026-10-08T01:24:12.5763962Z [0;31m[FAIL][0m Failed:  2 (7%)
2026-10-08T01:24:12.5764752Z [0;34m[INFO][0m =========================================
2026-10-08T01:24:12.5765525Z [0;34m[INFO][0m Total:   27
2026-10-08T01:24:12.5766258Z [0;32m[PASS][0m Passed:  25 (92%)
2026-10-08T01:24:12.5767581Z [0;34m[INFO][0m Tripwire: 25/27 suite(s) attested clean; 2 not attested (skipped, failed, allowlisted, or unguarded)
2026-10-08T01:24:12.5768796Z [0;34m[INFO][0m Isolation: 27/27 suite(s) isolated; 0 degraded
2026-10-08T01:24:12.5770077Z [0;34m[INFO][0m Seeding: 27/27 suite(s) fully seeded; 0 partial; 0 skipped
2026-10-08T01:24:12.5771646Z [0;34m[INFO][0m Concurrency: width 4; 0 wave(s) re-run serially (0 suite(s) total) to attribute a shipping-repository change
2026-10-08T01:24:12.5772861Z [0;34m[INFO][0m 
2026-10-08T01:24:12.5773910Z [0;34m[INFO][0m Results saved to: /home/runner/work/aai/aai/tests/skills/results/test-20261008-012011
2026-10-08T01:24:12.6319424Z ##[error]Process completed with exit code 1.
2026-10-08T01:24:12.6471712Z Post job cleanup.
2026-10-08T01:24:12.7369593Z [command]/usr/bin/git version
2026-10-08T01:24:12.7417023Z git version 2.55.0
2026-10-08T01:24:12.7461195Z Temporarily overriding HOME='/home/runner/work/_temp/b8e41ea6-9874-4787-9a67-4daa9d299811' before making global git config changes
2026-10-08T01:24:12.7490320Z Adding repository directory to the temporary git global config as a safe directory
2026-10-08T01:24:12.7491968Z [command]/usr/bin/git config --global --add safe.directory /home/runner/work/aai/aai
2026-10-08T01:24:12.7523835Z [command]/usr/bin/git config --local --name-only --get-regexp core\.sshCommand
2026-10-08T01:24:12.7569548Z [command]/usr/bin/git submodule foreach --recursive sh -c "git config --local --name-only --get-regexp 'core\.sshCommand' && git config --local --unset-all 'core.sshCommand' || :"
2026-10-08T01:24:12.7853331Z [command]/usr/bin/git config --local --name-only --get-regexp http\.https\:\/\/github\.com\/\.extraheader
2026-10-08T01:24:12.7883948Z http.https://github.com/.extraheader
2026-10-08T01:24:12.7897424Z [command]/usr/bin/git config --local --unset-all http.https://github.com/.extraheader
2026-10-08T01:24:12.7947043Z [command]/usr/bin/git submodule foreach --recursive sh -c "git config --local --name-only --get-regexp 'http\.https\:\/\/github\.com\/\.extraheader' && git config --local --unset-all 'http.https://github.com/.extraheader' || :"
2026-10-08T01:24:12.8248483Z [command]/usr/bin/git config --local --name-only --get-regexp ^includeIf\.gitdir:
2026-10-08T01:24:12.8301802Z [command]/usr/bin/git submodule foreach --recursive git config --local --show-origin --name-only --get-regexp remote.origin.url
2026-10-08T01:24:12.8744089Z Cleaning up orphan processes
2026-10-08T01:24:12.9037886Z ##[warning]Node.js 20 is deprecated. The following actions target Node.js 20 but are being forced to run on Node.js 24: actions/checkout@v4, actions/setup-node@v4. For more information see: https://github.blog/changelog/2025-09-19-deprecation-of-node-20-on-github-actions-runners/
