2026-10-08T01:20:03.7392388Z Current runner version: '2.337.0'
2026-10-08T01:20:03.7420800Z ##[group]Runner Image Provisioner
2026-10-08T01:20:03.7421763Z Hosted Compute Agent
2026-10-08T01:20:03.7422354Z Version: 20260901.588
2026-10-08T01:20:03.7423009Z Commit: f88ec8081b781fac6c440065ac7ff9e710ce3d0b
2026-10-08T01:20:03.7423848Z Build Date: 2026-09-01T19:56:44Z
2026-10-08T01:20:03.7424521Z Worker ID: {b606d5bb-5170-4398-b3f8-b90b303bcc0c}
2026-10-08T01:20:03.7425271Z Azure Region: eastus
2026-10-08T01:20:03.7425864Z ##[endgroup]
2026-10-08T01:20:03.7427500Z ##[group]Operating System
2026-10-08T01:20:03.7428168Z Ubuntu
2026-10-08T01:20:03.7428688Z 24.04.5
2026-10-08T01:20:03.7429736Z LTS
2026-10-08T01:20:03.7430284Z ##[endgroup]
2026-10-08T01:20:03.7430864Z ##[group]Runner Image
2026-10-08T01:20:03.7431592Z Image: ubuntu-24.04
2026-10-08T01:20:03.7432154Z Version: 20260927.320.1
2026-10-08T01:20:03.7433474Z Included Software: https://github.com/actions/runner-images/blob/ubuntu24/20260927.320/images/ubuntu/Ubuntu2404-Readme.md
2026-10-08T01:20:03.7435142Z Image Release: https://github.com/actions/runner-images/releases/tag/ubuntu24%2F20260927.320
2026-10-08T01:20:03.7436112Z ##[endgroup]
2026-10-08T01:20:03.7437231Z ##[group]GITHUB_TOKEN Permissions
2026-10-08T01:20:03.7439860Z Contents: read
2026-10-08T01:20:03.7440515Z Metadata: read
2026-10-08T01:20:03.7441177Z ##[endgroup]
2026-10-08T01:20:03.7443480Z Secret source: Actions
2026-10-08T01:20:03.7444545Z Cache mode: write
2026-10-08T01:20:03.7445268Z Prepare workflow directory
2026-10-08T01:20:03.7859674Z Prepare all required actions
2026-10-08T01:20:03.7912638Z Getting action download info
2026-10-08T01:20:04.0148904Z Download action repository 'actions/checkout@v4' (SHA:11d5960a326750d5838078e36cf38b85af677262)
2026-10-08T01:20:04.1327530Z Download action repository 'actions/setup-node@v4' (SHA:49933ea5288caeca8642d1e84afbd3f7d6820020)
2026-10-08T01:20:04.3318985Z Complete job name: skill test suite (full framework, via test-framework.sh) (1)
2026-10-08T01:20:04.4226808Z ##[group]Run actions/checkout@v4
2026-10-08T01:20:04.4227761Z with:
2026-10-08T01:20:04.4228209Z   fetch-depth: 0
2026-10-08T01:20:04.4228682Z   repository: goodwind-cz/aai
2026-10-08T01:20:04.4232720Z   token: ***
2026-10-08T01:20:04.4233161Z   ssh-strict: true
2026-10-08T01:20:04.4233596Z   ssh-user: git
2026-10-08T01:20:04.4234054Z   persist-credentials: true
2026-10-08T01:20:04.4234547Z   clean: true
2026-10-08T01:20:04.4234999Z   sparse-checkout-cone-mode: true
2026-10-08T01:20:04.4235518Z   fetch-tags: false
2026-10-08T01:20:04.4235966Z   show-progress: true
2026-10-08T01:20:04.4236419Z   lfs: false
2026-10-08T01:20:04.4236835Z   submodules: false
2026-10-08T01:20:04.4237285Z   set-safe-directory: true
2026-10-08T01:20:04.4237790Z   allow-unsafe-pr-checkout: false
2026-10-08T01:20:04.4238562Z env:
2026-10-08T01:20:04.4239235Z   AAI_TEST_PARALLEL: 4
2026-10-08T01:20:04.4239942Z ##[endgroup]
2026-10-08T01:20:04.5402885Z Syncing repository: goodwind-cz/aai
2026-10-08T01:20:04.5406008Z ##[group]Getting Git version info
2026-10-08T01:20:04.5407181Z Working directory is '/home/runner/work/aai/aai'
2026-10-08T01:20:04.5408699Z [command]/usr/bin/git version
2026-10-08T01:20:04.5507705Z git version 2.55.0
2026-10-08T01:20:04.5538241Z ##[endgroup]
2026-10-08T01:20:04.5555861Z Temporarily overriding HOME='/home/runner/work/_temp/adc2aab1-0f26-4d15-8db7-51305ca62a80' before making global git config changes
2026-10-08T01:20:04.5558036Z Adding repository directory to the temporary git global config as a safe directory
2026-10-08T01:20:04.5563379Z [command]/usr/bin/git config --global --add safe.directory /home/runner/work/aai/aai
2026-10-08T01:20:04.5630378Z Deleting the contents of '/home/runner/work/aai/aai'
2026-10-08T01:20:04.5636079Z ##[group]Initializing the repository
2026-10-08T01:20:04.5642023Z [command]/usr/bin/git init /home/runner/work/aai/aai
2026-10-08T01:20:04.5765881Z hint: Using 'master' as the name for the initial branch. This default branch name
2026-10-08T01:20:04.5767453Z hint: will change to "main" in Git 3.0. To configure the initial branch name
2026-10-08T01:20:04.5770189Z hint: to use in all of your new repositories, which will suppress this warning,
2026-10-08T01:20:04.5771803Z hint: call:
2026-10-08T01:20:04.5772423Z hint:
2026-10-08T01:20:04.5773235Z hint: 	git config --global init.defaultBranch <name>
2026-10-08T01:20:04.5774682Z hint:
2026-10-08T01:20:04.5775990Z hint: Names commonly chosen instead of 'master' are 'main', 'trunk' and
2026-10-08T01:20:04.5777677Z hint: 'development'. The just-created branch can be renamed via this command:
2026-10-08T01:20:04.5778600Z hint:
2026-10-08T01:20:04.5779238Z hint: 	git branch -m <name>
2026-10-08T01:20:04.5779799Z hint:
2026-10-08T01:20:04.5780444Z hint: Disable this message with "git config set advice.defaultBranchName false"
2026-10-08T01:20:04.5781446Z Initialized empty Git repository in /home/runner/work/aai/aai/.git/
2026-10-08T01:20:04.5784785Z [command]/usr/bin/git remote add origin https://github.com/goodwind-cz/aai
2026-10-08T01:20:04.5843923Z ##[endgroup]
2026-10-08T01:20:04.5844795Z ##[group]Disabling automatic garbage collection
2026-10-08T01:20:04.5850200Z [command]/usr/bin/git config --local gc.auto 0
2026-10-08T01:20:04.5888355Z ##[endgroup]
2026-10-08T01:20:04.5889825Z ##[group]Setting up auth
2026-10-08T01:20:04.5900580Z [command]/usr/bin/git config --local --name-only --get-regexp core\.sshCommand
2026-10-08T01:20:04.5944779Z [command]/usr/bin/git submodule foreach --recursive sh -c "git config --local --name-only --get-regexp 'core\.sshCommand' && git config --local --unset-all 'core.sshCommand' || :"
2026-10-08T01:20:04.6367115Z [command]/usr/bin/git config --local --name-only --get-regexp http\.https\:\/\/github\.com\/\.extraheader
2026-10-08T01:20:04.6410057Z [command]/usr/bin/git submodule foreach --recursive sh -c "git config --local --name-only --get-regexp 'http\.https\:\/\/github\.com\/\.extraheader' && git config --local --unset-all 'http.https://github.com/.extraheader' || :"
2026-10-08T01:20:04.6658370Z [command]/usr/bin/git config --local --name-only --get-regexp ^includeIf\.gitdir:
2026-10-08T01:20:04.6702846Z [command]/usr/bin/git submodule foreach --recursive git config --local --show-origin --name-only --get-regexp remote.origin.url
2026-10-08T01:20:04.6946235Z [command]/usr/bin/git config --local http.https://github.com/.extraheader AUTHORIZATION: basic ***
2026-10-08T01:20:04.7012172Z ##[endgroup]
2026-10-08T01:20:04.7013146Z ##[group]Fetching the repository
2026-10-08T01:20:04.7025135Z [command]/usr/bin/git -c protocol.version=2 fetch --prune --no-recurse-submodules origin +refs/heads/*:refs/remotes/origin/* +refs/tags/*:refs/tags/* +e71965cb0de09b04066e20b7663e8dbde1179540:refs/remotes/pull/434/merge
2026-10-08T01:20:07.2412112Z From https://github.com/goodwind-cz/aai
2026-10-08T01:20:07.2414313Z  * [new branch]        change/amendment-signature-asks-the-owner-too-often -> origin/change/amendment-signature-asks-the-owner-too-often
2026-10-08T01:20:07.2416427Z  * [new branch]        change/downstream-rides-ask-no-governance-questions -> origin/change/downstream-rides-ask-no-governance-questions
2026-10-08T01:20:07.2418560Z  * [new branch]        change/original-request-outcome-backcheck -> origin/change/original-request-outcome-backcheck
2026-10-08T01:20:07.2421176Z  * [new branch]        change/pr-capability-preflight           -> origin/change/pr-capability-preflight
2026-10-08T01:20:07.2423700Z  * [new branch]        change/roadmap-serves-downstream-projects -> origin/change/roadmap-serves-downstream-projects
2026-10-08T01:20:07.2426477Z  * [new branch]        chore/close-userguide-catalog-item       -> origin/chore/close-userguide-catalog-item
2026-10-08T01:20:07.2429507Z  * [new branch]        chore/intake-routing-tables-owner-and-seam -> origin/chore/intake-routing-tables-owner-and-seam
2026-10-08T01:20:07.2431574Z  * [new branch]        chore/release-v2026.09.25                -> origin/chore/release-v2026.09.25
2026-10-08T01:20:07.2432857Z  * [new branch]        chore/release-v2026.09.28                -> origin/chore/release-v2026.09.28
2026-10-08T01:20:07.2434937Z  * [new branch]        chore/wave-3-intakes                     -> origin/chore/wave-3-intakes
2026-10-08T01:20:07.2437834Z  * [new branch]        cursor/feedback-triage-missing-output-dir-a7ce -> origin/cursor/feedback-triage-missing-output-dir-a7ce
2026-10-08T01:20:07.2440294Z  * [new branch]        cursor/gpt-6-pricing-family-67e6         -> origin/cursor/gpt-6-pricing-family-67e6
2026-10-08T01:20:07.2441823Z  * [new branch]        cursor/mutation-clone-fidelity-windows-eol-a7ce -> origin/cursor/mutation-clone-fidelity-windows-eol-a7ce
2026-10-08T01:20:07.2443515Z  * [new branch]        cursor/mutation-clone-windows-run-chain-5e0a -> origin/cursor/mutation-clone-windows-run-chain-5e0a
2026-10-08T01:20:07.2445129Z  * [new branch]        cursor/polydao-graph-loop-ideas-fa9c     -> origin/cursor/polydao-graph-loop-ideas-fa9c
2026-10-08T01:20:07.2446664Z  * [new branch]        cursor/pricing-missing-models-and-refresh-94d5 -> origin/cursor/pricing-missing-models-and-refresh-94d5
2026-10-08T01:20:07.2448273Z  * [new branch]        cursor/prompts-invoke-wsl-bash-on-windows-a7ce -> origin/cursor/prompts-invoke-wsl-bash-on-windows-a7ce
2026-10-08T01:20:07.2450492Z  * [new branch]        cursor/strategy-unscoped-from-current-focus-a7ce -> origin/cursor/strategy-unscoped-from-current-focus-a7ce
2026-10-08T01:20:07.2451856Z  * [new branch]        exp-0113-phase1                          -> origin/exp-0113-phase1
2026-10-08T01:20:07.2453015Z  * [new branch]        feat/antigravity-cli-skill-paths         -> origin/feat/antigravity-cli-skill-paths
2026-10-08T01:20:07.2454289Z  * [new branch]        feat/canon-is-a-build-artifact           -> origin/feat/canon-is-a-build-artifact
2026-10-08T01:20:07.2455546Z  * [new branch]        feat/cheap-model-in-practice             -> origin/feat/cheap-model-in-practice
2026-10-08T01:20:07.2456734Z  * [new branch]        feat/dev-progress-hub                    -> origin/feat/dev-progress-hub
2026-10-08T01:20:07.2458178Z  * [new branch]        feat/feedback-upsert-review              -> origin/feat/feedback-upsert-review
2026-10-08T01:20:07.2460417Z  * [new branch]        feat/friction-channel-sweep              -> origin/feat/friction-channel-sweep
2026-10-08T01:20:07.2462844Z  * [new branch]        feat/learned-append-gate                 -> origin/feat/learned-append-gate
2026-10-08T01:20:07.2465830Z  * [new branch]        feat/original-request-outcome-backcheck  -> origin/feat/original-request-outcome-backcheck
2026-10-08T01:20:07.2468316Z  * [new branch]        feat/pr-post-open-review-sweep           -> origin/feat/pr-post-open-review-sweep
2026-10-08T01:20:07.2475561Z  * [new branch]        feat/product-docs-enforced               -> origin/feat/product-docs-enforced
2026-10-08T01:20:07.2477681Z  * [new branch]        feat/prompt-hash-telemetry               -> origin/feat/prompt-hash-telemetry
2026-10-08T01:20:07.2479903Z  * [new branch]        feat/roadmap-takes-direction             -> origin/feat/roadmap-takes-direction
2026-10-08T01:20:07.2482179Z  * [new branch]        feat/role-output-contracts               -> origin/feat/role-output-contracts
2026-10-08T01:20:07.2483555Z  * [new branch]        feat/universality-proof                  -> origin/feat/universality-proof
2026-10-08T01:20:07.2484694Z  * [new branch]        feature/remote-orchestration             -> origin/feature/remote-orchestration
2026-10-08T01:20:07.2486011Z  * [new branch]        fix/canonical-provenance-archived-sources -> origin/fix/canonical-provenance-archived-sources
2026-10-08T01:20:07.2487394Z  * [new branch]        fix/closeout-display-id-match            -> origin/fix/closeout-display-id-match
2026-10-08T01:20:07.2488664Z  * [new branch]        fix/feedback-pipeline-discoverability    -> origin/fix/feedback-pipeline-discoverability
2026-10-08T01:20:07.2490323Z  * [new branch]        fix/gate-checks-declared-mutation        -> origin/fix/gate-checks-declared-mutation
2026-10-08T01:20:07.2491619Z  * [new branch]        fix/growth-pins-dont-wall-the-corpus     -> origin/fix/growth-pins-dont-wall-the-corpus
2026-10-08T01:20:07.2493373Z  * [new branch]        fix/worktree-lacks-vendored-aai-layer-downstream-wt -> origin/fix/worktree-lacks-vendored-aai-layer-downstream-wt
2026-10-08T01:20:07.2494584Z  * [new branch]        main                                     -> origin/main
2026-10-08T01:20:07.2495962Z  * [new branch]        research/polydao-verdicts                -> origin/research/polydao-verdicts
2026-10-08T01:20:07.2497567Z  * [new tag]           v2026.07.04                              -> v2026.07.04
2026-10-08T01:20:07.2498571Z  * [new tag]           v2026.07.20                              -> v2026.07.20
2026-10-08T01:20:07.2499665Z  * [new tag]           v2026.07.22                              -> v2026.07.22
2026-10-08T01:20:07.2500452Z  * [new tag]           v2026.07.24                              -> v2026.07.24
2026-10-08T01:20:07.2501255Z  * [new tag]           v2026.07.26                              -> v2026.07.26
2026-10-08T01:20:07.2502018Z  * [new tag]           v2026.07.28                              -> v2026.07.28
2026-10-08T01:20:07.2502803Z  * [new tag]           v2026.07.28.1                            -> v2026.07.28.1
2026-10-08T01:20:07.2503571Z  * [new tag]           v2026.07.29                              -> v2026.07.29
2026-10-08T01:20:07.2504330Z  * [new tag]           v2026.07.30                              -> v2026.07.30
2026-10-08T01:20:07.2505089Z  * [new tag]           v2026.08.01                              -> v2026.08.01
2026-10-08T01:20:07.2505844Z  * [new tag]           v2026.08.02                              -> v2026.08.02
2026-10-08T01:20:07.2506595Z  * [new tag]           v2026.08.03                              -> v2026.08.03
2026-10-08T01:20:07.2507369Z  * [new tag]           v2026.08.03.2                            -> v2026.08.03.2
2026-10-08T01:20:07.2508137Z  * [new tag]           v2026.08.04                              -> v2026.08.04
2026-10-08T01:20:07.2509663Z  * [new tag]           v2026.08.05                              -> v2026.08.05
2026-10-08T01:20:07.2511094Z  * [new tag]           v2026.08.07                              -> v2026.08.07
2026-10-08T01:20:07.2511893Z  * [new tag]           v2026.08.08                              -> v2026.08.08
2026-10-08T01:20:07.2512668Z  * [new tag]           v2026.08.11                              -> v2026.08.11
2026-10-08T01:20:07.2513428Z  * [new tag]           v2026.08.12                              -> v2026.08.12
2026-10-08T01:20:07.2514195Z  * [new tag]           v2026.08.13                              -> v2026.08.13
2026-10-08T01:20:07.2514966Z  * [new tag]           v2026.08.13.2                            -> v2026.08.13.2
2026-10-08T01:20:07.2515754Z  * [new tag]           v2026.08.14                              -> v2026.08.14
2026-10-08T01:20:07.2516561Z  * [new tag]           v2026.08.16                              -> v2026.08.16
2026-10-08T01:20:07.2517321Z  * [new tag]           v2026.08.23                              -> v2026.08.23
2026-10-08T01:20:07.2518079Z  * [new tag]           v2026.08.27                              -> v2026.08.27
2026-10-08T01:20:07.2518845Z  * [new tag]           v2026.08.29                              -> v2026.08.29
2026-10-08T01:20:07.2520083Z  * [new tag]           v2026.09.01                              -> v2026.09.01
2026-10-08T01:20:07.2520856Z  * [new tag]           v2026.09.06                              -> v2026.09.06
2026-10-08T01:20:07.2521650Z  * [new tag]           v2026.09.08                              -> v2026.09.08
2026-10-08T01:20:07.2522409Z  * [new tag]           v2026.09.09                              -> v2026.09.09
2026-10-08T01:20:07.2523162Z  * [new tag]           v2026.09.21                              -> v2026.09.21
2026-10-08T01:20:07.2523923Z  * [new tag]           v2026.09.25                              -> v2026.09.25
2026-10-08T01:20:07.2524681Z  * [new tag]           v2026.09.28                              -> v2026.09.28
2026-10-08T01:20:07.2525450Z  * [new tag]           v2026.09.30                              -> v2026.09.30
2026-10-08T01:20:07.2526468Z  * [new tag]           v2026.10.02                              -> v2026.10.02
2026-10-08T01:20:07.2527300Z  * [new ref]           e71965cb0de09b04066e20b7663e8dbde1179540 -> pull/434/merge
2026-10-08T01:20:07.2528325Z  * [new tag]           test-fixture-pre-f2-close-work-item      -> test-fixture-pre-f2-close-work-item
2026-10-08T01:20:07.2530158Z  * [new tag]           test-fixture-pre-f3-guard                -> test-fixture-pre-f3-guard
2026-10-08T01:20:07.2532183Z ##[endgroup]
2026-10-08T01:20:07.2532936Z ##[group]Determining the checkout info
2026-10-08T01:20:07.2533760Z ##[endgroup]
2026-10-08T01:20:07.2534255Z [command]/usr/bin/git sparse-checkout disable
2026-10-08T01:20:07.2553585Z [command]/usr/bin/git config --local --unset-all extensions.worktreeConfig
2026-10-08T01:20:07.2596452Z ##[group]Checking out the ref
2026-10-08T01:20:07.2601110Z [command]/usr/bin/git checkout --progress --force refs/remotes/pull/434/merge
2026-10-08T01:20:07.5020361Z Note: switching to 'refs/remotes/pull/434/merge'.
2026-10-08T01:20:07.5021693Z 
2026-10-08T01:20:07.5022683Z You are in 'detached HEAD' state. You can look around, make experimental
2026-10-08T01:20:07.5024306Z changes and commit them, and you can discard any commits you make in this
2026-10-08T01:20:07.5025778Z state without impacting any branches by switching back to a branch.
2026-10-08T01:20:07.5026596Z 
2026-10-08T01:20:07.5027262Z If you want to create a new branch to retain commits you create, you may
2026-10-08T01:20:07.5028773Z do so (now or later) by using -c with the switch command. Example:
2026-10-08T01:20:07.5029796Z 
2026-10-08T01:20:07.5030241Z   git switch -c <new-branch-name>
2026-10-08T01:20:07.5030854Z 
2026-10-08T01:20:07.5031262Z Or undo this operation with:
2026-10-08T01:20:07.5031856Z 
2026-10-08T01:20:07.5032271Z   git switch -
2026-10-08T01:20:07.5032718Z 
2026-10-08T01:20:07.5033960Z Turn off this advice by setting config variable advice.detachedHead to false
2026-10-08T01:20:07.5035101Z 
2026-10-08T01:20:07.5036382Z HEAD is now at e71965cb Merge 5685e3625bc94f00ade55d9cf491158dde058177 into bdeb425c040ada918dd97e5b878b71e420bad83a
2026-10-08T01:20:07.5050055Z ##[endgroup]
2026-10-08T01:20:07.5102381Z [command]/usr/bin/git log -1 --format=%H
2026-10-08T01:20:07.5134844Z e71965cb0de09b04066e20b7663e8dbde1179540
2026-10-08T01:20:07.5638900Z ##[group]Run actions/setup-node@v4
2026-10-08T01:20:07.5640362Z with:
2026-10-08T01:20:07.5641278Z   node-version: 20
2026-10-08T01:20:07.5642250Z   always-auth: false
2026-10-08T01:20:07.5643267Z   check-latest: false
2026-10-08T01:20:07.5653657Z   token: ***
2026-10-08T01:20:07.5654569Z env:
2026-10-08T01:20:07.5655452Z   AAI_TEST_PARALLEL: 4
2026-10-08T01:20:07.5656500Z ##[endgroup]
2026-10-08T01:20:07.7238625Z Attempting to download 20...
2026-10-08T01:20:07.7356255Z (node:2295) [DEP0040] DeprecationWarning: The `punycode` module is deprecated. Please use a userland alternative instead.
2026-10-08T01:20:07.7359772Z (Use `node --trace-deprecation ...` to show where the warning was created)
2026-10-08T01:20:08.2197060Z Acquiring 20.20.2 - x64 from https://github.com/actions/node-versions/releases/download/20.20.2-23521894959/node-20.20.2-linux-x64.tar.gz
2026-10-08T01:20:08.5952059Z Extracting ...
2026-10-08T01:20:08.6153608Z [command]/usr/bin/tar xz --strip 1 --warning=no-unknown-keyword --overwrite -C /home/runner/work/_temp/285a5270-756b-4e09-9516-a7f862e4ab50 -f /home/runner/work/_temp/000ec101-dac9-4bc0-91aa-64fc0ae24a5a
2026-10-08T01:20:09.6644642Z Adding to the cache ...
2026-10-08T01:20:11.5390236Z ##[group]Environment details
2026-10-08T01:20:11.7993238Z node: v20.20.2
2026-10-08T01:20:11.7993829Z npm: 10.8.2
2026-10-08T01:20:11.7994174Z yarn: 1.22.22
2026-10-08T01:20:11.7995242Z ##[endgroup]
2026-10-08T01:20:11.8255515Z ##[group]Run set -euo pipefail
2026-10-08T01:20:11.8255961Z [36;1mset -euo pipefail[0m
2026-10-08T01:20:11.8256278Z [36;1mprintf '%s\n' "$SHARD_PLAN" > shard-plan.txt[0m
2026-10-08T01:20:11.8256819Z [36;1mbash tests/skills/lib/shard-plan-check.sh --check shard-plan.txt tests/skills >/dev/null[0m
2026-10-08T01:20:11.8257501Z [36;1mif [ "1" = "all" ]; then[0m
2026-10-08T01:20:11.8257798Z [36;1m  bash tests/skills/test-framework.sh[0m
2026-10-08T01:20:11.8258093Z [36;1melse[0m
2026-10-08T01:20:11.8258466Z [36;1m  SUITES="$(bash tests/skills/lib/shard-plan-check.sh --extract 1 shard-plan.txt)"[0m
2026-10-08T01:20:11.8258895Z [36;1m  args=()[0m
2026-10-08T01:20:11.8259475Z [36;1m  for s in $SUITES; do[0m
2026-10-08T01:20:11.8259733Z [36;1m    args+=(--skill "$s")[0m
2026-10-08T01:20:11.8259980Z [36;1m  done[0m
2026-10-08T01:20:11.8260267Z [36;1m  bash tests/skills/test-framework.sh "${args[@]}"[0m
2026-10-08T01:20:11.8260578Z [36;1mfi[0m
2026-10-08T01:20:11.8557022Z shell: /usr/bin/bash -e {0}
2026-10-08T01:20:11.8557371Z env:
2026-10-08T01:20:11.8557623Z   AAI_TEST_PARALLEL: 4
2026-10-08T01:20:11.8571780Z   SHARD_PLAN: SHARD 1 aai-learned-append weight=434
SHARD 1 aai-hygiene-pack weight=313
SHARD 1 aai-ceremony-levels weight=120
SHARD 1 aai-feedback-upsert weight=91
SHARD 1 aai-mutation-gate weight=82
SHARD 1 aai-suite-isolation weight=77
SHARD 1 aai-doc-numbering weight=43
SHARD 1 aai-orchestration-dispatch weight=39
SHARD 1 aai-git-ref-guard weight=28
SHARD 1 aai-roadmap weight=22
SHARD 1 aai-hooks-overlay weight=18
SHARD 1 aai-factory-report weight=12
SHARD 1 aai-outcome-backcheck weight=10
SHARD 1 aai-canon weight=7
SHARD 1 aai-spec-tools weight=6
SHARD 1 aai-heartbeat weight=5
SHARD 1 aai-role-output weight=5
SHARD 1 aai-docs-canon weight=4
SHARD 1 aai-check-state weight=3
SHARD 1 aai-issues weight=3
SHARD 1 aai-redact weight=3
SHARD 1 aai-session-lock weight=2
SHARD 1 aai-pricing weight=1
SHARD 1 aai-runtime-file weight=1
SHARD 1 aai-userguide-drift weight=1
SHARD 2 aai-merge-policy weight=434
SHARD 2 aai-delta-stage3 weight=278
SHARD 2 aai-run-tests weight=135
SHARD 2 aai-friction weight=93
SHARD 2 aai-sweep-parallel weight=91
SHARD 2 aai-release weight=81
SHARD 2 aai-delta-stage2 weight=56
SHARD 2 aai-follow-ups weight=37
SHARD 2 aai-pr-waiver weight=27
SHARD 2 aai-friction-capture-points weight=19
SHARD 2 aai-ride-select weight=18
SHARD 2 aai-debug-gate weight=10
SHARD 2 aai-pr-platform weight=10
SHARD 2 aai-docs-lock weight=7
SHARD 2 aai-tdd-evidence weight=6
SHARD 2 aai-learned-routing weight=5
SHARD 2 aai-test-canon weight=5
SHARD 2 aai-orchestration-mode weight=4
SHARD 2 aai-docs-hub weight=3
SHARD 2 aai-layer-drift weight=3
SHARD 2 aai-token-capture weight=3
SHARD 2 aai-antigravity-project-skills weight=1
SHARD 2 aai-implementation-mode weight=1
SHARD 2 aai-prompt-hash weight=1
SHARD 2 aai-share weight=1
SHARD 2 aai-userguide-rollup weight=1
SHARD 3 aai-pr-preflight weight=434
SHARD 3 aai-sync-seed weight=234
SHARD 3 aai-doctor weight=149
SHARD 3 aai-doc-number-reservation weight=97
SHARD 3 aai-friction-wiring weight=91
SHARD 3 aai-golden-flow weight=81
SHARD 3 aai-ledger-merge weight=66
SHARD 3 aai-deslop weight=40
SHARD 3 aai-update-check weight=32
SHARD 3 aai-state weight=27
SHARD 3 aai-intake weight=17
SHARD 3 aai-constitution weight=11
SHARD 3 aai-win-fallback weight=10
SHARD 3 aai-hitl-channel weight=6
SHARD 3 aai-routine weight=6
SHARD 3 aai-bootstrap weight=5
SHARD 3 aai-prompt-diet weight=5
SHARD 3 aai-delta-stage1 weight=4
SHARD 3 aai-verify-gate weight=4
SHARD 3 aai-orphan-sweep weight=3
SHARD 3 aai-dashboard weight=2
SHARD 3 aai-reconcile-telemetry weight=2
SHARD 3 aai-pipe-safe weight=1
SHARD 3 aai-prune-stale-briefs weight=1
SHARD 3 aai-suite-select weight=1
SHARD 3 aai-validator-isolation weight=1
SHARD 4 aai-worktree-seed weight=434
SHARD 4 aai-docs-audit weight=161
SHARD 4 aai-repo-tripwire weight=155
SHARD 4 aai-close-work-item weight=112
SHARD 4 aai-hitl-propagation weight=93
SHARD 4 aai-metrics weight=89
SHARD 4 aai-layer-profiles weight=69
SHARD 4 aai-secrets-preflight weight=52
SHARD 4 aai-spec-lint weight=39
SHARD 4 aai-spec-amend weight=28
SHARD 4 aai-live-serve weight=19
SHARD 4 aai-close-reconcile weight=15
SHARD 4 aai-live-status weight=13
SHARD 4 aai-advisory-skills weight=9
SHARD 4 aai-branch-guard weight=9
SHARD 4 aai-update weight=6
SHARD 4 aai-lightweight-lane weight=5
SHARD 4 aai-unattended weight=5
SHARD 4 aai-overview weight=4
SHARD 4 aai-feedback-triage weight=3
SHARD 4 aai-product-docs weight=3
SHARD 4 aai-feedback-status weight=2
SHARD 4 aai-downstream-autopilot weight=1
SHARD 4 aai-planning-probes weight=1
SHARD 4 aai-r-guard weight=1
SHARD 4 aai-tdd weight=1
SHARD 4 aai-worktree weight=1
SHARDS count=4 suites=104
2026-10-08T01:20:11.8584267Z ##[endgroup]
2026-10-08T01:20:12.0284460Z 
2026-10-08T01:20:12.0293533Z AAI Skills Test Framework
2026-10-08T01:20:12.0294255Z =========================
2026-10-08T01:20:12.0294541Z 
2026-10-08T01:20:12.0316022Z [0;34m[INFO][0m Setting up results directory: /home/runner/work/aai/aai/tests/skills/results/test-20261008-012012
2026-10-08T01:20:12.0329566Z [0;34m[INFO][0m Checking system dependencies...
2026-10-08T01:20:12.2605984Z [0;32m[PASS][0m Dependencies checked
2026-10-08T01:20:12.3595956Z [0;34m[INFO][0m Isolation: every suite runs isolated in a disposable git checkout (its own .git, D1) seeded from the working tree
2026-10-08T01:20:12.3622114Z [0;34m[INFO][0m Concurrency: up to 4 suite(s) run at a time (AAI_TEST_PARALLEL=4). Set AAI_TEST_PARALLEL=1 for the serial execution model.
2026-10-08T01:20:12.3630766Z [0;34m[INFO][0m Discovering skill tests...
2026-10-08T01:20:12.3632201Z [0;34m[INFO][0m Found 25 test(s)
2026-10-08T01:20:12.3634363Z [0;34m[INFO][0m 
2026-10-08T01:20:12.3635339Z [0;34m[INFO][0m Running tests...
2026-10-08T01:20:12.3636147Z [0;34m[INFO][0m 
2026-10-08T01:21:50.2940381Z [ 1/25] aai-feedback-upsert  [0;32mPASS[0m (95.0s)
2026-10-08T01:22:21.1641408Z [ 2/25] aai-ceremony-levels  [0;32mPASS[0m (126.0s)
2026-10-08T01:23:15.5597574Z [ 3/25] aai-mutation-gate    [0;32mPASS[0m (83.0s)
2026-10-08T01:23:41.7974738Z [ 4/25] aai-doc-numbering    [0;31mFAIL[0m (25.0s) [tripwire NOT ATTESTED — suite exited 1 before completing]
2026-10-08T01:23:41.7976874Z --- Error Details (aai-doc-numbering) ---
2026-10-08T01:23:41.7978476Z --- failure lines (whole log) ---
2026-10-08T01:23:41.8065705Z 32:FAIL: Expected 'CLEAN' in /tmp/aai-doc-numbering-test.KBJ3EZ/repo-audit.log
2026-10-08T01:23:41.8068979Z 33:FAIL: test_013_regression (arm failed; the suite continues)
2026-10-08T01:23:41.8073455Z 83:  FAILED ARM: test_013_regression
2026-10-08T01:23:41.8088079Z --- tail (last 30 lines) ---
2026-10-08T01:23:41.8104199Z INFO: TEST-024: PR #255 replay flags 3 pages, PR #256 replay flags 2 (static fixture)...
2026-10-08T01:23:41.8105730Z PASS: TEST-024 static replay: PR #255 -> 3 violations, PR #256 -> 2, both named
2026-10-08T01:23:41.8107527Z INFO: TEST-025: same two shapes read from git history at 00bdd03 / ff8208e...
2026-10-08T01:23:41.8110048Z INFO: TEST-025: history object 00bdd03 unreachable (shallow clone) — arm skipped, the static fixture in TEST-024 always runs
2026-10-08T01:23:41.8112596Z INFO: TEST-025: history object ff8208e unreachable (shallow clone) — arm skipped, the static fixture in TEST-024 always runs
2026-10-08T01:23:41.8114430Z PASS: TEST-025 history replay ran for 0/2 incident commit(s) (absent objects degrade named)
2026-10-08T01:23:41.8116060Z INFO: TEST-026: in-flight drafts pass, prefix collisions pass, absent members skip named, live tree passes...
2026-10-08T01:23:41.8117983Z PASS: TEST-026 precision: in-flight passes (planted counterpart fires), exact slug match, STATE/corpus never read, live tree clean
2026-10-08T01:23:41.8120153Z INFO: TEST-027: absent generator silent, failing generator one named INFO line, exit 0 either way...
2026-10-08T01:23:41.8121593Z PASS: TEST-027 degradation: absent silent, failing named once, exit code never changes
2026-10-08T01:23:41.8123644Z INFO: TEST-028: no-args 2, unreachable base ref 3, guard violation 4 — unchanged by the regen hook...
2026-10-08T01:23:41.8124906Z PASS: TEST-028 exit contract unchanged (2 / 3 / 4)
2026-10-08T01:23:41.8126022Z INFO: TEST-029: close-work-item.mjs content hash is on the shared allowlist...
2026-10-08T01:23:41.8127809Z PASS: TEST-029 close-work-item.mjs content hash d4a5b955d927f9c3e280607122a279fa2bab7386e957a0ed5b2c94fa2481a262 is on the shared allowlist
2026-10-08T01:23:41.8130695Z INFO: TEST-030: SKILL_PR step 1b + allocator stdout + allocator header name the pages...
2026-10-08T01:23:41.8132486Z PASS: TEST-030 ordering documented in SKILL_PR 1b (both lines) + allocator header + completion line
2026-10-08T01:23:41.8133959Z INFO: TEST-031: the aai-doc-numbering suite-map row carries the closed-list pages...
2026-10-08T01:23:41.8135470Z PASS: TEST-031 suite-map aai-doc-numbering row carries every closed-list page + the replay fixtures
2026-10-08T01:23:41.8137374Z INFO: TEST-552: SKILL_PR step 1b names the restamp invocation immediately after the allocator call, keyed on the allocator's own completion output...
2026-10-08T01:23:41.8139840Z PASS: TEST-552 SKILL_PR step 1b names the restamp invocation right after the allocator call, keyed on the allocator's own completion output
2026-10-08T01:23:41.8142273Z INFO: TEST-589: allocate-doc-number.mjs's SPEC_PAGE_GENERATORS pages are all members of lib/docs-model.mjs's SHARED_GENERATED_PAGES, and match the pinned expected set exactly...
2026-10-08T01:23:41.8145199Z PASS: TEST-589: every SPEC_PAGE_GENERATORS page agrees with SHARED_GENERATED_PAGES and matches the pinned expected set exactly (PAGES:docs/ai/overview.html,docs/ai/overview-data.json,docs/USER_GUIDE.md
2026-10-08T01:23:41.8146839Z BAD:)
2026-10-08T01:23:41.8148165Z INFO: TEST-808: doc_number_guard: enforce blocks on the default branch only; a feature branch reports with the one NOTE line...
2026-10-08T01:23:41.8151171Z PASS: TEST-808 CHECK 8 enforce is merge-point-aware: feature branch reports with one downgrade line (exit 0), default branch blocks (exit 1), report-only exits 0 on both
2026-10-08T01:23:41.8153441Z INFO: TEST-809: the .ps1 CHECK 8 block reads refs/remotes/origin/HEAD and compares with the current branch (static; behavioural under pwsh)...
2026-10-08T01:23:41.8155808Z PASS: TEST-809 .ps1 CHECK 8 reads origin/HEAD and compares with the current branch (static), and under pwsh reports on a feature branch, blocks on main, passes report-only
2026-10-08T01:23:41.8157107Z 
2026-10-08T01:23:41.8157661Z doc-numbering results: 34/35 arms passed, 1 failed.
2026-10-08T01:23:41.8158466Z   FAILED ARM: test_013_regression
2026-10-08T01:23:41.8159475Z --- end aai-doc-numbering ---
2026-10-08T01:23:43.7671021Z [ 5/25] aai-suite-isolation  [0;32mPASS[0m (80.0s)
2026-10-08T01:24:12.8850214Z [ 6/25] aai-git-ref-guard    [0;32mPASS[0m (28.0s)
2026-10-08T01:24:29.7801067Z [ 7/25] aai-orchestration-dispatch [0;32mPASS[0m (47.0s)
2026-10-08T01:24:45.8948756Z [ 8/25] aai-roadmap          [0;32mPASS[0m (32.0s)
2026-10-08T01:24:58.8580965Z [ 9/25] aai-factory-report   [0;32mPASS[0m (12.0s)
2026-10-08T01:25:05.1002421Z [10/25] aai-hooks-overlay    [0;32mPASS[0m (34.0s)
2026-10-08T01:25:11.4580032Z [11/25] aai-outcome-backcheck [0;32mPASS[0m (11.0s)
2026-10-08T01:25:13.3952784Z [12/25] aai-canon            [0;32mPASS[0m (6.0s)
2026-10-08T01:25:19.3943304Z [13/25] aai-heartbeat        [0;32mPASS[0m (4.0s)
2026-10-08T01:25:20.0025289Z [14/25] aai-spec-tools       [0;32mPASS[0m (7.0s)
2026-10-08T01:25:25.4256435Z [15/25] aai-docs-canon       [0;32mPASS[0m (3.0s)
2026-10-08T01:25:26.8024384Z [16/25] aai-role-output      [0;32mPASS[0m (6.0s)
2026-10-08T01:25:29.5716957Z [17/25] aai-check-state      [0;32mPASS[0m (2.0s)
2026-10-08T01:25:30.9380774Z [18/25] aai-issues           [0;32mPASS[0m (3.0s)
2026-10-08T01:25:33.6950956Z [19/25] aai-redact           [0;32mPASS[0m (3.0s)
2026-10-08T01:25:34.6083228Z [20/25] aai-session-lock     [0;32mPASS[0m (2.0s)
2026-10-08T01:25:35.2440009Z [21/25] aai-pricing          [0;32mPASS[0m (0.0s)
2026-10-08T01:25:37.8777310Z [22/25] aai-runtime-file     [0;32mPASS[0m (2.0s)
2026-10-08T01:25:38.2386870Z [23/25] aai-userguide-drift  [0;32mPASS[0m (1.0s)
2026-10-08T01:26:18.3633443Z [24/25] aai-hygiene-pack     [0;32mPASS[0m (364.0s)
2026-10-08T01:28:13.5101527Z [25/25] aai-learned-append   [0;32mPASS[0m (480.0s)
2026-10-08T01:28:13.5523845Z [0;34m[INFO][0m 
2026-10-08T01:28:13.5524308Z [0;34m[INFO][0m 
2026-10-08T01:28:13.5524925Z [0;34m[INFO][0m =========================================
2026-10-08T01:28:13.5525530Z [0;34m[INFO][0m Test Summary
2026-10-08T01:28:13.5526202Z [0;31m[FAIL][0m Failed:  1 (4%)
2026-10-08T01:28:13.5526653Z [0;34m[INFO][0m =========================================
2026-10-08T01:28:13.5527038Z [0;34m[INFO][0m Total:   25
2026-10-08T01:28:13.5527388Z [0;32m[PASS][0m Passed:  24 (96%)
2026-10-08T01:28:13.5530648Z [0;34m[INFO][0m Tripwire: 24/25 suite(s) attested clean; 1 not attested (skipped, failed, allowlisted, or unguarded)
2026-10-08T01:28:13.5531959Z [0;34m[INFO][0m Isolation: 25/25 suite(s) isolated; 0 degraded
2026-10-08T01:28:13.5532966Z [0;34m[INFO][0m Seeding: 25/25 suite(s) fully seeded; 0 partial; 0 skipped
2026-10-08T01:28:13.5534434Z [0;34m[INFO][0m Concurrency: width 4; 0 wave(s) re-run serially (0 suite(s) total) to attribute a shipping-repository change
2026-10-08T01:28:13.5535523Z [0;34m[INFO][0m 
2026-10-08T01:28:13.5536602Z [0;34m[INFO][0m Results saved to: /home/runner/work/aai/aai/tests/skills/results/test-20261008-012012
2026-10-08T01:28:13.6058154Z ##[error]Process completed with exit code 1.
2026-10-08T01:28:13.6331336Z Post job cleanup.
2026-10-08T01:28:13.7243554Z [command]/usr/bin/git version
2026-10-08T01:28:13.7290189Z git version 2.55.0
2026-10-08T01:28:13.7331792Z Temporarily overriding HOME='/home/runner/work/_temp/1bc8da70-ff08-4b9e-bef2-71c9c8468845' before making global git config changes
2026-10-08T01:28:13.7333319Z Adding repository directory to the temporary git global config as a safe directory
2026-10-08T01:28:13.7337642Z [command]/usr/bin/git config --global --add safe.directory /home/runner/work/aai/aai
2026-10-08T01:28:13.7385164Z [command]/usr/bin/git config --local --name-only --get-regexp core\.sshCommand
2026-10-08T01:28:13.7441306Z [command]/usr/bin/git submodule foreach --recursive sh -c "git config --local --name-only --get-regexp 'core\.sshCommand' && git config --local --unset-all 'core.sshCommand' || :"
2026-10-08T01:28:13.7706861Z [command]/usr/bin/git config --local --name-only --get-regexp http\.https\:\/\/github\.com\/\.extraheader
2026-10-08T01:28:13.7737730Z http.https://github.com/.extraheader
2026-10-08T01:28:13.7750657Z [command]/usr/bin/git config --local --unset-all http.https://github.com/.extraheader
2026-10-08T01:28:13.7797853Z [command]/usr/bin/git submodule foreach --recursive sh -c "git config --local --name-only --get-regexp 'http\.https\:\/\/github\.com\/\.extraheader' && git config --local --unset-all 'http.https://github.com/.extraheader' || :"
2026-10-08T01:28:13.8122534Z [command]/usr/bin/git config --local --name-only --get-regexp ^includeIf\.gitdir:
2026-10-08T01:28:13.8170711Z [command]/usr/bin/git submodule foreach --recursive git config --local --show-origin --name-only --get-regexp remote.origin.url
2026-10-08T01:28:13.8668445Z Cleaning up orphan processes
2026-10-08T01:28:13.9004583Z ##[warning]Node.js 20 is deprecated. The following actions target Node.js 20 but are being forced to run on Node.js 24: actions/checkout@v4, actions/setup-node@v4. For more information see: https://github.blog/changelog/2025-09-19-deprecation-of-node-20-on-github-actions-runners/
