AAI-ISOLATION: isolated - this suite run has its own disposable checkout; the shipping repository is not its working tree.
AAI-SEEDING: seeded - every seeding step completed; the disposable checkout carries your working tree.
Testing: aai-prompt-diet
====================
PASS TEST-001 include reference x8
PASS TEST-002 shared blocks single-sourced
PASS TEST-003 intake line budget (240 <= 240)
PASS TEST-004 intake dry-run artifact passes strict audit
PASS TEST-005 SKILL_PROFILE de-fictioned (4714 bytes)
PASS TEST-006 fallback/safety single-sourced
PASS TEST-007 fallback occurrences are pointers
PASS TEST-008 SKILL_LOOP caching + digest payload
PASS TEST-009 digest emits exactly the documented keys
PASS TEST-010 strict audit clean, net reduction 28672 bytes (headroom 0/2048)
PASS TEST-011 deterministic-tick wrappers <=45 lines + script path + degrade, ceiling guard proven to bite (CHANGE-0009 TEST-015 / DEBT-0002 Spec-AC-03)
PASS TEST-012 (spec TEST-001) JUSTIFIED_GROWTH_BYTES == 55539 == independent re-sum
PASS TEST-013 (spec TEST-002) ledger entries >=3, numeric leading bytes field
PASS TEST-014 (spec TEST-003) synthetic breach -> deficit=1234 paste-ready entry
PASS TEST-015 (spec TEST-004) over-padded synthetic credit (2049) -> headroom(2049) > CAP(2048), cap guard still bites
PASS TEST-016 prompt-hash pass-through pointer (SKILL_LOOP + SUBAGENT_PROTOCOL)
PASS TEST-017 SKILL_DASHBOARD/SKILL_TEST_SKILLS content pins (CHANGE-0076)
PASS TEST-018 journal/report contract pins (CHANGE-0080/0082)
PASS TEST-019 core-prompt-diet dedup + surviving recipes intact
PASS TEST-020 G4 disk-artifact-poll teaching present, corpus scan clean, bite check proven (spec TEST-009 / Spec-AC-07)
PASS TEST-021 no unescaped backtick in tests/skills/lib/prompt-diet-ledger.sh, silent source from a foreign cwd, bite + escaped-control both proven
PASS TEST-022 (spec TEST-006) PRE-HANDOFF block names the AC-flip guard, drops the commit-SHA citation, appears once, TEST-017 pins intact
  TEST-023: file has grown to 7140 B since this entry recorded 5335 B -- later growth must carry its OWN itemized ledger entry (TEST-010's live .aai/*.prompt.md glob headroom is the control that catches an uncredited byte on disk; TEST-012 only re-sums the ledger array and cannot see a byte on disk)
PASS TEST-023 (spec TEST-007) ROLE_COMMON growth 472 B credited 1:1, pin 9319 -> 9791
PASS TEST-429 both prompts name select-suites.mjs, ledger entry present
PASS TEST-622 (Spec-AC-08) SKILL_UPDATE.prompt.md growth 403 B is measured and credited 1:1, pin 35417 -> 35820
  TEST-697: file has grown to 24275 B since this entry recorded 21570 B -- later growth must carry its OWN itemized ledger entry (TEST-010's live .aai/*.prompt.md glob headroom is the control that catches an uncredited byte on disk; TEST-012 only re-sums the ledger array and cannot see a byte on disk)
PASS TEST-697 (Spec-AC-14) VALIDATION.prompt.md growth 418 B is measured and credited 1:1, pin 37344 -> 37762
  TEST-746: file has grown to 23394 B since this entry recorded 22991 B -- later growth must carry its OWN itemized ledger entry (TEST-010's live .aai/*.prompt.md glob headroom is the control that catches an uncredited byte on disk; TEST-012 only re-sums the ledger array and cannot see a byte on disk)
PASS TEST-746 (Spec-AC-16) AGENTS.md growth 100 B is measured and credited 1:1, pin 37762 -> 37862
  TEST-1215 SKILL_SHIP.prompt.md: file has grown to 8167 B since this entry recorded 6780 B -- later growth must carry its OWN itemized ledger entry (TEST-010's live .aai/*.prompt.md glob headroom is the control that catches an uncredited byte on disk; TEST-012 only re-sums the ledger array and cannot see a byte on disk)
  TEST-1215 SKILL_PR.prompt.md: file has grown to 37717 B since this entry recorded 34982 B -- later growth must carry its OWN itemized ledger entry (TEST-010's live .aai/*.prompt.md glob headroom is the control that catches an uncredited byte on disk; TEST-012 only re-sums the ledger array and cannot see a byte on disk)
  TEST-1215 ROLE_COMMON.md: file has grown to 7140 B since this entry recorded 6843 B -- later growth must carry its OWN itemized ledger entry (TEST-010's live .aai/*.prompt.md glob headroom is the control that catches an uncredited byte on disk; TEST-012 only re-sums the ledger array and cannot see a byte on disk)
PASS TEST-1215 (Spec-AC-11) downstream-rides prose growth 826 B is measured per file and credited 1:1, pin 44861 -> 45687
  TEST-1336: the entry sits at index 129 of 141 -- later rides have appended their own credits since; the prefix pin below is what holds
  TEST-1336 SKILL_ROADMAP.prompt.md: file has grown to 3434 B since this entry recorded 3020 B -- later growth must carry its OWN itemized ledger entry (TEST-010's live .aai/*.prompt.md glob headroom is the control that catches an uncredited byte on disk; TEST-012 only re-sums the ledger array and cannot see a byte on disk)
  TEST-1336 SKILL_SHIP.prompt.md: file has grown to 8167 B since this entry recorded 7696 B -- later growth must carry its OWN itemized ledger entry (TEST-010's live .aai/*.prompt.md glob headroom is the control that catches an uncredited byte on disk; TEST-012 only re-sums the ledger array and cannot see a byte on disk)
  TEST-1336 SKILL_PR.prompt.md: file has grown to 37717 B since this entry recorded 35395 B -- later growth must carry its OWN itemized ledger entry (TEST-010's live .aai/*.prompt.md glob headroom is the control that catches an uncredited byte on disk; TEST-012 only re-sums the ledger array and cannot see a byte on disk)
PASS TEST-1336 (Spec-AC-16) roadmap prose growth 4349 B is measured per file and credited 1:1, pin 45687 -> 50036
PASS TEST-766 (Spec-AC-01) diet_credit_verdict floor: rejects one byte below after, accepts equal and above
PASS TEST-767 (Spec-AC-02) diet_credit_verdict arithmetic: rejects off-by-one lead naming both figures, accepts the matching one
PASS TEST-769 (Spec-AC-04) .aai/AGENTS.md 23394 B <= ceiling 24000 B, oversize fixture rejected
PASS TEST-770 (Spec-AC-05) zero live equality-pin arms across tests/skills/*.sh, matcher proven to detect the fabricated shape
PASS TEST-771 (Spec-AC-06) PR #388 states: accepts 21570/23163/23581, rejects merge-base 21152
PASS TEST-028 ledger credits 802 B for prompts-invoke-wsl-bash-on-windows
  TEST-1372: the entry sits at index 130 of 141 -- later rides have appended their own credits since; the prefix pin below is what holds
PASS TEST-1372 (Spec-AC-16) ROLE_COMMON partition pointer 297 B measured and credited 1:1, pin 50036 -> 50333
  TEST-1531: the entry sits at index 131 of 141 -- later rides have appended their own credits since; the prefix pin below is what holds
  TEST-1531 SKILL_PR.prompt.md: file has grown to 37717 B since this entry recorded 35467 B -- later growth must carry its OWN itemized ledger entry (TEST-010's live .aai/*.prompt.md glob headroom is the control that catches an uncredited byte on disk; TEST-012 only re-sums the ledger array and cannot see a byte on disk)
  TEST-1531 SKILL_SHIP.prompt.md: file has grown to 8167 B since this entry recorded 7714 B -- later growth must carry its OWN itemized ledger entry (TEST-010's live .aai/*.prompt.md glob headroom is the control that catches an uncredited byte on disk; TEST-012 only re-sums the ledger array and cannot see a byte on disk)
PASS TEST-1531 (Spec-AC-22) configurable-merge-policy-lanes growth 90 B is measured per file and credited 1:1, pin 50333 -> 50423
  TEST-1641: the entry sits at index 137 of 141 -- later rides have appended their own credits since; the prefix pin below is what holds
  TEST-1641 SKILL_SHIP.prompt.md: file has grown to 8167 B since this entry recorded 8036 B -- later growth must carry its OWN itemized ledger entry (TEST-010's live .aai/*.prompt.md glob headroom is the control that catches an uncredited byte on disk; TEST-012 only re-sums the ledger array and cannot see a byte on disk)
PASS TEST-1641 (Spec-AC-16) roadmap-maintenance-budget-advisory growth 736 B is measured per file and credited 1:1, pin 51242 -> 51978

All tests passed!
