AAI-ISOLATION: isolated - this suite run has its own disposable checkout; the shipping repository is not its working tree.
AAI-SEEDING: seeded - every seeding step completed; the disposable checkout carries your working tree.

AAI Doc-Numbering Test Suite (SPEC-0015 / RFC-0007)
===================================================

INFO: Checking dependencies...
PASS: Dependencies checked
INFO: TEST-001: deriveSlug cases + draftFilename assembly...
PASS: TEST-001 deriveSlug + draftFilename correct
INFO: TEST-002: deterministic 4-char base36 collision suffix...
PASS: TEST-002 collision suffix deterministic + applied
INFO: TEST-003: DRAFT (id=slug, number:null, status:draft) passes audit + index...
PASS: TEST-003 DRAFT passes audit + placed in Drafts, no violation
INFO: TEST-004: allocator renames DRAFT->RFC-0007, stamps number, keeps slug, rewrites refs...
PASS: TEST-004 allocator renamed, stamped, rewrote refs, regenerated index
INFO: TEST-005: allocator exit codes (2 bad args, 3 unreachable, 4 malformed, dry-run 0)...
PASS: TEST-005 exit codes 2/3/4 + dry-run correct
INFO: TEST-006 (CONCURRENCY): two branches off one main serialize-merge without a duplicate...
PASS: TEST-006 concurrency: second branch re-derived RFC-0008, no duplicate 0007
INFO: TEST-007: no-DRAFT-at-merge guard rejects a DRAFT tree, passes a numbered tree...
PASS: TEST-007 no-DRAFT guard rejects DRAFT tree, passes numbered tree
INFO: TEST-008: duplicate-number guard rejects a colliding pair, passes unique numbers...
PASS: TEST-008 duplicate-number guard rejects colliding pair, passes unique
INFO: TEST-009: index renders TYPE-000N for numbered docs, slug for drafts, byte-idempotent...
PASS: TEST-009 display-id from number + distinct unnumbered draft + idempotent
INFO: TEST-010: allocator-absent path degrades, guard still backstops a collision...
PASS: TEST-010 allocator-absent documented + guard backstop still fires
INFO: TEST-011: --backfill stamps number from filename, no rename, idempotent...
PASS: TEST-011 backfill stamps from filename, no rename, idempotent
INFO: TEST-012: SKILL_PR + SKILL_INTAKE + INTAKE_* + templates + pre-commit host wiring...
PASS: TEST-012 wiring present across PR/intake/templates/pre-commit host/CI mirror
INFO: TEST-013: repo docs-audit CLEAN + index byte-idempotent (regression backstop)...
PASS: TEST-013 repo docs-audit CLEAN + index byte-idempotent (generated in a docs/ mirror, PROJECT_ROOT untouched)
INFO: TEST-014: a CRLF DRAFT is stamped and its \r\n endings preserved byte-for-byte...
PASS: TEST-014 CRLF draft stamped (replace + insert), \r\n endings preserved byte-for-byte
INFO: TEST-015: an UNTRACKED draft does NOT trip the guard; a STAGED draft does...
PASS: TEST-015 guard honors staged/merged tree (untracked ignored, staged caught)
INFO: TEST-016: number width follows the type's existing convention (PRD 3-digit)...
PASS: TEST-016 width inherited (PRD-002), empty-type default PRD-001, RFC stays 4-digit, cross-padding duplicate flagged
INFO: TEST-017: empty-type width falls back to the PROJECT's dominant width...
PASS: TEST-017 project-dominant width for empty types; type-own inheritance still wins
INFO: TEST-018: repo dial = enforce; host passes numbered staged tree, blocks staged DRAFT loud...
PASS: TEST-018 enforce flip: numbered staged tree passes, untracked draft ignored, staged DRAFT blocks loud
INFO: TEST-019: allocator rewrites DRAFT refs in script/test trees; exclusions + non-source exts untouched...
PASS: TEST-019 code-tree rewrite: sources rewritten, meta-test/fixtures/non-source untouched, idempotent
INFO: TEST-020: a real allocation leaves no projection holding the DRAFT path...
PASS: TEST-020 allocation regenerated both projections; no stale DRAFT path survives
INFO: TEST-021: --dry-run/--guard/--backfill/--reserve leave every page byte-identical...
PASS: TEST-021 dry-run/guard/backfill/reserve regenerate nothing (sha256 identical)
INFO: TEST-022: exactly generate-overview.mjs then generate-userguide-rollup.mjs...
PASS: TEST-022 order pinned (overview -> userguide-rollup); factory-report/dashboard/docs-hub never ran
INFO: TEST-023: factory-report + dashboard generators build no docs/specs path...
PASS: TEST-023 excluded generators embed no spec PATH (D2 survey still true)
INFO: TEST-024: PR #255 replay flags 3 pages, PR #256 replay flags 2 (static fixture)...
PASS: TEST-024 static replay: PR #255 -> 3 violations, PR #256 -> 2, both named
INFO: TEST-025: same two shapes read from git history at 00bdd03 / ff8208e...
PASS: TEST-025 history replay ran for 2/2 incident commit(s) (absent objects degrade named)
INFO: TEST-026: in-flight drafts pass, prefix collisions pass, absent members skip named, live tree passes...
PASS: TEST-026 precision: in-flight passes (planted counterpart fires), exact slug match, STATE/corpus never read, live tree clean
INFO: TEST-027: absent generator silent, failing generator one named INFO line, exit 0 either way...
PASS: TEST-027 degradation: absent silent, failing named once, exit code never changes
INFO: TEST-028: no-args 2, unreachable base ref 3, guard violation 4 — unchanged by the regen hook...
PASS: TEST-028 exit contract unchanged (2 / 3 / 4)
INFO: TEST-029: close-work-item.mjs content hash is on the shared allowlist...
PASS: TEST-029 close-work-item.mjs content hash d4a5b955d927f9c3e280607122a279fa2bab7386e957a0ed5b2c94fa2481a262 is on the shared allowlist
INFO: TEST-030: SKILL_PR step 1b + allocator stdout + allocator header name the pages...
PASS: TEST-030 ordering documented in SKILL_PR 1b (both lines) + allocator header + completion line
INFO: TEST-031: the aai-doc-numbering suite-map row carries the closed-list pages...
PASS: TEST-031 suite-map aai-doc-numbering row carries every closed-list page + the replay fixtures
INFO: TEST-552: SKILL_PR step 1b names the restamp invocation immediately after the allocator call, keyed on the allocator's own completion output...
PASS: TEST-552 SKILL_PR step 1b names the restamp invocation right after the allocator call, keyed on the allocator's own completion output
INFO: TEST-589: allocate-doc-number.mjs's SPEC_PAGE_GENERATORS pages are all members of lib/docs-model.mjs's SHARED_GENERATED_PAGES, and match the pinned expected set exactly...
PASS: TEST-589: every SPEC_PAGE_GENERATORS page agrees with SHARED_GENERATED_PAGES and matches the pinned expected set exactly (PAGES:docs/ai/overview.html,docs/ai/overview-data.json,docs/USER_GUIDE.md
BAD:)
INFO: TEST-808: doc_number_guard: enforce blocks on the default branch only; a feature branch reports with the one NOTE line...
PASS: TEST-808 CHECK 8 enforce is merge-point-aware: feature branch reports with one downgrade line (exit 0), default branch blocks (exit 1), report-only exits 0 on both
INFO: TEST-809: the .ps1 CHECK 8 block reads refs/remotes/origin/HEAD and compares with the current branch (static; behavioural under pwsh)...
PASS: TEST-809 .ps1 CHECK 8 reads origin/HEAD and compares with the current branch (static), and under pwsh reports on a feature branch, blocks on main, passes report-only

doc-numbering results: 35/35 arms passed, 0 failed.
All doc-numbering tests passed.
