AAI-ISOLATION: isolated - this suite run has its own disposable checkout; the shipping repository is not its working tree.
AAI-SEEDING: seeded - every seeding step completed; the disposable checkout carries your working tree.
=== aai-close-reconcile ===
INFO: Checking dependencies...
PASS: Dependencies checked
INFO: TEST-001 (Spec-AC-01): a non-terminal doc left status:implementing -> --check exits 1, names doc/arm/sha/remediation...
PASS: TEST-001: frozen_work_merged arm reports doc/arm/sha/remediation, exits 1
INFO: TEST-002 (Spec-AC-02): a range that only adds a draft doc and touches nothing else -> exit 0 CLEAN...
PASS: TEST-002: intake-only range is CLEAN, exits 0
INFO: TEST-003 (Spec-AC-03): --apply closes a DRAFT-intake + IMPLEMENTING-spec pair in ONE invocation, re-check CLEAN, second apply is a no-op...
PASS: TEST-003: apply closes a draft-intake+implementing-spec pair in one transaction; re-check CLEAN; idempotent on a second apply; a half-closed pair never reads CLEAN
INFO: TEST-004 (Spec-AC-03, SEAM S3): EVENTS.jsonl stays a byte-exact prefix through --apply; docs-audit --check --strict clean...
PASS: TEST-004: EVENTS.jsonl append-only through apply; docs-audit clean
INFO: TEST-005 (Spec-AC-04): close-work-item.mjs content is on the shared hash-pin allowlist; close-reconcile.mjs writes no doc path of its own...
PASS: TEST-005: close-work-item.mjs content is on the shared pin allowlist (OK d4a5b955d927f9c3e280607122a279fa2bab7386e957a0ed5b2c94fa2481a262); close-reconcile.mjs owns no write of its own
INFO: TEST-006 (Spec-AC-05): no commit subject in the range carries a PR number -> --apply refuses, exits non-zero, doc unchanged...
PASS: TEST-006: pr-number-unknown refuses the apply, exits non-zero, writes nothing
INFO: TEST-007 (Spec-AC-06): missing/empty/all-zero/unresolvable --range each exit 2, in both modes...
PASS: TEST-007: missing/empty/all-zero/unresolvable --range fail-closed at exit 2 in both modes, naming the value
INFO: TEST-008 (Spec-AC-07): close-gate.yml triggers on push to main, invokes close-reconcile.mjs --check, no continue-on-error...
PASS: TEST-008: close-gate.yml structure matches Spec-AC-07
INFO: TEST-009 (Spec-AC-07, S4): replaying the workflow's own range-resolution script against a non-clean fixture exits non-zero with ::error::...
PASS: TEST-009: the workflow's own script exits non-zero and emits an ::error:: annotation over a non-clean fixture
INFO: TEST-010 (Spec-AC-08): a ride merged WITHOUT /aai-pr ends its INTAKE doc done via the route-independent gate...
PASS: TEST-010: a ride merged without /aai-pr still ends its INTAKE doc done via the route-independent gate
INFO: TEST-011 (Spec-AC-08, MUTATION control): a close-reconcile stubbed to always exit 0 leaves the doc in draft...
PASS: TEST-011: the REAL binary flags this fixture (rc=1, arm=frozen_work_merged), and the stubbed gate leaves the intake doc non-terminal, proving TEST-010's green depends on the real script running
INFO: TEST-012 (Spec-AC-09): PROFILES.yaml classifies close-reconcile.mjs exactly once; suite-map.yaml maps CLI + workflow...
PASS: TEST-012: PROFILES.yaml + suite-map.yaml wiring is correct (green run of the two neighbour suites is asserted separately per the Evidence Contract)
INFO: TEST-013 (Spec-AC-10, BLOCKING-2): a frontmatter umbrella: true parent never fires, even at status implementing...
PASS: TEST-013: umbrella: true parent is exempt even while status: implementing
INFO: TEST-014 (Spec-AC-11): a range carrying TWO delivery commits attributes EACH item to the commit that touched IT, not to the range's newest commit...
PASS: TEST-014: each item is attributed from the commit that actually touched IT, never from the range's aggregate newest commit
INFO: TEST-015 (Spec-AC-12): an unreadable touched document must never let --check print CLEAN or exit 0...
PASS: TEST-015: an unreadable touched document fails the gate closed (named path, non-zero exit) in both --check and --apply, instead of vanishing into a false CLEAN
INFO: TEST-524 (Spec-AC-04): a doc terminal at the delivery sha with empty links.commits and no work_item_closed event is itemed by --check...
PASS: TEST-524: a terminal doc with no links.commits and no work_item_closed event is itemed reason=terminal-without-telemetry and --apply refuses it; a properly-closed terminal doc stays CLEAN; either telemetry half alone (event-only or commits-only) also stays CLEAN, pinning both conjuncts independently
INFO: TEST-525 (Spec-AC-04): a draft intake with NO paired spec whose frontmatter id a range commit names is itemed; one no commit names is not...
PASS: TEST-525: a range-mentioned, unpaired draft intake is itemed reason=id-mention-unpaired; an un-mentioned draft intake stays CLEAN
INFO: TEST-526 (Spec-AC-04): replaying PR 382's and PR 384's real merge ranges over THIS repository no longer names ISSUE-0040 or CHANGE-0181 (spec-close-ceremony-sweep Spec-AC-10 closed both, run 11); a fully closed pair in the same shape stays CLEAN...
PASS: TEST-526: replaying PR 382's and PR 384's real ranges no longer names ISSUE-0040 or CHANGE-0181 (Spec-AC-10 closed both); a fully closed pair in the same shape stays CLEAN
INFO: TEST-527 (Spec-AC-05): an off-convention pair is paired through the spec's links.requirement; --apply closes both halves; a second --check is CLEAN for a non-empty candidate set...
PASS: TEST-527: an off-convention pair is paired via links.requirement, closed in ONE invocation, and a re-check is genuinely CLEAN
INFO: TEST-594 (Spec-AC-04(b)): an unreadable UNTOUCHED corpus document must never let --check print CLEAN, even when the range names its id...
PASS: TEST-594: an unreadable untouched corpus document refuses the gate closed instead of letting id-mention-unpaired read CLEAN
INFO: TEST-595 (Spec-AC-04(b)): an untouched candidate mentioned by the range is not id-mention-unpaired when an off-convention spec elsewhere in the corpus pairs it via links.requirement...
PASS: TEST-595: an untouched candidate paired via an off-convention spec's links.requirement is not flagged id-mention-unpaired
INFO: TEST-810 (Spec-AC-07): 'Merged PR 811:' resolves under --platform azure and under detection from a dev.azure.com origin; (#12) still resolves under github; --platform bogus exits 2...
PASS: TEST-810: 'Merged PR 811:' resolves under --platform azure (check pr=811, apply stamps links.pr) and under detection from a dev.azure.com origin; (#12) still resolves under github; --platform bogus exits 2
INFO: TEST-811 (Spec-AC-08): an unknown host with an unmatched subject refuses naming platform and the grammars tried; no origin tries the union...
PASS: TEST-811: unknown host + unmatched subject refuses by name (platform=unknown grammars-tried=github,azure, doc and EVENTS byte-identical); no origin tries the union for both grammars
=== aai-close-reconcile: ALL TESTS PASSED ===
