RED_CLASS: product_red
ref_id: pr-capability-preflight
Baseline: disclosed parseable no-op CLI, no provider probes, unsupported intent falsely verified. TEST-006/008 run against original prompt/distribution.
Command: AAI_PR_PREFLIGHT=/private/tmp/aai-pr-preflight-scratch/baseline.mjs bash .aai/scripts/aai-run-tests.sh bash tests/skills/test-aai-pr-preflight.sh
exit_code: 1
AAI-ISOLATION: isolated - this suite run has its own disposable checkout; the shipping repository is not its working tree.
AAI-SEEDING: seeded - every seeding step completed; the disposable checkout carries your working tree.
FAIL: TEST-001 Expected values to be strictly equal:

0 !== 3

FAIL: TEST-002 Expected values to be strictly deep-equal:
+ actual - expected

+ []
- [
-   [
-     '--version'
-   ],
-   [
-     'extension',
-     'show',
-     '--name',
-     'azure-devops',
-     '--output',
-     'json',
-     '--only-show-errors'
-   ],
-   [
-     'repos',
-     'show',
-     '--organization',
-     'https://dev.azure.com/Org',
-     '--project',
-     'Project 雪',
-     '--repository',
-     'Repo Name',
-     '--detect',
-     'false',
-     '--output',
-     'json',
-     '--only-show-errors'
-   ]
- ]

FAIL: TEST-003 exit CLIENT_MISSING

0 !== 3

FAIL: TEST-004 exit IDENTITY_INVALID

0 !== 2

FAIL: TEST-005 exit ACCESS_UNKNOWN

0 !== 3

FAIL: TEST-006 actual readiness invocation exists
FAIL: TEST-007 Expected values to be strictly deep-equal:
+ actual - expected

+ []
- [
-   [
-     '--version'
-   ],
-   [
-     'auth',
-     'status',
-     '--hostname',
-     'enterprise.github.com'
-   ],
-   [
-     'repo',
-     'view',
-     'Org/Repo',
-     '--json',
-     'nameWithOwner,url'
-   ]
- ]

FAIL: TEST-008 new script core
