AAI-ISOLATION: isolated - this suite run has its own disposable checkout; the shipping repository is not its working tree.
AAI-SEEDING: seeded - every seeding step completed; the disposable checkout carries your working tree.
INFO: TEST-001 direct_symlink_exit_output_equal=true
INFO: TEST-001 {"result":{"schema_version":1,"platform":"azure","repository":{"organization_url":"https://dev.azure.com/Org","project":"Project 雪","repository":"Repo Name"},"remote_name":"origin","source_branch":"change/pr-capability-preflight","target_branch":"main","head_sha":"d29d69f6a5f099ecbfcc9b68e35a009be2e1ca1f","outcome":"read_verified","code":"READ_VERIFIED","operation":"azure.readiness","remedy":"Repository read access verified at invocation time; future PR create permission remains unknown.","create_permission":"unknown"},"calls":[{"name":"az","args":["--version"],"env":{"AZURE_EXTENSION_USE_DYNAMIC_INSTALL":"no","AZURE_CORE_NO_COLOR":"true","GIT_TERMINAL_PROMPT":"0","GH_PROMPT_DISABLED":"1"}},{"name":"az","args":["extension","show","--name","azure-devops","--output","json","--only-show-errors"],"env":{"AZURE_EXTENSION_USE_DYNAMIC_INSTALL":"no","AZURE_CORE_NO_COLOR":"true","GIT_TERMINAL_PROMPT":"0","GH_PROMPT_DISABLED":"1"}},{"name":"az","args":["repos","show","--organization","https://dev.azure.com/Org","--project","Project 雪","--repository","Repo Name","--detect","false","--output","json","--only-show-errors"],"env":{"AZURE_EXTENSION_USE_DYNAMIC_INSTALL":"no","AZURE_CORE_NO_COLOR":"true","GIT_TERMINAL_PROMPT":"0","GH_PROMPT_DISABLED":"1"}}]}
INFO: TEST001_ENDPOINT {"endpoint":"url","supplied_hex":"2068747470733a2f2f6769746875622e636f6d2f4f72672f5265706f2e676974","effective_hex":"2068747470733a2f2f6769746875622e636f6d2f4f72672f5265706f2e6769740a"}
INFO: TEST001_ENDPOINT {"endpoint":"url","supplied_hex":"68747470733a2f2f6769746875622e636f6d2f4f72672f5265706f2e67697420","effective_hex":"68747470733a2f2f6769746875622e636f6d2f4f72672f5265706f2e676974200a"}
INFO: TEST001_ENDPOINT {"endpoint":"url","supplied_hex":"0968747470733a2f2f6769746875622e636f6d2f4f72672f5265706f2e676974","effective_hex":"0968747470733a2f2f6769746875622e636f6d2f4f72672f5265706f2e6769740a"}
INFO: TEST001_ENDPOINT {"endpoint":"url","supplied_hex":"68747470733a2f2f6769746875622e636f6d2f4f72672f5265706f2e67697409","effective_hex":"68747470733a2f2f6769746875622e636f6d2f4f72672f5265706f2e676974090a"}
INFO: TEST001_ENDPOINT {"endpoint":"url","supplied_hex":"0d68747470733a2f2f6769746875622e636f6d2f4f72672f5265706f2e676974","effective_hex":"0d68747470733a2f2f6769746875622e636f6d2f4f72672f5265706f2e6769740a"}
INFO: TEST001_ENDPOINT {"endpoint":"url","supplied_hex":"68747470733a2f2f6769746875622e636f6d2f4f72672f5265706f2e6769740d","effective_hex":"68747470733a2f2f6769746875622e636f6d2f4f72672f5265706f2e6769740d0a"}
INFO: TEST001_ENDPOINT {"endpoint":"url","supplied_hex":"68747470733a2f2f6769746875622e636f6d2f4f72672f5265706f2e6769740a","effective_hex":"68747470733a2f2f6769746875622e636f6d2f4f72672f5265706f2e6769740a0a"}
INFO: TEST001_ENDPOINT {"endpoint":"url","supplied_hex":"0a68747470733a2f2f6769746875622e636f6d2f4f72672f5265706f2e676974","effective_hex":"0a68747470733a2f2f6769746875622e636f6d2f4f72672f5265706f2e6769740a"}
INFO: TEST001_ENDPOINT {"endpoint":"url","supplied_hex":"68747470733a2f2f6769746875622e636f6d2f4f72672f5265706f2e6769740a68747470733a2f2f6769746875622e636f6d2f4f72672f5265706f2e676974","effective_hex":"68747470733a2f2f6769746875622e636f6d2f4f72672f5265706f2e6769740a68747470733a2f2f6769746875622e636f6d2f4f72672f5265706f2e6769740a"}
INFO: TEST001_ENDPOINT {"endpoint":"url","supplied_hex":"68747470733a2f2f6769746875622e636f6d2f4f72672f5265706f2e6769740d68747470733a2f2f6769746875622e636f6d2f4f72672f5265706f2e676974","effective_hex":"68747470733a2f2f6769746875622e636f6d2f4f72672f5265706f2e6769740d68747470733a2f2f6769746875622e636f6d2f4f72672f5265706f2e6769740a"}
INFO: TEST001_ENDPOINT {"endpoint":"pushurl","supplied_hex":"2068747470733a2f2f6769746875622e636f6d2f4f72672f5265706f2e676974","effective_hex":"2068747470733a2f2f6769746875622e636f6d2f4f72672f5265706f2e6769740a"}
INFO: TEST001_ENDPOINT {"endpoint":"pushurl","supplied_hex":"68747470733a2f2f6769746875622e636f6d2f4f72672f5265706f2e67697420","effective_hex":"68747470733a2f2f6769746875622e636f6d2f4f72672f5265706f2e676974200a"}
INFO: TEST001_ENDPOINT {"endpoint":"pushurl","supplied_hex":"0968747470733a2f2f6769746875622e636f6d2f4f72672f5265706f2e676974","effective_hex":"0968747470733a2f2f6769746875622e636f6d2f4f72672f5265706f2e6769740a"}
INFO: TEST001_ENDPOINT {"endpoint":"pushurl","supplied_hex":"68747470733a2f2f6769746875622e636f6d2f4f72672f5265706f2e67697409","effective_hex":"68747470733a2f2f6769746875622e636f6d2f4f72672f5265706f2e676974090a"}
INFO: TEST001_ENDPOINT {"endpoint":"pushurl","supplied_hex":"0d68747470733a2f2f6769746875622e636f6d2f4f72672f5265706f2e676974","effective_hex":"0d68747470733a2f2f6769746875622e636f6d2f4f72672f5265706f2e6769740a"}
INFO: TEST001_ENDPOINT {"endpoint":"pushurl","supplied_hex":"68747470733a2f2f6769746875622e636f6d2f4f72672f5265706f2e6769740d","effective_hex":"68747470733a2f2f6769746875622e636f6d2f4f72672f5265706f2e6769740d0a"}
INFO: TEST001_ENDPOINT {"endpoint":"pushurl","supplied_hex":"68747470733a2f2f6769746875622e636f6d2f4f72672f5265706f2e6769740a","effective_hex":"68747470733a2f2f6769746875622e636f6d2f4f72672f5265706f2e6769740a0a"}
INFO: TEST001_ENDPOINT {"endpoint":"pushurl","supplied_hex":"0a68747470733a2f2f6769746875622e636f6d2f4f72672f5265706f2e676974","effective_hex":"0a68747470733a2f2f6769746875622e636f6d2f4f72672f5265706f2e6769740a"}
INFO: TEST001_ENDPOINT {"endpoint":"pushurl","supplied_hex":"68747470733a2f2f6769746875622e636f6d2f4f72672f5265706f2e6769740a68747470733a2f2f6769746875622e636f6d2f4f72672f5265706f2e676974","effective_hex":"68747470733a2f2f6769746875622e636f6d2f4f72672f5265706f2e6769740a68747470733a2f2f6769746875622e636f6d2f4f72672f5265706f2e6769740a"}
INFO: TEST001_ENDPOINT {"endpoint":"pushurl","supplied_hex":"68747470733a2f2f6769746875622e636f6d2f4f72672f5265706f2e6769740d68747470733a2f2f6769746875622e636f6d2f4f72672f5265706f2e676974","effective_hex":"68747470733a2f2f6769746875622e636f6d2f4f72672f5265706f2e6769740d68747470733a2f2f6769746875622e636f6d2f4f72672f5265706f2e6769740a"}
INFO: TEST001_EMPTY {"git_version":"git version 2.54.0 (Apple Git-157)","configured_order":["https://github.com/Org/Repo.git",""],"effective_hex":"68747470733a2f2f6769746875622e636f6d2f4f72672f5265706f2e6769740a","expected":"READ_VERIFIED","provider_calls":3}
INFO: TEST001_EMPTY {"git_version":"git version 2.54.0 (Apple Git-157)","configured_order":["","https://github.com/Org/Repo.git"],"effective_hex":"68747470733a2f2f6769746875622e636f6d2f4f72672f5265706f2e6769740a","expected":"READ_VERIFIED","provider_calls":3}
INFO: TEST001_BLANK deterministic_blank_first_last_only_refused=true provider_calls=0
INFO: TEST001_ENDPOINT {"endpoint":"pushurl","supplied_hex":"68747470733a2f2f6769746875622e636f6d2f4f72672f5265706f2e6769740d","effective_hex":"68747470733a2f2f6769746875622e636f6d2f4f72672f5265706f2e6769740d0a"}
INFO: TEST-001 pushurl_divergent_multiple_rewrite_refused=true ordinary_single_positive=true
INFO: TEST-001 explicit_malformed_scheme_refusal=true provider_calls=0 lawful_github_calls=3
PASS: TEST-001 pr-capability-preflight
INFO: TEST-002 {"result":{"schema_version":1,"platform":"azure","repository":{"organization_url":"https://dev.azure.com/Org","project":"Project 雪","repository":"Repo Name"},"remote_name":"origin","source_branch":"change/pr-capability-preflight","target_branch":"main","head_sha":"a9a8a4895ab8b6581a24b40baa0bfecacf324953","outcome":"read_verified","code":"READ_VERIFIED","operation":"azure.readiness","remedy":"Repository read access verified at invocation time; future PR create permission remains unknown.","create_permission":"unknown"},"calls":[{"name":"az","args":["--version"],"env":{"AZURE_EXTENSION_USE_DYNAMIC_INSTALL":"no","AZURE_CORE_NO_COLOR":"true","GIT_TERMINAL_PROMPT":"0","GH_PROMPT_DISABLED":"1"}},{"name":"az","args":["extension","show","--name","azure-devops","--output","json","--only-show-errors"],"env":{"AZURE_EXTENSION_USE_DYNAMIC_INSTALL":"no","AZURE_CORE_NO_COLOR":"true","GIT_TERMINAL_PROMPT":"0","GH_PROMPT_DISABLED":"1"}},{"name":"az","args":["repos","show","--organization","https://dev.azure.com/Org","--project","Project 雪","--repository","Repo Name","--detect","false","--output","json","--only-show-errors"],"env":{"AZURE_EXTENSION_USE_DYNAMIC_INSTALL":"no","AZURE_CORE_NO_COLOR":"true","GIT_TERMINAL_PROMPT":"0","GH_PROMPT_DISABLED":"1"}}]}
INFO: TEST-002 split_utf8_read_verified=true split_fixture_reached=true
PASS: TEST-002 pr-capability-preflight
PASS: TEST-003 pr-capability-preflight
INFO: TEST-004 elapsed_ms=1487 child_alive=false later_probes=0
PASS: TEST-004 pr-capability-preflight
PASS: TEST-005 pr-capability-preflight
INFO: TEST-006 alternate_read_verified=true null_bypasses_origin=true ceremony_origin_refused=true
PASS: TEST-006 pr-capability-preflight
INFO: CLI_BOUND {"test":"007","sequence":1,"mode":"ok","timeout_ms":105000,"elapsed_ms":5755,"error_code":null,"signal":null,"git_probes":7,"provider_steps":["gh.--version","gh.auth","gh.repo"],"stdout_bytes":467}
INFO: TEST-007 bounded_identity_delay_ms=5755 read_verified=true
INFO: TEST007_SSH443 canonical_host=github.com exact_repository=true providers=3
INFO: TEST-007 generic_numeric_port_and_local_controls=true malformed_refusal=true
PASS: TEST-007 pr-capability-preflight
INFO: TEST008_CLONE {"clone_timeout_ms":30000,"output_cap_bytes":65536,"source_head":{"status":0,"signal":null,"error":null,"stdout":"8dd7a88a59a43ed094088b17361ca08cd13c855a\n","stderr":""},"core_longpaths":{"status":1,"signal":null,"error":null,"stdout":"","stderr":""},"tree_status":0,"longest_relative_path":"docs/ai/tdd/pr-capability-preflight-final-remediation-20261007T224314Z/historical-mutations/mutation-TEST-003.2026-10-07T12-32-21Z.patch","longest_relative_chars":136,"deep":{"destination":"/private/tmp/aai-pr434-case-maker-scratch/fixtures/fixture-ZE6FLp/note-shallow","max_checkout_path_chars":215,"status":0,"signal":null,"error":null,"stdout":"","stderr":"","head":{"status":0,"signal":null,"error":null,"stdout":"8dd7a88a59a43ed094088b17361ca08cd13c855a\n","stderr":""},"shallow":{"status":0,"signal":null,"error":null,"stdout":"true\n","stderr":""}},"short":{"destination":"/private/tmp/aai-pr434-case-maker-scratch/fixtures/s-ZE6FLp","max_checkout_path_chars":196,"status":0,"signal":null,"error":null,"stdout":"","stderr":"","head":{"status":0,"signal":null,"error":null,"stdout":"8dd7a88a59a43ed094088b17361ca08cd13c855a\n","stderr":""},"shallow":{"status":0,"signal":null,"error":null,"stdout":"true\n","stderr":""}}}
INFO: TEST-008 benign_note_captured=true genuine_clone_failure_throws=true note_control_shallow=true
INFO: TEST008_REPLAY {"timeout_ms":100000,"elapsed_ms":11026,"status":0,"signal":null,"error":null,"stdout_bytes":38,"stderr_bytes":0}
INFO: TEST008_REPLAY {"timeout_ms":100000,"elapsed_ms":47,"status":0,"signal":null,"error":null,"stdout_bytes":0,"stderr_bytes":0}
INFO: TEST008_REPLAY {"timeout_ms":1000,"elapsed_ms":1003,"status":null,"signal":"SIGTERM","error":{"code":"ETIMEDOUT","message":"spawnSync /Users/ales/.hermes/node/bin/node ETIMEDOUT"},"stdout_bytes":13,"stderr_bytes":0}
INFO: TEST008_REPLAY_CONTROLS delayed_success=true immediate_success=true bounded_hang_refused=true
INFO: TEST008_REPLAY {"timeout_ms":100000,"elapsed_ms":1523,"status":0,"signal":null,"error":null,"stdout_bytes":1381,"stderr_bytes":0}
INFO: TEST-008 shallow=true baseline_object_absent=true LF_CRLF_bytes_equal=true
PASS: TEST-008 pr-capability-preflight
