2026-10-07T20:57:16.9978892Z Current runner version: '2.337.0'
2026-10-07T20:57:17.0004425Z ##[group]Runner Image Provisioner
2026-10-07T20:57:17.0005308Z Hosted Compute Agent
2026-10-07T20:57:17.0005877Z Version: 20260901.588
2026-10-07T20:57:17.0006488Z Commit: f88ec8081b781fac6c440065ac7ff9e710ce3d0b
2026-10-07T20:57:17.0007206Z Build Date: 2026-09-01T19:56:44Z
2026-10-07T20:57:17.0007831Z Worker ID: {87494b17-eeaf-4502-aa55-15e77e9c07c8}
2026-10-07T20:57:17.0008510Z Azure Region: westus3
2026-10-07T20:57:17.0009060Z ##[endgroup]
2026-10-07T20:57:17.0010397Z ##[group]Operating System
2026-10-07T20:57:17.0011135Z Ubuntu
2026-10-07T20:57:17.0011615Z 24.04.5
2026-10-07T20:57:17.0012119Z LTS
2026-10-07T20:57:17.0012603Z ##[endgroup]
2026-10-07T20:57:17.0013093Z ##[group]Runner Image
2026-10-07T20:57:17.0013698Z Image: ubuntu-24.04
2026-10-07T20:57:17.0014216Z Version: 20260927.320.1
2026-10-07T20:57:17.0015406Z Included Software: https://github.com/actions/runner-images/blob/ubuntu24/20260927.320/images/ubuntu/Ubuntu2404-Readme.md
2026-10-07T20:57:17.0016769Z Image Release: https://github.com/actions/runner-images/releases/tag/ubuntu24%2F20260927.320
2026-10-07T20:57:17.0017707Z ##[endgroup]
2026-10-07T20:57:17.0018687Z ##[group]GITHUB_TOKEN Permissions
2026-10-07T20:57:17.0020848Z Contents: read
2026-10-07T20:57:17.0021404Z Metadata: read
2026-10-07T20:57:17.0021978Z ##[endgroup]
2026-10-07T20:57:17.0023965Z Secret source: Actions
2026-10-07T20:57:17.0024919Z Cache mode: write
2026-10-07T20:57:17.0025575Z Prepare workflow directory
2026-10-07T20:57:17.0434681Z Prepare all required actions
2026-10-07T20:57:17.0482644Z Getting action download info
2026-10-07T20:57:17.3607018Z Download action repository 'actions/checkout@v4' (SHA:11d5960a326750d5838078e36cf38b85af677262)
2026-10-07T20:57:17.4467347Z Download action repository 'actions/setup-node@v4' (SHA:49933ea5288caeca8642d1e84afbd3f7d6820020)
2026-10-07T20:57:17.6001628Z Complete job name: skill test suite (full framework, via test-framework.sh) (2)
2026-10-07T20:57:17.6868442Z ##[group]Run actions/checkout@v4
2026-10-07T20:57:17.6869318Z with:
2026-10-07T20:57:17.6869730Z   fetch-depth: 0
2026-10-07T20:57:17.6870169Z   repository: goodwind-cz/aai
2026-10-07T20:57:17.6873722Z   token: ***
2026-10-07T20:57:17.6874121Z   ssh-strict: true
2026-10-07T20:57:17.6874522Z   ssh-user: git
2026-10-07T20:57:17.6874935Z   persist-credentials: true
2026-10-07T20:57:17.6875407Z   clean: true
2026-10-07T20:57:17.6875846Z   sparse-checkout-cone-mode: true
2026-10-07T20:57:17.6876347Z   fetch-tags: false
2026-10-07T20:57:17.6876762Z   show-progress: true
2026-10-07T20:57:17.6877180Z   lfs: false
2026-10-07T20:57:17.6877563Z   submodules: false
2026-10-07T20:57:17.6877985Z   set-safe-directory: true
2026-10-07T20:57:17.6878561Z   allow-unsafe-pr-checkout: false
2026-10-07T20:57:17.6879318Z env:
2026-10-07T20:57:17.6879713Z   AAI_TEST_PARALLEL: 4
2026-10-07T20:57:17.6880158Z ##[endgroup]
2026-10-07T20:57:17.7890082Z Syncing repository: goodwind-cz/aai
2026-10-07T20:57:17.7893600Z ##[group]Getting Git version info
2026-10-07T20:57:17.7894777Z Working directory is '/home/runner/work/aai/aai'
2026-10-07T20:57:17.7896456Z [command]/usr/bin/git version
2026-10-07T20:57:17.7956094Z git version 2.55.0
2026-10-07T20:57:17.7975331Z ##[endgroup]
2026-10-07T20:57:17.7988560Z Temporarily overriding HOME='/home/runner/work/_temp/7f13d260-d479-4a87-97f3-260dfa666081' before making global git config changes
2026-10-07T20:57:17.7991047Z Adding repository directory to the temporary git global config as a safe directory
2026-10-07T20:57:17.7992956Z [command]/usr/bin/git config --global --add safe.directory /home/runner/work/aai/aai
2026-10-07T20:57:17.8061898Z Deleting the contents of '/home/runner/work/aai/aai'
2026-10-07T20:57:17.8063221Z ##[group]Initializing the repository
2026-10-07T20:57:17.8063853Z [command]/usr/bin/git init /home/runner/work/aai/aai
2026-10-07T20:57:17.8141209Z hint: Using 'master' as the name for the initial branch. This default branch name
2026-10-07T20:57:17.8142296Z hint: will change to "main" in Git 3.0. To configure the initial branch name
2026-10-07T20:57:17.8143392Z hint: to use in all of your new repositories, which will suppress this warning,
2026-10-07T20:57:17.8144080Z hint: call:
2026-10-07T20:57:17.8144459Z hint:
2026-10-07T20:57:17.8144944Z hint: 	git config --global init.defaultBranch <name>
2026-10-07T20:57:17.8145500Z hint:
2026-10-07T20:57:17.8146030Z hint: Names commonly chosen instead of 'master' are 'main', 'trunk' and
2026-10-07T20:57:17.8146871Z hint: 'development'. The just-created branch can be renamed via this command:
2026-10-07T20:57:17.8147528Z hint:
2026-10-07T20:57:17.8147915Z hint: 	git branch -m <name>
2026-10-07T20:57:17.8148358Z hint:
2026-10-07T20:57:17.8148930Z hint: Disable this message with "git config set advice.defaultBranchName false"
2026-10-07T20:57:17.8152936Z Initialized empty Git repository in /home/runner/work/aai/aai/.git/
2026-10-07T20:57:17.8163051Z [command]/usr/bin/git remote add origin https://github.com/goodwind-cz/aai
2026-10-07T20:57:17.8212618Z ##[endgroup]
2026-10-07T20:57:17.8213371Z ##[group]Disabling automatic garbage collection
2026-10-07T20:57:17.8217701Z [command]/usr/bin/git config --local gc.auto 0
2026-10-07T20:57:17.8245962Z ##[endgroup]
2026-10-07T20:57:17.8246640Z ##[group]Setting up auth
2026-10-07T20:57:17.8254992Z [command]/usr/bin/git config --local --name-only --get-regexp core\.sshCommand
2026-10-07T20:57:17.8286342Z [command]/usr/bin/git submodule foreach --recursive sh -c "git config --local --name-only --get-regexp 'core\.sshCommand' && git config --local --unset-all 'core.sshCommand' || :"
2026-10-07T20:57:17.8612285Z [command]/usr/bin/git config --local --name-only --get-regexp http\.https\:\/\/github\.com\/\.extraheader
2026-10-07T20:57:17.8641793Z [command]/usr/bin/git submodule foreach --recursive sh -c "git config --local --name-only --get-regexp 'http\.https\:\/\/github\.com\/\.extraheader' && git config --local --unset-all 'http.https://github.com/.extraheader' || :"
2026-10-07T20:57:17.8833212Z [command]/usr/bin/git config --local --name-only --get-regexp ^includeIf\.gitdir:
2026-10-07T20:57:17.8861836Z [command]/usr/bin/git submodule foreach --recursive git config --local --show-origin --name-only --get-regexp remote.origin.url
2026-10-07T20:57:17.9034750Z [command]/usr/bin/git config --local http.https://github.com/.extraheader AUTHORIZATION: basic ***
2026-10-07T20:57:17.9066260Z ##[endgroup]
2026-10-07T20:57:17.9066997Z ##[group]Fetching the repository
2026-10-07T20:57:17.9076217Z [command]/usr/bin/git -c protocol.version=2 fetch --prune --no-recurse-submodules origin +refs/heads/*:refs/remotes/origin/* +refs/tags/*:refs/tags/* +b54ef37424d6edb510c2b04640274daac25db43e:refs/remotes/pull/434/merge
2026-10-07T20:57:21.4119287Z From https://github.com/goodwind-cz/aai
2026-10-07T20:57:21.4121775Z  * [new branch]      change/amendment-signature-asks-the-owner-too-often -> origin/change/amendment-signature-asks-the-owner-too-often
2026-10-07T20:57:21.4124239Z  * [new branch]      change/downstream-rides-ask-no-governance-questions -> origin/change/downstream-rides-ask-no-governance-questions
2026-10-07T20:57:21.4126247Z  * [new branch]      change/original-request-outcome-backcheck -> origin/change/original-request-outcome-backcheck
2026-10-07T20:57:21.4127978Z  * [new branch]      change/pr-capability-preflight           -> origin/change/pr-capability-preflight
2026-10-07T20:57:21.4129704Z  * [new branch]      change/roadmap-serves-downstream-projects -> origin/change/roadmap-serves-downstream-projects
2026-10-07T20:57:21.4131605Z  * [new branch]      chore/close-userguide-catalog-item       -> origin/chore/close-userguide-catalog-item
2026-10-07T20:57:21.4133487Z  * [new branch]      chore/intake-routing-tables-owner-and-seam -> origin/chore/intake-routing-tables-owner-and-seam
2026-10-07T20:57:21.4135176Z  * [new branch]      chore/release-v2026.09.25                -> origin/chore/release-v2026.09.25
2026-10-07T20:57:21.4136838Z  * [new branch]      chore/release-v2026.09.28                -> origin/chore/release-v2026.09.28
2026-10-07T20:57:21.4138582Z  * [new branch]      chore/wave-3-intakes                     -> origin/chore/wave-3-intakes
2026-10-07T20:57:21.4140789Z  * [new branch]      cursor/feedback-triage-missing-output-dir-a7ce -> origin/cursor/feedback-triage-missing-output-dir-a7ce
2026-10-07T20:57:21.4143504Z  * [new branch]      cursor/gpt-6-pricing-family-67e6         -> origin/cursor/gpt-6-pricing-family-67e6
2026-10-07T20:57:21.4146166Z  * [new branch]      cursor/mutation-clone-fidelity-windows-eol-a7ce -> origin/cursor/mutation-clone-fidelity-windows-eol-a7ce
2026-10-07T20:57:21.4148469Z  * [new branch]      cursor/mutation-clone-windows-run-chain-5e0a -> origin/cursor/mutation-clone-windows-run-chain-5e0a
2026-10-07T20:57:21.4150614Z  * [new branch]      cursor/polydao-graph-loop-ideas-fa9c     -> origin/cursor/polydao-graph-loop-ideas-fa9c
2026-10-07T20:57:21.4153578Z  * [new branch]      cursor/pricing-missing-models-and-refresh-94d5 -> origin/cursor/pricing-missing-models-and-refresh-94d5
2026-10-07T20:57:21.4156888Z  * [new branch]      cursor/prompts-invoke-wsl-bash-on-windows-a7ce -> origin/cursor/prompts-invoke-wsl-bash-on-windows-a7ce
2026-10-07T20:57:21.4160572Z  * [new branch]      cursor/strategy-unscoped-from-current-focus-a7ce -> origin/cursor/strategy-unscoped-from-current-focus-a7ce
2026-10-07T20:57:21.4163528Z  * [new branch]      exp-0113-phase1                          -> origin/exp-0113-phase1
2026-10-07T20:57:21.4165420Z  * [new branch]      feat/antigravity-cli-skill-paths         -> origin/feat/antigravity-cli-skill-paths
2026-10-07T20:57:21.4167439Z  * [new branch]      feat/canon-is-a-build-artifact           -> origin/feat/canon-is-a-build-artifact
2026-10-07T20:57:21.4169323Z  * [new branch]      feat/cheap-model-in-practice             -> origin/feat/cheap-model-in-practice
2026-10-07T20:57:21.4171817Z  * [new branch]      feat/dev-progress-hub                    -> origin/feat/dev-progress-hub
2026-10-07T20:57:21.4174516Z  * [new branch]      feat/feedback-upsert-review              -> origin/feat/feedback-upsert-review
2026-10-07T20:57:21.4176433Z  * [new branch]      feat/friction-channel-sweep              -> origin/feat/friction-channel-sweep
2026-10-07T20:57:21.4178229Z  * [new branch]      feat/learned-append-gate                 -> origin/feat/learned-append-gate
2026-10-07T20:57:21.4180179Z  * [new branch]      feat/original-request-outcome-backcheck  -> origin/feat/original-request-outcome-backcheck
2026-10-07T20:57:21.4183802Z  * [new branch]      feat/pr-post-open-review-sweep           -> origin/feat/pr-post-open-review-sweep
2026-10-07T20:57:21.4186566Z  * [new branch]      feat/product-docs-enforced               -> origin/feat/product-docs-enforced
2026-10-07T20:57:21.4189221Z  * [new branch]      feat/prompt-hash-telemetry               -> origin/feat/prompt-hash-telemetry
2026-10-07T20:57:21.4191835Z  * [new branch]      feat/roadmap-takes-direction             -> origin/feat/roadmap-takes-direction
2026-10-07T20:57:21.4194199Z  * [new branch]      feat/role-output-contracts               -> origin/feat/role-output-contracts
2026-10-07T20:57:21.4196501Z  * [new branch]      feat/universality-proof                  -> origin/feat/universality-proof
2026-10-07T20:57:21.4198774Z  * [new branch]      feature/remote-orchestration             -> origin/feature/remote-orchestration
2026-10-07T20:57:21.4201671Z  * [new branch]      fix/canonical-provenance-archived-sources -> origin/fix/canonical-provenance-archived-sources
2026-10-07T20:57:21.4204379Z  * [new branch]      fix/closeout-display-id-match            -> origin/fix/closeout-display-id-match
2026-10-07T20:57:21.4206905Z  * [new branch]      fix/feedback-pipeline-discoverability    -> origin/fix/feedback-pipeline-discoverability
2026-10-07T20:57:21.4209569Z  * [new branch]      fix/gate-checks-declared-mutation        -> origin/fix/gate-checks-declared-mutation
2026-10-07T20:57:21.4212323Z  * [new branch]      fix/growth-pins-dont-wall-the-corpus     -> origin/fix/growth-pins-dont-wall-the-corpus
2026-10-07T20:57:21.4215662Z  * [new branch]      fix/worktree-lacks-vendored-aai-layer-downstream-wt -> origin/fix/worktree-lacks-vendored-aai-layer-downstream-wt
2026-10-07T20:57:21.4218552Z  * [new branch]      main                                     -> origin/main
2026-10-07T20:57:21.4222859Z  * [new branch]      research/polydao-verdicts                -> origin/research/polydao-verdicts
2026-10-07T20:57:21.4224835Z  * [new tag]         v2026.07.04                              -> v2026.07.04
2026-10-07T20:57:21.4226336Z  * [new tag]         v2026.07.20                              -> v2026.07.20
2026-10-07T20:57:21.4227795Z  * [new tag]         v2026.07.22                              -> v2026.07.22
2026-10-07T20:57:21.4229228Z  * [new tag]         v2026.07.24                              -> v2026.07.24
2026-10-07T20:57:21.4230875Z  * [new tag]         v2026.07.26                              -> v2026.07.26
2026-10-07T20:57:21.4232383Z  * [new tag]         v2026.07.28                              -> v2026.07.28
2026-10-07T20:57:21.4233884Z  * [new tag]         v2026.07.28.1                            -> v2026.07.28.1
2026-10-07T20:57:21.4235420Z  * [new tag]         v2026.07.29                              -> v2026.07.29
2026-10-07T20:57:21.4236885Z  * [new tag]         v2026.07.30                              -> v2026.07.30
2026-10-07T20:57:21.4238352Z  * [new tag]         v2026.08.01                              -> v2026.08.01
2026-10-07T20:57:21.4239766Z  * [new tag]         v2026.08.02                              -> v2026.08.02
2026-10-07T20:57:21.4241652Z  * [new tag]         v2026.08.03                              -> v2026.08.03
2026-10-07T20:57:21.4243378Z  * [new tag]         v2026.08.03.2                            -> v2026.08.03.2
2026-10-07T20:57:21.4244988Z  * [new tag]         v2026.08.04                              -> v2026.08.04
2026-10-07T20:57:21.4246461Z  * [new tag]         v2026.08.05                              -> v2026.08.05
2026-10-07T20:57:21.4248279Z  * [new tag]         v2026.08.07                              -> v2026.08.07
2026-10-07T20:57:21.4249734Z  * [new tag]         v2026.08.08                              -> v2026.08.08
2026-10-07T20:57:21.4251320Z  * [new tag]         v2026.08.11                              -> v2026.08.11
2026-10-07T20:57:21.4252781Z  * [new tag]         v2026.08.12                              -> v2026.08.12
2026-10-07T20:57:21.4254190Z  * [new tag]         v2026.08.13                              -> v2026.08.13
2026-10-07T20:57:21.4255665Z  * [new tag]         v2026.08.13.2                            -> v2026.08.13.2
2026-10-07T20:57:21.4257144Z  * [new tag]         v2026.08.14                              -> v2026.08.14
2026-10-07T20:57:21.4258584Z  * [new tag]         v2026.08.16                              -> v2026.08.16
2026-10-07T20:57:21.4260051Z  * [new tag]         v2026.08.23                              -> v2026.08.23
2026-10-07T20:57:21.4261681Z  * [new tag]         v2026.08.27                              -> v2026.08.27
2026-10-07T20:57:21.4263192Z  * [new tag]         v2026.08.29                              -> v2026.08.29
2026-10-07T20:57:21.4264624Z  * [new tag]         v2026.09.01                              -> v2026.09.01
2026-10-07T20:57:21.4266066Z  * [new tag]         v2026.09.06                              -> v2026.09.06
2026-10-07T20:57:21.4267533Z  * [new tag]         v2026.09.08                              -> v2026.09.08
2026-10-07T20:57:21.4274001Z  * [new tag]         v2026.09.09                              -> v2026.09.09
2026-10-07T20:57:21.4275586Z  * [new tag]         v2026.09.21                              -> v2026.09.21
2026-10-07T20:57:21.4277209Z  * [new tag]         v2026.09.25                              -> v2026.09.25
2026-10-07T20:57:21.4278795Z  * [new tag]         v2026.09.28                              -> v2026.09.28
2026-10-07T20:57:21.4280390Z  * [new tag]         v2026.09.30                              -> v2026.09.30
2026-10-07T20:57:21.4282159Z  * [new tag]         v2026.10.02                              -> v2026.10.02
2026-10-07T20:57:21.4284198Z  * [new ref]         b54ef37424d6edb510c2b04640274daac25db43e -> pull/434/merge
2026-10-07T20:57:21.4286437Z  * [new tag]         test-fixture-pre-f2-close-work-item      -> test-fixture-pre-f2-close-work-item
2026-10-07T20:57:21.4288753Z  * [new tag]         test-fixture-pre-f3-guard                -> test-fixture-pre-f3-guard
2026-10-07T20:57:21.4292322Z ##[endgroup]
2026-10-07T20:57:21.4293644Z ##[group]Determining the checkout info
2026-10-07T20:57:21.4295160Z ##[endgroup]
2026-10-07T20:57:21.4296020Z [command]/usr/bin/git sparse-checkout disable
2026-10-07T20:57:21.4298664Z [command]/usr/bin/git config --local --unset-all extensions.worktreeConfig
2026-10-07T20:57:21.4301970Z ##[group]Checking out the ref
2026-10-07T20:57:21.4303474Z [command]/usr/bin/git checkout --progress --force refs/remotes/pull/434/merge
2026-10-07T20:57:21.5962724Z Note: switching to 'refs/remotes/pull/434/merge'.
2026-10-07T20:57:21.5963600Z 
2026-10-07T20:57:21.5964344Z You are in 'detached HEAD' state. You can look around, make experimental
2026-10-07T20:57:21.5966031Z changes and commit them, and you can discard any commits you make in this
2026-10-07T20:57:21.5967675Z state without impacting any branches by switching back to a branch.
2026-10-07T20:57:21.5968638Z 
2026-10-07T20:57:21.5969308Z If you want to create a new branch to retain commits you create, you may
2026-10-07T20:57:21.5971126Z do so (now or later) by using -c with the switch command. Example:
2026-10-07T20:57:21.5972019Z 
2026-10-07T20:57:21.5972449Z   git switch -c <new-branch-name>
2026-10-07T20:57:21.5973092Z 
2026-10-07T20:57:21.5973491Z Or undo this operation with:
2026-10-07T20:57:21.5974369Z 
2026-10-07T20:57:21.5974853Z   git switch -
2026-10-07T20:57:21.5975353Z 
2026-10-07T20:57:21.5976159Z Turn off this advice by setting config variable advice.detachedHead to false
2026-10-07T20:57:21.5977238Z 
2026-10-07T20:57:21.5978799Z HEAD is now at b54ef37 Merge 609832744c202805234da8a09e40c5d3bb171308 into bdeb425c040ada918dd97e5b878b71e420bad83a
2026-10-07T20:57:21.5983023Z ##[endgroup]
2026-10-07T20:57:21.6013365Z [command]/usr/bin/git log -1 --format=%H
2026-10-07T20:57:21.6035698Z b54ef37424d6edb510c2b04640274daac25db43e
2026-10-07T20:57:21.6377093Z ##[group]Run actions/setup-node@v4
2026-10-07T20:57:21.6378188Z with:
2026-10-07T20:57:21.6379041Z   node-version: 20
2026-10-07T20:57:21.6379949Z   always-auth: false
2026-10-07T20:57:21.6381039Z   check-latest: false
2026-10-07T20:57:21.6388562Z   token: ***
2026-10-07T20:57:21.6389424Z env:
2026-10-07T20:57:21.6390281Z   AAI_TEST_PARALLEL: 4
2026-10-07T20:57:21.6391344Z ##[endgroup]
2026-10-07T20:57:21.7789758Z Attempting to download 20...
2026-10-07T20:57:21.7892299Z (node:2221) [DEP0040] DeprecationWarning: The `punycode` module is deprecated. Please use a userland alternative instead.
2026-10-07T20:57:21.7894642Z (Use `node --trace-deprecation ...` to show where the warning was created)
2026-10-07T20:57:22.9168817Z Acquiring 20.20.2 - x64 from https://github.com/actions/node-versions/releases/download/20.20.2-23521894959/node-20.20.2-linux-x64.tar.gz
2026-10-07T20:57:23.4364194Z Extracting ...
2026-10-07T20:57:23.4478430Z [command]/usr/bin/tar xz --strip 1 --warning=no-unknown-keyword --overwrite -C /home/runner/work/_temp/895009ca-3a18-46fd-84f4-dc10437393ad -f /home/runner/work/_temp/5982af17-c923-401f-85d9-40397e33f273
2026-10-07T20:57:24.3919237Z Adding to the cache ...
2026-10-07T20:57:25.6625455Z ##[group]Environment details
2026-10-07T20:57:25.8733711Z node: v20.20.2
2026-10-07T20:57:25.8734192Z npm: 10.8.2
2026-10-07T20:57:25.8734506Z yarn: 1.22.22
2026-10-07T20:57:25.8735196Z ##[endgroup]
2026-10-07T20:57:25.8904922Z ##[group]Run set -euo pipefail
2026-10-07T20:57:25.8905305Z [36;1mset -euo pipefail[0m
2026-10-07T20:57:25.8905606Z [36;1mprintf '%s\n' "$SHARD_PLAN" > shard-plan.txt[0m
2026-10-07T20:57:25.8906141Z [36;1mbash tests/skills/lib/shard-plan-check.sh --check shard-plan.txt tests/skills >/dev/null[0m
2026-10-07T20:57:25.8906599Z [36;1mif [ "2" = "all" ]; then[0m
2026-10-07T20:57:25.8907015Z [36;1m  bash tests/skills/test-framework.sh[0m
2026-10-07T20:57:25.8907289Z [36;1melse[0m
2026-10-07T20:57:25.8907636Z [36;1m  SUITES="$(bash tests/skills/lib/shard-plan-check.sh --extract 2 shard-plan.txt)"[0m
2026-10-07T20:57:25.8908039Z [36;1m  args=()[0m
2026-10-07T20:57:25.8908258Z [36;1m  for s in $SUITES; do[0m
2026-10-07T20:57:25.8908500Z [36;1m    args+=(--skill "$s")[0m
2026-10-07T20:57:25.8908732Z [36;1m  done[0m
2026-10-07T20:57:25.8908980Z [36;1m  bash tests/skills/test-framework.sh "${args[@]}"[0m
2026-10-07T20:57:25.8909271Z [36;1mfi[0m
2026-10-07T20:57:25.9104046Z shell: /usr/bin/bash -e {0}
2026-10-07T20:57:25.9104354Z env:
2026-10-07T20:57:25.9104576Z   AAI_TEST_PARALLEL: 4
2026-10-07T20:57:25.9116514Z   SHARD_PLAN: SHARD 1 aai-learned-append weight=434
SHARD 1 aai-hygiene-pack weight=313
SHARD 1 aai-ceremony-levels weight=120
SHARD 1 aai-feedback-upsert weight=91
SHARD 1 aai-mutation-gate weight=82
SHARD 1 aai-suite-isolation weight=77
SHARD 1 aai-doc-numbering weight=43
SHARD 1 aai-orchestration-dispatch weight=39
SHARD 1 aai-git-ref-guard weight=28
SHARD 1 aai-roadmap weight=22
SHARD 1 aai-hooks-overlay weight=18
SHARD 1 aai-factory-report weight=12
SHARD 1 aai-outcome-backcheck weight=10
SHARD 1 aai-canon weight=7
SHARD 1 aai-spec-tools weight=6
SHARD 1 aai-heartbeat weight=5
SHARD 1 aai-role-output weight=5
SHARD 1 aai-docs-canon weight=4
SHARD 1 aai-check-state weight=3
SHARD 1 aai-issues weight=3
SHARD 1 aai-redact weight=3
SHARD 1 aai-session-lock weight=2
SHARD 1 aai-pricing weight=1
SHARD 1 aai-runtime-file weight=1
SHARD 1 aai-userguide-drift weight=1
SHARD 2 aai-merge-policy weight=434
SHARD 2 aai-delta-stage3 weight=278
SHARD 2 aai-run-tests weight=135
SHARD 2 aai-friction weight=93
SHARD 2 aai-sweep-parallel weight=91
SHARD 2 aai-release weight=81
SHARD 2 aai-delta-stage2 weight=56
SHARD 2 aai-follow-ups weight=37
SHARD 2 aai-pr-waiver weight=27
SHARD 2 aai-friction-capture-points weight=19
SHARD 2 aai-ride-select weight=18
SHARD 2 aai-debug-gate weight=10
SHARD 2 aai-pr-platform weight=10
SHARD 2 aai-docs-lock weight=7
SHARD 2 aai-tdd-evidence weight=6
SHARD 2 aai-learned-routing weight=5
SHARD 2 aai-test-canon weight=5
SHARD 2 aai-orchestration-mode weight=4
SHARD 2 aai-docs-hub weight=3
SHARD 2 aai-layer-drift weight=3
SHARD 2 aai-token-capture weight=3
SHARD 2 aai-antigravity-project-skills weight=1
SHARD 2 aai-implementation-mode weight=1
SHARD 2 aai-prompt-hash weight=1
SHARD 2 aai-share weight=1
SHARD 2 aai-userguide-rollup weight=1
SHARD 3 aai-pr-preflight weight=434
SHARD 3 aai-sync-seed weight=234
SHARD 3 aai-doctor weight=149
SHARD 3 aai-doc-number-reservation weight=97
SHARD 3 aai-friction-wiring weight=91
SHARD 3 aai-golden-flow weight=81
SHARD 3 aai-ledger-merge weight=66
SHARD 3 aai-deslop weight=40
SHARD 3 aai-update-check weight=32
SHARD 3 aai-state weight=27
SHARD 3 aai-intake weight=17
SHARD 3 aai-constitution weight=11
SHARD 3 aai-win-fallback weight=10
SHARD 3 aai-hitl-channel weight=6
SHARD 3 aai-routine weight=6
SHARD 3 aai-bootstrap weight=5
SHARD 3 aai-prompt-diet weight=5
SHARD 3 aai-delta-stage1 weight=4
SHARD 3 aai-verify-gate weight=4
SHARD 3 aai-orphan-sweep weight=3
SHARD 3 aai-dashboard weight=2
SHARD 3 aai-reconcile-telemetry weight=2
SHARD 3 aai-pipe-safe weight=1
SHARD 3 aai-prune-stale-briefs weight=1
SHARD 3 aai-suite-select weight=1
SHARD 3 aai-validator-isolation weight=1
SHARD 4 aai-worktree-seed weight=434
SHARD 4 aai-docs-audit weight=161
SHARD 4 aai-repo-tripwire weight=155
SHARD 4 aai-close-work-item weight=112
SHARD 4 aai-hitl-propagation weight=93
SHARD 4 aai-metrics weight=89
SHARD 4 aai-layer-profiles weight=69
SHARD 4 aai-secrets-preflight weight=52
SHARD 4 aai-spec-lint weight=39
SHARD 4 aai-spec-amend weight=28
SHARD 4 aai-live-serve weight=19
SHARD 4 aai-close-reconcile weight=15
SHARD 4 aai-live-status weight=13
SHARD 4 aai-advisory-skills weight=9
SHARD 4 aai-branch-guard weight=9
SHARD 4 aai-update weight=6
SHARD 4 aai-lightweight-lane weight=5
SHARD 4 aai-unattended weight=5
SHARD 4 aai-overview weight=4
SHARD 4 aai-feedback-triage weight=3
SHARD 4 aai-product-docs weight=3
SHARD 4 aai-feedback-status weight=2
SHARD 4 aai-downstream-autopilot weight=1
SHARD 4 aai-planning-probes weight=1
SHARD 4 aai-r-guard weight=1
SHARD 4 aai-tdd weight=1
SHARD 4 aai-worktree weight=1
SHARDS count=4 suites=104
2026-10-07T20:57:25.9127703Z ##[endgroup]
2026-10-07T20:57:26.0312490Z 
2026-10-07T20:57:26.0317876Z AAI Skills Test Framework
2026-10-07T20:57:26.0318279Z =========================
2026-10-07T20:57:26.0334116Z 
2026-10-07T20:57:26.0335378Z [0;34m[INFO][0m Setting up results directory: /home/runner/work/aai/aai/tests/skills/results/test-20261007-205726
2026-10-07T20:57:26.0346336Z [0;34m[INFO][0m Checking system dependencies...
2026-10-07T20:57:27.4176068Z [0;32m[PASS][0m Dependencies checked
2026-10-07T20:57:27.5101133Z [0;34m[INFO][0m Isolation: every suite runs isolated in a disposable git checkout (its own .git, D1) seeded from the working tree
2026-10-07T20:57:27.5102878Z [0;34m[INFO][0m Concurrency: up to 4 suite(s) run at a time (AAI_TEST_PARALLEL=4). Set AAI_TEST_PARALLEL=1 for the serial execution model.
2026-10-07T20:57:27.5103936Z [0;34m[INFO][0m Discovering skill tests...
2026-10-07T20:57:27.5119247Z [0;34m[INFO][0m Found 26 test(s)
2026-10-07T20:57:27.5119611Z [0;34m[INFO][0m 
2026-10-07T20:57:27.5119948Z [0;34m[INFO][0m Running tests...
2026-10-07T20:57:27.5120249Z [0;34m[INFO][0m 
2026-10-07T20:58:31.3336564Z [ 1/26] aai-friction         [0;32mPASS[0m (62.0s)
2026-10-07T20:58:42.7405453Z [ 2/26] aai-merge-policy     [0;32mPASS[0m (74.0s)
2026-10-07T20:59:02.0068408Z [ 3/26] aai-delta-stage3     [0;31mFAIL[0m (93.0s) [tripwire NOT ATTESTED — suite exited 1 before completing]
2026-10-07T20:59:02.0069764Z --- Error Details (aai-delta-stage3) ---
2026-10-07T20:59:02.0070958Z --- failure lines (whole log) ---
2026-10-07T20:59:02.0121205Z 29:FAIL: Expected 'Verdict: CLEAN' in /tmp/aai-docs-audit-test.cBhmy9/silence-live-1349.log
2026-10-07T20:59:02.0122832Z 30:FAIL: TEST-007: sibling suite failed: test-aai-docs-audit.sh
2026-10-07T20:59:02.0151552Z --- tail (last 30 lines) ---
2026-10-07T20:59:02.0181982Z === Test: aai-delta-stage3 (spec-delta-stage-3 / RFC-0011 delta-spec lifecycle) ===
2026-10-07T20:59:02.0183303Z INFO: Checking dependencies...
2026-10-07T20:59:02.0211400Z PASS: Dependencies checked
2026-10-07T20:59:02.0241890Z INFO: TEST-001: delta-merge applies ADDED/MODIFIED/REMOVED; untouched lines byte-identical (int)...
2026-10-07T20:59:02.0272288Z PASS: TEST-001: ADDED->004 (retired 003 not reused), MODIFIED body+title+Provenance, REMOVED tombstone; untouched lines byte-identical
2026-10-07T20:59:02.0291949Z INFO: TEST-002: fail-closed on violation / missing doc / absent id / title collision; ZERO writes (int)...
2026-10-07T20:59:02.0309391Z PASS: TEST-002: all four fail-closed preconditions exit non-zero, name the reason, leave the canonical byte-unchanged
2026-10-07T20:59:02.0331721Z INFO: TEST-003: a second delta-merge for the same spec is byte-identical (int)...
2026-10-07T20:59:02.0347338Z PASS: TEST-003: second run byte-identical; ADDED not re-appended; REMOVED-already-gone a clean no-op
2026-10-07T20:59:02.0349252Z INFO: TEST-008: MODIFIED adjacent to REMOVED — tombstone survives a byte-idempotent re-run (int)...
2026-10-07T20:59:02.0352570Z PASS: TEST-008: tombstone adjacent to a modified block survives; second run byte-identical
2026-10-07T20:59:02.0354135Z INFO: TEST-009: retired NNN not reused by a later ADDED across specs (int)...
2026-10-07T20:59:02.0355280Z PASS: TEST-009: ADDED took REQ-SPROCKETS-003; retired 002 never reused
2026-10-07T20:59:02.0357164Z INFO: TEST-010: cross-spec — modifying the block before a tombstone preserves it (int)...
2026-10-07T20:59:02.0358661Z PASS: TEST-010: SPEC-A's tombstone survives a later SPEC-B modification of the preceding block
2026-10-07T20:59:02.0370549Z INFO: TEST-006: SKILL_PR documents the delta-merge ceremony step; no stage-N token on edited .aai surfaces (unit)...
2026-10-07T20:59:02.0372493Z PASS: TEST-006: SKILL_PR carries the post-allocation, fail-closed, no-op-documented merge step; taxonomy clean
2026-10-07T20:59:02.0374636Z INFO: TEST-007: delta-stage1 + delta-stage2 + spec-lint + docs-audit suites pass; strict repo audit CLEAN (int)...
2026-10-07T20:59:02.0375980Z Testing aai-docs-audit skill (engine + fixtures)
2026-10-07T20:59:02.0381668Z INFO: Checking dependencies...
2026-10-07T20:59:02.0382352Z PASS: Dependencies checked
2026-10-07T20:59:02.0383040Z INFO: Setting up fixture repo...
2026-10-07T20:59:02.0383676Z PASS: Fixture repo ready
2026-10-07T20:59:02.0389805Z INFO: Test: --check --strict over the live tree exits 0 and every near-miss document it names is dispositioned in the spec (TEST-1351)...
2026-10-07T20:59:02.0391779Z PASS: Every near-miss document over the live corpus is dispositioned, and --check --strict still exits 0
2026-10-07T20:59:02.0393654Z INFO: Test: the docs-audit headline carries the near-miss count split into blocking and report-only, and it equals the section count (TEST-1348)...
2026-10-07T20:59:02.0395323Z PASS: The near-miss count is part of what the headline SAYS, and it agrees with the section
2026-10-07T20:59:02.0397304Z INFO: Test: the Verdict line names the unreadable AC tables when any exist, stays bare CLEAN when none do, and keeps the literal 'Verdict: CLEAN' substring either way (TEST-1349)...
2026-10-07T20:59:02.0399089Z FAIL: Expected 'Verdict: CLEAN' in /tmp/aai-docs-audit-test.cBhmy9/silence-live-1349.log
2026-10-07T20:59:02.0400098Z FAIL: TEST-007: sibling suite failed: test-aai-docs-audit.sh
2026-10-07T20:59:02.0400830Z --- end aai-delta-stage3 ---
2026-10-07T20:59:32.0235684Z [ 4/26] aai-release          [0;32mPASS[0m (48.0s)
2026-10-07T20:59:40.8912863Z [ 5/26] aai-run-tests        [0;32mPASS[0m (132.0s)
2026-10-07T20:59:43.7848550Z [ 6/26] aai-delta-stage2     [0;32mPASS[0m (41.0s)
2026-10-07T20:59:59.0521417Z [ 7/26] aai-sweep-parallel   [0;32mPASS[0m (86.0s)
2026-10-07T21:00:01.3902278Z [ 8/26] aai-friction-capture-points [0;32mPASS[0m (16.0s)
2026-10-07T21:00:02.2862581Z [ 9/26] aai-follow-ups       [0;32mPASS[0m (29.0s)
2026-10-07T21:00:04.7956108Z [10/26] aai-pr-waiver        [0;32mPASS[0m (23.0s)
2026-10-07T21:00:12.1460515Z [11/26] aai-debug-gate       [0;32mPASS[0m (9.0s)
2026-10-07T21:00:13.0395395Z [12/26] aai-docs-lock        [0;32mPASS[0m (7.0s)
2026-10-07T21:00:14.1392436Z [13/26] aai-pr-platform      [0;32mPASS[0m (10.0s)
2026-10-07T21:00:18.2879485Z [14/26] aai-learned-routing  [0;32mPASS[0m (4.0s)
2026-10-07T21:00:20.1889639Z [15/26] aai-test-canon       [0;32mPASS[0m (4.0s)
2026-10-07T21:00:20.6686601Z [16/26] aai-tdd-evidence     [0;32mPASS[0m (7.0s)
2026-10-07T21:00:23.3816602Z [17/26] aai-orchestration-mode [0;32mPASS[0m (3.0s)
2026-10-07T21:00:24.0539275Z [18/26] aai-docs-hub         [0;32mPASS[0m (2.0s)
2026-10-07T21:00:24.5162251Z [19/26] aai-layer-drift      [0;32mPASS[0m (2.0s)
2026-10-07T21:00:25.5951800Z [20/26] aai-antigravity-project-skills [0;32mPASS[0m (1.0s)
2026-10-07T21:00:26.0808363Z [21/26] aai-implementation-mode [0;32mPASS[0m (0.0s)
2026-10-07T21:00:27.5071965Z [22/26] aai-prompt-hash      [0;32mPASS[0m (1.0s)
2026-10-07T21:00:27.9209150Z [23/26] aai-share            [0;32mPASS[0m (0.0s)
2026-10-07T21:00:28.3262516Z [24/26] aai-token-capture    [0;32mPASS[0m (3.0s)
2026-10-07T21:00:29.0693802Z [25/26] aai-userguide-rollup [0;32mPASS[0m (0.0s)
2026-10-07T21:00:31.9893860Z [26/26] aai-ride-select      [0;32mPASS[0m (31.0s)
2026-10-07T21:00:32.0260599Z [0;34m[INFO][0m 
2026-10-07T21:00:32.0261190Z [0;34m[INFO][0m 
2026-10-07T21:00:32.0262124Z [0;34m[INFO][0m =========================================
2026-10-07T21:00:32.0262523Z [0;34m[INFO][0m Test Summary
2026-10-07T21:00:32.0262887Z [0;34m[INFO][0m =========================================
2026-10-07T21:00:32.0263225Z [0;34m[INFO][0m Total:   26
2026-10-07T21:00:32.0263563Z [0;32m[PASS][0m Passed:  25 (96%)
2026-10-07T21:00:32.0263936Z [0;31m[FAIL][0m Failed:  1 (3%)
2026-10-07T21:00:32.0267335Z [0;34m[INFO][0m Tripwire: 25/26 suite(s) attested clean; 1 not attested (skipped, failed, allowlisted, or unguarded)
2026-10-07T21:00:32.0269077Z [0;34m[INFO][0m Isolation: 26/26 suite(s) isolated; 0 degraded
2026-10-07T21:00:32.0270251Z [0;34m[INFO][0m Seeding: 26/26 suite(s) fully seeded; 0 partial; 0 skipped
2026-10-07T21:00:32.0271925Z [0;34m[INFO][0m Concurrency: width 4; 0 wave(s) re-run serially (0 suite(s) total) to attribute a shipping-repository change
2026-10-07T21:00:32.0272974Z [0;34m[INFO][0m 
2026-10-07T21:00:32.0274035Z [0;34m[INFO][0m Results saved to: /home/runner/work/aai/aai/tests/skills/results/test-20261007-205726
2026-10-07T21:00:32.0661938Z ##[error]Process completed with exit code 1.
2026-10-07T21:00:32.0805476Z Post job cleanup.
2026-10-07T21:00:32.1682586Z [command]/usr/bin/git version
2026-10-07T21:00:32.1721491Z git version 2.55.0
2026-10-07T21:00:32.1757717Z Temporarily overriding HOME='/home/runner/work/_temp/161c13f7-13f9-4ede-8af3-c2007a3e441a' before making global git config changes
2026-10-07T21:00:32.1759322Z Adding repository directory to the temporary git global config as a safe directory
2026-10-07T21:00:32.1763973Z [command]/usr/bin/git config --global --add safe.directory /home/runner/work/aai/aai
2026-10-07T21:00:32.1798047Z [command]/usr/bin/git config --local --name-only --get-regexp core\.sshCommand
2026-10-07T21:00:32.1829315Z [command]/usr/bin/git submodule foreach --recursive sh -c "git config --local --name-only --get-regexp 'core\.sshCommand' && git config --local --unset-all 'core.sshCommand' || :"
2026-10-07T21:00:32.2027997Z [command]/usr/bin/git config --local --name-only --get-regexp http\.https\:\/\/github\.com\/\.extraheader
2026-10-07T21:00:32.2049216Z http.https://github.com/.extraheader
2026-10-07T21:00:32.2060294Z [command]/usr/bin/git config --local --unset-all http.https://github.com/.extraheader
2026-10-07T21:00:32.2092358Z [command]/usr/bin/git submodule foreach --recursive sh -c "git config --local --name-only --get-regexp 'http\.https\:\/\/github\.com\/\.extraheader' && git config --local --unset-all 'http.https://github.com/.extraheader' || :"
2026-10-07T21:00:32.2322602Z [command]/usr/bin/git config --local --name-only --get-regexp ^includeIf\.gitdir:
2026-10-07T21:00:32.2355169Z [command]/usr/bin/git submodule foreach --recursive git config --local --show-origin --name-only --get-regexp remote.origin.url
2026-10-07T21:00:32.2781367Z Cleaning up orphan processes
2026-10-07T21:00:32.3026599Z ##[warning]Node.js 20 is deprecated. The following actions target Node.js 20 but are being forced to run on Node.js 24: actions/checkout@v4, actions/setup-node@v4. For more information see: https://github.blog/changelog/2025-09-19-deprecation-of-node-20-on-github-actions-runners/

