AAI-ISOLATION: isolated - this suite run has its own disposable checkout; the shipping repository is not its working tree.
AAI-SEEDING: seeded - every seeding step completed; the disposable checkout carries your working tree.
=== Test: aai-delta-stage3 (spec-delta-stage-3 / RFC-0011 delta-spec lifecycle) ===
INFO: Checking dependencies...
PASS: Dependencies checked
INFO: TEST-001: delta-merge applies ADDED/MODIFIED/REMOVED; untouched lines byte-identical (int)...
PASS: TEST-001: ADDED->004 (retired 003 not reused), MODIFIED body+title+Provenance, REMOVED tombstone; untouched lines byte-identical
INFO: TEST-002: fail-closed on violation / missing doc / absent id / title collision; ZERO writes (int)...
PASS: TEST-002: all four fail-closed preconditions exit non-zero, name the reason, leave the canonical byte-unchanged
INFO: TEST-003: a second delta-merge for the same spec is byte-identical (int)...
PASS: TEST-003: second run byte-identical; ADDED not re-appended; REMOVED-already-gone a clean no-op
INFO: TEST-008: MODIFIED adjacent to REMOVED — tombstone survives a byte-idempotent re-run (int)...
PASS: TEST-008: tombstone adjacent to a modified block survives; second run byte-identical
INFO: TEST-009: retired NNN not reused by a later ADDED across specs (int)...
PASS: TEST-009: ADDED took REQ-SPROCKETS-003; retired 002 never reused
INFO: TEST-010: cross-spec — modifying the block before a tombstone preserves it (int)...
PASS: TEST-010: SPEC-A's tombstone survives a later SPEC-B modification of the preceding block
INFO: TEST-006: SKILL_PR documents the delta-merge ceremony step; no stage-N token on edited .aai surfaces (unit)...
PASS: TEST-006: SKILL_PR carries the post-allocation, fail-closed, no-op-documented merge step; taxonomy clean
INFO: TEST-007: delta-stage1 + delta-stage2 + spec-lint + docs-audit suites pass; strict repo audit CLEAN (int)...
PASS: TEST-007: sibling suites green; strict audit CLEAN over the real (empty-canonical) repo
=== All aai-delta-stage3 tests passed ===
