AAI-ISOLATION: isolated - this suite run has its own disposable checkout; the shipping repository is not its working tree.
AAI-SEEDING: seeded - every seeding step completed; the disposable checkout carries your working tree.

AAI Doc-Number Reservation Test Suite (CHANGE-0035 / SPEC-0047)
=================================================================

INFO: Checking dependencies...
PASS: Dependencies checked
INFO: TEST-001: allocation creates refs/aai/docnums/<ID> in bare origin AND renames the file...
PASS: TEST-001 reservation ref created in origin, file renamed, no provisional marker
INFO: TEST-002: pre-existing reservation ref -> create-only push rejected -> retries to next free...
PASS: TEST-002 rejection on pre-existing ref retries and lands next free; both refs exist
INFO: TEST-003: number taken on an unmerged origin branch (never locally fetched before) is skipped...
PASS: TEST-003 origin side-branch number scanned and skipped (union candidate scan)
INFO: TEST-004: a naked reservation ref with no doc anywhere is treated as taken...
PASS: TEST-004 naked reservation ref treated as taken
INFO: TEST-005: unreachable origin -> allocation proceeds, marks number_reserved: false, warns, exit 0...
PASS: TEST-005 offline/no-permission fallback: provisional marker + WARNING + exit 0
INFO: TEST-006: --guard exit 4 when staged TYPE-NNNN exists on base ref under a different id...
PASS: TEST-006 guard cross-branch collision exit 4 naming both ids; matching id is a negative control
INFO: TEST-007: --guard blocks number_reserved: false; --reserve completes or exits 4 on collision...
PASS: TEST-007 guard blocks unreserved marker; --reserve completes clean or exits 4 on collision
INFO: TEST-008: spec-lint --slug-handles flags an artifact filename with no merged doc; clean once merged...
PASS: TEST-008 slug-handles lint warns on unconfirmed handle, clean once the doc exists
INFO: TEST-009: coupled_families union (max 5, max 3 -> 6 for both); one atomic push creates both refs...
PASS: TEST-009 coupled union counter (6 for both); one atomic push created both refs
INFO: TEST-010: one member ref pre-exists -> neither ref created at that number; pair retries together...
PASS: TEST-010 atomic all-or-nothing: neither ref at the colliding number, pair retried together
INFO: TEST-011: existing tests/skills/test-aai-doc-numbering.sh suite stays green (D9 back-compat)...
PASS: TEST-011 existing doc-numbering suite green (back-compat invariant, D9)
INFO: TEST-012: workflow passes PR base as --base-ref, has slug-handles lint step, enforce gate unchanged...
PASS: TEST-012 CI wiring: --base-ref from PR target, slug-handles lint step, enforce gate intact
INFO: TEST-013: TECHNOLOGY.md + USER_GUIDE.md document reservation/marker/coupled_families/guard...
PASS: TEST-013 TECHNOLOGY.md + USER_GUIDE.md document the reservation protocol
INFO: TEST-014: pre-commit host blocks on the NEW predicate alone under doc_number_guard: enforce...
PASS: TEST-014 seam S1: pre-commit host surfaces the new-predicate-only failure under enforce
INFO: TEST-015: docs-audit --check --strict raises no finding for number_reserved: false...
PASS: TEST-015 seam S3: docs-audit raises no frontmatter finding for number_reserved: false
INFO: TEST-016 (F1): second same-HEAD reservation attempt must retry, not silently re-win the number...
PASS: TEST-016 same-sha reservation attempt correctly rejected and retried (F1 fixed)
INFO: TEST-017 (F1 coupled): second same-HEAD coupled reservation must retry the PAIR, not false-succeed...
PASS: TEST-017 coupled same-sha reservation correctly retried as a pair (F1 fixed)
INFO: TEST-018 (F2): permission-denied origin -> provisional marker + exit 0, no retry storm...
PASS: TEST-018 permission-denied origin: provisional marker + WARNING + exit 0, no retry storm (F2 fixed)
INFO: TEST-101: full-CLI allocation rewrites refs in product, reviews, sessions, knowledge, root README/CHANGELOG...
PASS: TEST-101 widened rewrite scan: all six newly-scanned trees rewritten; unrelated file untouched
INFO: TEST-102: self-reference in the renamed draft body is rewritten (seam S2)...
PASS: TEST-102 seam S2: self-reference in the renamed draft body rewritten
INFO: TEST-103: excluded fixture files (docs/archive, docs/ai/reports beside docs/ai/reviews) byte-identical...
PASS: TEST-103 excluded trees byte-identical; nested docs/ai/reports beside scanned docs/ai/reviews untouched
INFO: TEST-109: isExcludedTree unit probe (nested, separator guard, negatives)...
PASS: TEST-109 isExcludedTree guard probe (nested + separator + negatives)
INFO: TEST-104: second allocation run is a no-op; rewrite-tree files sha-unchanged run1-after vs run2-after...
PASS: TEST-104 idempotent second run: no-op, rewrite-tree file sha-unchanged
INFO: TEST-105: dry-run reports planned per-tree rewrites and writes nothing; DRAFT still present...
PASS: TEST-105 dry-run reports planned per-tree rewrites; writes nothing; DRAFT still present
INFO: TEST-106: probe imports REWRITE_TREES/EXCLUDED_TREES and asserts membership...
PASS: TEST-106 REWRITE_TREES/EXCLUDED_TREES exported and carry the expected membership
INFO: TEST-107: existing allocation/collision/guard suites pass unchanged (regression)...
PASS: TEST-107 existing doc-numbering suite green (regression guard)
INFO: TEST-108: targeted allocator suites are present and syntactically valid (Spec-AC-07)...
PASS: TEST-108 targeted allocator suites present and syntactically valid; PR CI full framework remains authoritative

All doc-number-reservation tests passed.
