{
  "observed_at_utc": "2026-10-07T21:16:56.094Z",
  "scenario": "distinct origin.pushurl",
  "fetch": "https://github.com/Org/Repo.git",
  "push": "https://dev.azure.com/Other/Project/_git/Other",
  "result": {
    "schema_version": 1,
    "platform": "github",
    "repository": {
      "host": "github.com",
      "repository": "Org/Repo"
    },
    "remote_name": "origin",
    "source_branch": "change/pr-capability-preflight",
    "target_branch": "main",
    "head_sha": "28cce19bbb4de2cac70571b3146d44f952647fe9",
    "outcome": "read_verified",
    "code": "READ_VERIFIED",
    "operation": "github.readiness",
    "remedy": "Repository read access verified at invocation time; future PR create permission remains unknown.",
    "create_permission": "unknown"
  },
  "provider_calls": "[\"--version\"]\n[\"auth\",\"status\",\"--hostname\",\"github.com\"]\n[\"repo\",\"view\",\"Org/Repo\",\"--json\",\"nameWithOwner,url\"]\n",
  "no_push_executed": true
}
{
  "scenario": "multiple origin.pushurl",
  "push": "https://dev.azure.com/Other/Project/_git/Other\nhttps://github.com/Another/Repo.git",
  "result": {
    "schema_version": 1,
    "platform": "github",
    "repository": {
      "host": "github.com",
      "repository": "Org/Repo"
    },
    "remote_name": "origin",
    "source_branch": "change/pr-capability-preflight",
    "target_branch": "main",
    "head_sha": "28cce19bbb4de2cac70571b3146d44f952647fe9",
    "outcome": "read_verified",
    "code": "READ_VERIFIED",
    "operation": "github.readiness",
    "remedy": "Repository read access verified at invocation time; future PR create permission remains unknown.",
    "create_permission": "unknown"
  },
  "no_push_executed": true
}
