2026-10-07T23:28:44.0609793Z Current runner version: '2.337.0'
2026-10-07T23:28:44.0633579Z ##[group]Runner Image Provisioner
2026-10-07T23:28:44.0634500Z Hosted Compute Agent
2026-10-07T23:28:44.0635240Z Version: 20260901.588
2026-10-07T23:28:44.0635890Z Commit: f88ec8081b781fac6c440065ac7ff9e710ce3d0b
2026-10-07T23:28:44.0636709Z Build Date: 2026-09-01T19:56:44Z
2026-10-07T23:28:44.0637451Z Worker ID: {f707d20c-2366-4b3d-bc32-6290b992f6a9}
2026-10-07T23:28:44.0638192Z Azure Region: eastus
2026-10-07T23:28:44.0638880Z ##[endgroup]
2026-10-07T23:28:44.0641477Z ##[group]Operating System
2026-10-07T23:28:44.0642176Z Ubuntu
2026-10-07T23:28:44.0642816Z 24.04.5
2026-10-07T23:28:44.0643408Z LTS
2026-10-07T23:28:44.0643998Z ##[endgroup]
2026-10-07T23:28:44.0644602Z ##[group]Runner Image
2026-10-07T23:28:44.0645191Z Image: ubuntu-24.04
2026-10-07T23:28:44.0645860Z Version: 20260927.320.1
2026-10-07T23:28:44.0647186Z Included Software: https://github.com/actions/runner-images/blob/ubuntu24/20260927.320/images/ubuntu/Ubuntu2404-Readme.md
2026-10-07T23:28:44.0648864Z Image Release: https://github.com/actions/runner-images/releases/tag/ubuntu24%2F20260927.320
2026-10-07T23:28:44.0650084Z ##[endgroup]
2026-10-07T23:28:44.0651318Z ##[group]GITHUB_TOKEN Permissions
2026-10-07T23:28:44.0653820Z Contents: read
2026-10-07T23:28:44.0654553Z Metadata: read
2026-10-07T23:28:44.0655118Z ##[endgroup]
2026-10-07T23:28:44.0657631Z Secret source: Actions
2026-10-07T23:28:44.0658678Z Cache mode: write
2026-10-07T23:28:44.0660027Z Prepare workflow directory
2026-10-07T23:28:44.1047779Z Prepare all required actions
2026-10-07T23:28:44.1094877Z Getting action download info
2026-10-07T23:28:44.3274915Z Download action repository 'actions/checkout@v4' (SHA:11d5960a326750d5838078e36cf38b85af677262)
2026-10-07T23:28:44.4287687Z Download action repository 'actions/setup-node@v4' (SHA:49933ea5288caeca8642d1e84afbd3f7d6820020)
2026-10-07T23:28:44.6122788Z Complete job name: skill test suite (full framework, via test-framework.sh) (4)
2026-10-07T23:28:44.6938346Z ##[group]Run actions/checkout@v4
2026-10-07T23:28:44.6939479Z with:
2026-10-07T23:28:44.6939928Z   fetch-depth: 0
2026-10-07T23:28:44.6940404Z   repository: goodwind-cz/aai
2026-10-07T23:28:44.6944189Z   token: ***
2026-10-07T23:28:44.6944626Z   ssh-strict: true
2026-10-07T23:28:44.6945071Z   ssh-user: git
2026-10-07T23:28:44.6945526Z   persist-credentials: true
2026-10-07T23:28:44.6946044Z   clean: true
2026-10-07T23:28:44.6946494Z   sparse-checkout-cone-mode: true
2026-10-07T23:28:44.6947025Z   fetch-tags: false
2026-10-07T23:28:44.6947473Z   show-progress: true
2026-10-07T23:28:44.6947926Z   lfs: false
2026-10-07T23:28:44.6948338Z   submodules: false
2026-10-07T23:28:44.6948790Z   set-safe-directory: true
2026-10-07T23:28:44.6949456Z   allow-unsafe-pr-checkout: false
2026-10-07T23:28:44.6950246Z env:
2026-10-07T23:28:44.6950664Z   AAI_TEST_PARALLEL: 4
2026-10-07T23:28:44.6951185Z ##[endgroup]
2026-10-07T23:28:44.8006095Z Syncing repository: goodwind-cz/aai
2026-10-07T23:28:44.8008299Z ##[group]Getting Git version info
2026-10-07T23:28:44.8009028Z Working directory is '/home/runner/work/aai/aai'
2026-10-07T23:28:44.8010345Z [command]/usr/bin/git version
2026-10-07T23:28:44.8089864Z git version 2.55.0
2026-10-07T23:28:44.8121120Z ##[endgroup]
2026-10-07T23:28:44.8135755Z Temporarily overriding HOME='/home/runner/work/_temp/043ec78d-de48-45cb-afc0-b2bdce717da4' before making global git config changes
2026-10-07T23:28:44.8138057Z Adding repository directory to the temporary git global config as a safe directory
2026-10-07T23:28:44.8142114Z [command]/usr/bin/git config --global --add safe.directory /home/runner/work/aai/aai
2026-10-07T23:28:44.8197632Z Deleting the contents of '/home/runner/work/aai/aai'
2026-10-07T23:28:44.8202358Z ##[group]Initializing the repository
2026-10-07T23:28:44.8207435Z [command]/usr/bin/git init /home/runner/work/aai/aai
2026-10-07T23:28:44.8322185Z hint: Using 'master' as the name for the initial branch. This default branch name
2026-10-07T23:28:44.8323712Z hint: will change to "main" in Git 3.0. To configure the initial branch name
2026-10-07T23:28:44.8324991Z hint: to use in all of your new repositories, which will suppress this warning,
2026-10-07T23:28:44.8325756Z hint: call:
2026-10-07T23:28:44.8326164Z hint:
2026-10-07T23:28:44.8326693Z hint: 	git config --global init.defaultBranch <name>
2026-10-07T23:28:44.8327325Z hint:
2026-10-07T23:28:44.8327920Z hint: Names commonly chosen instead of 'master' are 'main', 'trunk' and
2026-10-07T23:28:44.8328912Z hint: 'development'. The just-created branch can be renamed via this command:
2026-10-07T23:28:44.8330023Z hint:
2026-10-07T23:28:44.8330451Z hint: 	git branch -m <name>
2026-10-07T23:28:44.8330935Z hint:
2026-10-07T23:28:44.8331586Z hint: Disable this message with "git config set advice.defaultBranchName false"
2026-10-07T23:28:44.8337210Z Initialized empty Git repository in /home/runner/work/aai/aai/.git/
2026-10-07T23:28:44.8349982Z [command]/usr/bin/git remote add origin https://github.com/goodwind-cz/aai
2026-10-07T23:28:44.8400259Z ##[endgroup]
2026-10-07T23:28:44.8401618Z ##[group]Disabling automatic garbage collection
2026-10-07T23:28:44.8406420Z [command]/usr/bin/git config --local gc.auto 0
2026-10-07T23:28:44.8440352Z ##[endgroup]
2026-10-07T23:28:44.8441745Z ##[group]Setting up auth
2026-10-07T23:28:44.8448797Z [command]/usr/bin/git config --local --name-only --get-regexp core\.sshCommand
2026-10-07T23:28:44.8490689Z [command]/usr/bin/git submodule foreach --recursive sh -c "git config --local --name-only --get-regexp 'core\.sshCommand' && git config --local --unset-all 'core.sshCommand' || :"
2026-10-07T23:28:44.8863199Z [command]/usr/bin/git config --local --name-only --get-regexp http\.https\:\/\/github\.com\/\.extraheader
2026-10-07T23:28:44.8901736Z [command]/usr/bin/git submodule foreach --recursive sh -c "git config --local --name-only --get-regexp 'http\.https\:\/\/github\.com\/\.extraheader' && git config --local --unset-all 'http.https://github.com/.extraheader' || :"
2026-10-07T23:28:44.9123720Z [command]/usr/bin/git config --local --name-only --get-regexp ^includeIf\.gitdir:
2026-10-07T23:28:44.9158692Z [command]/usr/bin/git submodule foreach --recursive git config --local --show-origin --name-only --get-regexp remote.origin.url
2026-10-07T23:28:44.9379912Z [command]/usr/bin/git config --local http.https://github.com/.extraheader AUTHORIZATION: basic ***
2026-10-07T23:28:44.9420186Z ##[endgroup]
2026-10-07T23:28:44.9420992Z ##[group]Fetching the repository
2026-10-07T23:28:44.9430375Z [command]/usr/bin/git -c protocol.version=2 fetch --prune --no-recurse-submodules origin +refs/heads/*:refs/remotes/origin/* +refs/tags/*:refs/tags/* +16c3e8d290cadd33c3008f888bc90388d77fb938:refs/remotes/pull/434/merge
2026-10-07T23:28:47.5998208Z From https://github.com/goodwind-cz/aai
2026-10-07T23:28:47.6002364Z  * [new branch]        change/amendment-signature-asks-the-owner-too-often -> origin/change/amendment-signature-asks-the-owner-too-often
2026-10-07T23:28:47.6007387Z  * [new branch]        change/downstream-rides-ask-no-governance-questions -> origin/change/downstream-rides-ask-no-governance-questions
2026-10-07T23:28:47.6012772Z  * [new branch]        change/original-request-outcome-backcheck -> origin/change/original-request-outcome-backcheck
2026-10-07T23:28:47.6017803Z  * [new branch]        change/pr-capability-preflight           -> origin/change/pr-capability-preflight
2026-10-07T23:28:47.6023052Z  * [new branch]        change/roadmap-serves-downstream-projects -> origin/change/roadmap-serves-downstream-projects
2026-10-07T23:28:47.6027666Z  * [new branch]        chore/close-userguide-catalog-item       -> origin/chore/close-userguide-catalog-item
2026-10-07T23:28:47.6031584Z  * [new branch]        chore/intake-routing-tables-owner-and-seam -> origin/chore/intake-routing-tables-owner-and-seam
2026-10-07T23:28:47.6034719Z  * [new branch]        chore/release-v2026.09.25                -> origin/chore/release-v2026.09.25
2026-10-07T23:28:47.6038261Z  * [new branch]        chore/release-v2026.09.28                -> origin/chore/release-v2026.09.28
2026-10-07T23:28:47.6042624Z  * [new branch]        chore/wave-3-intakes                     -> origin/chore/wave-3-intakes
2026-10-07T23:28:47.6048009Z  * [new branch]        cursor/feedback-triage-missing-output-dir-a7ce -> origin/cursor/feedback-triage-missing-output-dir-a7ce
2026-10-07T23:28:47.6052724Z  * [new branch]        cursor/gpt-6-pricing-family-67e6         -> origin/cursor/gpt-6-pricing-family-67e6
2026-10-07T23:28:47.6056735Z  * [new branch]        cursor/mutation-clone-fidelity-windows-eol-a7ce -> origin/cursor/mutation-clone-fidelity-windows-eol-a7ce
2026-10-07T23:28:47.6061601Z  * [new branch]        cursor/mutation-clone-windows-run-chain-5e0a -> origin/cursor/mutation-clone-windows-run-chain-5e0a
2026-10-07T23:28:47.6065812Z  * [new branch]        cursor/polydao-graph-loop-ideas-fa9c     -> origin/cursor/polydao-graph-loop-ideas-fa9c
2026-10-07T23:28:47.6072058Z  * [new branch]        cursor/pricing-missing-models-and-refresh-94d5 -> origin/cursor/pricing-missing-models-and-refresh-94d5
2026-10-07T23:28:47.6078749Z  * [new branch]        cursor/prompts-invoke-wsl-bash-on-windows-a7ce -> origin/cursor/prompts-invoke-wsl-bash-on-windows-a7ce
2026-10-07T23:28:47.6085120Z  * [new branch]        cursor/strategy-unscoped-from-current-focus-a7ce -> origin/cursor/strategy-unscoped-from-current-focus-a7ce
2026-10-07T23:28:47.6088491Z  * [new branch]        exp-0113-phase1                          -> origin/exp-0113-phase1
2026-10-07T23:28:47.6091512Z  * [new branch]        feat/antigravity-cli-skill-paths         -> origin/feat/antigravity-cli-skill-paths
2026-10-07T23:28:47.6095584Z  * [new branch]        feat/canon-is-a-build-artifact           -> origin/feat/canon-is-a-build-artifact
2026-10-07T23:28:47.6098893Z  * [new branch]        feat/cheap-model-in-practice             -> origin/feat/cheap-model-in-practice
2026-10-07T23:28:47.6102417Z  * [new branch]        feat/dev-progress-hub                    -> origin/feat/dev-progress-hub
2026-10-07T23:28:47.6106722Z  * [new branch]        feat/feedback-upsert-review              -> origin/feat/feedback-upsert-review
2026-10-07T23:28:47.6112000Z  * [new branch]        feat/friction-channel-sweep              -> origin/feat/friction-channel-sweep
2026-10-07T23:28:47.6116817Z  * [new branch]        feat/learned-append-gate                 -> origin/feat/learned-append-gate
2026-10-07T23:28:47.6122337Z  * [new branch]        feat/original-request-outcome-backcheck  -> origin/feat/original-request-outcome-backcheck
2026-10-07T23:28:47.6125999Z  * [new branch]        feat/pr-post-open-review-sweep           -> origin/feat/pr-post-open-review-sweep
2026-10-07T23:28:47.6129850Z  * [new branch]        feat/product-docs-enforced               -> origin/feat/product-docs-enforced
2026-10-07T23:28:47.6133829Z  * [new branch]        feat/prompt-hash-telemetry               -> origin/feat/prompt-hash-telemetry
2026-10-07T23:28:47.6137200Z  * [new branch]        feat/roadmap-takes-direction             -> origin/feat/roadmap-takes-direction
2026-10-07T23:28:47.6140741Z  * [new branch]        feat/role-output-contracts               -> origin/feat/role-output-contracts
2026-10-07T23:28:47.6143858Z  * [new branch]        feat/universality-proof                  -> origin/feat/universality-proof
2026-10-07T23:28:47.6147023Z  * [new branch]        feature/remote-orchestration             -> origin/feature/remote-orchestration
2026-10-07T23:28:47.6150949Z  * [new branch]        fix/canonical-provenance-archived-sources -> origin/fix/canonical-provenance-archived-sources
2026-10-07T23:28:47.6154710Z  * [new branch]        fix/closeout-display-id-match            -> origin/fix/closeout-display-id-match
2026-10-07T23:28:47.6158342Z  * [new branch]        fix/feedback-pipeline-discoverability    -> origin/fix/feedback-pipeline-discoverability
2026-10-07T23:28:47.6162277Z  * [new branch]        fix/gate-checks-declared-mutation        -> origin/fix/gate-checks-declared-mutation
2026-10-07T23:28:47.6165939Z  * [new branch]        fix/growth-pins-dont-wall-the-corpus     -> origin/fix/growth-pins-dont-wall-the-corpus
2026-10-07T23:28:47.6170760Z  * [new branch]        fix/worktree-lacks-vendored-aai-layer-downstream-wt -> origin/fix/worktree-lacks-vendored-aai-layer-downstream-wt
2026-10-07T23:28:47.6174303Z  * [new branch]        main                                     -> origin/main
2026-10-07T23:28:47.6177013Z  * [new branch]        research/polydao-verdicts                -> origin/research/polydao-verdicts
2026-10-07T23:28:47.6179838Z  * [new tag]           v2026.07.04                              -> v2026.07.04
2026-10-07T23:28:47.6181994Z  * [new tag]           v2026.07.20                              -> v2026.07.20
2026-10-07T23:28:47.6184109Z  * [new tag]           v2026.07.22                              -> v2026.07.22
2026-10-07T23:28:47.6186229Z  * [new tag]           v2026.07.24                              -> v2026.07.24
2026-10-07T23:28:47.6188376Z  * [new tag]           v2026.07.26                              -> v2026.07.26
2026-10-07T23:28:47.6190712Z  * [new tag]           v2026.07.28                              -> v2026.07.28
2026-10-07T23:28:47.6192858Z  * [new tag]           v2026.07.28.1                            -> v2026.07.28.1
2026-10-07T23:28:47.6194991Z  * [new tag]           v2026.07.29                              -> v2026.07.29
2026-10-07T23:28:47.6197077Z  * [new tag]           v2026.07.30                              -> v2026.07.30
2026-10-07T23:28:47.6199360Z  * [new tag]           v2026.08.01                              -> v2026.08.01
2026-10-07T23:28:47.6201495Z  * [new tag]           v2026.08.02                              -> v2026.08.02
2026-10-07T23:28:47.6203607Z  * [new tag]           v2026.08.03                              -> v2026.08.03
2026-10-07T23:28:47.6205740Z  * [new tag]           v2026.08.03.2                            -> v2026.08.03.2
2026-10-07T23:28:47.6207881Z  * [new tag]           v2026.08.04                              -> v2026.08.04
2026-10-07T23:28:47.6210390Z  * [new tag]           v2026.08.05                              -> v2026.08.05
2026-10-07T23:28:47.6212551Z  * [new tag]           v2026.08.07                              -> v2026.08.07
2026-10-07T23:28:47.6214665Z  * [new tag]           v2026.08.08                              -> v2026.08.08
2026-10-07T23:28:47.6216785Z  * [new tag]           v2026.08.11                              -> v2026.08.11
2026-10-07T23:28:47.6218890Z  * [new tag]           v2026.08.12                              -> v2026.08.12
2026-10-07T23:28:47.6221266Z  * [new tag]           v2026.08.13                              -> v2026.08.13
2026-10-07T23:28:47.6223420Z  * [new tag]           v2026.08.13.2                            -> v2026.08.13.2
2026-10-07T23:28:47.6225528Z  * [new tag]           v2026.08.14                              -> v2026.08.14
2026-10-07T23:28:47.6227659Z  * [new tag]           v2026.08.16                              -> v2026.08.16
2026-10-07T23:28:47.6229965Z  * [new tag]           v2026.08.23                              -> v2026.08.23
2026-10-07T23:28:47.6232084Z  * [new tag]           v2026.08.27                              -> v2026.08.27
2026-10-07T23:28:47.6234185Z  * [new tag]           v2026.08.29                              -> v2026.08.29
2026-10-07T23:28:47.6236282Z  * [new tag]           v2026.09.01                              -> v2026.09.01
2026-10-07T23:28:47.6238388Z  * [new tag]           v2026.09.06                              -> v2026.09.06
2026-10-07T23:28:47.6240718Z  * [new tag]           v2026.09.08                              -> v2026.09.08
2026-10-07T23:28:47.6242840Z  * [new tag]           v2026.09.09                              -> v2026.09.09
2026-10-07T23:28:47.6244960Z  * [new tag]           v2026.09.21                              -> v2026.09.21
2026-10-07T23:28:47.6247080Z  * [new tag]           v2026.09.25                              -> v2026.09.25
2026-10-07T23:28:47.6249392Z  * [new tag]           v2026.09.28                              -> v2026.09.28
2026-10-07T23:28:47.6251526Z  * [new tag]           v2026.09.30                              -> v2026.09.30
2026-10-07T23:28:47.6253786Z  * [new tag]           v2026.10.02                              -> v2026.10.02
2026-10-07T23:28:47.6256047Z  * [new ref]           16c3e8d290cadd33c3008f888bc90388d77fb938 -> pull/434/merge
2026-10-07T23:28:47.6258842Z  * [new tag]           test-fixture-pre-f2-close-work-item      -> test-fixture-pre-f2-close-work-item
2026-10-07T23:28:47.6262099Z  * [new tag]           test-fixture-pre-f3-guard                -> test-fixture-pre-f3-guard
2026-10-07T23:28:47.6267407Z ##[endgroup]
2026-10-07T23:28:47.6269746Z ##[group]Determining the checkout info
2026-10-07T23:28:47.6272194Z ##[endgroup]
2026-10-07T23:28:47.6273321Z [command]/usr/bin/git sparse-checkout disable
2026-10-07T23:28:47.6276892Z [command]/usr/bin/git config --local --unset-all extensions.worktreeConfig
2026-10-07T23:28:47.6281699Z ##[group]Checking out the ref
2026-10-07T23:28:47.6283442Z [command]/usr/bin/git checkout --progress --force refs/remotes/pull/434/merge
2026-10-07T23:28:47.8341979Z Note: switching to 'refs/remotes/pull/434/merge'.
2026-10-07T23:28:47.8342507Z 
2026-10-07T23:28:47.8342788Z You are in 'detached HEAD' state. You can look around, make experimental
2026-10-07T23:28:47.8343371Z changes and commit them, and you can discard any commits you make in this
2026-10-07T23:28:47.8343930Z state without impacting any branches by switching back to a branch.
2026-10-07T23:28:47.8344252Z 
2026-10-07T23:28:47.8344467Z If you want to create a new branch to retain commits you create, you may
2026-10-07T23:28:47.8344990Z do so (now or later) by using -c with the switch command. Example:
2026-10-07T23:28:47.8345280Z 
2026-10-07T23:28:47.8345418Z   git switch -c <new-branch-name>
2026-10-07T23:28:47.8345624Z 
2026-10-07T23:28:47.8345758Z Or undo this operation with:
2026-10-07T23:28:47.8345950Z 
2026-10-07T23:28:47.8346066Z   git switch -
2026-10-07T23:28:47.8346225Z 
2026-10-07T23:28:47.8346706Z Turn off this advice by setting config variable advice.detachedHead to false
2026-10-07T23:28:47.8347084Z 
2026-10-07T23:28:47.8347469Z HEAD is now at 16c3e8d2 Merge aa18e55e44f9487f0b8fdb6093b5a587c789960a into bdeb425c040ada918dd97e5b878b71e420bad83a
2026-10-07T23:28:47.8372082Z ##[endgroup]
2026-10-07T23:28:47.8417442Z [command]/usr/bin/git log -1 --format=%H
2026-10-07T23:28:47.8446136Z 16c3e8d290cadd33c3008f888bc90388d77fb938
2026-10-07T23:28:47.8792813Z ##[group]Run actions/setup-node@v4
2026-10-07T23:28:47.8793177Z with:
2026-10-07T23:28:47.8793430Z   node-version: 20
2026-10-07T23:28:47.8793692Z   always-auth: false
2026-10-07T23:28:47.8793963Z   check-latest: false
2026-10-07T23:28:47.8796473Z   token: ***
2026-10-07T23:28:47.8796716Z env:
2026-10-07T23:28:47.8796956Z   AAI_TEST_PARALLEL: 4
2026-10-07T23:28:47.8797221Z ##[endgroup]
2026-10-07T23:28:48.0225765Z Attempting to download 20...
2026-10-07T23:28:48.0332274Z (node:2309) [DEP0040] DeprecationWarning: The `punycode` module is deprecated. Please use a userland alternative instead.
2026-10-07T23:28:48.0333255Z (Use `node --trace-deprecation ...` to show where the warning was created)
2026-10-07T23:28:48.5281023Z Acquiring 20.20.2 - x64 from https://github.com/actions/node-versions/releases/download/20.20.2-23521894959/node-20.20.2-linux-x64.tar.gz
2026-10-07T23:28:48.8446133Z Extracting ...
2026-10-07T23:28:48.8578388Z [command]/usr/bin/tar xz --strip 1 --warning=no-unknown-keyword --overwrite -C /home/runner/work/_temp/24096fb4-f336-469a-8b63-786f715ceee1 -f /home/runner/work/_temp/9d6ba144-7c59-4e66-b226-645e5bb23744
2026-10-07T23:28:49.8549034Z Adding to the cache ...
2026-10-07T23:28:51.6377828Z ##[group]Environment details
2026-10-07T23:28:51.8551426Z node: v20.20.2
2026-10-07T23:28:51.8552225Z npm: 10.8.2
2026-10-07T23:28:51.8553863Z yarn: 1.22.22
2026-10-07T23:28:51.8555155Z ##[endgroup]
2026-10-07T23:28:51.8768699Z ##[group]Run set -euo pipefail
2026-10-07T23:28:51.8769410Z [36;1mset -euo pipefail[0m
2026-10-07T23:28:51.8769761Z [36;1mprintf '%s\n' "$SHARD_PLAN" > shard-plan.txt[0m
2026-10-07T23:28:51.8770323Z [36;1mbash tests/skills/lib/shard-plan-check.sh --check shard-plan.txt tests/skills >/dev/null[0m
2026-10-07T23:28:51.8771078Z [36;1mif [ "4" = "all" ]; then[0m
2026-10-07T23:28:51.8771393Z [36;1m  bash tests/skills/test-framework.sh[0m
2026-10-07T23:28:51.8771709Z [36;1melse[0m
2026-10-07T23:28:51.8772091Z [36;1m  SUITES="$(bash tests/skills/lib/shard-plan-check.sh --extract 4 shard-plan.txt)"[0m
2026-10-07T23:28:51.8772549Z [36;1m  args=()[0m
2026-10-07T23:28:51.8772774Z [36;1m  for s in $SUITES; do[0m
2026-10-07T23:28:51.8773037Z [36;1m    args+=(--skill "$s")[0m
2026-10-07T23:28:51.8773282Z [36;1m  done[0m
2026-10-07T23:28:51.8773548Z [36;1m  bash tests/skills/test-framework.sh "${args[@]}"[0m
2026-10-07T23:28:51.8773862Z [36;1mfi[0m
2026-10-07T23:28:51.9042491Z shell: /usr/bin/bash -e {0}
2026-10-07T23:28:51.9042783Z env:
2026-10-07T23:28:51.9042993Z   AAI_TEST_PARALLEL: 4
2026-10-07T23:28:51.9056414Z   SHARD_PLAN: SHARD 1 aai-learned-append weight=434
SHARD 1 aai-hygiene-pack weight=313
SHARD 1 aai-ceremony-levels weight=120
SHARD 1 aai-feedback-upsert weight=91
SHARD 1 aai-mutation-gate weight=82
SHARD 1 aai-suite-isolation weight=77
SHARD 1 aai-doc-numbering weight=43
SHARD 1 aai-orchestration-dispatch weight=39
SHARD 1 aai-git-ref-guard weight=28
SHARD 1 aai-roadmap weight=22
SHARD 1 aai-hooks-overlay weight=18
SHARD 1 aai-factory-report weight=12
SHARD 1 aai-outcome-backcheck weight=10
SHARD 1 aai-canon weight=7
SHARD 1 aai-spec-tools weight=6
SHARD 1 aai-heartbeat weight=5
SHARD 1 aai-role-output weight=5
SHARD 1 aai-docs-canon weight=4
SHARD 1 aai-check-state weight=3
SHARD 1 aai-issues weight=3
SHARD 1 aai-redact weight=3
SHARD 1 aai-session-lock weight=2
SHARD 1 aai-pricing weight=1
SHARD 1 aai-runtime-file weight=1
SHARD 1 aai-userguide-drift weight=1
SHARD 2 aai-merge-policy weight=434
SHARD 2 aai-delta-stage3 weight=278
SHARD 2 aai-run-tests weight=135
SHARD 2 aai-friction weight=93
SHARD 2 aai-sweep-parallel weight=91
SHARD 2 aai-release weight=81
SHARD 2 aai-delta-stage2 weight=56
SHARD 2 aai-follow-ups weight=37
SHARD 2 aai-pr-waiver weight=27
SHARD 2 aai-friction-capture-points weight=19
SHARD 2 aai-ride-select weight=18
SHARD 2 aai-debug-gate weight=10
SHARD 2 aai-pr-platform weight=10
SHARD 2 aai-docs-lock weight=7
SHARD 2 aai-tdd-evidence weight=6
SHARD 2 aai-learned-routing weight=5
SHARD 2 aai-test-canon weight=5
SHARD 2 aai-orchestration-mode weight=4
SHARD 2 aai-docs-hub weight=3
SHARD 2 aai-layer-drift weight=3
SHARD 2 aai-token-capture weight=3
SHARD 2 aai-antigravity-project-skills weight=1
SHARD 2 aai-implementation-mode weight=1
SHARD 2 aai-prompt-hash weight=1
SHARD 2 aai-share weight=1
SHARD 2 aai-userguide-rollup weight=1
SHARD 3 aai-pr-preflight weight=434
SHARD 3 aai-sync-seed weight=234
SHARD 3 aai-doctor weight=149
SHARD 3 aai-doc-number-reservation weight=97
SHARD 3 aai-friction-wiring weight=91
SHARD 3 aai-golden-flow weight=81
SHARD 3 aai-ledger-merge weight=66
SHARD 3 aai-deslop weight=40
SHARD 3 aai-update-check weight=32
SHARD 3 aai-state weight=27
SHARD 3 aai-intake weight=17
SHARD 3 aai-constitution weight=11
SHARD 3 aai-win-fallback weight=10
SHARD 3 aai-hitl-channel weight=6
SHARD 3 aai-routine weight=6
SHARD 3 aai-bootstrap weight=5
SHARD 3 aai-prompt-diet weight=5
SHARD 3 aai-delta-stage1 weight=4
SHARD 3 aai-verify-gate weight=4
SHARD 3 aai-orphan-sweep weight=3
SHARD 3 aai-dashboard weight=2
SHARD 3 aai-reconcile-telemetry weight=2
SHARD 3 aai-pipe-safe weight=1
SHARD 3 aai-prune-stale-briefs weight=1
SHARD 3 aai-suite-select weight=1
SHARD 3 aai-validator-isolation weight=1
SHARD 4 aai-worktree-seed weight=434
SHARD 4 aai-docs-audit weight=161
SHARD 4 aai-repo-tripwire weight=155
SHARD 4 aai-close-work-item weight=112
SHARD 4 aai-hitl-propagation weight=93
SHARD 4 aai-metrics weight=89
SHARD 4 aai-layer-profiles weight=69
SHARD 4 aai-secrets-preflight weight=52
SHARD 4 aai-spec-lint weight=39
SHARD 4 aai-spec-amend weight=28
SHARD 4 aai-live-serve weight=19
SHARD 4 aai-close-reconcile weight=15
SHARD 4 aai-live-status weight=13
SHARD 4 aai-advisory-skills weight=9
SHARD 4 aai-branch-guard weight=9
SHARD 4 aai-update weight=6
SHARD 4 aai-lightweight-lane weight=5
SHARD 4 aai-unattended weight=5
SHARD 4 aai-overview weight=4
SHARD 4 aai-feedback-triage weight=3
SHARD 4 aai-product-docs weight=3
SHARD 4 aai-feedback-status weight=2
SHARD 4 aai-downstream-autopilot weight=1
SHARD 4 aai-planning-probes weight=1
SHARD 4 aai-r-guard weight=1
SHARD 4 aai-tdd weight=1
SHARD 4 aai-worktree weight=1
SHARDS count=4 suites=104
2026-10-07T23:28:51.9069452Z ##[endgroup]
2026-10-07T23:28:52.0600494Z 
2026-10-07T23:28:52.0605817Z AAI Skills Test Framework
2026-10-07T23:28:52.0606195Z =========================
2026-10-07T23:28:52.0606408Z 
2026-10-07T23:28:52.0629336Z [0;34m[INFO][0m Setting up results directory: /home/runner/work/aai/aai/tests/skills/results/test-20261007-232852
2026-10-07T23:28:52.0641880Z [0;34m[INFO][0m Checking system dependencies...
2026-10-07T23:28:52.7299718Z [0;32m[PASS][0m Dependencies checked
2026-10-07T23:28:52.8052009Z [0;34m[INFO][0m Isolation: every suite runs isolated in a disposable git checkout (its own .git, D1) seeded from the working tree
2026-10-07T23:28:52.8057273Z [0;34m[INFO][0m Concurrency: up to 4 suite(s) run at a time (AAI_TEST_PARALLEL=4). Set AAI_TEST_PARALLEL=1 for the serial execution model.
2026-10-07T23:28:52.8058644Z [0;34m[INFO][0m Discovering skill tests...
2026-10-07T23:28:52.8078693Z [0;34m[INFO][0m Found 27 test(s)
2026-10-07T23:28:52.8079460Z [0;34m[INFO][0m 
2026-10-07T23:28:52.8080018Z [0;34m[INFO][0m Running tests...
2026-10-07T23:28:52.8080526Z [0;34m[INFO][0m 
2026-10-07T23:29:07.1022356Z [ 1/27] aai-docs-audit       [0;31mFAIL[0m (12.0s) [tripwire NOT ATTESTED — suite exited 1 before completing]
2026-10-07T23:29:07.1063541Z --- Error Details (aai-docs-audit) ---
2026-10-07T23:29:07.1064456Z --- failure lines (whole log) ---
2026-10-07T23:29:07.1086309Z 11:FAIL: Expected 'Verdict: CLEAN' in /tmp/aai-docs-audit-test.4U9amP/silence-live-1349.log
2026-10-07T23:29:07.1125984Z --- tail (last 30 lines) ---
2026-10-07T23:29:07.1149888Z Testing aai-docs-audit skill (engine + fixtures)
2026-10-07T23:29:07.1158876Z INFO: Checking dependencies...
2026-10-07T23:29:07.1159960Z PASS: Dependencies checked
2026-10-07T23:29:07.1160699Z INFO: Setting up fixture repo...
2026-10-07T23:29:07.1161366Z PASS: Fixture repo ready
2026-10-07T23:29:07.1162821Z INFO: Test: --check --strict over the live tree exits 0 and every near-miss document it names is dispositioned in the spec (TEST-1351)...
2026-10-07T23:29:07.1164674Z PASS: Every near-miss document over the live corpus is dispositioned, and --check --strict still exits 0
2026-10-07T23:29:07.1166813Z INFO: Test: the docs-audit headline carries the near-miss count split into blocking and report-only, and it equals the section count (TEST-1348)...
2026-10-07T23:29:07.1168659Z PASS: The near-miss count is part of what the headline SAYS, and it agrees with the section
2026-10-07T23:29:07.1171216Z INFO: Test: the Verdict line names the unreadable AC tables when any exist, stays bare CLEAN when none do, and keeps the literal 'Verdict: CLEAN' substring either way (TEST-1349)...
2026-10-07T23:29:07.1173269Z FAIL: Expected 'Verdict: CLEAN' in /tmp/aai-docs-audit-test.4U9amP/silence-live-1349.log
2026-10-07T23:29:07.1174311Z --- end aai-docs-audit ---
2026-10-07T23:29:21.1588545Z [ 2/27] aai-worktree-seed    [0;32mPASS[0m (26.0s)
2026-10-07T23:30:32.8069713Z [ 3/27] aai-hitl-propagation [0;32mPASS[0m (83.0s)
2026-10-07T23:30:42.0938439Z [ 4/27] aai-close-work-item  [0;32mPASS[0m (107.0s)
2026-10-07T23:31:21.3780807Z [ 5/27] aai-metrics          [0;32mPASS[0m (118.0s)
2026-10-07T23:31:41.0924787Z [ 6/27] aai-layer-profiles   [0;32mPASS[0m (67.0s)
2026-10-07T23:31:46.4636677Z [ 7/27] aai-secrets-preflight [0;32mPASS[0m (62.0s)
2026-10-07T23:31:51.3473092Z [ 8/27] aai-repo-tripwire    [0;31mFAIL[0m (176.0s) [tripwire NOT ATTESTED — suite exited 1 before completing]
2026-10-07T23:31:51.3474722Z --- Error Details (aai-repo-tripwire) ---
2026-10-07T23:31:51.3475679Z --- failure lines (whole log) ---
2026-10-07T23:31:51.3542306Z 9:FAIL TEST-006 fixed suites leave the real tree untouched
2026-10-07T23:31:51.3566981Z --- tail (last 30 lines) ---
2026-10-07T23:31:51.3577267Z === Test: aai-repo-tripwire (spec-suites-must-not-touch-the-shipping-repo) ===
2026-10-07T23:31:51.3583253Z PASS TEST-001 a dirty suite turns the framework run red, naming the suite and both changed paths; the clean suite in the same run still passes
2026-10-07T23:31:51.3585805Z PASS TEST-002 a suite that commits is caught by the HEAD half of the snapshot and both shas are named
2026-10-07T23:31:51.3600879Z PASS TEST-003 exit-42-is-SKIP still holds, and a skipped or crashed suite is reported NOT ATTESTED rather than counted clean
2026-10-07T23:31:51.3606258Z PASS TEST-004 an untouched tree keeps the run green and every exit code intact, at exactly one git status pair per suite (measured: 6 calls over 3 suites)
2026-10-07T23:31:51.3608723Z PASS TEST-005 tests/skills/results is git-ignored, so the framework's own run artifacts cannot masquerade as a suite's write
2026-10-07T23:31:51.3611204Z   TEST-006: test-aai-doc-numbering exited 1 — it must run to COMPLETION against the real tree, not abort early
2026-10-07T23:31:51.3613338Z   TEST-006: test-aai-deslop exited 1 — it must run to COMPLETION against the real tree, not abort early
2026-10-07T23:31:51.3614921Z FAIL TEST-006 fixed suites leave the real tree untouched
2026-10-07T23:31:51.3621659Z PASS TEST-007 the ad hoc funnel reports the same violation naming the command and the path, leaves every exit code untouched, is silent on a clean run and where the tripwire could never arm, and names both a missing library and a repository made unreadable mid-run
2026-10-07T23:31:51.3624954Z PASS TEST-008 the seeded ratchet warns for a known offender inside its listed paths, still fails it outside them, and still fails an unlisted suite
2026-10-07T23:31:51.3626986Z PASS TEST-009 a suite that leaves the repository unreadable fails closed instead of reading as clean
2026-10-07T23:31:51.3628706Z PASS TEST-010 a run whose tripwire could not arm at all labels every progress line NOT ARMED and stays green
2026-10-07T23:31:51.3631478Z PASS TEST-011 a second and a third write to one ratchet path are seen: the listed writer reads ALLOWED, the unlisted writer fails the run naming the path, and none of the three counts as attested clean
2026-10-07T23:31:51.3634543Z PASS TEST-012 a duplicate ratchet entry is named and stays dead, and a glob-shaped entry path is named and matches nothing instead of silently widening to the working directory
2026-10-07T23:31:51.3637520Z PASS TEST-013 with the known-offender table drained, a suite carrying a formerly exempt name and writing a formerly exempt path fails the run and is named, and nothing reads ALLOWED
2026-10-07T23:31:51.3640827Z PASS TEST-014 the shipped known-offender table holds 0 entr(ies), at or under the declared maximum of 0, measured by a counter proved able to see 2 seeded entries and to refuse an anchorless file
2026-10-07T23:31:51.3643821Z PASS TEST-015 the always-watch floor is declared (3 paths), seeds the watch set, and seeds the dedup set — the D7 fix is asserted, not just present
2026-10-07T23:31:51.3646454Z PASS TEST-016 a suite that fails on its own exit code AND trips the tripwire gets both the tripwire violation block and the failure-lines-plus-tail dump
2026-10-07T23:31:51.3657245Z PASS TEST-017 a suite whose after-snapshot was lost AND that failed on its own exit code gets both the tripwire report and the failure-lines-plus-tail dump
2026-10-07T23:31:51.3662096Z PASS TEST-436 an ALLOWED verdict accounts for a path already dirty before the suite ran, and a hasher degrade that masks a write is named on the masked suite's own line and in its telemetry record (with a real hasher, the same shape genuinely fails instead)
2026-10-07T23:31:51.3672064Z   TEST-437: the nested full run exited 1 (want 0)
2026-10-07T23:31:51.3685294Z PASS TEST-437 a full run of this suite (nested, under its own scoped TMPDIR) leaves no aai-tripwire-fixture.* or aai-tripwire-registry.* directory behind
2026-10-07T23:31:51.3686920Z 
2026-10-07T23:31:51.3687448Z Some tests failed.
2026-10-07T23:31:51.3688240Z --- end aai-repo-tripwire ---
2026-10-07T23:32:05.4424170Z [ 9/27] aai-close-reconcile  [0;32mPASS[0m (12.0s)
2026-10-07T23:32:07.1302538Z [10/27] aai-live-serve       [0;32mPASS[0m (19.0s)
2026-10-07T23:32:07.5272718Z [11/27] aai-spec-lint        [0;32mPASS[0m (44.0s)
2026-10-07T23:32:11.6502417Z [12/27] aai-spec-amend       [0;32mPASS[0m (30.0s)
2026-10-07T23:32:16.5880896Z [13/27] aai-branch-guard     [0;32mPASS[0m (7.0s)
2026-10-07T23:32:17.7915368Z [14/27] aai-advisory-skills  [0;32mPASS[0m (10.0s)
2026-10-07T23:32:18.2728966Z [15/27] aai-update           [0;32mPASS[0m (5.0s)
2026-10-07T23:32:20.2273467Z [16/27] aai-live-status      [0;32mPASS[0m (13.0s)
2026-10-07T23:32:23.3950875Z [17/27] aai-lightweight-lane [0;32mPASS[0m (5.0s)
2026-10-07T23:32:24.0384657Z [18/27] aai-feedback-triage  [0;32mPASS[0m (2.0s)
2026-10-07T23:32:24.5417433Z [19/27] aai-overview         [0;32mPASS[0m (4.0s)
2026-10-07T23:32:25.0286563Z [20/27] aai-unattended       [0;32mPASS[0m (6.0s)
2026-10-07T23:32:27.4582088Z [21/27] aai-downstream-autopilot [0;32mPASS[0m (1.0s)
2026-10-07T23:32:27.8264817Z [22/27] aai-feedback-status  [0;32mPASS[0m (2.0s)
2026-10-07T23:32:28.3339957Z [23/27] aai-planning-probes  [0;32mPASS[0m (0.0s)
2026-10-07T23:32:28.8501052Z [24/27] aai-product-docs     [0;32mPASS[0m (4.0s)
2026-10-07T23:32:29.2526699Z [25/27] aai-r-guard          [0;32mPASS[0m (0.0s)
2026-10-07T23:32:29.5616863Z [26/27] aai-tdd              [0;32mPASS[0m (0.0s)
2026-10-07T23:32:29.8598062Z [27/27] aai-worktree         [0;32mPASS[0m (0.0s)
2026-10-07T23:32:29.8990104Z [0;34m[INFO][0m 
2026-10-07T23:32:29.8990488Z [0;34m[INFO][0m 
2026-10-07T23:32:29.8990954Z [0;34m[INFO][0m =========================================
2026-10-07T23:32:29.8991663Z [0;34m[INFO][0m Test Summary
2026-10-07T23:32:29.8992346Z [0;31m[FAIL][0m Failed:  2 (7%)
2026-10-07T23:32:29.8993078Z [0;34m[INFO][0m =========================================
2026-10-07T23:32:29.8993739Z [0;34m[INFO][0m Total:   27
2026-10-07T23:32:29.8994307Z [0;32m[PASS][0m Passed:  25 (92%)
2026-10-07T23:32:29.8995283Z [0;34m[INFO][0m Tripwire: 25/27 suite(s) attested clean; 2 not attested (skipped, failed, allowlisted, or unguarded)
2026-10-07T23:32:29.8996221Z [0;34m[INFO][0m Isolation: 27/27 suite(s) isolated; 0 degraded
2026-10-07T23:32:29.8996969Z [0;34m[INFO][0m Seeding: 27/27 suite(s) fully seeded; 0 partial; 0 skipped
2026-10-07T23:32:29.8997897Z [0;34m[INFO][0m Concurrency: width 4; 0 wave(s) re-run serially (0 suite(s) total) to attribute a shipping-repository change
2026-10-07T23:32:29.8998507Z [0;34m[INFO][0m 
2026-10-07T23:32:29.8999435Z [0;34m[INFO][0m Results saved to: /home/runner/work/aai/aai/tests/skills/results/test-20261007-232852
2026-10-07T23:32:29.9522406Z ##[error]Process completed with exit code 1.
2026-10-07T23:32:29.9667537Z Post job cleanup.
2026-10-07T23:32:30.0540939Z [command]/usr/bin/git version
2026-10-07T23:32:30.0585483Z git version 2.55.0
2026-10-07T23:32:30.0625425Z Temporarily overriding HOME='/home/runner/work/_temp/1cb19766-802e-4508-becc-c7d28a4121fc' before making global git config changes
2026-10-07T23:32:30.0627458Z Adding repository directory to the temporary git global config as a safe directory
2026-10-07T23:32:30.0631821Z [command]/usr/bin/git config --global --add safe.directory /home/runner/work/aai/aai
2026-10-07T23:32:30.0674143Z [command]/usr/bin/git config --local --name-only --get-regexp core\.sshCommand
2026-10-07T23:32:30.0710270Z [command]/usr/bin/git submodule foreach --recursive sh -c "git config --local --name-only --get-regexp 'core\.sshCommand' && git config --local --unset-all 'core.sshCommand' || :"
2026-10-07T23:32:30.0954155Z [command]/usr/bin/git config --local --name-only --get-regexp http\.https\:\/\/github\.com\/\.extraheader
2026-10-07T23:32:30.0977554Z http.https://github.com/.extraheader
2026-10-07T23:32:30.0989906Z [command]/usr/bin/git config --local --unset-all http.https://github.com/.extraheader
2026-10-07T23:32:30.1034402Z [command]/usr/bin/git submodule foreach --recursive sh -c "git config --local --name-only --get-regexp 'http\.https\:\/\/github\.com\/\.extraheader' && git config --local --unset-all 'http.https://github.com/.extraheader' || :"
2026-10-07T23:32:30.1307592Z [command]/usr/bin/git config --local --name-only --get-regexp ^includeIf\.gitdir:
2026-10-07T23:32:30.1347719Z [command]/usr/bin/git submodule foreach --recursive git config --local --show-origin --name-only --get-regexp remote.origin.url
2026-10-07T23:32:30.1744798Z Cleaning up orphan processes
2026-10-07T23:32:30.2040015Z ##[warning]Node.js 20 is deprecated. The following actions target Node.js 20 but are being forced to run on Node.js 24: actions/checkout@v4, actions/setup-node@v4. For more information see: https://github.blog/changelog/2025-09-19-deprecation-of-node-20-on-github-actions-runners/
