2026-10-07T23:28:44.1630553Z Current runner version: '2.337.0'
2026-10-07T23:28:44.1658622Z ##[group]Runner Image Provisioner
2026-10-07T23:28:44.1659591Z Hosted Compute Agent
2026-10-07T23:28:44.1660208Z Version: 20261002.596
2026-10-07T23:28:44.1660846Z Commit: c3d12f3313a95f25162a1503be624f3b0617f8c0
2026-10-07T23:28:44.1661639Z Build Date: 2026-10-02T22:28:27Z
2026-10-07T23:28:44.1662329Z Worker ID: {d9637a73-94c7-4bd8-84de-4eb20e4a3774}
2026-10-07T23:28:44.1663033Z Region: eastus
2026-10-07T23:28:44.1663684Z Cloud: Azure
2026-10-07T23:28:44.1664229Z ##[endgroup]
2026-10-07T23:28:44.1665833Z ##[group]Operating System
2026-10-07T23:28:44.1666481Z Ubuntu
2026-10-07T23:28:44.1667016Z 24.04.5
2026-10-07T23:28:44.1667786Z LTS
2026-10-07T23:28:44.1668325Z ##[endgroup]
2026-10-07T23:28:44.1669161Z ##[group]Runner Image
2026-10-07T23:28:44.1669781Z Image: ubuntu-24.04
2026-10-07T23:28:44.1670377Z Version: 20261004.327.1
2026-10-07T23:28:44.1671715Z Included Software: https://github.com/actions/runner-images/blob/ubuntu24/20261004.327/images/ubuntu/Ubuntu2404-Readme.md
2026-10-07T23:28:44.1673332Z Image Release: https://github.com/actions/runner-images/releases/tag/ubuntu24%2F20261004.327
2026-10-07T23:28:44.1674353Z ##[endgroup]
2026-10-07T23:28:44.1675564Z ##[group]GITHUB_TOKEN Permissions
2026-10-07T23:28:44.1677442Z Contents: read
2026-10-07T23:28:44.1678521Z Metadata: read
2026-10-07T23:28:44.1679140Z ##[endgroup]
2026-10-07T23:28:44.1681445Z Secret source: Actions
2026-10-07T23:28:44.1682489Z Cache mode: write
2026-10-07T23:28:44.1683184Z Prepare workflow directory
2026-10-07T23:28:44.2073000Z Prepare all required actions
2026-10-07T23:28:44.2120577Z Getting action download info
2026-10-07T23:28:44.4229817Z Download action repository 'actions/checkout@v4' (SHA:11d5960a326750d5838078e36cf38b85af677262)
2026-10-07T23:28:44.5432654Z Download action repository 'actions/setup-node@v4' (SHA:49933ea5288caeca8642d1e84afbd3f7d6820020)
2026-10-07T23:28:44.7363474Z Complete job name: skill test suite (full framework, via test-framework.sh) (2)
2026-10-07T23:28:44.8185547Z ##[group]Run actions/checkout@v4
2026-10-07T23:28:44.8186429Z with:
2026-10-07T23:28:44.8186862Z   fetch-depth: 0
2026-10-07T23:28:44.8187342Z   repository: goodwind-cz/aai
2026-10-07T23:28:44.8191573Z   token: ***
2026-10-07T23:28:44.8192013Z   ssh-strict: true
2026-10-07T23:28:44.8192458Z   ssh-user: git
2026-10-07T23:28:44.8192917Z   persist-credentials: true
2026-10-07T23:28:44.8193417Z   clean: true
2026-10-07T23:28:44.8193874Z   sparse-checkout-cone-mode: true
2026-10-07T23:28:44.8194402Z   fetch-tags: false
2026-10-07T23:28:44.8194855Z   show-progress: true
2026-10-07T23:28:44.8195310Z   lfs: false
2026-10-07T23:28:44.8195735Z   submodules: false
2026-10-07T23:28:44.8196193Z   set-safe-directory: true
2026-10-07T23:28:44.8196717Z   allow-unsafe-pr-checkout: false
2026-10-07T23:28:44.8197701Z env:
2026-10-07T23:28:44.8198152Z   AAI_TEST_PARALLEL: 4
2026-10-07T23:28:44.8198621Z ##[endgroup]
2026-10-07T23:28:44.9205619Z Syncing repository: goodwind-cz/aai
2026-10-07T23:28:44.9208539Z ##[group]Getting Git version info
2026-10-07T23:28:44.9209615Z Working directory is '/home/runner/work/aai/aai'
2026-10-07T23:28:44.9211133Z [command]/usr/bin/git version
2026-10-07T23:28:44.9270008Z git version 2.55.0
2026-10-07T23:28:44.9291936Z ##[endgroup]
2026-10-07T23:28:44.9307235Z Temporarily overriding HOME='/home/runner/work/_temp/1e910cfb-8c3e-467c-b053-fa70ca6293b3' before making global git config changes
2026-10-07T23:28:44.9309888Z Adding repository directory to the temporary git global config as a safe directory
2026-10-07T23:28:44.9312365Z [command]/usr/bin/git config --global --add safe.directory /home/runner/work/aai/aai
2026-10-07T23:28:44.9365071Z Deleting the contents of '/home/runner/work/aai/aai'
2026-10-07T23:28:44.9371085Z ##[group]Initializing the repository
2026-10-07T23:28:44.9376400Z [command]/usr/bin/git init /home/runner/work/aai/aai
2026-10-07T23:28:44.9488047Z hint: Using 'master' as the name for the initial branch. This default branch name
2026-10-07T23:28:44.9490155Z hint: will change to "main" in Git 3.0. To configure the initial branch name
2026-10-07T23:28:44.9492343Z hint: to use in all of your new repositories, which will suppress this warning,
2026-10-07T23:28:44.9494003Z hint: call:
2026-10-07T23:28:44.9495008Z hint:
2026-10-07T23:28:44.9496281Z hint: 	git config --global init.defaultBranch <name>
2026-10-07T23:28:44.9497950Z hint:
2026-10-07T23:28:44.9499327Z hint: Names commonly chosen instead of 'master' are 'main', 'trunk' and
2026-10-07T23:28:44.9501337Z hint: 'development'. The just-created branch can be renamed via this command:
2026-10-07T23:28:44.9502833Z hint:
2026-10-07T23:28:44.9503688Z hint: 	git branch -m <name>
2026-10-07T23:28:44.9504717Z hint:
2026-10-07T23:28:44.9505894Z hint: Disable this message with "git config set advice.defaultBranchName false"
2026-10-07T23:28:44.9507106Z Initialized empty Git repository in /home/runner/work/aai/aai/.git/
2026-10-07T23:28:44.9510461Z [command]/usr/bin/git remote add origin https://github.com/goodwind-cz/aai
2026-10-07T23:28:44.9559771Z ##[endgroup]
2026-10-07T23:28:44.9561086Z ##[group]Disabling automatic garbage collection
2026-10-07T23:28:44.9564306Z [command]/usr/bin/git config --local gc.auto 0
2026-10-07T23:28:44.9599943Z ##[endgroup]
2026-10-07T23:28:44.9601295Z ##[group]Setting up auth
2026-10-07T23:28:44.9607427Z [command]/usr/bin/git config --local --name-only --get-regexp core\.sshCommand
2026-10-07T23:28:44.9646217Z [command]/usr/bin/git submodule foreach --recursive sh -c "git config --local --name-only --get-regexp 'core\.sshCommand' && git config --local --unset-all 'core.sshCommand' || :"
2026-10-07T23:28:45.0032206Z [command]/usr/bin/git config --local --name-only --get-regexp http\.https\:\/\/github\.com\/\.extraheader
2026-10-07T23:28:45.0081426Z [command]/usr/bin/git submodule foreach --recursive sh -c "git config --local --name-only --get-regexp 'http\.https\:\/\/github\.com\/\.extraheader' && git config --local --unset-all 'http.https://github.com/.extraheader' || :"
2026-10-07T23:28:45.0307206Z [command]/usr/bin/git config --local --name-only --get-regexp ^includeIf\.gitdir:
2026-10-07T23:28:45.0342649Z [command]/usr/bin/git submodule foreach --recursive git config --local --show-origin --name-only --get-regexp remote.origin.url
2026-10-07T23:28:45.0563564Z [command]/usr/bin/git config --local http.https://github.com/.extraheader AUTHORIZATION: basic ***
2026-10-07T23:28:45.0604975Z ##[endgroup]
2026-10-07T23:28:45.0605887Z ##[group]Fetching the repository
2026-10-07T23:28:45.0616527Z [command]/usr/bin/git -c protocol.version=2 fetch --prune --no-recurse-submodules origin +refs/heads/*:refs/remotes/origin/* +refs/tags/*:refs/tags/* +16c3e8d290cadd33c3008f888bc90388d77fb938:refs/remotes/pull/434/merge
2026-10-07T23:28:49.7243931Z From https://github.com/goodwind-cz/aai
2026-10-07T23:28:49.7247366Z  * [new branch]        change/amendment-signature-asks-the-owner-too-often -> origin/change/amendment-signature-asks-the-owner-too-often
2026-10-07T23:28:49.7252229Z  * [new branch]        change/downstream-rides-ask-no-governance-questions -> origin/change/downstream-rides-ask-no-governance-questions
2026-10-07T23:28:49.7257074Z  * [new branch]        change/original-request-outcome-backcheck -> origin/change/original-request-outcome-backcheck
2026-10-07T23:28:49.7261950Z  * [new branch]        change/pr-capability-preflight           -> origin/change/pr-capability-preflight
2026-10-07T23:28:49.7266648Z  * [new branch]        change/roadmap-serves-downstream-projects -> origin/change/roadmap-serves-downstream-projects
2026-10-07T23:28:49.7271028Z  * [new branch]        chore/close-userguide-catalog-item       -> origin/chore/close-userguide-catalog-item
2026-10-07T23:28:49.7275777Z  * [new branch]        chore/intake-routing-tables-owner-and-seam -> origin/chore/intake-routing-tables-owner-and-seam
2026-10-07T23:28:49.7278990Z  * [new branch]        chore/release-v2026.09.25                -> origin/chore/release-v2026.09.25
2026-10-07T23:28:49.7281317Z  * [new branch]        chore/release-v2026.09.28                -> origin/chore/release-v2026.09.28
2026-10-07T23:28:49.7284221Z  * [new branch]        chore/wave-3-intakes                     -> origin/chore/wave-3-intakes
2026-10-07T23:28:49.7289342Z  * [new branch]        cursor/feedback-triage-missing-output-dir-a7ce -> origin/cursor/feedback-triage-missing-output-dir-a7ce
2026-10-07T23:28:49.7294694Z  * [new branch]        cursor/gpt-6-pricing-family-67e6         -> origin/cursor/gpt-6-pricing-family-67e6
2026-10-07T23:28:49.7299430Z  * [new branch]        cursor/mutation-clone-fidelity-windows-eol-a7ce -> origin/cursor/mutation-clone-fidelity-windows-eol-a7ce
2026-10-07T23:28:49.7303503Z  * [new branch]        cursor/mutation-clone-windows-run-chain-5e0a -> origin/cursor/mutation-clone-windows-run-chain-5e0a
2026-10-07T23:28:49.7307057Z  * [new branch]        cursor/polydao-graph-loop-ideas-fa9c     -> origin/cursor/polydao-graph-loop-ideas-fa9c
2026-10-07T23:28:49.7311114Z  * [new branch]        cursor/pricing-missing-models-and-refresh-94d5 -> origin/cursor/pricing-missing-models-and-refresh-94d5
2026-10-07T23:28:49.7315454Z  * [new branch]        cursor/prompts-invoke-wsl-bash-on-windows-a7ce -> origin/cursor/prompts-invoke-wsl-bash-on-windows-a7ce
2026-10-07T23:28:49.7321953Z  * [new branch]        cursor/strategy-unscoped-from-current-focus-a7ce -> origin/cursor/strategy-unscoped-from-current-focus-a7ce
2026-10-07T23:28:49.7326808Z  * [new branch]        exp-0113-phase1                          -> origin/exp-0113-phase1
2026-10-07T23:28:49.7331002Z  * [new branch]        feat/antigravity-cli-skill-paths         -> origin/feat/antigravity-cli-skill-paths
2026-10-07T23:28:49.7335188Z  * [new branch]        feat/canon-is-a-build-artifact           -> origin/feat/canon-is-a-build-artifact
2026-10-07T23:28:49.7338388Z  * [new branch]        feat/cheap-model-in-practice             -> origin/feat/cheap-model-in-practice
2026-10-07T23:28:49.7341059Z  * [new branch]        feat/dev-progress-hub                    -> origin/feat/dev-progress-hub
2026-10-07T23:28:49.7345157Z  * [new branch]        feat/feedback-upsert-review              -> origin/feat/feedback-upsert-review
2026-10-07T23:28:49.7348365Z  * [new branch]        feat/friction-channel-sweep              -> origin/feat/friction-channel-sweep
2026-10-07T23:28:49.7351140Z  * [new branch]        feat/learned-append-gate                 -> origin/feat/learned-append-gate
2026-10-07T23:28:49.7354323Z  * [new branch]        feat/original-request-outcome-backcheck  -> origin/feat/original-request-outcome-backcheck
2026-10-07T23:28:49.7359488Z  * [new branch]        feat/pr-post-open-review-sweep           -> origin/feat/pr-post-open-review-sweep
2026-10-07T23:28:49.7364550Z  * [new branch]        feat/product-docs-enforced               -> origin/feat/product-docs-enforced
2026-10-07T23:28:49.7369491Z  * [new branch]        feat/prompt-hash-telemetry               -> origin/feat/prompt-hash-telemetry
2026-10-07T23:28:49.7374029Z  * [new branch]        feat/roadmap-takes-direction             -> origin/feat/roadmap-takes-direction
2026-10-07T23:28:49.7377000Z  * [new branch]        feat/role-output-contracts               -> origin/feat/role-output-contracts
2026-10-07T23:28:49.7380026Z  * [new branch]        feat/universality-proof                  -> origin/feat/universality-proof
2026-10-07T23:28:49.7383665Z  * [new branch]        feature/remote-orchestration             -> origin/feature/remote-orchestration
2026-10-07T23:28:49.7387039Z  * [new branch]        fix/canonical-provenance-archived-sources -> origin/fix/canonical-provenance-archived-sources
2026-10-07T23:28:49.7390646Z  * [new branch]        fix/closeout-display-id-match            -> origin/fix/closeout-display-id-match
2026-10-07T23:28:49.7393873Z  * [new branch]        fix/feedback-pipeline-discoverability    -> origin/fix/feedback-pipeline-discoverability
2026-10-07T23:28:49.7397153Z  * [new branch]        fix/gate-checks-declared-mutation        -> origin/fix/gate-checks-declared-mutation
2026-10-07T23:28:49.7400646Z  * [new branch]        fix/growth-pins-dont-wall-the-corpus     -> origin/fix/growth-pins-dont-wall-the-corpus
2026-10-07T23:28:49.7404714Z  * [new branch]        fix/worktree-lacks-vendored-aai-layer-downstream-wt -> origin/fix/worktree-lacks-vendored-aai-layer-downstream-wt
2026-10-07T23:28:49.7408115Z  * [new branch]        main                                     -> origin/main
2026-10-07T23:28:49.7410471Z  * [new branch]        research/polydao-verdicts                -> origin/research/polydao-verdicts
2026-10-07T23:28:49.7412745Z  * [new tag]           v2026.07.04                              -> v2026.07.04
2026-10-07T23:28:49.7414543Z  * [new tag]           v2026.07.20                              -> v2026.07.20
2026-10-07T23:28:49.7416366Z  * [new tag]           v2026.07.22                              -> v2026.07.22
2026-10-07T23:28:49.7418467Z  * [new tag]           v2026.07.24                              -> v2026.07.24
2026-10-07T23:28:49.7420311Z  * [new tag]           v2026.07.26                              -> v2026.07.26
2026-10-07T23:28:49.7422138Z  * [new tag]           v2026.07.28                              -> v2026.07.28
2026-10-07T23:28:49.7423927Z  * [new tag]           v2026.07.28.1                            -> v2026.07.28.1
2026-10-07T23:28:49.7425738Z  * [new tag]           v2026.07.29                              -> v2026.07.29
2026-10-07T23:28:49.7427733Z  * [new tag]           v2026.07.30                              -> v2026.07.30
2026-10-07T23:28:49.7429547Z  * [new tag]           v2026.08.01                              -> v2026.08.01
2026-10-07T23:28:49.7431330Z  * [new tag]           v2026.08.02                              -> v2026.08.02
2026-10-07T23:28:49.7433131Z  * [new tag]           v2026.08.03                              -> v2026.08.03
2026-10-07T23:28:49.7434968Z  * [new tag]           v2026.08.03.2                            -> v2026.08.03.2
2026-10-07T23:28:49.7436795Z  * [new tag]           v2026.08.04                              -> v2026.08.04
2026-10-07T23:28:49.7439004Z  * [new tag]           v2026.08.05                              -> v2026.08.05
2026-10-07T23:28:49.7440851Z  * [new tag]           v2026.08.07                              -> v2026.08.07
2026-10-07T23:28:49.7442638Z  * [new tag]           v2026.08.08                              -> v2026.08.08
2026-10-07T23:28:49.7444476Z  * [new tag]           v2026.08.11                              -> v2026.08.11
2026-10-07T23:28:49.7446261Z  * [new tag]           v2026.08.12                              -> v2026.08.12
2026-10-07T23:28:49.7448363Z  * [new tag]           v2026.08.13                              -> v2026.08.13
2026-10-07T23:28:49.7450201Z  * [new tag]           v2026.08.13.2                            -> v2026.08.13.2
2026-10-07T23:28:49.7451991Z  * [new tag]           v2026.08.14                              -> v2026.08.14
2026-10-07T23:28:49.7453791Z  * [new tag]           v2026.08.16                              -> v2026.08.16
2026-10-07T23:28:49.7455580Z  * [new tag]           v2026.08.23                              -> v2026.08.23
2026-10-07T23:28:49.7457373Z  * [new tag]           v2026.08.27                              -> v2026.08.27
2026-10-07T23:28:49.7459404Z  * [new tag]           v2026.08.29                              -> v2026.08.29
2026-10-07T23:28:49.7461183Z  * [new tag]           v2026.09.01                              -> v2026.09.01
2026-10-07T23:28:49.7462965Z  * [new tag]           v2026.09.06                              -> v2026.09.06
2026-10-07T23:28:49.7464747Z  * [new tag]           v2026.09.08                              -> v2026.09.08
2026-10-07T23:28:49.7466528Z  * [new tag]           v2026.09.09                              -> v2026.09.09
2026-10-07T23:28:49.7468529Z  * [new tag]           v2026.09.21                              -> v2026.09.21
2026-10-07T23:28:49.7470316Z  * [new tag]           v2026.09.25                              -> v2026.09.25
2026-10-07T23:28:49.7472082Z  * [new tag]           v2026.09.28                              -> v2026.09.28
2026-10-07T23:28:49.7473870Z  * [new tag]           v2026.09.30                              -> v2026.09.30
2026-10-07T23:28:49.7475821Z  * [new tag]           v2026.10.02                              -> v2026.10.02
2026-10-07T23:28:49.7477981Z  * [new ref]           16c3e8d290cadd33c3008f888bc90388d77fb938 -> pull/434/merge
2026-10-07T23:28:49.7480431Z  * [new tag]           test-fixture-pre-f2-close-work-item      -> test-fixture-pre-f2-close-work-item
2026-10-07T23:28:49.7483039Z  * [new tag]           test-fixture-pre-f3-guard                -> test-fixture-pre-f3-guard
2026-10-07T23:28:49.7487121Z ##[endgroup]
2026-10-07T23:28:49.7488954Z ##[group]Determining the checkout info
2026-10-07T23:28:49.7490672Z ##[endgroup]
2026-10-07T23:28:49.7491673Z [command]/usr/bin/git sparse-checkout disable
2026-10-07T23:28:49.7494568Z [command]/usr/bin/git config --local --unset-all extensions.worktreeConfig
2026-10-07T23:28:49.7498175Z ##[group]Checking out the ref
2026-10-07T23:28:49.7499755Z [command]/usr/bin/git checkout --progress --force refs/remotes/pull/434/merge
2026-10-07T23:28:49.9553195Z Note: switching to 'refs/remotes/pull/434/merge'.
2026-10-07T23:28:49.9553874Z 
2026-10-07T23:28:49.9554332Z You are in 'detached HEAD' state. You can look around, make experimental
2026-10-07T23:28:49.9555385Z changes and commit them, and you can discard any commits you make in this
2026-10-07T23:28:49.9556032Z state without impacting any branches by switching back to a branch.
2026-10-07T23:28:49.9556397Z 
2026-10-07T23:28:49.9556648Z If you want to create a new branch to retain commits you create, you may
2026-10-07T23:28:49.9557235Z do so (now or later) by using -c with the switch command. Example:
2026-10-07T23:28:49.9557774Z 
2026-10-07T23:28:49.9557945Z   git switch -c <new-branch-name>
2026-10-07T23:28:49.9558182Z 
2026-10-07T23:28:49.9558325Z Or undo this operation with:
2026-10-07T23:28:49.9558546Z 
2026-10-07T23:28:49.9558670Z   git switch -
2026-10-07T23:28:49.9558850Z 
2026-10-07T23:28:49.9559415Z Turn off this advice by setting config variable advice.detachedHead to false
2026-10-07T23:28:49.9559833Z 
2026-10-07T23:28:49.9560252Z HEAD is now at 16c3e8d2 Merge aa18e55e44f9487f0b8fdb6093b5a587c789960a into bdeb425c040ada918dd97e5b878b71e420bad83a
2026-10-07T23:28:49.9585085Z ##[endgroup]
2026-10-07T23:28:49.9642413Z [command]/usr/bin/git log -1 --format=%H
2026-10-07T23:28:49.9672957Z 16c3e8d290cadd33c3008f888bc90388d77fb938
2026-10-07T23:28:50.0035054Z ##[group]Run actions/setup-node@v4
2026-10-07T23:28:50.0035439Z with:
2026-10-07T23:28:50.0035693Z   node-version: 20
2026-10-07T23:28:50.0035966Z   always-auth: false
2026-10-07T23:28:50.0036234Z   check-latest: false
2026-10-07T23:28:50.0039297Z   token: ***
2026-10-07T23:28:50.0039565Z env:
2026-10-07T23:28:50.0039815Z   AAI_TEST_PARALLEL: 4
2026-10-07T23:28:50.0040084Z ##[endgroup]
2026-10-07T23:28:50.1463151Z Attempting to download 20...
2026-10-07T23:28:50.1570752Z (node:2308) [DEP0040] DeprecationWarning: The `punycode` module is deprecated. Please use a userland alternative instead.
2026-10-07T23:28:50.1571878Z (Use `node --trace-deprecation ...` to show where the warning was created)
2026-10-07T23:28:50.6396374Z Acquiring 20.20.2 - x64 from https://github.com/actions/node-versions/releases/download/20.20.2-23521894959/node-20.20.2-linux-x64.tar.gz
2026-10-07T23:28:50.9461722Z Extracting ...
2026-10-07T23:28:50.9575949Z [command]/usr/bin/tar xz --strip 1 --warning=no-unknown-keyword --overwrite -C /home/runner/work/_temp/b5a944cc-2111-45cf-a450-bf820d443533 -f /home/runner/work/_temp/b99f08cf-7310-4038-a3e3-4a3788cb8692
2026-10-07T23:28:51.9848222Z Adding to the cache ...
2026-10-07T23:28:53.9439488Z ##[group]Environment details
2026-10-07T23:28:54.1649238Z node: v20.20.2
2026-10-07T23:28:54.1649700Z npm: 10.8.2
2026-10-07T23:28:54.1650029Z yarn: 1.22.22
2026-10-07T23:28:54.1650742Z ##[endgroup]
2026-10-07T23:28:54.1865148Z ##[group]Run set -euo pipefail
2026-10-07T23:28:54.1865542Z [36;1mset -euo pipefail[0m
2026-10-07T23:28:54.1865862Z [36;1mprintf '%s\n' "$SHARD_PLAN" > shard-plan.txt[0m
2026-10-07T23:28:54.1866661Z [36;1mbash tests/skills/lib/shard-plan-check.sh --check shard-plan.txt tests/skills >/dev/null[0m
2026-10-07T23:28:54.1867151Z [36;1mif [ "2" = "all" ]; then[0m
2026-10-07T23:28:54.1867454Z [36;1m  bash tests/skills/test-framework.sh[0m
2026-10-07T23:28:54.1868276Z [36;1melse[0m
2026-10-07T23:28:54.1868659Z [36;1m  SUITES="$(bash tests/skills/lib/shard-plan-check.sh --extract 2 shard-plan.txt)"[0m
2026-10-07T23:28:54.1869110Z [36;1m  args=()[0m
2026-10-07T23:28:54.1869342Z [36;1m  for s in $SUITES; do[0m
2026-10-07T23:28:54.1869596Z [36;1m    args+=(--skill "$s")[0m
2026-10-07T23:28:54.1869841Z [36;1m  done[0m
2026-10-07T23:28:54.1870108Z [36;1m  bash tests/skills/test-framework.sh "${args[@]}"[0m
2026-10-07T23:28:54.1870422Z [36;1mfi[0m
2026-10-07T23:28:54.2130216Z shell: /usr/bin/bash -e {0}
2026-10-07T23:28:54.2130540Z env:
2026-10-07T23:28:54.2130778Z   AAI_TEST_PARALLEL: 4
2026-10-07T23:28:54.2145825Z   SHARD_PLAN: SHARD 1 aai-learned-append weight=434
SHARD 1 aai-hygiene-pack weight=313
SHARD 1 aai-ceremony-levels weight=120
SHARD 1 aai-feedback-upsert weight=91
SHARD 1 aai-mutation-gate weight=82
SHARD 1 aai-suite-isolation weight=77
SHARD 1 aai-doc-numbering weight=43
SHARD 1 aai-orchestration-dispatch weight=39
SHARD 1 aai-git-ref-guard weight=28
SHARD 1 aai-roadmap weight=22
SHARD 1 aai-hooks-overlay weight=18
SHARD 1 aai-factory-report weight=12
SHARD 1 aai-outcome-backcheck weight=10
SHARD 1 aai-canon weight=7
SHARD 1 aai-spec-tools weight=6
SHARD 1 aai-heartbeat weight=5
SHARD 1 aai-role-output weight=5
SHARD 1 aai-docs-canon weight=4
SHARD 1 aai-check-state weight=3
SHARD 1 aai-issues weight=3
SHARD 1 aai-redact weight=3
SHARD 1 aai-session-lock weight=2
SHARD 1 aai-pricing weight=1
SHARD 1 aai-runtime-file weight=1
SHARD 1 aai-userguide-drift weight=1
SHARD 2 aai-merge-policy weight=434
SHARD 2 aai-delta-stage3 weight=278
SHARD 2 aai-run-tests weight=135
SHARD 2 aai-friction weight=93
SHARD 2 aai-sweep-parallel weight=91
SHARD 2 aai-release weight=81
SHARD 2 aai-delta-stage2 weight=56
SHARD 2 aai-follow-ups weight=37
SHARD 2 aai-pr-waiver weight=27
SHARD 2 aai-friction-capture-points weight=19
SHARD 2 aai-ride-select weight=18
SHARD 2 aai-debug-gate weight=10
SHARD 2 aai-pr-platform weight=10
SHARD 2 aai-docs-lock weight=7
SHARD 2 aai-tdd-evidence weight=6
SHARD 2 aai-learned-routing weight=5
SHARD 2 aai-test-canon weight=5
SHARD 2 aai-orchestration-mode weight=4
SHARD 2 aai-docs-hub weight=3
SHARD 2 aai-layer-drift weight=3
SHARD 2 aai-token-capture weight=3
SHARD 2 aai-antigravity-project-skills weight=1
SHARD 2 aai-implementation-mode weight=1
SHARD 2 aai-prompt-hash weight=1
SHARD 2 aai-share weight=1
SHARD 2 aai-userguide-rollup weight=1
SHARD 3 aai-pr-preflight weight=434
SHARD 3 aai-sync-seed weight=234
SHARD 3 aai-doctor weight=149
SHARD 3 aai-doc-number-reservation weight=97
SHARD 3 aai-friction-wiring weight=91
SHARD 3 aai-golden-flow weight=81
SHARD 3 aai-ledger-merge weight=66
SHARD 3 aai-deslop weight=40
SHARD 3 aai-update-check weight=32
SHARD 3 aai-state weight=27
SHARD 3 aai-intake weight=17
SHARD 3 aai-constitution weight=11
SHARD 3 aai-win-fallback weight=10
SHARD 3 aai-hitl-channel weight=6
SHARD 3 aai-routine weight=6
SHARD 3 aai-bootstrap weight=5
SHARD 3 aai-prompt-diet weight=5
SHARD 3 aai-delta-stage1 weight=4
SHARD 3 aai-verify-gate weight=4
SHARD 3 aai-orphan-sweep weight=3
SHARD 3 aai-dashboard weight=2
SHARD 3 aai-reconcile-telemetry weight=2
SHARD 3 aai-pipe-safe weight=1
SHARD 3 aai-prune-stale-briefs weight=1
SHARD 3 aai-suite-select weight=1
SHARD 3 aai-validator-isolation weight=1
SHARD 4 aai-worktree-seed weight=434
SHARD 4 aai-docs-audit weight=161
SHARD 4 aai-repo-tripwire weight=155
SHARD 4 aai-close-work-item weight=112
SHARD 4 aai-hitl-propagation weight=93
SHARD 4 aai-metrics weight=89
SHARD 4 aai-layer-profiles weight=69
SHARD 4 aai-secrets-preflight weight=52
SHARD 4 aai-spec-lint weight=39
SHARD 4 aai-spec-amend weight=28
SHARD 4 aai-live-serve weight=19
SHARD 4 aai-close-reconcile weight=15
SHARD 4 aai-live-status weight=13
SHARD 4 aai-advisory-skills weight=9
SHARD 4 aai-branch-guard weight=9
SHARD 4 aai-update weight=6
SHARD 4 aai-lightweight-lane weight=5
SHARD 4 aai-unattended weight=5
SHARD 4 aai-overview weight=4
SHARD 4 aai-feedback-triage weight=3
SHARD 4 aai-product-docs weight=3
SHARD 4 aai-feedback-status weight=2
SHARD 4 aai-downstream-autopilot weight=1
SHARD 4 aai-planning-probes weight=1
SHARD 4 aai-r-guard weight=1
SHARD 4 aai-tdd weight=1
SHARD 4 aai-worktree weight=1
SHARDS count=4 suites=104
2026-10-07T23:28:54.2158644Z ##[endgroup]
2026-10-07T23:28:54.3760277Z 
2026-10-07T23:28:54.3767820Z AAI Skills Test Framework
2026-10-07T23:28:54.3768471Z =========================
2026-10-07T23:28:54.3768794Z 
2026-10-07T23:28:54.3790008Z [0;34m[INFO][0m Setting up results directory: /home/runner/work/aai/aai/tests/skills/results/test-20261007-232854
2026-10-07T23:28:54.3803467Z [0;34m[INFO][0m Checking system dependencies...
2026-10-07T23:28:54.9974202Z [0;32m[PASS][0m Dependencies checked
2026-10-07T23:28:55.0608748Z [0;34m[INFO][0m Isolation: every suite runs isolated in a disposable git checkout (its own .git, D1) seeded from the working tree
2026-10-07T23:28:55.0610222Z [0;34m[INFO][0m Concurrency: up to 4 suite(s) run at a time (AAI_TEST_PARALLEL=4). Set AAI_TEST_PARALLEL=1 for the serial execution model.
2026-10-07T23:28:55.0610943Z [0;34m[INFO][0m Discovering skill tests...
2026-10-07T23:28:55.0629262Z [0;34m[INFO][0m Found 26 test(s)
2026-10-07T23:28:55.0629805Z [0;34m[INFO][0m 
2026-10-07T23:28:55.0630280Z [0;34m[INFO][0m Running tests...
2026-10-07T23:28:55.0630605Z [0;34m[INFO][0m 
2026-10-07T23:30:07.5008262Z [ 1/26] aai-friction         [0;32mPASS[0m (70.0s)
2026-10-07T23:30:26.4096189Z [ 2/26] aai-merge-policy     [0;32mPASS[0m (89.0s)
2026-10-07T23:30:41.1751396Z [ 3/26] aai-delta-stage3     [0;31mFAIL[0m (104.0s) [tripwire NOT ATTESTED — suite exited 1 before completing]
2026-10-07T23:30:41.1753041Z --- Error Details (aai-delta-stage3) ---
2026-10-07T23:30:41.1779314Z --- failure lines (whole log) ---
2026-10-07T23:30:41.1829794Z 29:FAIL: Expected 'Verdict: CLEAN' in /tmp/aai-docs-audit-test.37s2Bj/silence-live-1349.log
2026-10-07T23:30:41.1831257Z 30:FAIL: TEST-007: sibling suite failed: test-aai-docs-audit.sh
2026-10-07T23:30:41.1861960Z --- tail (last 30 lines) ---
2026-10-07T23:30:41.1879255Z === Test: aai-delta-stage3 (spec-delta-stage-3 / RFC-0011 delta-spec lifecycle) ===
2026-10-07T23:30:41.1898259Z INFO: Checking dependencies...
2026-10-07T23:30:41.1908640Z PASS: Dependencies checked
2026-10-07T23:30:41.1909997Z INFO: TEST-001: delta-merge applies ADDED/MODIFIED/REMOVED; untouched lines byte-identical (int)...
2026-10-07T23:30:41.1912029Z PASS: TEST-001: ADDED->004 (retired 003 not reused), MODIFIED body+title+Provenance, REMOVED tombstone; untouched lines byte-identical
2026-10-07T23:30:41.1914126Z INFO: TEST-002: fail-closed on violation / missing doc / absent id / title collision; ZERO writes (int)...
2026-10-07T23:30:41.1915997Z PASS: TEST-002: all four fail-closed preconditions exit non-zero, name the reason, leave the canonical byte-unchanged
2026-10-07T23:30:41.1918012Z INFO: TEST-003: a second delta-merge for the same spec is byte-identical (int)...
2026-10-07T23:30:41.1919589Z PASS: TEST-003: second run byte-identical; ADDED not re-appended; REMOVED-already-gone a clean no-op
2026-10-07T23:30:41.1921927Z INFO: TEST-008: MODIFIED adjacent to REMOVED — tombstone survives a byte-idempotent re-run (int)...
2026-10-07T23:30:41.1923444Z PASS: TEST-008: tombstone adjacent to a modified block survives; second run byte-identical
2026-10-07T23:30:41.1924766Z INFO: TEST-009: retired NNN not reused by a later ADDED across specs (int)...
2026-10-07T23:30:41.1925975Z PASS: TEST-009: ADDED took REQ-SPROCKETS-003; retired 002 never reused
2026-10-07T23:30:41.1927950Z INFO: TEST-010: cross-spec — modifying the block before a tombstone preserves it (int)...
2026-10-07T23:30:41.1929553Z PASS: TEST-010: SPEC-A's tombstone survives a later SPEC-B modification of the preceding block
2026-10-07T23:30:41.1931555Z INFO: TEST-006: SKILL_PR documents the delta-merge ceremony step; no stage-N token on edited .aai surfaces (unit)...
2026-10-07T23:30:41.1933419Z PASS: TEST-006: SKILL_PR carries the post-allocation, fail-closed, no-op-documented merge step; taxonomy clean
2026-10-07T23:30:41.1935251Z INFO: TEST-007: delta-stage1 + delta-stage2 + spec-lint + docs-audit suites pass; strict repo audit CLEAN (int)...
2026-10-07T23:30:41.1937079Z Testing aai-docs-audit skill (engine + fixtures)
2026-10-07T23:30:41.1938352Z INFO: Checking dependencies...
2026-10-07T23:30:41.1939044Z PASS: Dependencies checked
2026-10-07T23:30:41.1939751Z INFO: Setting up fixture repo...
2026-10-07T23:30:41.1940406Z PASS: Fixture repo ready
2026-10-07T23:30:41.1941840Z INFO: Test: --check --strict over the live tree exits 0 and every near-miss document it names is dispositioned in the spec (TEST-1351)...
2026-10-07T23:30:41.1943693Z PASS: Every near-miss document over the live corpus is dispositioned, and --check --strict still exits 0
2026-10-07T23:30:41.1945792Z INFO: Test: the docs-audit headline carries the near-miss count split into blocking and report-only, and it equals the section count (TEST-1348)...
2026-10-07T23:30:41.1948281Z PASS: The near-miss count is part of what the headline SAYS, and it agrees with the section
2026-10-07T23:30:41.1950490Z INFO: Test: the Verdict line names the unreadable AC tables when any exist, stays bare CLEAN when none do, and keeps the literal 'Verdict: CLEAN' substring either way (TEST-1349)...
2026-10-07T23:30:41.1952945Z FAIL: Expected 'Verdict: CLEAN' in /tmp/aai-docs-audit-test.37s2Bj/silence-live-1349.log
2026-10-07T23:30:41.1954172Z FAIL: TEST-007: sibling suite failed: test-aai-docs-audit.sh
2026-10-07T23:30:41.1955049Z --- end aai-delta-stage3 ---
2026-10-07T23:31:14.3668578Z [ 4/26] aai-run-tests        [0;32mPASS[0m (137.0s)
2026-10-07T23:31:29.5497880Z [ 5/26] aai-delta-stage2     [0;32mPASS[0m (46.0s)
2026-10-07T23:31:34.8619797Z [ 6/26] aai-release          [0;32mPASS[0m (67.0s)
2026-10-07T23:31:39.3649767Z [ 7/26] aai-sweep-parallel   [0;32mPASS[0m (90.0s)
2026-10-07T23:31:50.4203161Z [ 8/26] aai-follow-ups       [0;32mPASS[0m (34.0s)
2026-10-07T23:31:55.4506497Z [ 9/26] aai-friction-capture-points [0;32mPASS[0m (19.0s)
2026-10-07T23:32:01.5114001Z [10/26] aai-pr-waiver        [0;32mPASS[0m (30.0s)
2026-10-07T23:32:02.6679806Z [11/26] aai-debug-gate       [0;32mPASS[0m (11.0s)
2026-10-07T23:32:07.8449617Z [12/26] aai-pr-platform      [0;32mPASS[0m (11.0s)
2026-10-07T23:32:10.2579580Z [13/26] aai-docs-lock        [0;32mPASS[0m (7.0s)
2026-10-07T23:32:11.4139663Z [14/26] aai-tdd-evidence     [0;32mPASS[0m (7.0s)
2026-10-07T23:32:14.3825677Z [15/26] aai-learned-routing  [0;32mPASS[0m (4.0s)
2026-10-07T23:32:16.3017192Z [16/26] aai-ride-select      [0;32mPASS[0m (35.0s)
2026-10-07T23:32:16.7456710Z [17/26] aai-orchestration-mode [0;32mPASS[0m (4.0s)
2026-10-07T23:32:17.1544328Z [18/26] aai-test-canon       [0;32mPASS[0m (5.0s)
2026-10-07T23:32:18.6316909Z [19/26] aai-docs-hub         [0;32mPASS[0m (2.0s)
2026-10-07T23:32:19.2619468Z [20/26] aai-antigravity-project-skills [0;32mPASS[0m (0.0s)
2026-10-07T23:32:20.4139363Z [21/26] aai-implementation-mode [0;32mPASS[0m (0.0s)
2026-10-07T23:32:21.1544450Z [22/26] aai-layer-drift      [0;32mPASS[0m (3.0s)
2026-10-07T23:32:21.6738866Z [23/26] aai-prompt-hash      [0;32mPASS[0m (1.0s)
2026-10-07T23:32:22.1042836Z [24/26] aai-share            [0;32mPASS[0m (0.0s)
2026-10-07T23:32:22.4384762Z [25/26] aai-token-capture    [0;32mPASS[0m (4.0s)
2026-10-07T23:32:22.9561176Z [26/26] aai-userguide-rollup [0;32mPASS[0m (0.0s)
2026-10-07T23:32:22.9965351Z [0;34m[INFO][0m 
2026-10-07T23:32:22.9965885Z [0;34m[INFO][0m 
2026-10-07T23:32:22.9966864Z [0;34m[INFO][0m =========================================
2026-10-07T23:32:22.9967813Z [0;34m[INFO][0m Test Summary
2026-10-07T23:32:22.9968503Z [0;31m[FAIL][0m Failed:  1 (3%)
2026-10-07T23:32:22.9969229Z [0;34m[INFO][0m =========================================
2026-10-07T23:32:22.9970271Z [0;34m[INFO][0m Total:   26
2026-10-07T23:32:22.9971095Z [0;32m[PASS][0m Passed:  25 (96%)
2026-10-07T23:32:22.9972423Z [0;34m[INFO][0m Tripwire: 25/26 suite(s) attested clean; 1 not attested (skipped, failed, allowlisted, or unguarded)
2026-10-07T23:32:22.9973630Z [0;34m[INFO][0m Isolation: 26/26 suite(s) isolated; 0 degraded
2026-10-07T23:32:22.9974761Z [0;34m[INFO][0m Seeding: 26/26 suite(s) fully seeded; 0 partial; 0 skipped
2026-10-07T23:32:22.9976374Z [0;34m[INFO][0m Concurrency: width 4; 0 wave(s) re-run serially (0 suite(s) total) to attribute a shipping-repository change
2026-10-07T23:32:22.9977831Z [0;34m[INFO][0m 
2026-10-07T23:32:22.9979342Z [0;34m[INFO][0m Results saved to: /home/runner/work/aai/aai/tests/skills/results/test-20261007-232854
2026-10-07T23:32:23.0486056Z ##[error]Process completed with exit code 1.
2026-10-07T23:32:23.0638019Z Post job cleanup.
2026-10-07T23:32:23.1548220Z [command]/usr/bin/git version
2026-10-07T23:32:23.1602619Z git version 2.55.0
2026-10-07T23:32:23.1651744Z Temporarily overriding HOME='/home/runner/work/_temp/35781b05-d054-4fb1-93bb-fa30e2f430c9' before making global git config changes
2026-10-07T23:32:23.1653329Z Adding repository directory to the temporary git global config as a safe directory
2026-10-07T23:32:23.1658636Z [command]/usr/bin/git config --global --add safe.directory /home/runner/work/aai/aai
2026-10-07T23:32:23.1710426Z [command]/usr/bin/git config --local --name-only --get-regexp core\.sshCommand
2026-10-07T23:32:23.1753998Z [command]/usr/bin/git submodule foreach --recursive sh -c "git config --local --name-only --get-regexp 'core\.sshCommand' && git config --local --unset-all 'core.sshCommand' || :"
2026-10-07T23:32:23.2019322Z [command]/usr/bin/git config --local --name-only --get-regexp http\.https\:\/\/github\.com\/\.extraheader
2026-10-07T23:32:23.2047133Z http.https://github.com/.extraheader
2026-10-07T23:32:23.2061325Z [command]/usr/bin/git config --local --unset-all http.https://github.com/.extraheader
2026-10-07T23:32:23.2107732Z [command]/usr/bin/git submodule foreach --recursive sh -c "git config --local --name-only --get-regexp 'http\.https\:\/\/github\.com\/\.extraheader' && git config --local --unset-all 'http.https://github.com/.extraheader' || :"
2026-10-07T23:32:23.2392055Z [command]/usr/bin/git config --local --name-only --get-regexp ^includeIf\.gitdir:
2026-10-07T23:32:23.2434568Z [command]/usr/bin/git submodule foreach --recursive git config --local --show-origin --name-only --get-regexp remote.origin.url
2026-10-07T23:32:23.2919275Z Cleaning up orphan processes
2026-10-07T23:32:23.3227311Z ##[warning]Node.js 20 is deprecated. The following actions target Node.js 20 but are being forced to run on Node.js 24: actions/checkout@v4, actions/setup-node@v4. For more information see: https://github.blog/changelog/2025-09-19-deprecation-of-node-20-on-github-actions-runners/
