spec-amend: shown=300 total=300 signed=53 measurement=41 unsigned-tracked=206 unsigned-untracked=0 unclassified=0 ledger=/private/tmp/aai-pr-capability-preflight/docs/ai/decisions.jsonl
signed  2026-08-25T01:52:00Z  close-leaves-state-stale  spec=-  tracked_by=fu-amend-spec-close-leaves-state-stale  tracked_status=done  signoff=true  class=contract
signed  2026-08-25T04:18:23Z  close-leaves-state-stale  spec=-  tracked_by=fu-amend-spec-close-leaves-state-stale  tracked_status=done  signoff=true  class=contract
signed  2026-08-28T11:20:00Z  agent-shell-can-write-the-shipping-repo  spec=-  tracked_by=-  tracked_status=-  signoff=true  class=contract
signed  2026-09-02T06:20:00Z  release-protected-branch-fallback  spec=-  tracked_by=fu-amend-release-protected-branch-105f7f  tracked_status=done  signoff=true  class=contract
signed  2026-09-02T13:52:00Z  ac-table-premature-flip-recurs  spec=-  tracked_by=fu-amend-ac-table-premature-flip-recurs  tracked_status=done  signoff=true  class=contract
signed  2026-09-02T17:05:00Z  metrics-flush-invalidates-pr-precondition  spec=-  tracked_by=fu-amend-metrics-flush-invalidate-59abba  tracked_status=done  signoff=true  class=contract
signed  2026-09-02T22:10:00Z  metrics-flush-invalidates-pr-precondition  spec=-  tracked_by=fu-amend-metrics-flush-invalidate-59abba  tracked_status=done  signoff=true  class=contract
signed  2026-09-03T05:40:00Z  role-progress-heartbeat  spec=-  tracked_by=fu-amend-spec-role-progress-heartbeat  tracked_status=done  signoff=true  class=contract
signed  2026-09-03T07:15:00Z  role-progress-heartbeat  spec=-  tracked_by=fu-amend-spec-role-progress-heartbeat  tracked_status=done  signoff=true  class=contract
signed  2026-09-03T12:40:00Z  role-progress-heartbeat  spec=-  tracked_by=fu-amend-spec-role-progress-heartbeat  tracked_status=done  signoff=true  class=contract
unsigned-tracked  2026-09-04T06:54:58Z  friction-upsert-channel-cannot-file  spec=spec-friction-upsert-channel-cannot-file  tracked_by=fu-amend-friction-upsert-channel-ba7701  tracked_status=open  signoff=false  class=contract
unsigned-tracked  2026-09-04T08:02:32Z  friction-upsert-channel-cannot-file  spec=spec-friction-upsert-channel-cannot-file  tracked_by=fu-amend-friction-upsert-channel-ba7701  tracked_status=open  signoff=false  class=contract
unsigned-tracked  2026-09-04T08:30:16Z  friction-upsert-channel-cannot-file  spec=spec-friction-upsert-channel-cannot-file  tracked_by=fu-amend-friction-upsert-channel-ba7701  tracked_status=open  signoff=false  class=contract
unsigned-tracked  2026-09-04T19:36:25Z  friction-upsert-channel-cannot-file  spec=spec-friction-upsert-channel-cannot-file  tracked_by=fu-amend-friction-upsert-channel-ba7701  tracked_status=open  signoff=false  class=contract
unsigned-tracked  2026-09-04T20:25:50Z  friction-upsert-channel-cannot-file  spec=spec-friction-upsert-channel-cannot-file  tracked_by=fu-amend-friction-upsert-channel-ba7701  tracked_status=open  signoff=false  class=contract
unsigned-tracked  2026-09-05T03:33:21Z  friction-upsert-channel-cannot-file  spec=spec-friction-upsert-channel-cannot-file  tracked_by=fu-amend-friction-upsert-channel-ba7701  tracked_status=open  signoff=false  class=contract
unsigned-tracked  2026-09-05T17:31:05Z  live-agent-dashboard-served-locally  spec=spec-live-agent-dashboard-served-locally  tracked_by=fu-amend-live-agent-dashboard-ser-e1ff12  tracked_status=open  signoff=false  class=contract
unsigned-tracked  2026-09-05T19:11:48Z  roadmap-driven-ride-selection-with-budget  spec=spec-roadmap-driven-ride-selection-with-budget  tracked_by=fu-amend-roadmap-driven-ride-sele-1e2448  tracked_status=open  signoff=false  class=contract
unsigned-tracked  2026-09-05T19:23:03Z  roadmap-driven-ride-selection-with-budget  spec=spec-roadmap-driven-ride-selection-with-budget  tracked_by=fu-amend-roadmap-driven-ride-sele-1e2448  tracked_status=open  signoff=false  class=contract
unsigned-tracked  2026-09-05T19:37:39Z  roadmap-driven-ride-selection-with-budget  spec=spec-roadmap-driven-ride-selection-with-budget  tracked_by=fu-amend-roadmap-driven-ride-sele-1e2448  tracked_status=open  signoff=false  class=contract
signed  2026-09-06T01:28:25Z  decisions-as-menus-in-dashboard  spec=spec-decisions-as-menus-in-dashboard  tracked_by=fu-amend-decisions-as-menus-in-dashboard  tracked_status=done  signoff=true  class=contract
unsigned-tracked  2026-09-06T10:20:36Z  lessons-that-must-hold-downstream-are-guards  spec=spec-lessons-that-must-hold-downstream-are-guards  tracked_by=fu-amend-lessons-that-must-hold-d-13bccc  tracked_status=open  signoff=false  class=contract
signed  2026-09-06T20:10:47Z  live-page-shows-dead-heartbeats-not-live-work  spec=spec-live-page-shows-dead-heartbeats-not-live-work  tracked_by=-  tracked_status=-  signoff=true  class=contract
signed  2026-09-07T03:54:07Z  simple-and-friendly-to-use  spec=spec-simple-and-friendly-to-use  tracked_by=-  tracked_status=-  signoff=true  class=contract
signed  2026-09-11T21:05:00Z  close-ceremony-fires-only-via-aai-pr  spec=spec-close-ceremony-fires-only-via-aai-pr  tracked_by=-  tracked_status=-  signoff=true  class=contract
signed  2026-09-11T21:06:00Z  close-ceremony-fires-only-via-aai-pr  spec=spec-close-ceremony-fires-only-via-aai-pr  tracked_by=fu-amend-close-ceremony-fires-onl-ac40ff  tracked_status=done  signoff=true  class=contract
signed  2026-09-11T21:07:00Z  close-ceremony-fires-only-via-aai-pr  spec=spec-close-ceremony-fires-only-via-aai-pr  tracked_by=fu-amend-close-ceremony-fires-onl-ac40ff  tracked_status=done  signoff=true  class=contract
signed  2026-09-12T00:30:00Z  close-ceremony-fires-only-via-aai-pr  spec=spec-close-ceremony-fires-only-via-aai-pr  tracked_by=-  tracked_status=-  signoff=true  class=contract
signed  2026-09-12T06:55:00Z  close-ceremony-fires-only-via-aai-pr  spec=spec-close-ceremony-fires-only-via-aai-pr  tracked_by=-  tracked_status=-  signoff=true  class=contract
signed  2026-09-12T06:57:00Z  close-ceremony-fires-only-via-aai-pr  spec=spec-close-ceremony-fires-only-via-aai-pr  tracked_by=fu-amend-close-ceremony-fires-onl-ac40ff  tracked_status=done  signoff=true  class=contract
signed  2026-09-12T07:35:00Z  close-ceremony-fires-only-via-aai-pr  spec=spec-close-ceremony-fires-only-via-aai-pr  tracked_by=fu-amend-close-ceremony-fires-onl-ac40ff  tracked_status=done  signoff=true  class=contract
signed  2026-09-12T10:20:00Z  friction-publish-hides-required-followup  spec=spec-friction-publish-hides-required-followup  tracked_by=-  tracked_status=-  signoff=true  class=contract
unsigned-tracked  2026-09-12T12:50:00Z  friction-publish-hides-required-followup  spec=spec-friction-publish-hides-required-followup  tracked_by=fu-amend-friction-publish-hides-r-b86049  tracked_status=open  signoff=false  class=contract
unsigned-tracked  2026-09-12T14:13:34Z  friction-publish-hides-required-followup  spec=spec-friction-publish-hides-required-followup  tracked_by=fu-amend-friction-publish-hides-r-b86049  tracked_status=open  signoff=false  class=contract
unsigned-tracked  2026-09-12T15:27:50Z  friction-publish-hides-required-followup  spec=spec-friction-publish-hides-required-followup  tracked_by=fu-amend-friction-publish-hides-r-b86049  tracked_status=open  signoff=false  class=contract
unsigned-tracked  2026-09-12T16:19:05Z  friction-publish-hides-required-followup  spec=spec-friction-publish-hides-required-followup  tracked_by=fu-amend-friction-publish-hides-r-b86049  tracked_status=open  signoff=false  class=contract
unsigned-tracked  2026-09-12T17:29:41Z  friction-publish-hides-required-followup  spec=spec-friction-publish-hides-required-followup  tracked_by=fu-amend-friction-publish-hides-r-b86049  tracked_status=open  signoff=false  class=contract
signed  2026-09-12T18:28:00Z  platform-portable-pr  spec=spec-platform-portable-pr  tracked_by=-  tracked_status=-  signoff=true  class=contract
signed  2026-09-12T18:28:00Z  issues-skill  spec=spec-issues-skill  tracked_by=-  tracked_status=-  signoff=true  class=contract
unsigned-tracked  2026-09-12T22:54:55Z  harness-universal-routing  spec=spec-harness-universal-routing  tracked_by=fu-amend-spec-harness-universal-routing  tracked_status=open  signoff=false  class=contract
unsigned-tracked  2026-09-13T00:39:08Z  harness-universal-routing  spec=spec-harness-universal-routing  tracked_by=fu-amend-spec-harness-universal-routing  tracked_status=open  signoff=false  class=contract
unsigned-tracked  2026-09-13T01:57:59Z  harness-universal-routing  spec=spec-harness-universal-routing  tracked_by=fu-amend-spec-harness-universal-routing  tracked_status=open  signoff=false  class=contract
unsigned-tracked  2026-09-13T09:31:08Z  telemetry-fields-not-prose  spec=spec-telemetry-fields-not-prose  tracked_by=fu-amend-spec-telemetry-fields-not-prose  tracked_status=open  signoff=false  class=contract
unsigned-tracked  2026-09-13T11:05:33Z  telemetry-fields-not-prose  spec=spec-telemetry-fields-not-prose  tracked_by=fu-amend-spec-telemetry-fields-not-prose  tracked_status=open  signoff=false  class=contract
unsigned-tracked  2026-09-13T12:07:44Z  telemetry-fields-not-prose  spec=spec-telemetry-fields-not-prose  tracked_by=fu-amend-spec-telemetry-fields-not-prose  tracked_status=open  signoff=false  class=contract
unsigned-tracked  2026-09-13T12:08:32Z  telemetry-fields-not-prose  spec=spec-telemetry-fields-not-prose  tracked_by=fu-amend-spec-telemetry-fields-not-prose  tracked_status=open  signoff=false  class=contract
unsigned-tracked  2026-09-13T13:49:54Z  telemetry-fields-not-prose  spec=spec-telemetry-fields-not-prose  tracked_by=fu-amend-spec-telemetry-fields-not-prose  tracked_status=open  signoff=false  class=contract
unsigned-tracked  2026-09-13T18:37:32Z  dispatch-state-sweep  spec=spec-dispatch-state-sweep  tracked_by=fu-amend-spec-dispatch-state-sweep  tracked_status=open  signoff=false  class=contract
unsigned-tracked  2026-09-13T21:16:41Z  dispatch-state-sweep  spec=spec-dispatch-state-sweep  tracked_by=fu-amend-spec-dispatch-state-sweep  tracked_status=open  signoff=false  class=contract
unsigned-tracked  2026-09-13T22:41:17Z  dispatch-state-sweep  spec=spec-dispatch-state-sweep  tracked_by=fu-amend-spec-dispatch-state-sweep  tracked_status=open  signoff=false  class=contract
unsigned-tracked  2026-09-14T00:22:02Z  dispatch-state-sweep  spec=spec-dispatch-state-sweep  tracked_by=fu-amend-spec-dispatch-state-sweep  tracked_status=open  signoff=false  class=contract
unsigned-tracked  2026-09-14T01:59:02Z  dispatch-state-sweep  spec=spec-dispatch-state-sweep  tracked_by=fu-amend-spec-dispatch-state-sweep  tracked_status=open  signoff=false  class=contract
unsigned-tracked  2026-09-14T02:28:01Z  dispatch-state-sweep  spec=spec-dispatch-state-sweep  tracked_by=fu-amend-spec-dispatch-state-sweep  tracked_status=open  signoff=false  class=contract
unsigned-tracked  2026-09-13T18:08:14Z  test-framework-sweep  spec=spec-test-framework-sweep  tracked_by=fu-amend-spec-test-framework-sweep  tracked_status=open  signoff=false  class=contract
unsigned-tracked  2026-09-13T19:50:41Z  test-framework-sweep  spec=spec-test-framework-sweep  tracked_by=fu-amend-spec-test-framework-sweep  tracked_status=open  signoff=false  class=contract
unsigned-tracked  2026-09-13T21:33:23Z  test-framework-sweep  spec=spec-test-framework-sweep  tracked_by=fu-amend-spec-test-framework-sweep  tracked_status=open  signoff=false  class=contract
unsigned-tracked  2026-09-13T21:39:14Z  test-framework-sweep  spec=spec-test-framework-sweep  tracked_by=fu-amend-spec-test-framework-sweep  tracked_status=open  signoff=false  class=contract
unsigned-tracked  2026-09-13T22:49:53Z  test-framework-sweep  spec=spec-test-framework-sweep  tracked_by=fu-amend-spec-test-framework-sweep  tracked_status=open  signoff=false  class=contract
unsigned-tracked  2026-09-13T22:52:36Z  test-framework-sweep  spec=spec-test-framework-sweep  tracked_by=fu-amend-spec-test-framework-sweep  tracked_status=open  signoff=false  class=contract
unsigned-tracked  2026-09-13T23:08:50Z  test-framework-sweep  spec=spec-test-framework-sweep  tracked_by=fu-amend-spec-test-framework-sweep  tracked_status=open  signoff=false  class=contract
unsigned-tracked  2026-09-14T00:31:29Z  test-framework-sweep  spec=spec-test-framework-sweep  tracked_by=fu-amend-spec-test-framework-sweep  tracked_status=open  signoff=false  class=contract
unsigned-tracked  2026-09-14T00:31:29Z  test-framework-sweep  spec=spec-test-framework-sweep  tracked_by=fu-amend-spec-test-framework-sweep  tracked_status=open  signoff=false  class=contract
unsigned-tracked  2026-09-14T01:30:28Z  test-framework-sweep  spec=spec-test-framework-sweep  tracked_by=fu-amend-spec-test-framework-sweep  tracked_status=open  signoff=false  class=contract
unsigned-tracked  2026-09-14T02:23:50Z  test-framework-sweep  spec=spec-test-framework-sweep  tracked_by=fu-amend-spec-test-framework-sweep  tracked_status=open  signoff=false  class=contract
unsigned-tracked  2026-09-14T03:10:17Z  test-framework-sweep  spec=spec-test-framework-sweep  tracked_by=fu-amend-spec-test-framework-sweep  tracked_status=open  signoff=false  class=contract
unsigned-tracked  2026-09-14T04:00:14Z  test-framework-sweep  spec=spec-test-framework-sweep  tracked_by=fu-amend-spec-test-framework-sweep  tracked_status=open  signoff=false  class=contract
unsigned-tracked  2026-09-14T04:30:14Z  test-framework-sweep  spec=spec-test-framework-sweep  tracked_by=fu-amend-spec-test-framework-sweep  tracked_status=open  signoff=false  class=contract
unsigned-tracked  2026-09-14T05:05:10Z  test-framework-sweep  spec=spec-test-framework-sweep  tracked_by=fu-amend-spec-test-framework-sweep  tracked_status=open  signoff=false  class=contract
unsigned-tracked  2026-09-14T06:23:34Z  test-framework-sweep  spec=spec-test-framework-sweep  tracked_by=fu-amend-spec-test-framework-sweep  tracked_status=open  signoff=false  class=contract
unsigned-tracked  2026-09-14T07:14:54Z  test-framework-sweep  spec=spec-test-framework-sweep  tracked_by=fu-amend-spec-test-framework-sweep  tracked_status=open  signoff=false  class=contract
unsigned-tracked  2026-09-14T07:31:28Z  test-framework-sweep  spec=spec-test-framework-sweep  tracked_by=fu-amend-spec-test-framework-sweep  tracked_status=open  signoff=false  class=contract
unsigned-tracked  2026-09-14T07:58:41Z  test-framework-sweep  spec=spec-test-framework-sweep  tracked_by=fu-amend-spec-test-framework-sweep  tracked_status=open  signoff=false  class=contract
unsigned-tracked  2026-09-14T12:12:47Z  mutation-gate-for-tests  spec=spec-mutation-gate-for-tests  tracked_by=fu-amend-spec-mutation-gate-for-tests  tracked_status=open  signoff=false  class=contract
unsigned-tracked  2026-09-14T12:51:17Z  mutation-gate-for-tests  spec=spec-mutation-gate-for-tests  tracked_by=fu-amend-spec-mutation-gate-for-tests  tracked_status=open  signoff=false  class=contract
unsigned-tracked  2026-09-14T13:22:54Z  mutation-gate-for-tests  spec=spec-mutation-gate-for-tests  tracked_by=fu-amend-spec-mutation-gate-for-tests  tracked_status=open  signoff=false  class=contract
unsigned-tracked  2026-09-14T14:17:20Z  mutation-gate-for-tests  spec=spec-mutation-gate-for-tests  tracked_by=fu-amend-spec-mutation-gate-for-tests  tracked_status=open  signoff=false  class=contract
unsigned-tracked  2026-09-14T14:47:41Z  mutation-gate-for-tests  spec=spec-mutation-gate-for-tests  tracked_by=fu-amend-spec-mutation-gate-for-tests  tracked_status=open  signoff=false  class=contract
unsigned-tracked  2026-09-14T14:49:39Z  mutation-gate-for-tests  spec=spec-mutation-gate-for-tests  tracked_by=fu-amend-spec-mutation-gate-for-tests  tracked_status=open  signoff=false  class=contract
unsigned-tracked  2026-09-14T16:54:12Z  mutation-gate-for-tests  spec=spec-mutation-gate-for-tests  tracked_by=fu-amend-spec-mutation-gate-for-tests  tracked_status=open  signoff=false  class=contract
unsigned-tracked  2026-09-14T18:11:44Z  mutation-gate-for-tests  spec=spec-mutation-gate-for-tests  tracked_by=fu-amend-spec-mutation-gate-for-tests  tracked_status=open  signoff=false  class=contract
unsigned-tracked  2026-09-14T18:13:02Z  mutation-gate-for-tests  spec=spec-mutation-gate-for-tests  tracked_by=fu-amend-spec-mutation-gate-for-tests  tracked_status=open  signoff=false  class=contract
unsigned-tracked  2026-09-14T18:19:44Z  mutation-gate-for-tests  spec=spec-mutation-gate-for-tests  tracked_by=fu-amend-spec-mutation-gate-for-tests  tracked_status=open  signoff=false  class=contract
unsigned-tracked  2026-09-14T21:13:40Z  mutation-gate-for-tests  spec=spec-mutation-gate-for-tests  tracked_by=fu-amend-spec-mutation-gate-for-tests  tracked_status=open  signoff=false  class=contract
unsigned-tracked  2026-09-14T21:58:41Z  mutation-gate-for-tests  spec=spec-mutation-gate-for-tests  tracked_by=fu-amend-spec-mutation-gate-for-tests  tracked_status=open  signoff=false  class=contract
unsigned-tracked  2026-09-14T23:24:05Z  mutation-gate-for-tests  spec=spec-mutation-gate-for-tests  tracked_by=fu-amend-spec-mutation-gate-for-tests  tracked_status=open  signoff=false  class=contract
unsigned-tracked  2026-09-15T00:29:04Z  mutation-gate-for-tests  spec=spec-mutation-gate-for-tests  tracked_by=fu-amend-spec-mutation-gate-for-tests  tracked_status=open  signoff=false  class=contract
unsigned-tracked  2026-09-17T17:33:47Z  mutation-gate-for-tests  spec=spec-mutation-gate-for-tests  tracked_by=fu-amend-spec-mutation-gate-for-tests  tracked_status=open  signoff=false  class=contract
unsigned-tracked  2026-09-17T17:42:21Z  mutation-gate-for-tests  spec=spec-mutation-gate-for-tests  tracked_by=fu-amend-spec-mutation-gate-for-tests  tracked_status=open  signoff=false  class=contract
unsigned-tracked  2026-09-17T18:23:18Z  mutation-gate-for-tests  spec=spec-mutation-gate-for-tests  tracked_by=fu-amend-spec-mutation-gate-for-tests  tracked_status=open  signoff=false  class=contract
unsigned-tracked  2026-09-17T19:11:11Z  mutation-gate-for-tests  spec=spec-mutation-gate-for-tests  tracked_by=fu-amend-spec-mutation-gate-for-tests  tracked_status=open  signoff=false  class=contract
unsigned-tracked  2026-09-17T20:00:21Z  mutation-gate-for-tests  spec=spec-mutation-gate-for-tests  tracked_by=fu-amend-spec-mutation-gate-for-tests  tracked_status=open  signoff=false  class=contract
unsigned-tracked  2026-09-17T20:31:48Z  mutation-gate-for-tests  spec=spec-mutation-gate-for-tests  tracked_by=fu-amend-spec-mutation-gate-for-tests  tracked_status=open  signoff=false  class=contract
unsigned-tracked  2026-09-17T22:15:09Z  close-ceremony-sweep  spec=spec-close-ceremony-sweep  tracked_by=fu-amend-spec-close-ceremony-sweep  tracked_status=open  signoff=false  class=contract
unsigned-tracked  2026-09-17T22:44:13Z  close-ceremony-sweep  spec=spec-close-ceremony-sweep  tracked_by=fu-amend-spec-close-ceremony-sweep  tracked_status=open  signoff=false  class=contract
unsigned-tracked  2026-09-18T00:13:55Z  close-ceremony-sweep  spec=spec-close-ceremony-sweep  tracked_by=fu-amend-spec-close-ceremony-sweep  tracked_status=open  signoff=false  class=contract
signed  2026-09-18T00:56:26Z  close-ceremony-sweep  spec=spec-close-ceremony-sweep  tracked_by=-  tracked_status=-  signoff=true  class=contract
unsigned-tracked  2026-09-18T01:04:12Z  close-ceremony-sweep  spec=spec-close-ceremony-sweep  tracked_by=fu-amend-spec-close-ceremony-sweep  tracked_status=open  signoff=false  class=contract
unsigned-tracked  2026-09-18T01:28:30Z  close-ceremony-sweep  spec=spec-close-ceremony-sweep  tracked_by=fu-amend-spec-close-ceremony-sweep  tracked_status=open  signoff=false  class=contract
unsigned-tracked  2026-09-18T01:56:28Z  close-ceremony-sweep  spec=spec-close-ceremony-sweep  tracked_by=fu-amend-spec-close-ceremony-sweep  tracked_status=open  signoff=false  class=contract
unsigned-tracked  2026-09-18T03:07:12Z  close-ceremony-sweep  spec=spec-close-ceremony-sweep  tracked_by=fu-amend-spec-close-ceremony-sweep  tracked_status=open  signoff=false  class=contract
unsigned-tracked  2026-09-18T04:03:50Z  close-ceremony-sweep  spec=spec-close-ceremony-sweep  tracked_by=fu-amend-spec-close-ceremony-sweep  tracked_status=open  signoff=false  class=contract
unsigned-tracked  2026-09-18T04:35:40Z  close-ceremony-sweep  spec=spec-close-ceremony-sweep  tracked_by=fu-amend-spec-close-ceremony-sweep  tracked_status=open  signoff=false  class=contract
unsigned-tracked  2026-09-18T04:42:51Z  close-ceremony-sweep  spec=spec-close-ceremony-sweep  tracked_by=fu-amend-spec-close-ceremony-sweep  tracked_status=open  signoff=false  class=contract
unsigned-tracked  2026-09-18T05:03:41Z  close-ceremony-sweep  spec=spec-close-ceremony-sweep  tracked_by=fu-amend-spec-close-ceremony-sweep  tracked_status=open  signoff=false  class=contract
unsigned-tracked  2026-09-18T05:14:39Z  close-ceremony-sweep  spec=spec-close-ceremony-sweep  tracked_by=fu-amend-spec-close-ceremony-sweep  tracked_status=open  signoff=false  class=contract
unsigned-tracked  2026-09-18T05:15:45Z  close-ceremony-sweep  spec=spec-close-ceremony-sweep  tracked_by=fu-amend-spec-close-ceremony-sweep  tracked_status=open  signoff=false  class=contract
unsigned-tracked  2026-09-18T06:16:25Z  close-ceremony-sweep  spec=spec-close-ceremony-sweep  tracked_by=fu-amend-spec-close-ceremony-sweep  tracked_status=open  signoff=false  class=contract
unsigned-tracked  2026-09-18T07:24:05Z  close-ceremony-sweep  spec=spec-close-ceremony-sweep  tracked_by=fu-amend-spec-close-ceremony-sweep  tracked_status=open  signoff=false  class=contract
unsigned-tracked  2026-09-18T08:05:24Z  close-ceremony-sweep  spec=spec-close-ceremony-sweep  tracked_by=fu-amend-spec-close-ceremony-sweep  tracked_status=open  signoff=false  class=contract
unsigned-tracked  2026-09-18T08:35:11Z  close-ceremony-sweep  spec=spec-close-ceremony-sweep  tracked_by=fu-amend-spec-close-ceremony-sweep  tracked_status=open  signoff=false  class=contract
unsigned-tracked  2026-09-18T12:53:25Z  spec-close-ceremony-sweep  spec=spec-close-ceremony-sweep  tracked_by=fu-amend-spec-close-ceremony-sweep  tracked_status=open  signoff=false  class=contract
unsigned-tracked  2026-09-18T13:55:25Z  close-ceremony-sweep  spec=spec-close-ceremony-sweep  tracked_by=fu-amend-spec-close-ceremony-sweep  tracked_status=open  signoff=false  class=contract
unsigned-tracked  2026-09-18T14:42:35Z  close-ceremony-sweep  spec=spec-close-ceremony-sweep  tracked_by=fu-amend-spec-close-ceremony-sweep  tracked_status=open  signoff=false  class=contract
unsigned-tracked  2026-09-18T15:39:57Z  close-ceremony-sweep  spec=spec-close-ceremony-sweep  tracked_by=fu-amend-spec-close-ceremony-sweep  tracked_status=open  signoff=false  class=contract
unsigned-tracked  2026-09-18T16:40:03Z  close-ceremony-sweep  spec=spec-close-ceremony-sweep  tracked_by=fu-amend-spec-close-ceremony-sweep  tracked_status=open  signoff=false  class=contract
unsigned-tracked  2026-09-18T17:14:37Z  close-ceremony-sweep  spec=spec-close-ceremony-sweep  tracked_by=fu-amend-spec-close-ceremony-sweep  tracked_status=open  signoff=false  class=contract
unsigned-tracked  2026-09-18T18:04:20Z  close-ceremony-sweep  spec=spec-close-ceremony-sweep  tracked_by=fu-amend-spec-close-ceremony-sweep  tracked_status=open  signoff=false  class=contract
unsigned-tracked  2026-09-18T18:27:46Z  close-ceremony-sweep  spec=spec-close-ceremony-sweep  tracked_by=fu-amend-spec-close-ceremony-sweep  tracked_status=open  signoff=false  class=contract
measurement  2026-09-18T18:29:23Z  close-ceremony-sweep  spec=spec-close-ceremony-sweep  tracked_by=fu-amend-spec-close-ceremony-sweep  tracked_status=open  signoff=false  class=measurement
unsigned-tracked  2026-09-18T19:04:13Z  close-ceremony-sweep  spec=spec-close-ceremony-sweep  tracked_by=fu-amend-spec-close-ceremony-sweep  tracked_status=open  signoff=false  class=contract
unsigned-tracked  2026-09-18T19:25:56Z  close-ceremony-sweep  spec=spec-close-ceremony-sweep  tracked_by=fu-amend-spec-close-ceremony-sweep  tracked_status=open  signoff=false  class=contract
unsigned-tracked  2026-09-18T20:32:10Z  close-ceremony-sweep  spec=spec-close-ceremony-sweep  tracked_by=fu-amend-spec-close-ceremony-sweep  tracked_status=open  signoff=false  class=contract
unsigned-tracked  2026-09-18T21:52:14Z  close-ceremony-sweep  spec=spec-close-ceremony-sweep  tracked_by=fu-amend-spec-close-ceremony-sweep  tracked_status=open  signoff=false  class=contract
unsigned-tracked  2026-09-24T08:18:29Z  update-installs-ref-guard-undisclosed  spec=spec-update-installs-ref-guard-undisclosed  tracked_by=fu-amend-update-installs-ref-guar-f8caa1  tracked_status=open  signoff=false  class=contract
signed  2026-09-24T08:56:18Z  update-installs-ref-guard-undisclosed  spec=spec-update-installs-ref-guard-undisclosed  tracked_by=-  tracked_status=-  signoff=true  class=contract
unsigned-tracked  2026-09-24T10:30:31Z  update-installs-ref-guard-undisclosed  spec=spec-update-installs-ref-guard-undisclosed  tracked_by=fu-amend-update-installs-ref-guar-f8caa1  tracked_status=open  signoff=false  class=contract
unsigned-tracked  2026-09-24T11:07:42Z  spec-update-installs-ref-guard-undisclosed  spec=spec-update-installs-ref-guard-undisclosed  tracked_by=fu-amend-update-installs-ref-guar-f8caa1  tracked_status=open  signoff=false  class=contract
unsigned-tracked  2026-09-24T11:19:34Z  update-installs-ref-guard-undisclosed  spec=spec-update-installs-ref-guard-undisclosed  tracked_by=fu-amend-update-installs-ref-guar-f8caa1  tracked_status=open  signoff=false  class=contract
unsigned-tracked  2026-09-24T12:14:08Z  update-installs-ref-guard-undisclosed  spec=spec-update-installs-ref-guard-undisclosed  tracked_by=fu-amend-update-installs-ref-guar-f8caa1  tracked_status=open  signoff=false  class=contract
unsigned-tracked  2026-09-24T13:52:25Z  update-installs-ref-guard-undisclosed  spec=spec-update-installs-ref-guard-undisclosed  tracked_by=fu-amend-update-installs-ref-guar-f8caa1  tracked_status=open  signoff=false  class=contract
unsigned-tracked  2026-09-24T14:05:14Z  update-installs-ref-guard-undisclosed  spec=spec-update-installs-ref-guard-undisclosed  tracked_by=fu-amend-update-installs-ref-guar-f8caa1  tracked_status=open  signoff=false  class=contract
unsigned-tracked  2026-09-24T17:20:05Z  update-installs-ref-guard-undisclosed  spec=spec-update-installs-ref-guard-undisclosed  tracked_by=fu-amend-update-installs-ref-guar-f8caa1  tracked_status=open  signoff=false  class=contract
unsigned-tracked  2026-09-24T17:55:54Z  update-installs-ref-guard-undisclosed  spec=spec-update-installs-ref-guard-undisclosed  tracked_by=fu-amend-update-installs-ref-guar-f8caa1  tracked_status=open  signoff=false  class=contract
signed  2026-09-25T03:17:09Z  friction-channel-sweep  spec=spec-friction-channel-sweep  tracked_by=-  tracked_status=-  signoff=true  class=contract
unsigned-tracked  2026-09-25T07:14:30Z  friction-channel-sweep  spec=spec-friction-channel-sweep  tracked_by=fu-amend-spec-friction-channel-sweep  tracked_status=open  signoff=false  class=contract
unsigned-tracked  2026-09-25T07:38:56Z  friction-channel-sweep  spec=spec-friction-channel-sweep  tracked_by=fu-amend-spec-friction-channel-sweep  tracked_status=open  signoff=false  class=contract
measurement  2026-09-25T08:58:07Z  friction-channel-sweep  spec=spec-friction-channel-sweep  tracked_by=fu-amend-spec-friction-channel-sweep  tracked_status=open  signoff=false  class=measurement
unsigned-tracked  2026-09-25T18:41:11Z  canon-is-a-build-artifact  spec=spec-canon-is-a-build-artifact  tracked_by=fu-amend-spec-canon-is-a-build-artifact  tracked_status=open  signoff=false  class=contract
unsigned-tracked  2026-09-25T19:48:58Z  canon-is-a-build-artifact  spec=spec-canon-is-a-build-artifact  tracked_by=fu-amend-spec-canon-is-a-build-artifact  tracked_status=open  signoff=false  class=contract
unsigned-tracked  2026-09-25T23:01:18Z  gate-checks-declared-mutation  spec=spec-gate-checks-declared-mutation  tracked_by=fu-amend-gate-checks-declared-mutation  tracked_status=open  signoff=false  class=contract
unsigned-tracked  2026-09-25T23:49:39Z  gate-checks-declared-mutation  spec=spec-gate-checks-declared-mutation  tracked_by=fu-amend-gate-checks-declared-mutation  tracked_status=open  signoff=false  class=contract
unsigned-tracked  2026-09-26T10:08:43Z  gate-checks-declared-mutation  spec=spec-gate-checks-declared-mutation  tracked_by=fu-amend-gate-checks-declared-mutation  tracked_status=open  signoff=false  class=contract
unsigned-tracked  2026-09-26T10:10:53Z  gate-checks-declared-mutation  spec=spec-gate-checks-declared-mutation  tracked_by=fu-amend-gate-checks-declared-mutation  tracked_status=open  signoff=false  class=contract
unsigned-tracked  2026-09-26T10:54:09Z  gate-checks-declared-mutation  spec=spec-gate-checks-declared-mutation  tracked_by=fu-amend-gate-checks-declared-mutation  tracked_status=open  signoff=false  class=contract
unsigned-tracked  2026-09-26T10:54:50Z  gate-checks-declared-mutation  spec=spec-gate-checks-declared-mutation  tracked_by=fu-amend-gate-checks-declared-mutation  tracked_status=open  signoff=false  class=contract
measurement  2026-09-26T10:55:22Z  gate-checks-declared-mutation  spec=spec-gate-checks-declared-mutation  tracked_by=fu-amend-gate-checks-declared-mutation  tracked_status=open  signoff=false  class=measurement
unsigned-tracked  2026-09-26T11:34:33Z  spec-gate-checks-declared-mutation  spec=spec-gate-checks-declared-mutation  tracked_by=fu-amend-gate-checks-declared-mutation  tracked_status=open  signoff=false  class=contract
unsigned-tracked  2026-09-27T01:56:26Z  roadmap-takes-direction  spec=spec-roadmap-takes-direction  tracked_by=fu-amend-spec-roadmap-takes-direction  tracked_status=open  signoff=false  class=contract
unsigned-tracked  2026-09-27T07:03:04Z  spec-roadmap-takes-direction  spec=spec-roadmap-takes-direction  tracked_by=fu-amend-spec-roadmap-takes-direction  tracked_status=open  signoff=false  class=contract
unsigned-tracked  2026-09-27T07:06:46Z  spec-roadmap-takes-direction  spec=spec-roadmap-takes-direction  tracked_by=fu-amend-spec-roadmap-takes-direction  tracked_status=open  signoff=false  class=contract
unsigned-tracked  2026-09-27T07:56:14Z  spec-roadmap-takes-direction  spec=spec-roadmap-takes-direction  tracked_by=fu-amend-spec-roadmap-takes-direction  tracked_status=open  signoff=false  class=contract
unsigned-tracked  2026-09-27T08:25:09Z  roadmap-takes-direction  spec=spec-roadmap-takes-direction  tracked_by=fu-amend-spec-roadmap-takes-direction  tracked_status=open  signoff=false  class=contract
unsigned-tracked  2026-09-27T08:25:22Z  roadmap-takes-direction  spec=spec-roadmap-takes-direction  tracked_by=fu-amend-spec-roadmap-takes-direction  tracked_status=open  signoff=false  class=contract
unsigned-tracked  2026-09-27T09:42:11Z  roadmap-takes-direction  spec=spec-roadmap-takes-direction  tracked_by=fu-amend-spec-roadmap-takes-direction  tracked_status=open  signoff=false  class=contract
unsigned-tracked  2026-09-27T10:35:07Z  roadmap-takes-direction  spec=spec-roadmap-takes-direction  tracked_by=fu-amend-spec-roadmap-takes-direction  tracked_status=open  signoff=false  class=contract
unsigned-tracked  2026-09-27T11:12:51Z  roadmap-takes-direction  spec=spec-roadmap-takes-direction  tracked_by=fu-amend-spec-roadmap-takes-direction  tracked_status=open  signoff=false  class=contract
measurement  2026-09-27T11:47:14Z  roadmap-takes-direction  spec=spec-roadmap-takes-direction  tracked_by=fu-amend-spec-roadmap-takes-direction  tracked_status=open  signoff=false  class=measurement
unsigned-tracked  2026-09-27T13:32:53Z  roadmap-takes-direction  spec=spec-roadmap-takes-direction  tracked_by=fu-amend-spec-roadmap-takes-direction  tracked_status=open  signoff=false  class=contract
unsigned-tracked  2026-09-26T09:27:13Z  routing-tables-have-an-owner-and-a-seam  spec=spec-update-installs-ref-guard-undisclosed  tracked_by=fu-amend-update-installs-ref-guar-f8caa1  tracked_status=open  signoff=false  class=contract
unsigned-tracked  2026-09-28T04:19:38Z  routing-tables-have-an-owner-and-a-seam  spec=spec-update-installs-ref-guard-undisclosed  tracked_by=fu-amend-update-installs-ref-guar-f8caa1  tracked_status=open  signoff=false  class=contract
unsigned-tracked  2026-09-28T05:43:37Z  growth-pins-dont-wall-the-corpus  spec=spec-growth-pins-dont-wall-the-corpus  tracked_by=fu-amend-growth-pins-dont-wall-th-095102  tracked_status=open  signoff=false  class=contract
measurement  2026-09-28T05:44:23Z  growth-pins-dont-wall-the-corpus  spec=spec-growth-pins-dont-wall-the-corpus  tracked_by=fu-amend-growth-pins-dont-wall-th-095102  tracked_status=open  signoff=false  class=measurement
unsigned-tracked  2026-09-28T05:57:48Z  growth-pins-dont-wall-the-corpus  spec=spec-growth-pins-dont-wall-the-corpus  tracked_by=fu-amend-growth-pins-dont-wall-th-095102  tracked_status=open  signoff=false  class=contract
signed  2026-09-22T22:58:28Z  original-request-outcome-backcheck  spec=spec-original-request-outcome-backcheck  tracked_by=-  tracked_status=-  signoff=true  class=contract
unsigned-tracked  2026-09-28T09:04:53Z  original-request-outcome-backcheck  spec=spec-original-request-outcome-backcheck  tracked_by=fu-amend-original-request-outcome-f44716  tracked_status=open  signoff=false  class=contract
unsigned-tracked  2026-09-28T19:10:46Z  feedback-triage-missing-output-dir  spec=feedback-triage-missing-output-dir  tracked_by=fu-amend-feedback-triage-missing-df9156  tracked_status=open  signoff=false  class=contract
unsigned-tracked  2026-09-28T19:16:10Z  feedback-triage-missing-output-dir  spec=spec-feedback-triage-missing-output-dir  tracked_by=fu-amend-feedback-triage-missing-4bcf68  tracked_status=open  signoff=false  class=contract
unsigned-tracked  2026-09-28T19:25:57Z  prompts-invoke-wsl-bash-on-windows  spec=spec-prompts-invoke-wsl-bash-on-windows  tracked_by=fu-amend-prompts-invoke-wsl-bash-d70757  tracked_status=open  signoff=false  class=contract
unsigned-tracked  2026-09-28T19:26:42Z  prompts-invoke-wsl-bash-on-windows  spec=spec-prompts-invoke-wsl-bash-on-windows  tracked_by=fu-amend-prompts-invoke-wsl-bash-d70757  tracked_status=open  signoff=false  class=contract
measurement  2026-09-28T19:35:06Z  prompts-invoke-wsl-bash-on-windows  spec=spec-prompts-invoke-wsl-bash-on-windows  tracked_by=fu-amend-prompts-invoke-wsl-bash-d70757  tracked_status=open  signoff=false  class=measurement
unsigned-tracked  2026-09-28T20:07:02Z  strategy-unscoped-from-current-focus  spec=spec-strategy-unscoped-from-current-focus  tracked_by=fu-amend-strategy-unscoped-from-c-4f2cdf  tracked_status=open  signoff=false  class=contract
unsigned-tracked  2026-09-28T21:03:53Z  strategy-unscoped-from-current-focus  spec=spec-strategy-unscoped-from-current-focus  tracked_by=fu-amend-strategy-unscoped-from-c-4f2cdf  tracked_status=open  signoff=false  class=contract
unsigned-tracked  2026-09-28T22:19:51Z  strategy-unscoped-from-current-focus  spec=spec-strategy-unscoped-from-current-focus  tracked_by=fu-amend-strategy-unscoped-from-c-4f2cdf  tracked_status=open  signoff=false  class=contract
unsigned-tracked  2026-09-29T00:01:51Z  mutation-clone-fidelity-windows-eol  spec=spec-mutation-clone-fidelity-windows-eol  tracked_by=fu-amend-mutation-clone-fidelity-8bfdf9  tracked_status=open  signoff=false  class=contract
unsigned-tracked  2026-09-29T00:02:07Z  mutation-clone-fidelity-windows-eol  spec=spec-mutation-clone-fidelity-windows-eol  tracked_by=fu-amend-mutation-clone-fidelity-8bfdf9  tracked_status=open  signoff=false  class=contract
unsigned-tracked  2026-09-29T00:13:52Z  mutation-clone-fidelity-windows-eol  spec=spec-mutation-clone-fidelity-windows-eol  tracked_by=fu-amend-mutation-clone-fidelity-8bfdf9  tracked_status=open  signoff=false  class=contract
unsigned-tracked  2026-09-29T00:14:04Z  mutation-clone-fidelity-windows-eol  spec=spec-mutation-clone-fidelity-windows-eol  tracked_by=fu-amend-mutation-clone-fidelity-8bfdf9  tracked_status=open  signoff=false  class=contract
unsigned-tracked  2026-09-29T02:31:02Z  mutation-clone-fidelity-windows-eol  spec=spec-mutation-clone-fidelity-windows-eol  tracked_by=fu-amend-mutation-clone-fidelity-8bfdf9  tracked_status=open  signoff=false  class=contract
unsigned-tracked  2026-09-29T07:01:52Z  mutation-clone-fidelity-windows-eol  spec=spec-mutation-clone-fidelity-windows-eol  tracked_by=fu-amend-mutation-clone-fidelity-8bfdf9  tracked_status=open  signoff=false  class=contract
unsigned-tracked  2026-09-29T07:20:48Z  mutation-clone-fidelity-windows-eol  spec=spec-mutation-clone-fidelity-windows-eol  tracked_by=fu-amend-mutation-clone-fidelity-8bfdf9  tracked_status=open  signoff=false  class=contract
unsigned-tracked  2026-09-29T07:25:50Z  mutation-clone-fidelity-windows-eol  spec=spec-mutation-clone-fidelity-windows-eol  tracked_by=fu-amend-mutation-clone-fidelity-8bfdf9  tracked_status=open  signoff=false  class=contract
measurement  2026-09-29T08:01:29Z  mutation-clone-fidelity-windows-eol  spec=spec-mutation-clone-fidelity-windows-eol  tracked_by=fu-amend-mutation-clone-fidelity-8bfdf9  tracked_status=open  signoff=false  class=measurement
unsigned-tracked  2026-09-29T16:40:28Z  antigravity-cli-skill-paths  spec=spec-antigravity-cli-skill-paths  tracked_by=fu-amend-antigravity-cli-skill-paths  tracked_status=open  signoff=false  class=contract
signed  2026-09-29T17:38:41Z  antigravity-cli-skill-paths  spec=spec-antigravity-cli-skill-paths  tracked_by=-  tracked_status=-  signoff=true  class=contract
unsigned-tracked  2026-09-29T22:07:33Z  mutation-clone-windows-run-chain  spec=spec-mutation-clone-windows-run-chain  tracked_by=fu-amend-mutation-clone-windows-r-2da676  tracked_status=open  signoff=false  class=contract
unsigned-tracked  2026-09-30T09:36:02Z  sync-deletes-target-only-hooks  spec=spec-sync-deletes-target-only-hooks  tracked_by=fu-amend-sync-deletes-target-only-hooks  tracked_status=open  signoff=false  class=contract
unsigned-tracked  2026-09-30T12:33:01Z  sync-deletes-target-only-hooks  spec=spec-sync-deletes-target-only-hooks  tracked_by=fu-amend-sync-deletes-target-only-hooks  tracked_status=open  signoff=false  class=contract
unsigned-tracked  2026-09-30T15:31:53Z  sync-deletes-target-only-hooks  spec=spec-sync-deletes-target-only-hooks  tracked_by=fu-amend-sync-deletes-target-only-hooks  tracked_status=open  signoff=false  class=contract
measurement  2026-09-30T16:03:32Z  spec-sync-deletes-target-only-hooks  spec=spec-sync-deletes-target-only-hooks  tracked_by=fu-amend-sync-deletes-target-only-hooks  tracked_status=open  signoff=false  class=measurement
unsigned-tracked  2026-09-30T22:48:12Z  downstream-rides-ask-no-governance-questions  spec=spec-downstream-rides-ask-no-governance-questions  tracked_by=fu-amend-downstream-rides-ask-no-d8106d  tracked_status=open  signoff=false  class=contract
unsigned-tracked  2026-09-30T23:34:58Z  downstream-rides-ask-no-governance-questions  spec=spec-downstream-rides-ask-no-governance-questions  tracked_by=fu-amend-downstream-rides-ask-no-d8106d  tracked_status=open  signoff=false  class=contract
measurement  2026-10-01T00:23:05Z  downstream-rides-ask-no-governance-questions  spec=spec-downstream-rides-ask-no-governance-questions  tracked_by=fu-amend-downstream-rides-ask-no-d8106d  tracked_status=open  signoff=false  class=measurement
unsigned-tracked  2026-10-01T00:33:49Z  downstream-rides-ask-no-governance-questions  spec=spec-downstream-rides-ask-no-governance-questions  tracked_by=fu-amend-downstream-rides-ask-no-d8106d  tracked_status=open  signoff=false  class=contract
unsigned-tracked  2026-10-01T00:36:13Z  downstream-rides-ask-no-governance-questions  spec=spec-downstream-rides-ask-no-governance-questions  tracked_by=fu-amend-downstream-rides-ask-no-d8106d  tracked_status=open  signoff=false  class=contract
unsigned-tracked  2026-10-01T00:37:21Z  downstream-rides-ask-no-governance-questions  spec=spec-downstream-rides-ask-no-governance-questions  tracked_by=fu-amend-downstream-rides-ask-no-d8106d  tracked_status=open  signoff=false  class=contract
unsigned-tracked  2026-10-01T00:38:37Z  downstream-rides-ask-no-governance-questions  spec=spec-downstream-rides-ask-no-governance-questions  tracked_by=fu-amend-downstream-rides-ask-no-d8106d  tracked_status=open  signoff=false  class=contract
unsigned-tracked  2026-09-30T20:56:08Z  shipped-guards-have-no-downstream-trigger  spec=spec-shipped-guards-have-no-downstream-trigger  tracked_by=fu-amend-shipped-guards-have-no-d-2c787c  tracked_status=open  signoff=false  class=contract
unsigned-tracked  2026-09-30T21:32:21Z  shipped-guards-have-no-downstream-trigger  spec=spec-shipped-guards-have-no-downstream-trigger  tracked_by=fu-amend-shipped-guards-have-no-d-2c787c  tracked_status=open  signoff=false  class=contract
unsigned-tracked  2026-09-30T22:56:14Z  shipped-guards-have-no-downstream-trigger  spec=spec-shipped-guards-have-no-downstream-trigger  tracked_by=fu-amend-shipped-guards-have-no-d-2c787c  tracked_status=open  signoff=false  class=contract
unsigned-tracked  2026-09-30T23:32:40Z  shipped-guards-have-no-downstream-trigger  spec=spec-shipped-guards-have-no-downstream-trigger  tracked_by=fu-amend-shipped-guards-have-no-d-2c787c  tracked_status=open  signoff=false  class=contract
unsigned-tracked  2026-10-01T06:13:05Z  shipped-guards-have-no-downstream-trigger  spec=spec-shipped-guards-have-no-downstream-trigger  tracked_by=fu-amend-shipped-guards-have-no-d-2c787c  tracked_status=open  signoff=false  class=contract
unsigned-tracked  2026-10-01T08:06:01Z  spec-shipped-guards-have-no-downstream-trigger  spec=spec-shipped-guards-have-no-downstream-trigger  tracked_by=fu-amend-shipped-guards-have-no-d-2c787c  tracked_status=open  signoff=false  class=contract
unsigned-tracked  2026-10-01T09:51:38Z  roadmap-serves-downstream-projects  spec=spec-roadmap-serves-downstream-projects  tracked_by=fu-amend-roadmap-serves-downstrea-bc77da  tracked_status=open  signoff=false  class=contract
measurement  2026-10-01T10:48:48Z  roadmap-serves-downstream-projects  spec=spec-roadmap-serves-downstream-projects  tracked_by=fu-amend-roadmap-serves-downstrea-bc77da  tracked_status=open  signoff=false  class=measurement
measurement  2026-10-01T12:54:07Z  spec-friction-issues-arrive-without-a-description  spec=spec-friction-issues-arrive-without-a-description  tracked_by=fu-amend-friction-issues-arrive-w-42a6d1  tracked_status=open  signoff=false  class=measurement
unsigned-tracked  2026-10-01T14:49:51Z  CHANGE-0179  spec=spec-friction-issues-arrive-without-a-description  tracked_by=fu-amend-friction-issues-arrive-w-42a6d1  tracked_status=open  signoff=false  class=contract
unsigned-tracked  2026-10-01T16:53:13Z  a-check-cannot-tell-silence-from-a-verdict  spec=spec-a-check-cannot-tell-silence-from-a-verdict  tracked_by=fu-amend-a-check-cannot-tell-sile-14f9e5  tracked_status=open  signoff=false  class=contract
unsigned-tracked  2026-10-01T17:13:53Z  a-check-cannot-tell-silence-from-a-verdict  spec=spec-a-check-cannot-tell-silence-from-a-verdict  tracked_by=fu-amend-a-check-cannot-tell-sile-14f9e5  tracked_status=open  signoff=false  class=contract
unsigned-tracked  2026-10-01T17:47:19Z  a-check-cannot-tell-silence-from-a-verdict  spec=spec-a-check-cannot-tell-silence-from-a-verdict  tracked_by=fu-amend-a-check-cannot-tell-sile-14f9e5  tracked_status=open  signoff=false  class=contract
unsigned-tracked  2026-10-01T18:00:41Z  a-check-cannot-tell-silence-from-a-verdict  spec=spec-a-check-cannot-tell-silence-from-a-verdict  tracked_by=fu-amend-a-check-cannot-tell-sile-14f9e5  tracked_status=open  signoff=false  class=contract
unsigned-tracked  2026-10-01T18:01:45Z  a-check-cannot-tell-silence-from-a-verdict  spec=spec-a-check-cannot-tell-silence-from-a-verdict  tracked_by=fu-amend-a-check-cannot-tell-sile-14f9e5  tracked_status=open  signoff=false  class=contract
unsigned-tracked  2026-10-01T18:14:26Z  a-check-cannot-tell-silence-from-a-verdict  spec=spec-a-check-cannot-tell-silence-from-a-verdict  tracked_by=fu-amend-a-check-cannot-tell-sile-14f9e5  tracked_status=open  signoff=false  class=contract
unsigned-tracked  2026-10-01T18:19:31Z  a-check-cannot-tell-silence-from-a-verdict  spec=spec-a-check-cannot-tell-silence-from-a-verdict  tracked_by=fu-amend-a-check-cannot-tell-sile-14f9e5  tracked_status=open  signoff=false  class=contract
unsigned-tracked  2026-10-01T18:21:00Z  a-check-cannot-tell-silence-from-a-verdict  spec=spec-a-check-cannot-tell-silence-from-a-verdict  tracked_by=fu-amend-a-check-cannot-tell-sile-14f9e5  tracked_status=open  signoff=false  class=contract
measurement  2026-10-01T21:30:32Z  spec-a-check-cannot-tell-silence-from-a-verdict  spec=spec-a-check-cannot-tell-silence-from-a-verdict  tracked_by=fu-amend-a-check-cannot-tell-sile-14f9e5  tracked_status=open  signoff=false  class=measurement
unsigned-tracked  2026-10-01T21:32:56Z  a-check-cannot-tell-silence-from-a-verdict  spec=spec-a-check-cannot-tell-silence-from-a-verdict  tracked_by=fu-amend-a-check-cannot-tell-sile-14f9e5  tracked_status=open  signoff=false  class=contract
unsigned-tracked  2026-10-01T22:00:48Z  a-check-cannot-tell-silence-from-a-verdict  spec=spec-a-check-cannot-tell-silence-from-a-verdict  tracked_by=fu-amend-a-check-cannot-tell-sile-14f9e5  tracked_status=open  signoff=false  class=contract
unsigned-tracked  2026-10-01T22:04:09Z  a-check-cannot-tell-silence-from-a-verdict  spec=spec-a-check-cannot-tell-silence-from-a-verdict  tracked_by=fu-amend-a-check-cannot-tell-sile-14f9e5  tracked_status=open  signoff=false  class=contract
unsigned-tracked  2026-10-02T07:25:01Z  amendment-signature-asks-the-owner-too-often  spec=spec-amendment-signature-asks-the-owner-too-often  tracked_by=fu-amend-amendment-signature-asks-cf289a  tracked_status=open  signoff=false  class=contract
unsigned-tracked  2026-10-02T08:09:12Z  amendment-signature-asks-the-owner-too-often  spec=spec-amendment-signature-asks-the-owner-too-often  tracked_by=fu-amend-amendment-signature-asks-cf289a  tracked_status=open  signoff=false  class=contract
unsigned-tracked  2026-10-02T08:15:10Z  amendment-signature-asks-the-owner-too-often  spec=spec-amendment-signature-asks-the-owner-too-often  tracked_by=fu-amend-amendment-signature-asks-cf289a  tracked_status=open  signoff=false  class=contract
unsigned-tracked  2026-10-02T09:22:21Z  amendment-signature-asks-the-owner-too-often  spec=spec-amendment-signature-asks-the-owner-too-often  tracked_by=fu-amend-amendment-signature-asks-cf289a  tracked_status=open  signoff=false  class=contract
measurement  2026-10-02T09:46:03Z  spec-amendment-signature-asks-the-owner-too-often  spec=spec-amendment-signature-asks-the-owner-too-often  tracked_by=-  tracked_status=-  signoff=false  class=measurement
unsigned-tracked  2026-10-02T10:06:55Z  amendment-signature-asks-the-owner-too-often  spec=spec-amendment-signature-asks-the-owner-too-often  tracked_by=fu-amend-amendment-signature-asks-cf289a  tracked_status=open  signoff=false  class=contract
measurement  2026-10-02T10:09:11Z  amendment-signature-asks-the-owner-too-often  spec=spec-amendment-signature-asks-the-owner-too-often  tracked_by=-  tracked_status=-  signoff=false  class=measurement
measurement  2026-10-02T10:59:46Z  amendment-signature-asks-the-owner-too-often  spec=spec-amendment-signature-asks-the-owner-too-often  tracked_by=-  tracked_status=-  signoff=false  class=measurement
unsigned-tracked  2026-10-02T11:33:56Z  amendment-signature-asks-the-owner-too-often  spec=spec-amendment-signature-asks-the-owner-too-often  tracked_by=fu-amend-amendment-signature-asks-cf289a  tracked_status=open  signoff=false  class=contract
unsigned-tracked  2026-10-02T12:32:55Z  amendment-signature-asks-the-owner-too-often  spec=spec-amendment-signature-asks-the-owner-too-often  tracked_by=fu-amend-amendment-signature-asks-cf289a  tracked_status=open  signoff=false  class=contract
unsigned-tracked  2026-10-02T12:50:58Z  amendment-signature-asks-the-owner-too-often  spec=spec-amendment-signature-asks-the-owner-too-often  tracked_by=fu-amend-amendment-signature-asks-cf289a  tracked_status=open  signoff=false  class=contract
measurement  2026-10-02T12:51:15Z  amendment-signature-asks-the-owner-too-often  spec=spec-amendment-signature-asks-the-owner-too-often  tracked_by=-  tracked_status=-  signoff=false  class=measurement
measurement  2026-10-02T12:55:45Z  amendment-signature-asks-the-owner-too-often  spec=spec-amendment-signature-asks-the-owner-too-often  tracked_by=-  tracked_status=-  signoff=false  class=measurement
unsigned-tracked  2026-10-02T13:42:09Z  amendment-signature-asks-the-owner-too-often  spec=spec-amendment-signature-asks-the-owner-too-often  tracked_by=fu-amend-amendment-signature-asks-cf289a  tracked_status=open  signoff=false  class=contract
measurement  2026-10-02T13:42:17Z  amendment-signature-asks-the-owner-too-often  spec=spec-amendment-signature-asks-the-owner-too-often  tracked_by=-  tracked_status=-  signoff=false  class=measurement
measurement  2026-10-02T14:27:37Z  amendment-signature-asks-the-owner-too-often  spec=spec-amendment-signature-asks-the-owner-too-often  tracked_by=-  tracked_status=-  signoff=false  class=measurement
measurement  2026-10-03T10:09:25Z  ci-test-selection-narrowing-and-sharding  spec=spec-ci-test-selection-narrowing-and-sharding  tracked_by=-  tracked_status=-  signoff=false  class=measurement
signed  2026-10-03T12:55:43Z  ci-test-selection-narrowing-and-sharding  spec=spec-ci-test-selection-narrowing-and-sharding  tracked_by=fu-amend-ci-test-selection-narrow-a3ef7d  tracked_status=done  signoff=true  class=contract
measurement  2026-10-03T13:19:40Z  ci-test-selection-narrowing-and-sharding  spec=spec-ci-test-selection-narrowing-and-sharding  tracked_by=-  tracked_status=-  signoff=false  class=measurement
measurement  2026-10-03T13:49:33Z  ci-test-selection-narrowing-and-sharding  spec=spec-ci-test-selection-narrowing-and-sharding  tracked_by=-  tracked_status=-  signoff=false  class=measurement
measurement  2026-10-03T13:52:08Z  ci-test-selection-narrowing-and-sharding  spec=spec-ci-test-selection-narrowing-and-sharding  tracked_by=-  tracked_status=-  signoff=false  class=measurement
signed  2026-10-03T22:56:45Z  spec-configurable-merge-policy-lanes  spec=spec-configurable-merge-policy-lanes  tracked_by=fu-amend-configurable-merge-policy-lanes  tracked_status=done  signoff=true  class=contract
measurement  2026-10-03T23:24:39Z  spec-configurable-merge-policy-lanes  spec=spec-configurable-merge-policy-lanes  tracked_by=-  tracked_status=-  signoff=false  class=measurement
signed  2026-10-04T00:15:27Z  spec-configurable-merge-policy-lanes  spec=spec-configurable-merge-policy-lanes  tracked_by=fu-amend-configurable-merge-policy-lanes  tracked_status=done  signoff=true  class=contract
signed  2026-10-04T03:28:23Z  configurable-merge-policy-lanes  spec=spec-configurable-merge-policy-lanes  tracked_by=fu-amend-configurable-merge-policy-lanes  tracked_status=done  signoff=true  class=contract
signed  2026-10-04T03:29:09Z  configurable-merge-policy-lanes  spec=spec-configurable-merge-policy-lanes  tracked_by=fu-amend-configurable-merge-policy-lanes  tracked_status=done  signoff=true  class=contract
signed  2026-10-04T07:53:14Z  configurable-merge-policy-lanes  spec=spec-configurable-merge-policy-lanes  tracked_by=fu-amend-configurable-merge-policy-lanes  tracked_status=done  signoff=true  class=contract
signed  2026-10-04T09:36:47Z  configurable-merge-policy-lanes  spec=spec-configurable-merge-policy-lanes  tracked_by=fu-amend-configurable-merge-policy-lanes  tracked_status=done  signoff=true  class=contract
signed  2026-10-04T09:43:06Z  configurable-merge-policy-lanes  spec=spec-configurable-merge-policy-lanes  tracked_by=fu-amend-configurable-merge-policy-lanes  tracked_status=done  signoff=true  class=contract
signed  2026-10-04T13:44:51Z  configurable-merge-policy-lanes  spec=spec-configurable-merge-policy-lanes  tracked_by=fu-amend-configurable-merge-policy-lanes  tracked_status=done  signoff=true  class=contract
signed  2026-10-04T15:50:50Z  configurable-merge-policy-lanes  spec=spec-configurable-merge-policy-lanes  tracked_by=fu-amend-configurable-merge-policy-lanes  tracked_status=done  signoff=true  class=contract
signed  2026-10-04T15:57:00Z  configurable-merge-policy-lanes  spec=spec-configurable-merge-policy-lanes  tracked_by=fu-amend-configurable-merge-policy-lanes  tracked_status=done  signoff=true  class=contract
signed  2026-10-04T20:01:01Z  configurable-merge-policy-lanes  spec=spec-configurable-merge-policy-lanes  tracked_by=fu-amend-configurable-merge-policy-lanes  tracked_status=done  signoff=true  class=contract
signed  2026-10-04T22:55:01Z  configurable-merge-policy-lanes  spec=spec-configurable-merge-policy-lanes  tracked_by=fu-amend-configurable-merge-policy-lanes  tracked_status=done  signoff=true  class=contract
signed  2026-10-04T23:05:14Z  configurable-merge-policy-lanes  spec=spec-configurable-merge-policy-lanes  tracked_by=fu-amend-configurable-merge-policy-lanes  tracked_status=done  signoff=true  class=contract
signed  2026-10-05T00:27:31Z  configurable-merge-policy-lanes  spec=spec-configurable-merge-policy-lanes  tracked_by=fu-amend-configurable-merge-policy-lanes  tracked_status=done  signoff=true  class=contract
measurement  2026-10-05T00:49:44Z  configurable-merge-policy-lanes  spec=spec-configurable-merge-policy-lanes  tracked_by=-  tracked_status=-  signoff=false  class=measurement
measurement  2026-10-05T03:51:26Z  configurable-merge-policy-lanes  spec=spec-configurable-merge-policy-lanes  tracked_by=-  tracked_status=-  signoff=false  class=measurement
signed  2026-10-05T03:51:33Z  configurable-merge-policy-lanes  spec=spec-configurable-merge-policy-lanes  tracked_by=fu-amend-configurable-merge-policy-lanes  tracked_status=done  signoff=true  class=contract
measurement  2026-10-05T04:45:30Z  spec-configurable-merge-policy-lanes  spec=spec-configurable-merge-policy-lanes  tracked_by=-  tracked_status=-  signoff=false  class=measurement
signed  2026-10-05T07:03:01Z  spec-configurable-merge-policy-lanes  spec=spec-configurable-merge-policy-lanes  tracked_by=fu-amend-configurable-merge-policy-lanes  tracked_status=done  signoff=true  class=contract
signed  2026-10-05T09:00:27Z  spec-configurable-merge-policy-lanes  spec=spec-configurable-merge-policy-lanes  tracked_by=fu-amend-configurable-merge-policy-lanes  tracked_status=done  signoff=true  class=contract
measurement  2026-10-05T10:58:32Z  spec-configurable-merge-policy-lanes  spec=spec-configurable-merge-policy-lanes  tracked_by=-  tracked_status=-  signoff=false  class=measurement
measurement  2026-10-05T15:42:42Z  roadmap-maintenance-budget-advisory  spec=spec-roadmap-maintenance-budget-advisory  tracked_by=-  tracked_status=-  signoff=false  class=measurement
signed  2026-10-05T22:30:23Z  roadmap-maintenance-budget-advisory  spec=spec-roadmap-maintenance-budget-advisory  tracked_by=fu-amend-roadmap-maintenance-budg-024dad  tracked_status=done  signoff=true  class=contract
signed  2026-10-05T22:42:15Z  roadmap-maintenance-budget-advisory  spec=spec-roadmap-maintenance-budget-advisory  tracked_by=fu-amend-roadmap-maintenance-budg-024dad  tracked_status=done  signoff=true  class=contract
signed  2026-10-05T22:53:18Z  roadmap-maintenance-budget-advisory  spec=spec-roadmap-maintenance-budget-advisory  tracked_by=fu-amend-roadmap-maintenance-budg-024dad  tracked_status=done  signoff=true  class=contract
signed  2026-10-06T00:16:03Z  roadmap-maintenance-budget-advisory  spec=spec-roadmap-maintenance-budget-advisory  tracked_by=fu-amend-roadmap-maintenance-budg-024dad  tracked_status=done  signoff=true  class=contract
signed  2026-10-06T00:24:46Z  roadmap-maintenance-budget-advisory  spec=spec-roadmap-maintenance-budget-advisory  tracked_by=fu-amend-roadmap-maintenance-budg-024dad  tracked_status=done  signoff=true  class=contract
signed  2026-10-06T00:25:18Z  roadmap-maintenance-budget-advisory  spec=spec-roadmap-maintenance-budget-advisory  tracked_by=fu-amend-roadmap-maintenance-budg-024dad  tracked_status=done  signoff=true  class=contract
signed  2026-10-06T05:54:16Z  roadmap-maintenance-budget-advisory  spec=spec-roadmap-maintenance-budget-advisory  tracked_by=fu-amend-roadmap-maintenance-budg-024dad  tracked_status=done  signoff=true  class=contract
measurement  2026-10-06T13:49:48Z  worktree-lacks-vendored-aai-layer-downstream  spec=spec-worktree-lacks-vendored-aai-layer-downstream  tracked_by=-  tracked_status=-  signoff=false  class=measurement
measurement  2026-10-06T14:52:08Z  worktree-lacks-vendored-aai-layer-downstream  spec=spec-worktree-lacks-vendored-aai-layer-downstream  tracked_by=-  tracked_status=-  signoff=false  class=measurement
unsigned-tracked  2026-10-06T19:28:42Z  worktree-lacks-vendored-aai-layer-downstream  spec=spec-worktree-lacks-vendored-aai-layer-downstream  tracked_by=fu-amend-worktree-lacks-vendored-04c4f1  tracked_status=open  signoff=false  class=contract
unsigned-tracked  2026-10-06T20:34:23Z  spec-worktree-lacks-vendored-aai-layer-downstream  spec=spec-worktree-lacks-vendored-aai-layer-downstream  tracked_by=fu-amend-worktree-lacks-vendored-04c4f1  tracked_status=open  signoff=false  class=contract
unsigned-tracked  2026-10-07T12:52:56Z  pr-capability-preflight  spec=spec-pr-capability-preflight  tracked_by=fu-amend-spec-pr-capability-preflight  tracked_status=open  signoff=false  class=contract
unsigned-tracked  2026-10-07T13:50:40Z  pr-capability-preflight  spec=spec-pr-capability-preflight  tracked_by=fu-amend-spec-pr-capability-preflight  tracked_status=open  signoff=false  class=contract
unsigned-tracked  2026-10-07T15:39:37Z  pr-capability-preflight  spec=spec-pr-capability-preflight  tracked_by=fu-amend-spec-pr-capability-preflight  tracked_status=open  signoff=false  class=contract
measurement  2026-10-07T17:51:46Z  pr-capability-preflight  spec=spec-pr-capability-preflight  tracked_by=-  tracked_status=-  signoff=false  class=measurement
unsigned-tracked  2026-10-07T19:39:17Z  pr-capability-preflight  spec=spec-pr-capability-preflight  tracked_by=fu-amend-spec-pr-capability-preflight  tracked_status=open  signoff=false  class=contract
unsigned-tracked  2026-10-07T20:46:11Z  pr-capability-preflight  spec=spec-pr-capability-preflight  tracked_by=fu-amend-spec-pr-capability-preflight  tracked_status=open  signoff=false  class=contract
unsigned-tracked  2026-10-07T20:49:37Z  pr-capability-preflight  spec=spec-pr-capability-preflight  tracked_by=fu-amend-spec-pr-capability-preflight  tracked_status=open  signoff=false  class=contract
measurement  2026-10-07T20:51:04Z  pr-capability-preflight  spec=spec-pr-capability-preflight  tracked_by=-  tracked_status=-  signoff=false  class=measurement
unsigned-tracked  2026-10-07T21:19:24Z  pr-capability-preflight  spec=spec-pr-capability-preflight  tracked_by=fu-amend-spec-pr-capability-preflight  tracked_status=open  signoff=false  class=contract
measurement  2026-10-07T21:22:12Z  pr-capability-preflight  spec=spec-pr-capability-preflight  tracked_by=-  tracked_status=-  signoff=false  class=measurement
unsigned-tracked  2026-10-07T22:47:14Z  pr-capability-preflight  spec=spec-pr-capability-preflight  tracked_by=fu-amend-spec-pr-capability-preflight  tracked_status=open  signoff=false  class=contract
measurement  2026-10-07T23:15:26Z  pr-capability-preflight  spec=spec-pr-capability-preflight  tracked_by=-  tracked_status=-  signoff=false  class=measurement
unsigned-tracked  2026-10-08T00:15:29Z  pr-capability-preflight  spec=spec-pr-capability-preflight  tracked_by=fu-amend-spec-pr-capability-preflight  tracked_status=open  signoff=false  class=contract
measurement  2026-10-08T00:31:14Z  pr-capability-preflight  spec=spec-pr-capability-preflight  tracked_by=-  tracked_status=-  signoff=false  class=measurement
measurement  2026-10-08T01:06:15Z  pr-capability-preflight  spec=spec-pr-capability-preflight  tracked_by=-  tracked_status=-  signoff=false  class=measurement
unsigned-tracked  2026-10-08T01:10:18Z  pr-capability-preflight  spec=spec-pr-capability-preflight  tracked_by=fu-amend-spec-pr-capability-preflight  tracked_status=open  signoff=false  class=contract
measurement  2026-10-08T01:13:11Z  pr-capability-preflight  spec=spec-pr-capability-preflight  tracked_by=-  tracked_status=-  signoff=false  class=measurement
unsigned-tracked  2026-10-08T01:41:38Z  pr-capability-preflight  spec=spec-pr-capability-preflight  tracked_by=fu-amend-spec-pr-capability-preflight  tracked_status=open  signoff=false  class=contract
unsigned-tracked  2026-10-08T01:43:18Z  pr-capability-preflight  spec=spec-pr-capability-preflight  tracked_by=fu-amend-spec-pr-capability-preflight  tracked_status=open  signoff=false  class=contract
measurement  2026-10-08T01:45:29Z  pr-capability-preflight  spec=spec-pr-capability-preflight  tracked_by=-  tracked_status=-  signoff=false  class=measurement
unsigned-tracked  2026-10-08T02:11:23Z  pr-capability-preflight  spec=spec-pr-capability-preflight  tracked_by=fu-amend-spec-pr-capability-preflight  tracked_status=open  signoff=false  class=contract
unsigned-tracked  2026-10-08T02:13:45Z  pr-capability-preflight  spec=spec-pr-capability-preflight  tracked_by=fu-amend-spec-pr-capability-preflight  tracked_status=open  signoff=false  class=contract
measurement  2026-10-08T02:28:23Z  pr-capability-preflight  spec=spec-pr-capability-preflight  tracked_by=-  tracked_status=-  signoff=false  class=measurement
unsigned-tracked  2026-10-08T09:14:22Z  pr-generic-url-validity  spec=spec-pr-generic-url-validity  tracked_by=fu-amend-spec-pr-generic-url-validity  tracked_status=open  signoff=false  class=contract
unsigned-tracked  2026-10-08T09:14:22Z  pr-github-case-identity  spec=spec-pr-github-case-identity  tracked_by=fu-amend-spec-pr-github-case-identity  tracked_status=open  signoff=false  class=contract
measurement  2026-10-08T10:04:58Z  pr-generic-url-validity  spec=spec-pr-generic-url-validity  tracked_by=-  tracked_status=-  signoff=false  class=measurement
unsigned-tracked  2026-10-08T11:50:28Z  pr-capability-preflight  spec=spec-pr-capability-preflight  tracked_by=fu-amend-spec-pr-capability-preflight  tracked_status=open  signoff=false  class=contract
NOTE 1 spec_amendment record(s) share a (ts, ref_id) pair with an earlier one — every record is still LISTED and counted; only `classify` refuses such a pair, as ambiguous
spec-amend: spec_scanned=205 spec_degraded=177 (no freeze anchor) specs_dir=/private/tmp/aai-pr-capability-preflight/docs/specs
